Archive member included to satisfy reference by file (symbol)

C:/ST/STM32CubeIDE_1.16.0/STM32CubeIDE/plugins/com.st.stm32cube.ide.mcu.externaltools.gnu-tools-for-stm32.13.3.rel1.win32_1.0.100.202509120712/tools/bin/../lib/gcc/arm-none-eabi/13.3.1/../../../../arm-none-eabi/lib/thumb/v8-m.main+fp/hard\libc_nano.a(libc_a-exit.o)
                              C:/ST/STM32CubeIDE_1.16.0/STM32CubeIDE/plugins/com.st.stm32cube.ide.mcu.externaltools.gnu-tools-for-stm32.13.3.rel1.win32_1.0.100.202509120712/tools/bin/../lib/gcc/arm-none-eabi/13.3.1/../../../../arm-none-eabi/lib/thumb/v8-m.main+fp/hard/crt0.o (exit)
C:/ST/STM32CubeIDE_1.16.0/STM32CubeIDE/plugins/com.st.stm32cube.ide.mcu.externaltools.gnu-tools-for-stm32.13.3.rel1.win32_1.0.100.202509120712/tools/bin/../lib/gcc/arm-none-eabi/13.3.1/../../../../arm-none-eabi/lib/thumb/v8-m.main+fp/hard\libc_nano.a(libc_a-malloc.o)
                              ./Drivers/LTC6813/Src/ltc6813.o (malloc)
C:/ST/STM32CubeIDE_1.16.0/STM32CubeIDE/plugins/com.st.stm32cube.ide.mcu.externaltools.gnu-tools-for-stm32.13.3.rel1.win32_1.0.100.202509120712/tools/bin/../lib/gcc/arm-none-eabi/13.3.1/../../../../arm-none-eabi/lib/thumb/v8-m.main+fp/hard\libc_nano.a(libc_a-mallocr.o)
                              C:/ST/STM32CubeIDE_1.16.0/STM32CubeIDE/plugins/com.st.stm32cube.ide.mcu.externaltools.gnu-tools-for-stm32.13.3.rel1.win32_1.0.100.202509120712/tools/bin/../lib/gcc/arm-none-eabi/13.3.1/../../../../arm-none-eabi/lib/thumb/v8-m.main+fp/hard\libc_nano.a(libc_a-malloc.o) (_malloc_r)
C:/ST/STM32CubeIDE_1.16.0/STM32CubeIDE/plugins/com.st.stm32cube.ide.mcu.externaltools.gnu-tools-for-stm32.13.3.rel1.win32_1.0.100.202509120712/tools/bin/../lib/gcc/arm-none-eabi/13.3.1/../../../../arm-none-eabi/lib/thumb/v8-m.main+fp/hard\libc_nano.a(libc_a-mlock.o)
                              C:/ST/STM32CubeIDE_1.16.0/STM32CubeIDE/plugins/com.st.stm32cube.ide.mcu.externaltools.gnu-tools-for-stm32.13.3.rel1.win32_1.0.100.202509120712/tools/bin/../lib/gcc/arm-none-eabi/13.3.1/../../../../arm-none-eabi/lib/thumb/v8-m.main+fp/hard\libc_nano.a(libc_a-mallocr.o) (__malloc_lock)
C:/ST/STM32CubeIDE_1.16.0/STM32CubeIDE/plugins/com.st.stm32cube.ide.mcu.externaltools.gnu-tools-for-stm32.13.3.rel1.win32_1.0.100.202509120712/tools/bin/../lib/gcc/arm-none-eabi/13.3.1/../../../../arm-none-eabi/lib/thumb/v8-m.main+fp/hard\libc_nano.a(libc_a-findfp.o)
                              C:/ST/STM32CubeIDE_1.16.0/STM32CubeIDE/plugins/com.st.stm32cube.ide.mcu.externaltools.gnu-tools-for-stm32.13.3.rel1.win32_1.0.100.202509120712/tools/bin/../lib/gcc/arm-none-eabi/13.3.1/../../../../arm-none-eabi/lib/thumb/v8-m.main+fp/hard\libc_nano.a(libc_a-exit.o) (__stdio_exit_handler)
C:/ST/STM32CubeIDE_1.16.0/STM32CubeIDE/plugins/com.st.stm32cube.ide.mcu.externaltools.gnu-tools-for-stm32.13.3.rel1.win32_1.0.100.202509120712/tools/bin/../lib/gcc/arm-none-eabi/13.3.1/../../../../arm-none-eabi/lib/thumb/v8-m.main+fp/hard\libc_nano.a(libc_a-fwalk.o)
                              C:/ST/STM32CubeIDE_1.16.0/STM32CubeIDE/plugins/com.st.stm32cube.ide.mcu.externaltools.gnu-tools-for-stm32.13.3.rel1.win32_1.0.100.202509120712/tools/bin/../lib/gcc/arm-none-eabi/13.3.1/../../../../arm-none-eabi/lib/thumb/v8-m.main+fp/hard\libc_nano.a(libc_a-findfp.o) (_fwalk_sglue)
C:/ST/STM32CubeIDE_1.16.0/STM32CubeIDE/plugins/com.st.stm32cube.ide.mcu.externaltools.gnu-tools-for-stm32.13.3.rel1.win32_1.0.100.202509120712/tools/bin/../lib/gcc/arm-none-eabi/13.3.1/../../../../arm-none-eabi/lib/thumb/v8-m.main+fp/hard\libc_nano.a(libc_a-snprintf.o)
                              ./Drivers/LTC6813/Src/ltc6813.o (snprintf)
C:/ST/STM32CubeIDE_1.16.0/STM32CubeIDE/plugins/com.st.stm32cube.ide.mcu.externaltools.gnu-tools-for-stm32.13.3.rel1.win32_1.0.100.202509120712/tools/bin/../lib/gcc/arm-none-eabi/13.3.1/../../../../arm-none-eabi/lib/thumb/v8-m.main+fp/hard\libc_nano.a(libc_a-sprintf.o)
                              ./Drivers/LTC6813/Src/ltc6813.o (sprintf)
C:/ST/STM32CubeIDE_1.16.0/STM32CubeIDE/plugins/com.st.stm32cube.ide.mcu.externaltools.gnu-tools-for-stm32.13.3.rel1.win32_1.0.100.202509120712/tools/bin/../lib/gcc/arm-none-eabi/13.3.1/../../../../arm-none-eabi/lib/thumb/v8-m.main+fp/hard\libc_nano.a(libc_a-stdio.o)
                              C:/ST/STM32CubeIDE_1.16.0/STM32CubeIDE/plugins/com.st.stm32cube.ide.mcu.externaltools.gnu-tools-for-stm32.13.3.rel1.win32_1.0.100.202509120712/tools/bin/../lib/gcc/arm-none-eabi/13.3.1/../../../../arm-none-eabi/lib/thumb/v8-m.main+fp/hard\libc_nano.a(libc_a-findfp.o) (__sread)
C:/ST/STM32CubeIDE_1.16.0/STM32CubeIDE/plugins/com.st.stm32cube.ide.mcu.externaltools.gnu-tools-for-stm32.13.3.rel1.win32_1.0.100.202509120712/tools/bin/../lib/gcc/arm-none-eabi/13.3.1/../../../../arm-none-eabi/lib/thumb/v8-m.main+fp/hard\libc_nano.a(libc_a-memset.o)
[...]
Memory Configuration

Name             Origin             Length             Attributes
RAM              0x20000000         0x000a0000         xrw
FLASH            0x08000000         0x00200000         xr
*default*        0x00000000         0xffffffff

Linker script and memory map

LOAD C:/ST/STM32CubeIDE_1.16.0/STM32CubeIDE/plugins/com.st.stm32cube.ide.mcu.externaltools.gnu-tools-for-stm32.13.3.rel1.win32_1.0.100.202509120712/tools/bin/../lib/gcc/arm-none-eabi/13.3.1/thumb/v8-m.main+fp/hard/crti.o
LOAD C:/ST/STM32CubeIDE_1.16.0/STM32CubeIDE/plugins/com.st.stm32cube.ide.mcu.externaltools.gnu-tools-for-stm32.13.3.rel1.win32_1.0.100.202509120712/tools/bin/../lib/gcc/arm-none-eabi/13.3.1/thumb/v8-m.main+fp/hard/crtbegin.o
LOAD C:/ST/STM32CubeIDE_1.16.0/STM32CubeIDE/plugins/com.st.stm32cube.ide.mcu.externaltools.gnu-tools-for-stm32.13.3.rel1.win32_1.0.100.202509120712/tools/bin/../lib/gcc/arm-none-eabi/13.3.1/../../../../arm-none-eabi/lib/thumb/v8-m.main+fp/hard/crt0.o
LOAD ./Core/Src/app_freertos.o
LOAD ./Core/Src/bms_functions.o
LOAD ./Core/Src/main.o
LOAD ./Core/Src/stm32h5xx_hal_msp.o
LOAD ./Core/Src/stm32h5xx_hal_timebase_tim.o
LOAD ./Core/Src/stm32h5xx_it.o
LOAD ./Core/Src/syscalls.o
LOAD ./Core/Src/sysmem.o
LOAD ./Core/Src/system_stm32h5xx.o
LOAD ./Core/Startup/startup_stm32h563ritx.o
LOAD ./Drivers/Elcon/elcon.o
LOAD ./Drivers/LTC6813/Src/ltc6813.o
LOAD ./Drivers/STM32H5xx_HAL_Driver/Src/stm32h5xx_hal.o
LOAD ./Drivers/STM32H5xx_HAL_Driver/Src/stm32h5xx_hal_cortex.o
LOAD ./Drivers/STM32H5xx_HAL_Driver/Src/stm32h5xx_hal_dma.o
LOAD ./Drivers/STM32H5xx_HAL_Driver/Src/stm32h5xx_hal_dma_ex.o
LOAD ./Drivers/STM32H5xx_HAL_Driver/Src/stm32h5xx_hal_exti.o
LOAD ./Drivers/STM32H5xx_HAL_Driver/Src/stm32h5xx_hal_fdcan.o
LOAD ./Drivers/STM32H5xx_HAL_Driver/Src/stm32h5xx_hal_flash.o
LOAD ./Drivers/STM32H5xx_HAL_Driver/Src/stm32h5xx_hal_flash_ex.o
LOAD ./Drivers/STM32H5xx_HAL_Driver/Src/stm32h5xx_hal_gpio.o
LOAD ./Drivers/STM32H5xx_HAL_Driver/Src/stm32h5xx_hal_icache.o
LOAD ./Drivers/STM32H5xx_HAL_Driver/Src/stm32h5xx_hal_pwr.o
LOAD ./Drivers/STM32H5xx_HAL_Driver/Src/stm32h5xx_hal_pwr_ex.o
LOAD ./Drivers/STM32H5xx_HAL_Driver/Src/stm32h5xx_hal_rcc.o
LOAD ./Drivers/STM32H5xx_HAL_Driver/Src/stm32h5xx_hal_rcc_ex.o
LOAD ./Drivers/STM32H5xx_HAL_Driver/Src/stm32h5xx_hal_spi.o
LOAD ./Drivers/STM32H5xx_HAL_Driver/Src/stm32h5xx_hal_spi_ex.o
LOAD ./Drivers/STM32H5xx_HAL_Driver/Src/stm32h5xx_hal_tim.o
LOAD ./Drivers/STM32H5xx_HAL_Driver/Src/stm32h5xx_hal_tim_ex.o
LOAD ./Drivers/STM32H5xx_HAL_Driver/Src/stm32h5xx_hal_uart.o
LOAD ./Drivers/STM32H5xx_HAL_Driver/Src/stm32h5xx_hal_uart_ex.o
LOAD ./Middlewares/Third_Party/FreeRTOS/Source/CMSIS_RTOS_V2/cmsis_os2.o
LOAD ./Middlewares/Third_Party/FreeRTOS/Source/croutine.o
LOAD ./Middlewares/Third_Party/FreeRTOS/Source/event_groups.o
LOAD ./Middlewares/Third_Party/FreeRTOS/Source/list.o
LOAD ./Middlewares/Third_Party/FreeRTOS/Source/queue.o
LOAD ./Middlewares/Third_Party/FreeRTOS/Source/stream_buffer.o
LOAD ./Middlewares/Third_Party/FreeRTOS/Source/tasks.o
LOAD ./Middlewares/Third_Party/FreeRTOS/Source/timers.o
LOAD ./Middlewares/Third_Party/FreeRTOS/Source/portable/GCC/ARM_CM33_NTZ/non_secure/port.o
LOAD ./Middlewares/Third_Party/FreeRTOS/Source/portable/GCC/ARM_CM33_NTZ/non_secure/portasm.o
LOAD ./Middlewares/Third_Party/FreeRTOS/Source/portable/MemMang/heap_1.o
START GROUP
LOAD C:/ST/STM32CubeIDE_1.16.0/STM32CubeIDE/plugins/com.st.stm32cube.ide.mcu.externaltools.gnu-tools-for-stm32.13.3.rel1.win32_1.0.100.202509120712/tools/bin/../lib/gcc/arm-none-eabi/13.3.1/../../../../arm-none-eabi/lib/thumb/v8-m.main+fp/hard\libc_nano.a
LOAD C:/ST/STM32CubeIDE_1.16.0/STM32CubeIDE/plugins/com.st.stm32cube.ide.mcu.externaltools.gnu-tools-for-stm32.13.3.rel1.win32_1.0.100.202509120712/tools/bin/../lib/gcc/arm-none-eabi/13.3.1/../../../../arm-none-eabi/lib/thumb/v8-m.main+fp/hard\libm.a
END GROUP
START GROUP
LOAD C:/ST/STM32CubeIDE_1.16.0/STM32CubeIDE/plugins/com.st.stm32cube.ide.mcu.externaltools.gnu-tools-for-stm32.13.3.rel1.win32_1.0.100.202509120712/tools/bin/../lib/gcc/arm-none-eabi/13.3.1/thumb/v8-m.main+fp/hard\libgcc.a
LOAD C:/ST/STM32CubeIDE_1.16.0/STM32CubeIDE/plugins/com.st.stm32cube.ide.mcu.externaltools.gnu-tools-for-stm32.13.3.rel1.win32_1.0.100.202509120712/tools/bin/../lib/gcc/arm-none-eabi/13.3.1/../../../../arm-none-eabi/lib/thumb/v8-m.main+fp/hard\libc_nano.a
END GROUP
START GROUP
LOAD C:/ST/STM32CubeIDE_1.16.0/STM32CubeIDE/plugins/com.st.stm32cube.ide.mcu.externaltools.gnu-tools-for-stm32.13.3.rel1.win32_1.0.100.202509120712/tools/bin/../lib/gcc/arm-none-eabi/13.3.1/thumb/v8-m.main+fp/hard\libgcc.a
LOAD C:/ST/STM32CubeIDE_1.16.0/STM32CubeIDE/plugins/com.st.stm32cube.ide.mcu.externaltools.gnu-tools-for-stm32.13.3.rel1.win32_1.0.100.202509120712/tools/bin/../lib/gcc/arm-none-eabi/13.3.1/../../../../arm-none-eabi/lib/thumb/v8-m.main+fp/hard\libc_nano.a
LOAD C:/ST/STM32CubeIDE_1.16.0/STM32CubeIDE/plugins/com.st.stm32cube.ide.mcu.externaltools.gnu-tools-for-stm32.13.3.rel1.win32_1.0.100.202509120712/tools/bin/../lib/gcc/arm-none-eabi/13.3.1/../../../../arm-none-eabi/lib/thumb/v8-m.main+fp/hard\libnosys.a
END GROUP
START GROUP
LOAD C:/ST/STM32CubeIDE_1.16.0/STM32CubeIDE/plugins/com.st.stm32cube.ide.mcu.externaltools.gnu-tools-for-stm32.13.3.rel1.win32_1.0.100.202509120712/tools/bin/../lib/gcc/arm-none-eabi/13.3.1/thumb/v8-m.main+fp/hard\libgcc.a
LOAD C:/ST/STM32CubeIDE_1.16.0/STM32CubeIDE/plugins/com.st.stm32cube.ide.mcu.externaltools.gnu-tools-for-stm32.13.3.rel1.win32_1.0.100.202509120712/tools/bin/../lib/gcc/arm-none-eabi/13.3.1/../../../../arm-none-eabi/lib/thumb/v8-m.main+fp/hard\libc_nano.a
LOAD C:/ST/STM32CubeIDE_1.16.0/STM32CubeIDE/plugins/com.st.stm32cube.ide.mcu.externaltools.gnu-tools-for-stm32.13.3.rel1.win32_1.0.100.202509120712/tools/bin/../lib/gcc/arm-none-eabi/13.3.1/../../../../arm-none-eabi/lib/thumb/v8-m.main+fp/hard\libnosys.a
END GROUP
LOAD C:/ST/STM32CubeIDE_1.16.0/STM32CubeIDE/plugins/com.st.stm32cube.ide.mcu.externaltools.gnu-tools-for-stm32.13.3.rel1.win32_1.0.100.202509120712/tools/bin/../lib/gcc/arm-none-eabi/13.3.1/thumb/v8-m.main+fp/hard/crtend.o
LOAD C:/ST/STM32CubeIDE_1.16.0/STM32CubeIDE/plugins/com.st.stm32cube.ide.mcu.externaltools.gnu-tools-for-stm32.13.3.rel1.win32_1.0.100.202509120712/tools/bin/../lib/gcc/arm-none-eabi/13.3.1/thumb/v8-m.main+fp/hard/crtn.o
                0x200a0000                        _estack = (ORIGIN (RAM) + LENGTH (RAM))
                0x2009fc00                        _sstack = (_estack - _Min_Stack_Size)
                0x00000200                        _Min_Heap_Size = 0x200
                0x00000400                        _Min_Stack_Size = 0x400

.isr_vector     0x08000000      0x24c
                0x08000000                        . = ALIGN (0x4)
 *(.isr_vector)
 .isr_vector    0x08000000      0x24c ./Core/Startup/startup_stm32h563ritx.o
                0x08000000                g_pfnVectors
                0x0800024c                        . = ALIGN (0x4)

.text           0x08000250    0x12ae4
                0x08000250                        . = ALIGN (0x4)
 *(.text)
 .text          0x08000250       0x40 C:/ST/STM32CubeIDE_1.16.0/STM32CubeIDE/plugins/com.st.stm32cube.ide.mcu.externaltools.gnu-tools-for-stm32.13.3.rel1.win32_1.0.100.202509120712/tools/bin/../lib/gcc/arm-none-eabi/13.3.1/thumb/v8-m.main+fp/hard/crtbegin.o
 .text          0x08000290      0x254 C:/ST/STM32CubeIDE_1.16.0/STM32CubeIDE/plugins/com.st.stm32cube.ide.mcu.externaltools.gnu-tools-for-stm32.13.3.rel1.win32_1.0.100.202509120712/tools/bin/../lib/gcc/arm-none-eabi/13.3.1/thumb/v8-m.main+fp/hard\libgcc.a(_arm_muldf3.o)
                0x08000290                __muldf3
                0x08000290                __aeabi_dmul
 .text          0x080004e4      0x378 C:/ST/STM32CubeIDE_1.16.0/STM32CubeIDE/plugins/com.st.stm32cube.ide.mcu.externaltools.gnu-tools-for-stm32.13.3.rel1.win32_1.0.100.202509120712/tools/bin/../lib/gcc/arm-none-eabi/13.3.1/thumb/v8-m.main+fp/hard\libgcc.a(_arm_addsubdf3.o)
                0x080004e4                __aeabi_drsub
                0x080004ec                __aeabi_dsub
                0x080004ec                __subdf3
                0x080004f0                __aeabi_dadd
                0x080004f0                __adddf3
                0x08000768                __floatunsidf
                0x08000768                __aeabi_ui2d
                0x08000788                __floatsidf
                0x08000788                __aeabi_i2d
                0x080007ac                __aeabi_f2d
                0x080007ac                __extendsfdf2
                0x080007f0                __floatundidf
                0x080007f0                __aeabi_ul2d
                0x08000800                __floatdidf
                0x08000800                __aeabi_l2d
 .text          0x0800085c       0xa0 C:/ST/STM32CubeIDE_1.16.0/STM32CubeIDE/plugins/com.st.stm32cube.ide.mcu.externaltools.gnu-tools-for-stm32.13.3.rel1.win32_1.0.100.202509120712/tools/bin/../lib/gcc/arm-none-eabi/13.3.1/thumb/v8-m.main+fp/hard\libgcc.a(_arm_truncdfsf2.o)
                0x0800085c                __truncdfsf2
                0x0800085c                __aeabi_d2f
 .text          0x080008fc       0x30 C:/ST/STM32CubeIDE_1.16.0/STM32CubeIDE/plugins/com.st.stm32cube.ide.mcu.externaltools.gnu-tools-for-stm32.13.3.rel1.win32_1.0.100.202509120712/tools/bin/../lib/gcc/arm-none-eabi/13.3.1/thumb/v8-m.main+fp/hard\libgcc.a(_aeabi_uldivmod.o)
                0x080008fc                __aeabi_uldivmod
 .text          0x0800092c      0x348 C:/ST/STM32CubeIDE_1.16.0/STM32CubeIDE/plugins/com.st.stm32cube.ide.mcu.externaltools.gnu-tools-for-stm32.13.3.rel1.win32_1.0.100.202509120712/tools/bin/../lib/gcc/arm-none-eabi/13.3.1/thumb/v8-m.main+fp/hard\libgcc.a(_udivmoddi4.o)
                0x0800092c                __udivmoddi4
 .text          0x08000c74        0x4 C:/ST/STM32CubeIDE_1.16.0/STM32CubeIDE/plugins/com.st.stm32cube.ide.mcu.externaltools.gnu-tools-for-stm32.13.3.rel1.win32_1.0.100.202509120712/tools/bin/../lib/gcc/arm-none-eabi/13.3.1/thumb/v8-m.main+fp/hard\libgcc.a(_dvmd_tls.o)
                0x08000c74                __aeabi_idiv0
                0x08000c74                __aeabi_ldiv0
 *(.text*)
 .text.FAULT_LOW
                0x08000c78       0x2c ./Core/Src/app_freertos.o
 .text.MX_FREERTOS_Init
                0x08000ca4       0xe8 ./Core/Src/app_freertos.o
                0x08000ca4                MX_FREERTOS_Init
 .text.SerialTask
                0x08000d8c       0x20 ./Core/Src/app_freertos.o
                0x08000d8c                SerialTask
 .text.MeasurementTask
                0x08000dac       0xe8 ./Core/Src/app_freertos.o
                0x08000dac                MeasurementTask
 .text.SafetyTask
                0x08000e94       0xf0 ./Core/Src/app_freertos.o
                0x08000e94                SafetyTask
 .text.CANTask  0x08000f84       0x8c ./Core/Src/app_freertos.o
                0x08000f84                CANTask
 .text.BalancingTask
                0x08001010       0x3c ./Core/Src/app_freertos.o
                0x08001010                BalancingTask
 .text.packU16  0x0800104c       0x32 ./Core/Src/bms_functions.o
 .text.packS16  0x0800107e       0x30 ./Core/Src/bms_functions.o
 *fill*         0x080010ae        0x2 
 .text.code_to_mV
                0x080010b0       0x30 ./Core/Src/bms_functions.o
                0x080010b0                code_to_mV
 .text.ntc_to_temp
                0x080010e0       0x88 ./Core/Src/bms_functions.o
                0x080010e0                ntc_to_temp
 .text.voltage_analytics
                0x08001168       0xa8 ./Core/Src/bms_functions.o
                0x08001168                voltage_analytics
 .text.temp_analytics
                0x08001210       0x98 ./Core/Src/bms_functions.o
                0x08001210                temp_analytics
 .text.read_cell_voltages
                0x080012a8       0x4e ./Core/Src/bms_functions.o
                0x080012a8                read_cell_voltages
 .text.check_uv_ov_fault
                0x080012f6       0xe8 ./Core/Src/bms_functions.o
                0x080012f6                check_uv_ov_fault
 .text.check_ut_ot_fault
                0x080013de       0xe2 ./Core/Src/bms_functions.o
                0x080013de                check_ut_ot_fault
 .text.FDCAN1_Init
                0x080014c0       0xa4 ./Core/Src/bms_functions.o
                0x080014c0                FDCAN1_Init
 .text.FDCAN2_Init
                0x08001564       0xb4 ./Core/Src/bms_functions.o
                0x08001564                FDCAN2_Init
 .text.FDCAN_AddToTxFifoQ
                0x08001618       0x44 ./Core/Src/bms_functions.o
 .text.FDCAN_SendCellData
                0x0800165c       0x9c ./Core/Src/bms_functions.o
                0x0800165c                FDCAN_SendCellData
 .text.FDCAN_SendPackData
                0x080016f8       0x64 ./Core/Src/bms_functions.o
                0x080016f8                FDCAN_SendPackData
 .text.CAN_Logging
                0x0800175c       0xb8 ./Core/Src/bms_functions.o
                0x0800175c                CAN_Logging
 .text.FDCAN_SendFault
                0x08001814       0x5c ./Core/Src/bms_functions.o
                0x08001814                FDCAN_SendFault
 .text.FDCAN_SendChargerMessage
                0x08001870       0x80 ./Core/Src/bms_functions.o
                0x08001870                FDCAN_SendChargerMessage
 .text.select_temp
                0x080018f0      0x2d2 ./Core/Src/bms_functions.o
                0x080018f0                select_temp
 .text.read_temps_25
                0x08001bc2       0x9c ./Core/Src/bms_functions.o
                0x08001bc2                read_temps_25
 *fill*         0x08001c5e        0x2 
 .text.FAULT_HIGH
                0x08001c60       0x2c ./Core/Src/main.o
 .text.FAULT_LOW
                0x08001c8c       0x2c ./Core/Src/main.o
 .text.main     0x08001cb8       0xa4 ./Core/Src/main.o
                0x08001cb8                main
 .text.SystemClock_Config
                0x08001d5c       0xe4 ./Core/Src/main.o
                0x08001d5c                SystemClock_Config
 .text.PeriphCommonClock_Config
                0x08001e40       0xe2 ./Core/Src/main.o
                0x08001e40                PeriphCommonClock_Config
 *fill*         0x08001f22        0x2 
 .text.MX_FDCAN1_Init
                0x08001f24       0x8c ./Core/Src/main.o
 .text.MX_FDCAN2_Init
                0x08001fb0       0x8c ./Core/Src/main.o
 .text.MX_GPDMA1_Init
                0x0800203c       0x50 ./Core/Src/main.o
 .text.MX_ICACHE_Init
                0x0800208c       0x26 ./Core/Src/main.o
 *fill*         0x080020b2        0x2 
 .text.MX_SPI1_Init
                0x080020b4       0xb0 ./Core/Src/main.o
 .text.MX_SPI2_Init
                0x08002164       0xac ./Core/Src/main.o
 .text.MX_SPI3_Init
                0x08002210       0xac ./Core/Src/main.o
 .text.MX_TIM2_Init
                0x080022bc       0x9c ./Core/Src/main.o
 .text.MX_TIM6_Init
                0x08002358       0x6c ./Core/Src/main.o
 .text.MX_USART1_UART_Init
                0x080023c4       0x98 ./Core/Src/main.o
 .text.MX_GPIO_Init
                0x0800245c      0x11c ./Core/Src/main.o
 .text.HAL_FDCAN_RxFifo1Callback
                0x08002578       0xb4 ./Core/Src/main.o
                0x08002578                HAL_FDCAN_RxFifo1Callback
 .text.MPU_Config
                0x0800262c       0x6c ./Core/Src/main.o
 .text.HAL_TIM_PeriodElapsedCallback
                0x08002698       0x48 ./Core/Src/main.o
                0x08002698                HAL_TIM_PeriodElapsedCallback
 .text.Error_Handler
                0x080026e0       0x10 ./Core/Src/main.o
                0x080026e0                Error_Handler
 .text.HAL_MspInit
                0x080026f0       0x14 ./Core/Src/stm32h5xx_hal_msp.o
                0x080026f0                HAL_MspInit
 .text.HAL_FDCAN_MspInit
                0x08002704      0x23c ./Core/Src/stm32h5xx_hal_msp.o
                0x08002704                HAL_FDCAN_MspInit
 .text.HAL_SPI_MspInit
                0x08002940      0x390 ./Core/Src/stm32h5xx_hal_msp.o
                0x08002940                HAL_SPI_MspInit
 .text.HAL_TIM_Base_MspInit
                0x08002cd0       0x70 ./Core/Src/stm32h5xx_hal_msp.o
                0x08002cd0                HAL_TIM_Base_MspInit
 .text.HAL_UART_MspInit
                0x08002d40      0x1b8 ./Core/Src/stm32h5xx_hal_msp.o
                0x08002d40                HAL_UART_MspInit
 .text.HAL_InitTick
                0x08002ef8       0xec ./Core/Src/stm32h5xx_hal_timebase_tim.o
                0x08002ef8                HAL_InitTick
 .text.NMI_Handler
                0x08002fe4        0x8 ./Core/Src/stm32h5xx_it.o
                0x08002fe4                NMI_Handler
 .text.HardFault_Handler
                0x08002fec        0x8 ./Core/Src/stm32h5xx_it.o
                0x08002fec                HardFault_Handler
 .text.MemManage_Handler
                0x08002ff4        0x8 ./Core/Src/stm32h5xx_it.o
                0x08002ff4                MemManage_Handler
 .text.BusFault_Handler
                0x08002ffc        0x8 ./Core/Src/stm32h5xx_it.o
                0x08002ffc                BusFault_Handler
 .text.UsageFault_Handler
                0x08003004        0x8 ./Core/Src/stm32h5xx_it.o
                0x08003004                UsageFault_Handler
 .text.DebugMon_Handler
                0x0800300c        0xe ./Core/Src/stm32h5xx_it.o
                0x0800300c                DebugMon_Handler
 *fill*         0x0800301a        0x2 
 .text.GPDMA1_Channel0_IRQHandler
                0x0800301c       0x14 ./Core/Src/stm32h5xx_it.o
                0x0800301c                GPDMA1_Channel0_IRQHandler
 .text.GPDMA1_Channel2_IRQHandler
                0x08003030       0x14 ./Core/Src/stm32h5xx_it.o
                0x08003030                GPDMA1_Channel2_IRQHandler
 .text.FDCAN1_IT0_IRQHandler
                0x08003044       0x14 ./Core/Src/stm32h5xx_it.o
                0x08003044                FDCAN1_IT0_IRQHandler
 .text.TIM7_IRQHandler
                0x08003058       0x14 ./Core/Src/stm32h5xx_it.o
                0x08003058                TIM7_IRQHandler
 .text.SPI1_IRQHandler
                0x0800306c       0x14 ./Core/Src/stm32h5xx_it.o
                0x0800306c                SPI1_IRQHandler
 .text.FDCAN2_IT0_IRQHandler
                0x08003080       0x14 ./Core/Src/stm32h5xx_it.o
                0x08003080                FDCAN2_IT0_IRQHandler
 .text._sbrk    0x08003094       0x6c ./Core/Src/sysmem.o
                0x08003094                _sbrk
 .text.SystemInit
                0x08003100      0x100 ./Core/Src/system_stm32h5xx.o
                0x08003100                SystemInit
 .text.Reset_Handler
                0x08003200       0x5c ./Core/Startup/startup_stm32h563ritx.o
                0x08003200                Reset_Handler
 .text.Default_Handler
                0x0800325c        0x2 ./Core/Startup/startup_stm32h563ritx.o
                0x0800325c                EXTI2_IRQHandler
                0x0800325c                TIM8_TRG_COM_IRQHandler
                0x0800325c                TIM8_CC_IRQHandler
                0x0800325c                EXTI5_IRQHandler
                0x0800325c                I3C1_ER_IRQHandler
                0x0800325c                UART8_IRQHandler
                0x0800325c                SPI4_IRQHandler
                0x0800325c                GPDMA2_Channel1_IRQHandler
                0x0800325c                FLASH_S_IRQHandler
                0x0800325c                EXTI13_IRQHandler
                0x0800325c                TIM1_CC_IRQHandler
                0x0800325c                GPDMA2_Channel3_IRQHandler
                0x0800325c                TAMP_IRQHandler
                0x0800325c                TIM6_IRQHandler
                0x0800325c                EXTI12_IRQHandler
                0x0800325c                CORDIC_IRQHandler
                0x0800325c                USB_DRD_FS_IRQHandler
                0x0800325c                EXTI3_IRQHandler
                0x0800325c                LPTIM4_IRQHandler
                0x0800325c                GPDMA1_Channel5_IRQHandler
                0x0800325c                EXTI8_IRQHandler
                0x0800325c                GPDMA2_Channel5_IRQHandler
                0x0800325c                LPTIM2_IRQHandler
                0x0800325c                I2C3_ER_IRQHandler
                0x0800325c                GPDMA2_Channel2_IRQHandler
                0x0800325c                USART10_IRQHandler
                0x0800325c                LPTIM3_IRQHandler
                0x0800325c                EXTI0_IRQHandler
                0x0800325c                I2C2_EV_IRQHandler
                0x0800325c                FPU_IRQHandler
                0x0800325c                GPDMA1_Channel3_IRQHandler
                0x0800325c                GPDMA1_Channel7_IRQHandler
                0x0800325c                FDCAN1_IT1_IRQHandler
                0x0800325c                RAMCFG_IRQHandler
                0x0800325c                DCACHE1_IRQHandler
                0x0800325c                OCTOSPI1_IRQHandler
                0x0800325c                TIM8_UP_IRQHandler
                0x0800325c                RCC_S_IRQHandler
                0x0800325c                SAI2_IRQHandler
                0x0800325c                ADC1_IRQHandler
                0x0800325c                USART6_IRQHandler
                0x0800325c                EXTI15_IRQHandler
                0x0800325c                TIM17_IRQHandler
                0x0800325c                USART3_IRQHandler
                0x0800325c                RTC_IRQHandler
                0x0800325c                EXTI9_IRQHandler
                0x0800325c                LPTIM5_IRQHandler
                0x0800325c                UART5_IRQHandler
                0x0800325c                TIM4_IRQHandler
                0x0800325c                I2C1_EV_IRQHandler
                0x0800325c                GPDMA1_Channel1_IRQHandler
                0x0800325c                TIM16_IRQHandler
                0x0800325c                UART4_IRQHandler
                0x0800325c                SecureFault_Handler
                0x0800325c                TIM3_IRQHandler
                0x0800325c                RCC_IRQHandler
                0x0800325c                UART9_IRQHandler
                0x0800325c                TIM1_TRG_COM_IRQHandler
                0x0800325c                Default_Handler
                0x0800325c                FMAC_IRQHandler
                0x0800325c                CEC_IRQHandler
                0x0800325c                USART11_IRQHandler
                0x0800325c                TIM14_IRQHandler
                0x0800325c                TIM13_IRQHandler
                0x0800325c                GPDMA2_Channel4_IRQHandler
                0x0800325c                SPI5_IRQHandler
                0x0800325c                TIM12_IRQHandler
                0x0800325c                SDMMC1_IRQHandler
                0x0800325c                TIM5_IRQHandler
                0x0800325c                UCPD1_IRQHandler
                0x0800325c                I3C1_EV_IRQHandler
                0x0800325c                TIM15_IRQHandler
                0x0800325c                PVD_AVD_IRQHandler
                0x0800325c                I2C3_EV_IRQHandler
                0x0800325c                ETH_WKUP_IRQHandler
                0x0800325c                ADC2_IRQHandler
                0x0800325c                SPI2_IRQHandler
                0x0800325c                EXTI14_IRQHandler
                0x0800325c                EXTI11_IRQHandler
                0x0800325c                CRS_IRQHandler
                0x0800325c                EXTI4_IRQHandler
                0x0800325c                GPDMA2_Channel0_IRQHandler
                0x0800325c                RTC_S_IRQHandler
                0x0800325c                RNG_IRQHandler
                0x0800325c                FDCAN2_IT1_IRQHandler
                0x0800325c                ETH_IRQHandler
                0x0800325c                GPDMA2_Channel6_IRQHandler
                0x0800325c                TIM1_UP_IRQHandler
                0x0800325c                UART12_IRQHandler
                0x0800325c                WWDG_IRQHandler
                0x0800325c                SPI6_IRQHandler
                0x0800325c                I2C4_EV_IRQHandler
                0x0800325c                IWDG_IRQHandler
                0x0800325c                LPUART1_IRQHandler
                0x0800325c                TIM2_IRQHandler
                0x0800325c                GPDMA1_Channel4_IRQHandler
                0x0800325c                EXTI7_IRQHandler
                0x0800325c                TIM1_BRK_IRQHandler
                0x0800325c                EXTI1_IRQHandler
                0x0800325c                SDMMC2_IRQHandler
                0x0800325c                LPTIM6_IRQHandler
                0x0800325c                DAC1_IRQHandler
                0x0800325c                DTS_IRQHandler
                0x0800325c                UART7_IRQHandler
                0x0800325c                GTZC_IRQHandler
                0x0800325c                USART2_IRQHandler
                0x0800325c                GPDMA1_Channel6_IRQHandler
                0x0800325c                GPDMA2_Channel7_IRQHandler
                0x0800325c                I2C2_ER_IRQHandler
                0x0800325c                TIM8_BRK_IRQHandler
                0x0800325c                FLASH_IRQHandler
                0x0800325c                USART1_IRQHandler
                0x0800325c                EXTI10_IRQHandler
                0x0800325c                SPI3_IRQHandler
                0x0800325c                I2C1_ER_IRQHandler
                0x0800325c                FMC_IRQHandler
                0x0800325c                EXTI6_IRQHandler
                0x0800325c                LPTIM1_IRQHandler
                0x0800325c                DCMI_PSSI_IRQHandler
                0x0800325c                I2C4_ER_IRQHandler
                0x0800325c                ICACHE_IRQHandler
                0x0800325c                SAI1_IRQHandler
                0x0800325c                HASH_IRQHandler
 .text.cs_low   0x0800325e       0x20 ./Drivers/LTC6813/Src/ltc6813.o
                0x0800325e                cs_low
 .text.cs_high  0x0800327e       0x20 ./Drivers/LTC6813/Src/ltc6813.o
                0x0800327e                cs_high
 .text.delay_m  0x0800329e       0x1a ./Drivers/LTC6813/Src/ltc6813.o
                0x0800329e                delay_m
 .text.spi_write_array
                0x080032b8       0x32 ./Drivers/LTC6813/Src/ltc6813.o
                0x080032b8                spi_write_array
 .text.spi_read_byte
                0x080032ea       0x2c ./Drivers/LTC6813/Src/ltc6813.o
                0x080032ea                spi_read_byte
 *fill*         0x08003316        0x2 
 .text.wakeup_idle
                0x08003318       0x4c ./Drivers/LTC6813/Src/ltc6813.o
                0x08003318                wakeup_idle
 .text.wakeup_sleep
                0x08003364       0x48 ./Drivers/LTC6813/Src/ltc6813.o
                0x08003364                wakeup_sleep
 .text.cmd_68   0x080033ac       0x64 ./Drivers/LTC6813/Src/ltc6813.o
                0x080033ac                cmd_68
 .text.write_68
                0x08003410      0x198 ./Drivers/LTC6813/Src/ltc6813.o
                0x08003410                write_68
 .text.pec15_calc
                0x080035a8       0x68 ./Drivers/LTC6813/Src/ltc6813.o
                0x080035a8                pec15_calc
 .text.LTC6813_init_reg_limits
                0x08003610       0x9a ./Drivers/LTC6813/Src/ltc6813.o
                0x08003610                LTC6813_init_reg_limits
 .text.LTC6813_wrcfg
                0x080036aa       0xfe ./Drivers/LTC6813/Src/ltc6813.o
                0x080036aa                LTC6813_wrcfg
 .text.LTC6813_adcv
                0x080037a8       0x56 ./Drivers/LTC6813/Src/ltc6813.o
                0x080037a8                LTC6813_adcv
 .text.LTC6813_adax
                0x080037fe       0x4a ./Drivers/LTC6813/Src/ltc6813.o
                0x080037fe                LTC6813_adax
 .text.LTC6813_rdcv
                0x08003848      0x128 ./Drivers/LTC6813/Src/ltc6813.o
                0x08003848                LTC6813_rdcv
 .text.LTC6813_rdaux
                0x08003970      0x164 ./Drivers/LTC6813/Src/ltc6813.o
                0x08003970                LTC6813_rdaux
 .text.LTC6813_rdcv_reg
                0x08003ad4      0x140 ./Drivers/LTC6813/Src/ltc6813.o
                0x08003ad4                LTC6813_rdcv_reg
 .text.LTC6813_rdaux_reg
                0x08003c14      0x130 ./Drivers/LTC6813/Src/ltc6813.o
                0x08003c14                LTC6813_rdaux_reg
 .text.parse_cells
                0x08003d44      0x11c ./Drivers/LTC6813/Src/ltc6813.o
                0x08003d44                parse_cells
 .text.LTC6813_pollAdc
                0x08003e60       0x98 ./Drivers/LTC6813/Src/ltc6813.o
                0x08003e60                LTC6813_pollAdc
 .text.LTC6813_wrcomm
                0x08003ef8      0x102 ./Drivers/LTC6813/Src/ltc6813.o
                0x08003ef8                LTC6813_wrcomm
 *fill*         0x08003ffa        0x2 
 .text.LTC6813_stcomm
                0x08003ffc       0x84 ./Drivers/LTC6813/Src/ltc6813.o
                0x08003ffc                LTC6813_stcomm
 .text.LTC6813_check_pec
                0x08004080      0x348 ./Drivers/LTC6813/Src/ltc6813.o
                0x08004080                LTC6813_check_pec
 .text.LTC6813_init_cfg
                0x080043c8       0x98 ./Drivers/LTC6813/Src/ltc6813.o
                0x080043c8                LTC6813_init_cfg
 .text.LTC6813_set_cfgr_refon
                0x08004460       0x68 ./Drivers/LTC6813/Src/ltc6813.o
                0x08004460                LTC6813_set_cfgr_refon
 .text.LTC6813_set_cfgr_gpio
                0x080044c8       0xa0 ./Drivers/LTC6813/Src/ltc6813.o
                0x080044c8                LTC6813_set_cfgr_gpio
 .text.LTC6813_init_cfgb
                0x08004568       0x56 ./Drivers/LTC6813/Src/ltc6813.o
                0x08004568                LTC6813_init_cfgb
 *fill*         0x080045be        0x2 
 .text.HAL_Init
                0x080045c0       0x50 ./Drivers/STM32H5xx_HAL_Driver/Src/stm32h5xx_hal.o
                0x080045c0                HAL_Init
 .text.HAL_IncTick
                0x08004610       0x28 ./Drivers/STM32H5xx_HAL_Driver/Src/stm32h5xx_hal.o
                0x08004610                HAL_IncTick
 .text.HAL_GetTick
                0x08004638       0x18 ./Drivers/STM32H5xx_HAL_Driver/Src/stm32h5xx_hal.o
                0x08004638                HAL_GetTick
 .text.HAL_Delay
                0x08004650       0x48 ./Drivers/STM32H5xx_HAL_Driver/Src/stm32h5xx_hal.o
                0x08004650                HAL_Delay
 .text.__NVIC_SetPriorityGrouping
                0x08004698       0x48 ./Drivers/STM32H5xx_HAL_Driver/Src/stm32h5xx_hal_cortex.o
 .text.__NVIC_GetPriorityGrouping
                0x080046e0       0x1c ./Drivers/STM32H5xx_HAL_Driver/Src/stm32h5xx_hal_cortex.o
 .text.__NVIC_EnableIRQ
                0x080046fc       0x3c ./Drivers/STM32H5xx_HAL_Driver/Src/stm32h5xx_hal_cortex.o
 .text.__NVIC_SetPriority
                0x08004738       0x54 ./Drivers/STM32H5xx_HAL_Driver/Src/stm32h5xx_hal_cortex.o
 .text.NVIC_EncodePriority
                0x0800478c       0x66 ./Drivers/STM32H5xx_HAL_Driver/Src/stm32h5xx_hal_cortex.o
 .text.HAL_NVIC_SetPriorityGrouping
                0x080047f2       0x16 ./Drivers/STM32H5xx_HAL_Driver/Src/stm32h5xx_hal_cortex.o
                0x080047f2                HAL_NVIC_SetPriorityGrouping
 .text.HAL_NVIC_SetPriority
                0x08004808       0x34 ./Drivers/STM32H5xx_HAL_Driver/Src/stm32h5xx_hal_cortex.o
                0x08004808                HAL_NVIC_SetPriority
 .text.HAL_NVIC_EnableIRQ
                0x0800483c       0x1c ./Drivers/STM32H5xx_HAL_Driver/Src/stm32h5xx_hal_cortex.o
                0x0800483c                HAL_NVIC_EnableIRQ
 .text.HAL_SYSTICK_CLKSourceConfig
                0x08004858       0xb0 ./Drivers/STM32H5xx_HAL_Driver/Src/stm32h5xx_hal_cortex.o
                0x08004858                HAL_SYSTICK_CLKSourceConfig
 .text.HAL_MPU_Enable
                0x08004908       0x44 ./Drivers/STM32H5xx_HAL_Driver/Src/stm32h5xx_hal_cortex.o
                0x08004908                HAL_MPU_Enable
 .text.HAL_MPU_Disable
                0x0800494c       0x40 ./Drivers/STM32H5xx_HAL_Driver/Src/stm32h5xx_hal_cortex.o
                0x0800494c                HAL_MPU_Disable
 .text.HAL_MPU_ConfigRegion
                0x0800498c       0x1c ./Drivers/STM32H5xx_HAL_Driver/Src/stm32h5xx_hal_cortex.o
                0x0800498c                HAL_MPU_ConfigRegion
 .text.HAL_MPU_ConfigMemoryAttributes
                0x080049a8       0x1c ./Drivers/STM32H5xx_HAL_Driver/Src/stm32h5xx_hal_cortex.o
                0x080049a8                HAL_MPU_ConfigMemoryAttributes
 .text.MPU_ConfigRegion
                0x080049c4       0x6e ./Drivers/STM32H5xx_HAL_Driver/Src/stm32h5xx_hal_cortex.o
 .text.MPU_ConfigMemoryAttributes
                0x08004a32       0x6c ./Drivers/STM32H5xx_HAL_Driver/Src/stm32h5xx_hal_cortex.o
 *fill*         0x08004a9e        0x2 
 .text.HAL_DMA_Init
                0x08004aa0      0x284 ./Drivers/STM32H5xx_HAL_Driver/Src/stm32h5xx_hal_dma.o
                0x08004aa0                HAL_DMA_Init
 .text.HAL_DMA_Abort_IT
                0x08004d24       0x52 ./Drivers/STM32H5xx_HAL_Driver/Src/stm32h5xx_hal_dma.o
                0x08004d24                HAL_DMA_Abort_IT
 .text.HAL_DMA_IRQHandler
                0x08004d76      0x2c2 ./Drivers/STM32H5xx_HAL_Driver/Src/stm32h5xx_hal_dma.o
                0x08004d76                HAL_DMA_IRQHandler
 .text.HAL_DMA_ConfigChannelAttributes
                0x08005038       0x78 ./Drivers/STM32H5xx_HAL_Driver/Src/stm32h5xx_hal_dma.o
                0x08005038                HAL_DMA_ConfigChannelAttributes
 .text.DMA_Init
                0x080050b0      0x508 ./Drivers/STM32H5xx_HAL_Driver/Src/stm32h5xx_hal_dma.o
 .text.HAL_FDCAN_Init
                0x080055b8      0x2b4 ./Drivers/STM32H5xx_HAL_Driver/Src/stm32h5xx_hal_fdcan.o
                0x080055b8                HAL_FDCAN_Init
 .text.HAL_FDCAN_ConfigFilter
                0x0800586c       0xb4 ./Drivers/STM32H5xx_HAL_Driver/Src/stm32h5xx_hal_fdcan.o
                0x0800586c                HAL_FDCAN_ConfigFilter
 .text.HAL_FDCAN_Start
                0x08005920       0x50 ./Drivers/STM32H5xx_HAL_Driver/Src/stm32h5xx_hal_fdcan.o
                0x08005920                HAL_FDCAN_Start
 .text.HAL_FDCAN_AddMessageToTxFifoQ
                0x08005970       0x88 ./Drivers/STM32H5xx_HAL_Driver/Src/stm32h5xx_hal_fdcan.o
                0x08005970                HAL_FDCAN_AddMessageToTxFifoQ
 .text.HAL_FDCAN_GetRxMessage
                0x080059f8      0x210 ./Drivers/STM32H5xx_HAL_Driver/Src/stm32h5xx_hal_fdcan.o
                0x080059f8                HAL_FDCAN_GetRxMessage
 .text.HAL_FDCAN_GetTxFifoFreeLevel
                0x08005c08       0x24 ./Drivers/STM32H5xx_HAL_Driver/Src/stm32h5xx_hal_fdcan.o
                0x08005c08                HAL_FDCAN_GetTxFifoFreeLevel
 .text.HAL_FDCAN_ActivateNotification
                0x08005c2c      0x1cc ./Drivers/STM32H5xx_HAL_Driver/Src/stm32h5xx_hal_fdcan.o
                0x08005c2c                HAL_FDCAN_ActivateNotification
 .text.HAL_FDCAN_IRQHandler
                0x08005df8      0x266 ./Drivers/STM32H5xx_HAL_Driver/Src/stm32h5xx_hal_fdcan.o
                0x08005df8                HAL_FDCAN_IRQHandler
 .text.HAL_FDCAN_TxEventFifoCallback
                0x0800605e       0x16 ./Drivers/STM32H5xx_HAL_Driver/Src/stm32h5xx_hal_fdcan.o
                0x0800605e                HAL_FDCAN_TxEventFifoCallback
 .text.HAL_FDCAN_RxFifo0Callback
                0x08006074       0x16 ./Drivers/STM32H5xx_HAL_Driver/Src/stm32h5xx_hal_fdcan.o
                0x08006074                HAL_FDCAN_RxFifo0Callback
 .text.HAL_FDCAN_TxFifoEmptyCallback
                0x0800608a       0x14 ./Drivers/STM32H5xx_HAL_Driver/Src/stm32h5xx_hal_fdcan.o
                0x0800608a                HAL_FDCAN_TxFifoEmptyCallback
 .text.HAL_FDCAN_TxBufferCompleteCallback
                0x0800609e       0x16 ./Drivers/STM32H5xx_HAL_Driver/Src/stm32h5xx_hal_fdcan.o
                0x0800609e                HAL_FDCAN_TxBufferCompleteCallback
 .text.HAL_FDCAN_TxBufferAbortCallback
                0x080060b4       0x16 ./Drivers/STM32H5xx_HAL_Driver/Src/stm32h5xx_hal_fdcan.o
                0x080060b4                HAL_FDCAN_TxBufferAbortCallback
 .text.HAL_FDCAN_TimestampWraparoundCallback
                0x080060ca       0x14 ./Drivers/STM32H5xx_HAL_Driver/Src/stm32h5xx_hal_fdcan.o
                0x080060ca                HAL_FDCAN_TimestampWraparoundCallback
 .text.HAL_FDCAN_TimeoutOccurredCallback
                0x080060de       0x14 ./Drivers/STM32H5xx_HAL_Driver/Src/stm32h5xx_hal_fdcan.o
                0x080060de                HAL_FDCAN_TimeoutOccurredCallback
 .text.HAL_FDCAN_HighPriorityMessageCallback
                0x080060f2       0x14 ./Drivers/STM32H5xx_HAL_Driver/Src/stm32h5xx_hal_fdcan.o
                0x080060f2                HAL_FDCAN_HighPriorityMessageCallback
 .text.HAL_FDCAN_ErrorCallback
                0x08006106       0x14 ./Drivers/STM32H5xx_HAL_Driver/Src/stm32h5xx_hal_fdcan.o
                0x08006106                HAL_FDCAN_ErrorCallback
 .text.HAL_FDCAN_ErrorStatusCallback
                0x0800611a       0x16 ./Drivers/STM32H5xx_HAL_Driver/Src/stm32h5xx_hal_fdcan.o
                0x0800611a                HAL_FDCAN_ErrorStatusCallback
 .text.FDCAN_CalcultateRamBlockAddresses
                0x08006130       0xc4 ./Drivers/STM32H5xx_HAL_Driver/Src/stm32h5xx_hal_fdcan.o
 .text.FDCAN_CopyMessageToRAM
                0x080061f4       0xf8 ./Drivers/STM32H5xx_HAL_Driver/Src/stm32h5xx_hal_fdcan.o
 .text.HAL_GPIO_Init
                0x080062ec      0x2bc ./Drivers/STM32H5xx_HAL_Driver/Src/stm32h5xx_hal_gpio.o
                0x080062ec                HAL_GPIO_Init
 .text.HAL_GPIO_WritePin
                0x080065a8       0x30 ./Drivers/STM32H5xx_HAL_Driver/Src/stm32h5xx_hal_gpio.o
                0x080065a8                HAL_GPIO_WritePin
 .text.HAL_ICACHE_ConfigAssociativityMode
                0x080065d8       0x40 ./Drivers/STM32H5xx_HAL_Driver/Src/stm32h5xx_hal_icache.o
                0x080065d8                HAL_ICACHE_ConfigAssociativityMode
 .text.HAL_ICACHE_Enable
                0x08006618       0x20 ./Drivers/STM32H5xx_HAL_Driver/Src/stm32h5xx_hal_icache.o
                0x08006618                HAL_ICACHE_Enable
 .text.HAL_RCC_OscConfig
                0x08006638      0x870 ./Drivers/STM32H5xx_HAL_Driver/Src/stm32h5xx_hal_rcc.o
                0x08006638                HAL_RCC_OscConfig
 .text.HAL_RCC_ClockConfig
                0x08006ea8      0x370 ./Drivers/STM32H5xx_HAL_Driver/Src/stm32h5xx_hal_rcc.o
                0x08006ea8                HAL_RCC_ClockConfig
 .text.HAL_RCC_GetSysClockFreq
                0x08007218      0x258 ./Drivers/STM32H5xx_HAL_Driver/Src/stm32h5xx_hal_rcc.o
                0x08007218                HAL_RCC_GetSysClockFreq
 .text.HAL_RCC_GetHCLKFreq
                0x08007470       0x38 ./Drivers/STM32H5xx_HAL_Driver/Src/stm32h5xx_hal_rcc.o
                0x08007470                HAL_RCC_GetHCLKFreq
 .text.HAL_RCC_GetPCLK1Freq
                0x080074a8       0x2c ./Drivers/STM32H5xx_HAL_Driver/Src/stm32h5xx_hal_rcc.o
                0x080074a8                HAL_RCC_GetPCLK1Freq
 .text.HAL_RCC_GetPCLK2Freq
                0x080074d4       0x2c ./Drivers/STM32H5xx_HAL_Driver/Src/stm32h5xx_hal_rcc.o
                0x080074d4                HAL_RCC_GetPCLK2Freq
 .text.HAL_RCC_GetPCLK3Freq
                0x08007500       0x2c ./Drivers/STM32H5xx_HAL_Driver/Src/stm32h5xx_hal_rcc.o
                0x08007500                HAL_RCC_GetPCLK3Freq
 .text.HAL_RCC_GetClockConfig
                0x0800752c       0x70 ./Drivers/STM32H5xx_HAL_Driver/Src/stm32h5xx_hal_rcc.o
                0x0800752c                HAL_RCC_GetClockConfig
 .text.HAL_RCCEx_PeriphCLKConfig
                0x0800759c     0x1f18 ./Drivers/STM32H5xx_HAL_Driver/Src/stm32h5xx_hal_rcc_ex.o
                0x0800759c                HAL_RCCEx_PeriphCLKConfig
 .text.HAL_RCCEx_GetPLL1ClockFreq
                0x080094b4      0x2d8 ./Drivers/STM32H5xx_HAL_Driver/Src/stm32h5xx_hal_rcc_ex.o
                0x080094b4                HAL_RCCEx_GetPLL1ClockFreq
 .text.HAL_RCCEx_GetPLL2ClockFreq
                0x0800978c      0x2d8 ./Drivers/STM32H5xx_HAL_Driver/Src/stm32h5xx_hal_rcc_ex.o
                0x0800978c                HAL_RCCEx_GetPLL2ClockFreq
 .text.HAL_RCCEx_GetPLL3ClockFreq
                0x08009a64      0x2d8 ./Drivers/STM32H5xx_HAL_Driver/Src/stm32h5xx_hal_rcc_ex.o
                0x08009a64                HAL_RCCEx_GetPLL3ClockFreq
 .text.HAL_RCCEx_GetPeriphCLKFreq
                0x08009d3c     0x26c0 ./Drivers/STM32H5xx_HAL_Driver/Src/stm32h5xx_hal_rcc_ex.o
                0x08009d3c                HAL_RCCEx_GetPeriphCLKFreq
 .text.RCCEx_PLL2_Config
                0x0800c3fc      0x130 ./Drivers/STM32H5xx_HAL_Driver/Src/stm32h5xx_hal_rcc_ex.o
 .text.RCCEx_PLL3_Config
                0x0800c52c      0x130 ./Drivers/STM32H5xx_HAL_Driver/Src/stm32h5xx_hal_rcc_ex.o
 .text.HAL_SPI_Init
                0x0800c65c      0x2e0 ./Drivers/STM32H5xx_HAL_Driver/Src/stm32h5xx_hal_spi.o
                0x0800c65c                HAL_SPI_Init
 .text.HAL_SPI_Transmit
                0x0800c93c      0x470 ./Drivers/STM32H5xx_HAL_Driver/Src/stm32h5xx_hal_spi.o
                0x0800c93c                HAL_SPI_Transmit
 .text.HAL_SPI_TransmitReceive
                0x0800cdac      0x718 ./Drivers/STM32H5xx_HAL_Driver/Src/stm32h5xx_hal_spi.o
                0x0800cdac                HAL_SPI_TransmitReceive
 .text.HAL_SPI_IRQHandler
                0x0800d4c4      0x3a8 ./Drivers/STM32H5xx_HAL_Driver/Src/stm32h5xx_hal_spi.o
                0x0800d4c4                HAL_SPI_IRQHandler
 .text.HAL_SPI_TxCpltCallback
                0x0800d86c       0x14 ./Drivers/STM32H5xx_HAL_Driver/Src/stm32h5xx_hal_spi.o
                0x0800d86c                HAL_SPI_TxCpltCallback
 .text.HAL_SPI_RxCpltCallback
                0x0800d880       0x14 ./Drivers/STM32H5xx_HAL_Driver/Src/stm32h5xx_hal_spi.o
                0x0800d880                HAL_SPI_RxCpltCallback
 .text.HAL_SPI_TxRxCpltCallback
                0x0800d894       0x14 ./Drivers/STM32H5xx_HAL_Driver/Src/stm32h5xx_hal_spi.o
                0x0800d894                HAL_SPI_TxRxCpltCallback
 .text.HAL_SPI_ErrorCallback
                0x0800d8a8       0x14 ./Drivers/STM32H5xx_HAL_Driver/Src/stm32h5xx_hal_spi.o
                0x0800d8a8                HAL_SPI_ErrorCallback
 .text.HAL_SPI_SuspendCallback
                0x0800d8bc       0x14 ./Drivers/STM32H5xx_HAL_Driver/Src/stm32h5xx_hal_spi.o
                0x0800d8bc                HAL_SPI_SuspendCallback
 .text.SPI_DMAAbortOnError
                0x0800d8d0       0x34 ./Drivers/STM32H5xx_HAL_Driver/Src/stm32h5xx_hal_spi.o
 .text.SPI_CloseTransfer
                0x0800d904      0x140 ./Drivers/STM32H5xx_HAL_Driver/Src/stm32h5xx_hal_spi.o
 .text.SPI_WaitOnFlagUntilTimeout
                0x0800da44       0x5c ./Drivers/STM32H5xx_HAL_Driver/Src/stm32h5xx_hal_spi.o
 .text.SPI_GetPacketSize
                0x0800daa0       0x36 ./Drivers/STM32H5xx_HAL_Driver/Src/stm32h5xx_hal_spi.o
 .text.HAL_TIM_Base_Init
                0x0800dad6       0xae ./Drivers/STM32H5xx_HAL_Driver/Src/stm32h5xx_hal_tim.o
                0x0800dad6                HAL_TIM_Base_Init
 .text.HAL_TIM_Base_Start
                0x0800db84      0x14c ./Drivers/STM32H5xx_HAL_Driver/Src/stm32h5xx_hal_tim.o
                0x0800db84                HAL_TIM_Base_Start
 .text.HAL_TIM_Base_Start_IT
                0x0800dcd0      0x15c ./Drivers/STM32H5xx_HAL_Driver/Src/stm32h5xx_hal_tim.o
                0x0800dcd0                HAL_TIM_Base_Start_IT
 .text.HAL_TIM_IRQHandler
                0x0800de2c      0x29e ./Drivers/STM32H5xx_HAL_Driver/Src/stm32h5xx_hal_tim.o
                0x0800de2c                HAL_TIM_IRQHandler
 *fill*         0x0800e0ca        0x2 
 .text.HAL_TIM_ConfigClockSource
                0x0800e0cc      0x23c ./Drivers/STM32H5xx_HAL_Driver/Src/stm32h5xx_hal_tim.o
                0x0800e0cc                HAL_TIM_ConfigClockSource
 .text.HAL_TIM_OC_DelayElapsedCallback
                0x0800e308       0x14 ./Drivers/STM32H5xx_HAL_Driver/Src/stm32h5xx_hal_tim.o
                0x0800e308                HAL_TIM_OC_DelayElapsedCallback
 .text.HAL_TIM_IC_CaptureCallback
                0x0800e31c       0x14 ./Drivers/STM32H5xx_HAL_Driver/Src/stm32h5xx_hal_tim.o
                0x0800e31c                HAL_TIM_IC_CaptureCallback
 .text.HAL_TIM_PWM_PulseFinishedCallback
                0x0800e330       0x14 ./Drivers/STM32H5xx_HAL_Driver/Src/stm32h5xx_hal_tim.o
                0x0800e330                HAL_TIM_PWM_PulseFinishedCallback
 .text.HAL_TIM_TriggerCallback
                0x0800e344       0x14 ./Drivers/STM32H5xx_HAL_Driver/Src/stm32h5xx_hal_tim.o
                0x0800e344                HAL_TIM_TriggerCallback
 .text.TIM_Base_SetConfig
                0x0800e358      0x24c ./Drivers/STM32H5xx_HAL_Driver/Src/stm32h5xx_hal_tim.o
                0x0800e358                TIM_Base_SetConfig
 .text.TIM_TI1_ConfigInputStage
                0x0800e5a4       0x5e ./Drivers/STM32H5xx_HAL_Driver/Src/stm32h5xx_hal_tim.o
 .text.TIM_TI2_ConfigInputStage
                0x0800e602       0x60 ./Drivers/STM32H5xx_HAL_Driver/Src/stm32h5xx_hal_tim.o
 .text.TIM_ITRx_SetConfig
                0x0800e662       0x3a ./Drivers/STM32H5xx_HAL_Driver/Src/stm32h5xx_hal_tim.o
 .text.TIM_ETR_SetConfig
                0x0800e69c       0x40 ./Drivers/STM32H5xx_HAL_Driver/Src/stm32h5xx_hal_tim.o
                0x0800e69c                TIM_ETR_SetConfig
 .text.HAL_TIMEx_MasterConfigSynchronization
                0x0800e6dc      0x1a0 ./Drivers/STM32H5xx_HAL_Driver/Src/stm32h5xx_hal_tim_ex.o
                0x0800e6dc                HAL_TIMEx_MasterConfigSynchronization
 .text.HAL_TIMEx_CommutCallback
                0x0800e87c       0x14 ./Drivers/STM32H5xx_HAL_Driver/Src/stm32h5xx_hal_tim_ex.o
                0x0800e87c                HAL_TIMEx_CommutCallback
 .text.HAL_TIMEx_BreakCallback
                0x0800e890       0x14 ./Drivers/STM32H5xx_HAL_Driver/Src/stm32h5xx_hal_tim_ex.o
                0x0800e890                HAL_TIMEx_BreakCallback
 .text.HAL_TIMEx_Break2Callback
                0x0800e8a4       0x14 ./Drivers/STM32H5xx_HAL_Driver/Src/stm32h5xx_hal_tim_ex.o
                0x0800e8a4                HAL_TIMEx_Break2Callback
 .text.HAL_TIMEx_EncoderIndexCallback
                0x0800e8b8       0x14 ./Drivers/STM32H5xx_HAL_Driver/Src/stm32h5xx_hal_tim_ex.o
                0x0800e8b8                HAL_TIMEx_EncoderIndexCallback
 .text.HAL_TIMEx_DirectionChangeCallback
                0x0800e8cc       0x14 ./Drivers/STM32H5xx_HAL_Driver/Src/stm32h5xx_hal_tim_ex.o
                0x0800e8cc                HAL_TIMEx_DirectionChangeCallback
 .text.HAL_TIMEx_IndexErrorCallback
                0x0800e8e0       0x14 ./Drivers/STM32H5xx_HAL_Driver/Src/stm32h5xx_hal_tim_ex.o
                0x0800e8e0                HAL_TIMEx_IndexErrorCallback
 .text.HAL_TIMEx_TransitionErrorCallback
                0x0800e8f4       0x14 ./Drivers/STM32H5xx_HAL_Driver/Src/stm32h5xx_hal_tim_ex.o
                0x0800e8f4                HAL_TIMEx_TransitionErrorCallback
 .text.HAL_UART_Init
                0x0800e908       0xa0 ./Drivers/STM32H5xx_HAL_Driver/Src/stm32h5xx_hal_uart.o
                0x0800e908                HAL_UART_Init
 .text.UART_SetConfig
                0x0800e9a8      0x3dc ./Drivers/STM32H5xx_HAL_Driver/Src/stm32h5xx_hal_uart.o
                0x0800e9a8                UART_SetConfig
 .text.UART_AdvFeatureConfig
                0x0800ed84      0x144 ./Drivers/STM32H5xx_HAL_Driver/Src/stm32h5xx_hal_uart.o
                0x0800ed84                UART_AdvFeatureConfig
 .text.UART_CheckIdleState
                0x0800eec8      0x154 ./Drivers/STM32H5xx_HAL_Driver/Src/stm32h5xx_hal_uart.o
                0x0800eec8                UART_CheckIdleState
 .text.UART_WaitOnFlagUntilTimeout
                0x0800f01c       0xda ./Drivers/STM32H5xx_HAL_Driver/Src/stm32h5xx_hal_uart.o
                0x0800f01c                UART_WaitOnFlagUntilTimeout
 .text.UART_EndRxTransfer
                0x0800f0f6       0xcc ./Drivers/STM32H5xx_HAL_Driver/Src/stm32h5xx_hal_uart.o
 .text.HAL_UARTEx_DisableFifoMode
                0x0800f1c2       0x72 ./Drivers/STM32H5xx_HAL_Driver/Src/stm32h5xx_hal_uart_ex.o
                0x0800f1c2                HAL_UARTEx_DisableFifoMode
 .text.HAL_UARTEx_SetTxFifoThreshold
                0x0800f234       0x7c ./Drivers/STM32H5xx_HAL_Driver/Src/stm32h5xx_hal_uart_ex.o
                0x0800f234                HAL_UARTEx_SetTxFifoThreshold
 .text.HAL_UARTEx_SetRxFifoThreshold
                0x0800f2b0       0x7c ./Drivers/STM32H5xx_HAL_Driver/Src/stm32h5xx_hal_uart_ex.o
                0x0800f2b0                HAL_UARTEx_SetRxFifoThreshold
 .text.UARTEx_SetNbDataToProcess
                0x0800f32c       0x9c ./Drivers/STM32H5xx_HAL_Driver/Src/stm32h5xx_hal_uart_ex.o
 .text.SysTick_Handler
                0x0800f3c8       0x20 ./Middlewares/Third_Party/FreeRTOS/Source/CMSIS_RTOS_V2/cmsis_os2.o
                0x0800f3c8                SysTick_Handler
 .text.IRQ_Context
                0x0800f3e8       0x4e ./Middlewares/Third_Party/FreeRTOS/Source/CMSIS_RTOS_V2/cmsis_os2.o
 *fill*         0x0800f436        0x2 
 .text.osKernelInitialize
                0x0800f438       0x4c ./Middlewares/Third_Party/FreeRTOS/Source/CMSIS_RTOS_V2/cmsis_os2.o
                0x0800f438                osKernelInitialize
 .text.osKernelStart
                0x0800f484       0x50 ./Middlewares/Third_Party/FreeRTOS/Source/CMSIS_RTOS_V2/cmsis_os2.o
                0x0800f484                osKernelStart
 .text.osThreadNew
                0x0800f4d4      0x124 ./Middlewares/Third_Party/FreeRTOS/Source/CMSIS_RTOS_V2/cmsis_os2.o
                0x0800f4d4                osThreadNew
 .text.osMutexNew
                0x0800f5f8      0x10a ./Middlewares/Third_Party/FreeRTOS/Source/CMSIS_RTOS_V2/cmsis_os2.o
                0x0800f5f8                osMutexNew
 .text.osMutexAcquire
                0x0800f702       0x94 ./Middlewares/Third_Party/FreeRTOS/Source/CMSIS_RTOS_V2/cmsis_os2.o
                0x0800f702                osMutexAcquire
 .text.osMutexRelease
                0x0800f796       0x78 ./Middlewares/Third_Party/FreeRTOS/Source/CMSIS_RTOS_V2/cmsis_os2.o
                0x0800f796                osMutexRelease
 .text.osSemaphoreNew
                0x0800f80e      0x110 ./Middlewares/Third_Party/FreeRTOS/Source/CMSIS_RTOS_V2/cmsis_os2.o
                0x0800f80e                osSemaphoreNew
 *fill*         0x0800f91e        0x2 
 .text.osSemaphoreAcquire
                0x0800f920       0x98 ./Middlewares/Third_Party/FreeRTOS/Source/CMSIS_RTOS_V2/cmsis_os2.o
                0x0800f920                osSemaphoreAcquire
 .text.osSemaphoreRelease
                0x0800f9b8       0x7c ./Middlewares/Third_Party/FreeRTOS/Source/CMSIS_RTOS_V2/cmsis_os2.o
                0x0800f9b8                osSemaphoreRelease
 .text.vListInitialise
                0x0800fa34       0x40 ./Middlewares/Third_Party/FreeRTOS/Source/list.o
                0x0800fa34                vListInitialise
 .text.vListInitialiseItem
                0x0800fa74       0x1a ./Middlewares/Third_Party/FreeRTOS/Source/list.o
                0x0800fa74                vListInitialiseItem
 .text.vListInsert
                0x0800fa8e       0x72 ./Middlewares/Third_Party/FreeRTOS/Source/list.o
                0x0800fa8e                vListInsert
 .text.uxListRemove
                0x0800fb00       0x54 ./Middlewares/Third_Party/FreeRTOS/Source/list.o
                0x0800fb00                uxListRemove
 .text.xQueueGenericReset
                0x0800fb54       0xf2 ./Middlewares/Third_Party/FreeRTOS/Source/queue.o
                0x0800fb54                xQueueGenericReset
 .text.xQueueGenericCreateStatic
                0x0800fc46       0x92 ./Middlewares/Third_Party/FreeRTOS/Source/queue.o
                0x0800fc46                xQueueGenericCreateStatic
 .text.xQueueGenericCreate
                0x0800fcd8       0x96 ./Middlewares/Third_Party/FreeRTOS/Source/queue.o
                0x0800fcd8                xQueueGenericCreate
 .text.prvInitialiseNewQueue
                0x0800fd6e       0x46 ./Middlewares/Third_Party/FreeRTOS/Source/queue.o
 .text.prvInitialiseMutex
                0x0800fdb4       0x34 ./Middlewares/Third_Party/FreeRTOS/Source/queue.o
 .text.xQueueCreateMutex
                0x0800fde8       0x30 ./Middlewares/Third_Party/FreeRTOS/Source/queue.o
                0x0800fde8                xQueueCreateMutex
 .text.xQueueCreateMutexStatic
                0x0800fe18       0x36 ./Middlewares/Third_Party/FreeRTOS/Source/queue.o
                0x0800fe18                xQueueCreateMutexStatic
 .text.xQueueGiveMutexRecursive
                0x0800fe4e       0x5a ./Middlewares/Third_Party/FreeRTOS/Source/queue.o
                0x0800fe4e                xQueueGiveMutexRecursive
 .text.xQueueTakeMutexRecursive
                0x0800fea8       0x5e ./Middlewares/Third_Party/FreeRTOS/Source/queue.o
                0x0800fea8                xQueueTakeMutexRecursive
 .text.xQueueCreateCountingSemaphoreStatic
                0x0800ff06       0x56 ./Middlewares/Third_Party/FreeRTOS/Source/queue.o
                0x0800ff06                xQueueCreateCountingSemaphoreStatic
 .text.xQueueCreateCountingSemaphore
                0x0800ff5c       0x4e ./Middlewares/Third_Party/FreeRTOS/Source/queue.o
                0x0800ff5c                xQueueCreateCountingSemaphore
 .text.xQueueGenericSend
                0x0800ffaa      0x19a ./Middlewares/Third_Party/FreeRTOS/Source/queue.o
                0x0800ffaa                xQueueGenericSend
 .text.xQueueGiveFromISR
                0x08010144       0xf0 ./Middlewares/Third_Party/FreeRTOS/Source/queue.o
                0x08010144                xQueueGiveFromISR
 .text.xQueueReceive
                0x08010234      0x178 ./Middlewares/Third_Party/FreeRTOS/Source/queue.o
                0x08010234                xQueueReceive
 .text.xQueueSemaphoreTake
                0x080103ac      0x1b4 ./Middlewares/Third_Party/FreeRTOS/Source/queue.o
                0x080103ac                xQueueSemaphoreTake
 .text.xQueueReceiveFromISR
                0x08010560       0xe4 ./Middlewares/Third_Party/FreeRTOS/Source/queue.o
                0x08010560                xQueueReceiveFromISR
 .text.vQueueDelete
                0x08010644       0x38 ./Middlewares/Third_Party/FreeRTOS/Source/queue.o
                0x08010644                vQueueDelete
 .text.prvGetHighestPriorityOfWaitToReceiveList
                0x0801067c       0x30 ./Middlewares/Third_Party/FreeRTOS/Source/queue.o
 .text.prvCopyDataToQueue
                0x080106ac       0xd4 ./Middlewares/Third_Party/FreeRTOS/Source/queue.o
 .text.prvCopyDataFromQueue
                0x08010780       0x4c ./Middlewares/Third_Party/FreeRTOS/Source/queue.o
 .text.prvUnlockQueue
                0x080107cc       0xa4 ./Middlewares/Third_Party/FreeRTOS/Source/queue.o
 .text.prvIsQueueEmpty
                0x08010870       0x2c ./Middlewares/Third_Party/FreeRTOS/Source/queue.o
 .text.prvIsQueueFull
                0x0801089c       0x30 ./Middlewares/Third_Party/FreeRTOS/Source/queue.o
 .text.vQueueAddToRegistry
                0x080108cc       0x8c ./Middlewares/Third_Party/FreeRTOS/Source/queue.o
                0x080108cc                vQueueAddToRegistry
 .text.vQueueUnregisterQueue
                0x08010958       0x60 ./Middlewares/Third_Party/FreeRTOS/Source/queue.o
                0x08010958                vQueueUnregisterQueue
 .text.vQueueWaitForMessageRestricted
                0x080109b8       0x68 ./Middlewares/Third_Party/FreeRTOS/Source/queue.o
                0x080109b8                vQueueWaitForMessageRestricted
 .text.prvCreateStaticTask
                0x08010a20       0x92 ./Middlewares/Third_Party/FreeRTOS/Source/tasks.o
 .text.xTaskCreateStatic
                0x08010ab2       0x48 ./Middlewares/Third_Party/FreeRTOS/Source/tasks.o
                0x08010ab2                xTaskCreateStatic
 .text.prvCreateTask
                0x08010afa       0x80 ./Middlewares/Third_Party/FreeRTOS/Source/tasks.o
 .text.xTaskCreate
                0x08010b7a       0x46 ./Middlewares/Third_Party/FreeRTOS/Source/tasks.o
                0x08010b7a                xTaskCreate
 .text.prvInitialiseNewTask
                0x08010bc0      0x104 ./Middlewares/Third_Party/FreeRTOS/Source/tasks.o
 .text.prvAddNewTaskToReadyList
                0x08010cc4      0x124 ./Middlewares/Third_Party/FreeRTOS/Source/tasks.o
 .text.xTaskDelayUntil
                0x08010de8       0xc4 ./Middlewares/Third_Party/FreeRTOS/Source/tasks.o
                0x08010de8                xTaskDelayUntil
 .text.prvCreateIdleTasks
                0x08010eac       0xec ./Middlewares/Third_Party/FreeRTOS/Source/tasks.o
 .text.vTaskStartScheduler
                0x08010f98       0x68 ./Middlewares/Third_Party/FreeRTOS/Source/tasks.o
                0x08010f98                vTaskStartScheduler
 .text.vTaskSuspendAll
                0x08011000       0x1c ./Middlewares/Third_Party/FreeRTOS/Source/tasks.o
                0x08011000                vTaskSuspendAll
 .text.xTaskResumeAll
                0x0801101c      0x1f4 ./Middlewares/Third_Party/FreeRTOS/Source/tasks.o
                0x0801101c                xTaskResumeAll
 .text.xTaskGetTickCount
                0x08011210       0x20 ./Middlewares/Third_Party/FreeRTOS/Source/tasks.o
                0x08011210                xTaskGetTickCount
 .text.uxTaskGetNumberOfTasks
                0x08011230       0x18 ./Middlewares/Third_Party/FreeRTOS/Source/tasks.o
                0x08011230                uxTaskGetNumberOfTasks
 .text.xTaskIncrementTick
                0x08011248      0x224 ./Middlewares/Third_Party/FreeRTOS/Source/tasks.o
                0x08011248                xTaskIncrementTick
 .text.vTaskSwitchContext
                0x0801146c       0xac ./Middlewares/Third_Party/FreeRTOS/Source/tasks.o
                0x0801146c                vTaskSwitchContext
 .text.vTaskPlaceOnEventList
                0x08011518       0x3c ./Middlewares/Third_Party/FreeRTOS/Source/tasks.o
                0x08011518                vTaskPlaceOnEventList
 .text.vTaskPlaceOnEventListRestricted
                0x08011554       0x7c ./Middlewares/Third_Party/FreeRTOS/Source/tasks.o
                0x08011554                vTaskPlaceOnEventListRestricted
 .text.xTaskRemoveFromEventList
                0x080115d0      0x1a0 ./Middlewares/Third_Party/FreeRTOS/Source/tasks.o
                0x080115d0                xTaskRemoveFromEventList
 .text.vTaskInternalSetTimeOutState
                0x08011770       0x2c ./Middlewares/Third_Party/FreeRTOS/Source/tasks.o
                0x08011770                vTaskInternalSetTimeOutState
 .text.xTaskCheckForTimeOut
                0x0801179c       0xd0 ./Middlewares/Third_Party/FreeRTOS/Source/tasks.o
                0x0801179c                xTaskCheckForTimeOut
 .text.vTaskMissedYield
                0x0801186c       0x18 ./Middlewares/Third_Party/FreeRTOS/Source/tasks.o
                0x0801186c                vTaskMissedYield
 .text.prvIdleTask
                0x08011884       0x20 ./Middlewares/Third_Party/FreeRTOS/Source/tasks.o
 .text.prvInitialiseTaskLists
                0x080118a4       0x80 ./Middlewares/Third_Party/FreeRTOS/Source/tasks.o
 .text.prvCheckTasksWaitingTermination
                0x08011924       0x5c ./Middlewares/Third_Party/FreeRTOS/Source/tasks.o
 .text.prvDeleteTCB
                0x08011980       0x50 ./Middlewares/Third_Party/FreeRTOS/Source/tasks.o
 .text.prvResetNextTaskUnblockTime
                0x080119d0       0x38 ./Middlewares/Third_Party/FreeRTOS/Source/tasks.o
 .text.xTaskGetCurrentTaskHandle
                0x08011a08       0x20 ./Middlewares/Third_Party/FreeRTOS/Source/tasks.o
                0x08011a08                xTaskGetCurrentTaskHandle
 .text.xTaskGetSchedulerState
                0x08011a28       0x3c ./Middlewares/Third_Party/FreeRTOS/Source/tasks.o
                0x08011a28                xTaskGetSchedulerState
 .text.xTaskPriorityInherit
                0x08011a64      0x124 ./Middlewares/Third_Party/FreeRTOS/Source/tasks.o
                0x08011a64                xTaskPriorityInherit
 .text.xTaskPriorityDisinherit
                0x08011b88      0x114 ./Middlewares/Third_Party/FreeRTOS/Source/tasks.o
                0x08011b88                xTaskPriorityDisinherit
 .text.vTaskPriorityDisinheritAfterTimeout
                0x08011c9c      0x13c ./Middlewares/Third_Party/FreeRTOS/Source/tasks.o
                0x08011c9c                vTaskPriorityDisinheritAfterTimeout
 .text.pvTaskIncrementMutexHeldCount
                0x08011dd8       0x30 ./Middlewares/Third_Party/FreeRTOS/Source/tasks.o
                0x08011dd8                pvTaskIncrementMutexHeldCount
 .text.prvAddCurrentTaskToDelayedList
                0x08011e08       0xec ./Middlewares/Third_Party/FreeRTOS/Source/tasks.o
 .text.vApplicationGetIdleTaskMemory
                0x08011ef4       0x34 ./Middlewares/Third_Party/FreeRTOS/Source/tasks.o
                0x08011ef4                vApplicationGetIdleTaskMemory
 .text.vApplicationGetTimerTaskMemory
                0x08011f28       0x34 ./Middlewares/Third_Party/FreeRTOS/Source/tasks.o
                0x08011f28                vApplicationGetTimerTaskMemory
 .text.xTimerCreateTimerTask
                0x08011f5c       0x80 ./Middlewares/Third_Party/FreeRTOS/Source/timers.o
                0x08011f5c                xTimerCreateTimerTask
 .text.prvReloadTimer
                0x08011fdc       0x42 ./Middlewares/Third_Party/FreeRTOS/Source/timers.o
 *fill*         0x0801201e        0x2 
 .text.prvProcessExpiredTimer
                0x08012020       0x60 ./Middlewares/Third_Party/FreeRTOS/Source/timers.o
 .text.prvTimerTask
                0x08012080       0x26 ./Middlewares/Third_Party/FreeRTOS/Source/timers.o
 *fill*         0x080120a6        0x2 
 .text.prvProcessTimerOrBlockTask
                0x080120a8       0x8c ./Middlewares/Third_Party/FreeRTOS/Source/timers.o
 .text.prvGetNextExpireTime
                0x08012134       0x48 ./Middlewares/Third_Party/FreeRTOS/Source/timers.o
 .text.prvSampleTimeNow
                0x0801217c       0x40 ./Middlewares/Third_Party/FreeRTOS/Source/timers.o
 .text.prvInsertTimerInActiveList
                0x080121bc       0x84 ./Middlewares/Third_Party/FreeRTOS/Source/timers.o
 .text.prvProcessReceivedCommands
                0x08012240      0x1b0 ./Middlewares/Third_Party/FreeRTOS/Source/timers.o
 .text.prvSwitchTimerLists
                0x080123f0       0x4c ./Middlewares/Third_Party/FreeRTOS/Source/timers.o
 .text.prvCheckForValidListAndQueue
                0x0801243c       0x80 ./Middlewares/Third_Party/FreeRTOS/Source/timers.o
 .text.vPortSetupTimerInterrupt
                0x080124bc       0x48 ./Middlewares/Third_Party/FreeRTOS/Source/portable/GCC/ARM_CM33_NTZ/non_secure/port.o
                0x080124bc                vPortSetupTimerInterrupt
 .text.prvTaskExitError
                0x08012504       0x38 ./Middlewares/Third_Party/FreeRTOS/Source/portable/GCC/ARM_CM33_NTZ/non_secure/port.o
 .text.vPortYield
                0x0801253c       0x24 ./Middlewares/Third_Party/FreeRTOS/Source/portable/GCC/ARM_CM33_NTZ/non_secure/port.o
                0x0801253c                vPortYield
 .text.vPortEnterCritical
                0x08012560       0x24 ./Middlewares/Third_Party/FreeRTOS/Source/portable/GCC/ARM_CM33_NTZ/non_secure/port.o
                0x08012560                vPortEnterCritical
 .text.vPortExitCritical
                0x08012584       0x34 ./Middlewares/Third_Party/FreeRTOS/Source/portable/GCC/ARM_CM33_NTZ/non_secure/port.o
                0x08012584                vPortExitCritical
 .text.xPortSysTickHandler
                0x080125b8       0x30 ./Middlewares/Third_Party/FreeRTOS/Source/portable/GCC/ARM_CM33_NTZ/non_secure/port.o
                0x080125b8                xPortSysTickHandler
 .text.vPortSVCHandler_C
                0x080125e8       0x32 ./Middlewares/Third_Party/FreeRTOS/Source/portable/GCC/ARM_CM33_NTZ/non_secure/port.o
                0x080125e8                vPortSVCHandler_C
 *fill*         0x0801261a        0x2 
 .text.pxPortInitialiseStack
                0x0801261c      0x114 ./Middlewares/Third_Party/FreeRTOS/Source/portable/GCC/ARM_CM33_NTZ/non_secure/port.o
                0x0801261c                pxPortInitialiseStack
 .text.xPortStartScheduler
                0x08012730      0x12c ./Middlewares/Third_Party/FreeRTOS/Source/portable/GCC/ARM_CM33_NTZ/non_secure/port.o
                0x08012730                xPortStartScheduler
 .text.vPortValidateInterruptPriority
                0x0801285c       0x60 ./Middlewares/Third_Party/FreeRTOS/Source/portable/GCC/ARM_CM33_NTZ/non_secure/port.o
                0x0801285c                vPortValidateInterruptPriority
 .text.vRestoreContextOfFirstTask
                0x080128bc       0x34 ./Middlewares/Third_Party/FreeRTOS/Source/portable/GCC/ARM_CM33_NTZ/non_secure/portasm.o
                0x080128bc                vRestoreContextOfFirstTask
 .text.vStartFirstTask
                0x080128f0       0x20 ./Middlewares/Third_Party/FreeRTOS/Source/portable/GCC/ARM_CM33_NTZ/non_secure/portasm.o
                0x080128f0                vStartFirstTask
 .text.ulSetInterruptMask
                0x08012910       0x1a ./Middlewares/Third_Party/FreeRTOS/Source/portable/GCC/ARM_CM33_NTZ/non_secure/portasm.o
                0x08012910                ulSetInterruptMask
 .text.vClearInterruptMask
                0x0801292a       0x10 ./Middlewares/Third_Party/FreeRTOS/Source/portable/GCC/ARM_CM33_NTZ/non_secure/portasm.o
                0x0801292a                vClearInterruptMask
 *fill*         0x0801293a        0x2 
 .text.PendSV_Handler
                0x0801293c       0x4c ./Middlewares/Third_Party/FreeRTOS/Source/portable/GCC/ARM_CM33_NTZ/non_secure/portasm.o
                0x0801293c                PendSV_Handler
 .text.SVC_Handler
                0x08012988       0x18 ./Middlewares/Third_Party/FreeRTOS/Source/portable/GCC/ARM_CM33_NTZ/non_secure/portasm.o
                0x08012988                SVC_Handler
 .text.pvPortMalloc
                0x080129a0       0xa8 ./Middlewares/Third_Party/FreeRTOS/Source/portable/MemMang/heap_1.o
                0x080129a0                pvPortMalloc
 .text.vPortFree
                0x08012a48       0x1e ./Middlewares/Third_Party/FreeRTOS/Source/portable/MemMang/heap_1.o
                0x08012a48                vPortFree
 *fill*         0x08012a66        0x2 
 .text.malloc   0x08012a68       0x10 C:/ST/STM32CubeIDE_1.16.0/STM32CubeIDE/plugins/com.st.stm32cube.ide.mcu.externaltools.gnu-tools-for-stm32.13.3.rel1.win32_1.0.100.202509120712/tools/bin/../lib/gcc/arm-none-eabi/13.3.1/../../../../arm-none-eabi/lib/thumb/v8-m.main+fp/hard\libc_nano.a(libc_a-malloc.o)
                0x08012a68                malloc
 .text.free     0x08012a78       0x10 C:/ST/STM32CubeIDE_1.16.0/STM32CubeIDE/plugins/com.st.stm32cube.ide.mcu.externaltools.gnu-tools-for-stm32.13.3.rel1.win32_1.0.100.202509120712/tools/bin/../lib/gcc/arm-none-eabi/13.3.1/../../../../arm-none-eabi/lib/thumb/v8-m.main+fp/hard\libc_nano.a(libc_a-malloc.o)
                0x08012a78                free
 .text.sbrk_aligned
                0x08012a88       0x44 C:/ST/STM32CubeIDE_1.16.0/STM32CubeIDE/plugins/com.st.stm32cube.ide.mcu.externaltools.gnu-tools-for-stm32.13.3.rel1.win32_1.0.100.202509120712/tools/bin/../lib/gcc/arm-none-eabi/13.3.1/../../../../arm-none-eabi/lib/thumb/v8-m.main+fp/hard\libc_nano.a(libc_a-mallocr.o)
 .text._malloc_r
                0x08012acc      0x100 C:/ST/STM32CubeIDE_1.16.0/STM32CubeIDE/plugins/com.st.stm32cube.ide.mcu.externaltools.gnu-tools-for-stm32.13.3.rel1.win32_1.0.100.202509120712/tools/bin/../lib/gcc/arm-none-eabi/13.3.1/../../../../arm-none-eabi/lib/thumb/v8-m.main+fp/hard\libc_nano.a(libc_a-mallocr.o)
                0x08012acc                _malloc_r
 .text.__malloc_lock
                0x08012bcc        0xc C:/ST/STM32CubeIDE_1.16.0/STM32CubeIDE/plugins/com.st.stm32cube.ide.mcu.externaltools.gnu-tools-for-stm32.13.3.rel1.win32_1.0.100.202509120712/tools/bin/../lib/gcc/arm-none-eabi/13.3.1/../../../../arm-none-eabi/lib/thumb/v8-m.main+fp/hard\libc_nano.a(libc_a-mlock.o)
                0x08012bcc                __malloc_lock
 .text.__malloc_unlock
                0x08012bd8        0xc C:/ST/STM32CubeIDE_1.16.0/STM32CubeIDE/plugins/com.st.stm32cube.ide.mcu.externaltools.gnu-tools-for-stm32.13.3.rel1.win32_1.0.100.202509120712/tools/bin/../lib/gcc/arm-none-eabi/13.3.1/../../../../arm-none-eabi/lib/thumb/v8-m.main+fp/hard\libc_nano.a(libc_a-mlock.o)
                0x08012bd8                __malloc_unlock
 .text.memset   0x08012be4       0x10 C:/ST/STM32CubeIDE_1.16.0/STM32CubeIDE/plugins/com.st.stm32cube.ide.mcu.externaltools.gnu-tools-for-stm32.13.3.rel1.win32_1.0.100.202509120712/tools/bin/../lib/gcc/arm-none-eabi/13.3.1/../../../../arm-none-eabi/lib/thumb/v8-m.main+fp/hard\libc_nano.a(libc_a-memset.o)
                0x08012be4                memset
 .text._sbrk_r  0x08012bf4       0x20 C:/ST/STM32CubeIDE_1.16.0/STM32CubeIDE/plugins/com.st.stm32cube.ide.mcu.externaltools.gnu-tools-for-stm32.13.3.rel1.win32_1.0.100.202509120712/tools/bin/../lib/gcc/arm-none-eabi/13.3.1/../../../../arm-none-eabi/lib/thumb/v8-m.main+fp/hard\libc_nano.a(libc_a-sbrkr.o)
                0x08012bf4                _sbrk_r
 .text.__errno  0x08012c14        0xc C:/ST/STM32CubeIDE_1.16.0/STM32CubeIDE/plugins/com.st.stm32cube.ide.mcu.externaltools.gnu-tools-for-stm32.13.3.rel1.win32_1.0.100.202509120712/tools/bin/../lib/gcc/arm-none-eabi/13.3.1/../../../../arm-none-eabi/lib/thumb/v8-m.main+fp/hard\libc_nano.a(libc_a-errno.o)
                0x08012c14                __errno
 .text.__libc_init_array
                0x08012c20       0x48 C:/ST/STM32CubeIDE_1.16.0/STM32CubeIDE/plugins/com.st.stm32cube.ide.mcu.externaltools.gnu-tools-for-stm32.13.3.rel1.win32_1.0.100.202509120712/tools/bin/../lib/gcc/arm-none-eabi/13.3.1/../../../../arm-none-eabi/lib/thumb/v8-m.main+fp/hard\libc_nano.a(libc_a-init.o)
                0x08012c20                __libc_init_array
 .text.__retarget_lock_acquire_recursive
                0x08012c68        0x2 C:/ST/STM32CubeIDE_1.16.0/STM32CubeIDE/plugins/com.st.stm32cube.ide.mcu.externaltools.gnu-tools-for-stm32.13.3.rel1.win32_1.0.100.202509120712/tools/bin/../lib/gcc/arm-none-eabi/13.3.1/../../../../arm-none-eabi/lib/thumb/v8-m.main+fp/hard\libc_nano.a(libc_a-lock.o)
                0x08012c68                __retarget_lock_acquire_recursive
 .text.__retarget_lock_release_recursive
                0x08012c6a        0x2 C:/ST/STM32CubeIDE_1.16.0/STM32CubeIDE/plugins/com.st.stm32cube.ide.mcu.externaltools.gnu-tools-for-stm32.13.3.rel1.win32_1.0.100.202509120712/tools/bin/../lib/gcc/arm-none-eabi/13.3.1/../../../../arm-none-eabi/lib/thumb/v8-m.main+fp/hard\libc_nano.a(libc_a-lock.o)
                0x08012c6a                __retarget_lock_release_recursive
 .text.memcpy   0x08012c6c       0x1a C:/ST/STM32CubeIDE_1.16.0/STM32CubeIDE/plugins/com.st.stm32cube.ide.mcu.externaltools.gnu-tools-for-stm32.13.3.rel1.win32_1.0.100.202509120712/tools/bin/../lib/gcc/arm-none-eabi/13.3.1/../../../../arm-none-eabi/lib/thumb/v8-m.main+fp/hard\libc_nano.a(libc_a-memcpy-stub.o)
                0x08012c6c                memcpy
 *fill*         0x08012c86        0x2 
 .text._free_r  0x08012c88       0x94 C:/ST/STM32CubeIDE_1.16.0/STM32CubeIDE/plugins/com.st.stm32cube.ide.mcu.externaltools.gnu-tools-for-stm32.13.3.rel1.win32_1.0.100.202509120712/tools/bin/../lib/gcc/arm-none-eabi/13.3.1/../../../../arm-none-eabi/lib/thumb/v8-m.main+fp/hard\libc_nano.a(libc_a-freer.o)
                0x08012c88                _free_r
 *(.glue_7)
 .glue_7        0x08012d1c        0x0 linker stubs
 *(.glue_7t)
 .glue_7t       0x08012d1c        0x0 linker stubs
 *(.eh_frame)
 .eh_frame      0x08012d1c        0x0 C:/ST/STM32CubeIDE_1.16.0/STM32CubeIDE/plugins/com.st.stm32cube.ide.mcu.externaltools.gnu-tools-for-stm32.13.3.rel1.win32_1.0.100.202509120712/tools/bin/../lib/gcc/arm-none-eabi/13.3.1/thumb/v8-m.main+fp/hard/crtbegin.o
 *(.init)
 .init          0x08012d1c        0x4 C:/ST/STM32CubeIDE_1.16.0/STM32CubeIDE/plugins/com.st.stm32cube.ide.mcu.externaltools.gnu-tools-for-stm32.13.3.rel1.win32_1.0.100.202509120712/tools/bin/../lib/gcc/arm-none-eabi/13.3.1/thumb/v8-m.main+fp/hard/crti.o
                0x08012d1c                _init
 .init          0x08012d20        0x8 C:/ST/STM32CubeIDE_1.16.0/STM32CubeIDE/plugins/com.st.stm32cube.ide.mcu.externaltools.gnu-tools-for-stm32.13.3.rel1.win32_1.0.100.202509120712/tools/bin/../lib/gcc/arm-none-eabi/13.3.1/thumb/v8-m.main+fp/hard/crtn.o
 *(.fini)
 .fini          0x08012d28        0x4 C:/ST/STM32CubeIDE_1.16.0/STM32CubeIDE/plugins/com.st.stm32cube.ide.mcu.externaltools.gnu-tools-for-stm32.13.3.rel1.win32_1.0.100.202509120712/tools/bin/../lib/gcc/arm-none-eabi/13.3.1/thumb/v8-m.main+fp/hard/crti.o
                0x08012d28                _fini
 .fini          0x08012d2c        0x8 C:/ST/STM32CubeIDE_1.16.0/STM32CubeIDE/plugins/com.st.stm32cube.ide.mcu.externaltools.gnu-tools-for-stm32.13.3.rel1.win32_1.0.100.202509120712/tools/bin/../lib/gcc/arm-none-eabi/13.3.1/thumb/v8-m.main+fp/hard/crtn.o
                0x08012d34                        . = ALIGN (0x4)
                0x08012d34                        _etext = .

.vfp11_veneer   0x08012d34        0x0
 .vfp11_veneer  0x08012d34        0x0 linker stubs

.v4_bx          0x08012d34        0x0
 .v4_bx         0x08012d34        0x0 linker stubs

.iplt           0x08012d34        0x0
 .iplt          0x08012d34        0x0 C:/ST/STM32CubeIDE_1.16.0/STM32CubeIDE/plugins/com.st.stm32cube.ide.mcu.externaltools.gnu-tools-for-stm32.13.3.rel1.win32_1.0.100.202509120712/tools/bin/../lib/gcc/arm-none-eabi/13.3.1/thumb/v8-m.main+fp/hard/crtbegin.o

.rodata         0x08012d34      0x464
                0x08012d34                        . = ALIGN (0x4)
 *(.rodata)
 .rodata        0x08012d34       0x71 ./Core/Src/app_freertos.o
 *fill*         0x08012da5        0x3 
 .rodata        0x08012da8       0x8d ./Drivers/LTC6813/Src/ltc6813.o
 *fill*         0x08012e35        0x3 
 .rodata        0x08012e38        0x5 ./Middlewares/Third_Party/FreeRTOS/Source/tasks.o
 *fill*         0x08012e3d        0x3 
 .rodata        0x08012e40        0xd ./Middlewares/Third_Party/FreeRTOS/Source/timers.o
 *(.rodata*)
 *fill*         0x08012e4d        0x3 
 .rodata.SerialTask_attributes
                0x08012e50       0x24 ./Core/Src/app_freertos.o
                0x08012e50                SerialTask_attributes
 .rodata.MeasurementTask_attributes
                0x08012e74       0x24 ./Core/Src/app_freertos.o
                0x08012e74                MeasurementTask_attributes
 .rodata.SafetyTask_attributes
                0x08012e98       0x24 ./Core/Src/app_freertos.o
                0x08012e98                SafetyTask_attributes
 .rodata.CANTask_attributes
                0x08012ebc       0x24 ./Core/Src/app_freertos.o
                0x08012ebc                CANTask_attributes
 .rodata.BalancingTask_attributes
                0x08012ee0       0x24 ./Core/Src/app_freertos.o
                0x08012ee0                BalancingTask_attributes
 .rodata.icLock_attributes
                0x08012f04       0x10 ./Core/Src/app_freertos.o
                0x08012f04                icLock_attributes
 .rodata.tempLock_attributes
                0x08012f14       0x10 ./Core/Src/app_freertos.o
                0x08012f14                tempLock_attributes
 .rodata.canDataLock_attributes
                0x08012f24       0x10 ./Core/Src/app_freertos.o
                0x08012f24                canDataLock_attributes
 .rodata.firstMeasurement_attributes
                0x08012f34       0x10 ./Core/Src/app_freertos.o
                0x08012f34                firstMeasurement_attributes
 .rodata.AHBPrescTable
                0x08012f44       0x10 ./Core/Src/system_stm32h5xx.o
                0x08012f44                AHBPrescTable
 .rodata.APBPrescTable
                0x08012f54        0x8 ./Core/Src/system_stm32h5xx.o
                0x08012f54                APBPrescTable
 .rodata.crc15Table
                0x08012f5c      0x200 ./Drivers/LTC6813/Src/ltc6813.o
                0x08012f5c                crc15Table
 .rodata.DLCtoBytes
                0x0801315c       0x10 ./Drivers/STM32H5xx_HAL_Driver/Src/stm32h5xx_hal_fdcan.o
 .rodata.UARTPrescTable
                0x0801316c       0x18 ./Drivers/STM32H5xx_HAL_Driver/Src/stm32h5xx_hal_uart.o
                0x0801316c                UARTPrescTable
 .rodata.numerator.1
                0x08013184        0x8 ./Drivers/STM32H5xx_HAL_Driver/Src/stm32h5xx_hal_uart_ex.o
 .rodata.denominator.0
                0x0801318c        0x8 ./Drivers/STM32H5xx_HAL_Driver/Src/stm32h5xx_hal_uart_ex.o
 .rodata.uxTopUsedPriority
                0x08013194        0x4 ./Middlewares/Third_Party/FreeRTOS/Source/tasks.o
                0x08013198                        . = ALIGN (0x4)

.ARM.extab      0x08013198        0x0
                0x08013198                        . = ALIGN (0x4)
 *(.ARM.extab* .gnu.linkonce.armextab.*)
                0x08013198                        . = ALIGN (0x4)

.ARM            0x08013198        0x8
                0x08013198                        . = ALIGN (0x4)
                0x08013198                        __exidx_start = .
 *(.ARM.exidx*)
 .ARM.exidx     0x08013198        0x8 C:/ST/STM32CubeIDE_1.16.0/STM32CubeIDE/plugins/com.st.stm32cube.ide.mcu.externaltools.gnu-tools-for-stm32.13.3.rel1.win32_1.0.100.202509120712/tools/bin/../lib/gcc/arm-none-eabi/13.3.1/thumb/v8-m.main+fp/hard\libgcc.a(_udivmoddi4.o)
                0x080131a0                        __exidx_end = .
                0x080131a0                        . = ALIGN (0x4)

.preinit_array  0x080131a0        0x0
                0x080131a0                        . = ALIGN (0x4)
                0x080131a0                        PROVIDE (__preinit_array_start = .)
 *(.preinit_array*)
                0x080131a0                        PROVIDE (__preinit_array_end = .)
                0x080131a0                        . = ALIGN (0x4)

.init_array     0x080131a0        0x4
                0x080131a0                        . = ALIGN (0x4)
                0x080131a0                        PROVIDE (__init_array_start = .)
 *(SORT_BY_NAME(.init_array.*))
 *(.init_array*)
 .init_array    0x080131a0        0x4 C:/ST/STM32CubeIDE_1.16.0/STM32CubeIDE/plugins/com.st.stm32cube.ide.mcu.externaltools.gnu-tools-for-stm32.13.3.rel1.win32_1.0.100.202509120712/tools/bin/../lib/gcc/arm-none-eabi/13.3.1/thumb/v8-m.main+fp/hard/crtbegin.o
                0x080131a4                        PROVIDE (__init_array_end = .)
                0x080131a4                        . = ALIGN (0x4)

.fini_array     0x080131a4        0x4
                0x080131a4                        . = ALIGN (0x4)
                [!provide]                        PROVIDE (__fini_array_start = .)
 *(SORT_BY_NAME(.fini_array.*))
 *(.fini_array*)
 .fini_array    0x080131a4        0x4 C:/ST/STM32CubeIDE_1.16.0/STM32CubeIDE/plugins/com.st.stm32cube.ide.mcu.externaltools.gnu-tools-for-stm32.13.3.rel1.win32_1.0.100.202509120712/tools/bin/../lib/gcc/arm-none-eabi/13.3.1/thumb/v8-m.main+fp/hard/crtbegin.o
                [!provide]                        PROVIDE (__fini_array_end = .)
                0x080131a8                        . = ALIGN (0x4)
                0x080131a8                        _sidata = LOADADDR (.data)

.rel.dyn        0x080131a8        0x0
 .rel.iplt      0x080131a8        0x0 C:/ST/STM32CubeIDE_1.16.0/STM32CubeIDE/plugins/com.st.stm32cube.ide.mcu.externaltools.gnu-tools-for-stm32.13.3.rel1.win32_1.0.100.202509120712/tools/bin/../lib/gcc/arm-none-eabi/13.3.1/thumb/v8-m.main+fp/hard/crtbegin.o

.data           0x20000000       0x64 load address 0x080131a8
                0x20000000                        . = ALIGN (0x4)
                0x20000000                        _sdata = .
 *(.data)
 *(.data*)
 .data.ELCON_MaxVoltage
                0x20000000        0x2 ./Core/Src/main.o
                0x20000000                ELCON_MaxVoltage
 .data.ELCON_MaxCurrent
                0x20000002        0x2 ./Core/Src/main.o
                0x20000002                ELCON_MaxCurrent
 .data.SystemCoreClock
                0x20000004        0x4 ./Core/Src/system_stm32h5xx.o
                0x20000004                SystemCoreClock
 .data.uwTickPrio
                0x20000008        0x4 ./Drivers/STM32H5xx_HAL_Driver/Src/stm32h5xx_hal.o
                0x20000008                uwTickPrio
 .data.uwTickFreq
                0x2000000c        0x1 ./Drivers/STM32H5xx_HAL_Driver/Src/stm32h5xx_hal.o
                0x2000000c                uwTickFreq
 *fill*         0x2000000d        0x3 
 .data.ulCriticalNesting
                0x20000010        0x4 ./Middlewares/Third_Party/FreeRTOS/Source/portable/GCC/ARM_CM33_NTZ/non_secure/port.o
 .data._impure_ptr
                0x20000014        0x4 C:/ST/STM32CubeIDE_1.16.0/STM32CubeIDE/plugins/com.st.stm32cube.ide.mcu.externaltools.gnu-tools-for-stm32.13.3.rel1.win32_1.0.100.202509120712/tools/bin/../lib/gcc/arm-none-eabi/13.3.1/../../../../arm-none-eabi/lib/thumb/v8-m.main+fp/hard\libc_nano.a(libc_a-impure.o)
                0x20000014                _impure_ptr
 .data._impure_data
                0x20000018       0x4c C:/ST/STM32CubeIDE_1.16.0/STM32CubeIDE/plugins/com.st.stm32cube.ide.mcu.externaltools.gnu-tools-for-stm32.13.3.rel1.win32_1.0.100.202509120712/tools/bin/../lib/gcc/arm-none-eabi/13.3.1/../../../../arm-none-eabi/lib/thumb/v8-m.main+fp/hard\libc_nano.a(libc_a-impure.o)
                0x20000018                _impure_data
 *(.RamFunc)
 *(.RamFunc*)
                0x20000064                        . = ALIGN (0x4)
                0x20000064                        _edata = .

.igot.plt       0x20000064        0x0 load address 0x0801320c
 .igot.plt      0x20000064        0x0 C:/ST/STM32CubeIDE_1.16.0/STM32CubeIDE/plugins/com.st.stm32cube.ide.mcu.externaltools.gnu-tools-for-stm32.13.3.rel1.win32_1.0.100.202509120712/tools/bin/../lib/gcc/arm-none-eabi/13.3.1/thumb/v8-m.main+fp/hard/crtbegin.o
                0x20000064                        . = ALIGN (0x4)

.bss            0x20000064     0x3cd8 load address 0x0801320c
                0x20000064                        _sbss = .
                0x20000064                        __bss_start__ = _sbss
 *(.bss)
 .bss           0x20000064       0x1c C:/ST/STM32CubeIDE_1.16.0/STM32CubeIDE/plugins/com.st.stm32cube.ide.mcu.externaltools.gnu-tools-for-stm32.13.3.rel1.win32_1.0.100.202509120712/tools/bin/../lib/gcc/arm-none-eabi/13.3.1/thumb/v8-m.main+fp/hard/crtbegin.o
 *(.bss*)
 .bss.max_voltages
                0x20000080       0x14 ./Core/Src/app_freertos.o
                0x20000080                max_voltages
 .bss.min_voltages
                0x20000094       0x14 ./Core/Src/app_freertos.o
                0x20000094                min_voltages
 .bss.max_temps
                0x200000a8       0x14 ./Core/Src/app_freertos.o
                0x200000a8                max_temps
 .bss.min_temps
                0x200000bc       0x14 ./Core/Src/app_freertos.o
                0x200000bc                min_temps
 .bss.packVoltage
                0x200000d0        0x4 ./Core/Src/app_freertos.o
                0x200000d0                packVoltage
 .bss.temps     0x200000d4      0x104 ./Core/Src/app_freertos.o
                0x200000d4                temps
 .bss.firstMeasurementDone
                0x200001d8        0x1 ./Core/Src/app_freertos.o
                0x200001d8                firstMeasurementDone
 .bss.fault_state
                0x200001d9        0x1 ./Core/Src/app_freertos.o
                0x200001d9                fault_state
 .bss.fault_mask
                0x200001da        0x2 ./Core/Src/app_freertos.o
                0x200001da                fault_mask
 .bss.fault_data
                0x200001dc        0x3 ./Core/Src/app_freertos.o
                0x200001dc                fault_data
 *fill*         0x200001df        0x1 
 .bss.hTxHeader
                0x200001e0       0x24 ./Core/Src/app_freertos.o
                0x200001e0                hTxHeader
 .bss.SerialTaskHandle
                0x20000204        0x4 ./Core/Src/app_freertos.o
                0x20000204                SerialTaskHandle
 .bss.MeasurementTaskHandle
                0x20000208        0x4 ./Core/Src/app_freertos.o
                0x20000208                MeasurementTaskHandle
 .bss.SafetyTaskHandle
                0x2000020c        0x4 ./Core/Src/app_freertos.o
                0x2000020c                SafetyTaskHandle
 .bss.CANTaskHandle
                0x20000210        0x4 ./Core/Src/app_freertos.o
                0x20000210                CANTaskHandle
 .bss.BalancingTaskHandle
                0x20000214        0x4 ./Core/Src/app_freertos.o
                0x20000214                BalancingTaskHandle
 .bss.icLockHandle
                0x20000218        0x4 ./Core/Src/app_freertos.o
                0x20000218                icLockHandle
 .bss.tempLockHandle
                0x2000021c        0x4 ./Core/Src/app_freertos.o
                0x2000021c                tempLockHandle
 .bss.canDataLockHandle
                0x20000220        0x4 ./Core/Src/app_freertos.o
                0x20000220                canDataLockHandle
 .bss.firstMeasurementHandle
                0x20000224        0x4 ./Core/Src/app_freertos.o
                0x20000224                firstMeasurementHandle
 .bss.txHeader1
                0x20000228       0x24 ./Core/Src/bms_functions.o
                0x20000228                txHeader1
 .bss.txHeader2
                0x2000024c       0x24 ./Core/Src/bms_functions.o
                0x2000024c                txHeader2
 .bss.rxHeader2
                0x20000270       0x28 ./Core/Src/bms_functions.o
                0x20000270                rxHeader2
 .bss.txData1   0x20000298        0x8 ./Core/Src/bms_functions.o
                0x20000298                txData1
 .bss.txData2   0x200002a0        0x8 ./Core/Src/bms_functions.o
                0x200002a0                txData2
 .bss.rxData2   0x200002a8        0x8 ./Core/Src/bms_functions.o
                0x200002a8                rxData2
 .bss.CAN2_Mode
                0x200002b0        0x1 ./Core/Src/bms_functions.o
                0x200002b0                CAN2_Mode
 *fill*         0x200002b1        0x3 
 .bss.hfdcan1   0x200002b4       0x64 ./Core/Src/main.o
                0x200002b4                hfdcan1
 .bss.hfdcan2   0x20000318       0x64 ./Core/Src/main.o
                0x20000318                hfdcan2
 .bss.hspi1     0x2000037c       0x90 ./Core/Src/main.o
                0x2000037c                hspi1
 .bss.hspi2     0x2000040c       0x90 ./Core/Src/main.o
                0x2000040c                hspi2
 .bss.hspi3     0x2000049c       0x90 ./Core/Src/main.o
                0x2000049c                hspi3
 .bss.handle_GPDMA1_Channel2
                0x2000052c       0x78 ./Core/Src/main.o
                0x2000052c                handle_GPDMA1_Channel2
 .bss.htim2     0x200005a4       0x4c ./Core/Src/main.o
                0x200005a4                htim2
 .bss.htim6     0x200005f0       0x4c ./Core/Src/main.o
                0x200005f0                htim6
 .bss.huart1    0x2000063c       0x94 ./Core/Src/main.o
                0x2000063c                huart1
 .bss.handle_GPDMA1_Channel0
                0x200006d0       0x78 ./Core/Src/main.o
                0x200006d0                handle_GPDMA1_Channel0
 .bss.IC        0x20000748      0x910 ./Core/Src/main.o
                0x20000748                IC
 .bss.ELCON_Voltage
                0x20001058        0x2 ./Core/Src/main.o
                0x20001058                ELCON_Voltage
 .bss.ELCON_Current
                0x2000105a        0x2 ./Core/Src/main.o
                0x2000105a                ELCON_Current
 .bss.ELCON_Status
                0x2000105c        0x1 ./Core/Src/main.o
                0x2000105c                ELCON_Status
 *fill*         0x2000105d        0x3 
 .bss.ELCON_FeedbackReceived
                0x20001060        0x1 ./Core/Src/main.o
                0x20001060                ELCON_FeedbackReceived
 *fill*         0x20001061        0x3 
 .bss.HAL_RCC_FDCAN_CLK_ENABLED
                0x20001064        0x4 ./Core/Src/stm32h5xx_hal_msp.o
 .bss.htim7     0x20001068       0x4c ./Core/Src/stm32h5xx_hal_timebase_tim.o
                0x20001068                htim7
 .bss.__sbrk_heap_end
                0x200010b4        0x4 ./Core/Src/sysmem.o
 .bss.uwTick    0x200010b8        0x4 ./Drivers/STM32H5xx_HAL_Driver/Src/stm32h5xx_hal.o
                0x200010b8                uwTick
 .bss.KernelState
                0x200010bc        0x4 ./Middlewares/Third_Party/FreeRTOS/Source/CMSIS_RTOS_V2/cmsis_os2.o
 .bss.xQueueRegistry
                0x200010c0       0x40 ./Middlewares/Third_Party/FreeRTOS/Source/queue.o
                0x200010c0                xQueueRegistry
 .bss.pxCurrentTCB
                0x20001100        0x4 ./Middlewares/Third_Party/FreeRTOS/Source/tasks.o
                0x20001100                pxCurrentTCB
 .bss.pxReadyTasksLists
                0x20001104      0x460 ./Middlewares/Third_Party/FreeRTOS/Source/tasks.o
 .bss.xDelayedTaskList1
                0x20001564       0x14 ./Middlewares/Third_Party/FreeRTOS/Source/tasks.o
 .bss.xDelayedTaskList2
                0x20001578       0x14 ./Middlewares/Third_Party/FreeRTOS/Source/tasks.o
 .bss.pxDelayedTaskList
                0x2000158c        0x4 ./Middlewares/Third_Party/FreeRTOS/Source/tasks.o
 .bss.pxOverflowDelayedTaskList
                0x20001590        0x4 ./Middlewares/Third_Party/FreeRTOS/Source/tasks.o
 .bss.xPendingReadyList
                0x20001594       0x14 ./Middlewares/Third_Party/FreeRTOS/Source/tasks.o
 .bss.xTasksWaitingTermination
                0x200015a8       0x14 ./Middlewares/Third_Party/FreeRTOS/Source/tasks.o
 .bss.uxDeletedTasksWaitingCleanUp
                0x200015bc        0x4 ./Middlewares/Third_Party/FreeRTOS/Source/tasks.o
 .bss.xSuspendedTaskList
                0x200015c0       0x14 ./Middlewares/Third_Party/FreeRTOS/Source/tasks.o
 .bss.uxCurrentNumberOfTasks
                0x200015d4        0x4 ./Middlewares/Third_Party/FreeRTOS/Source/tasks.o
 .bss.xTickCount
                0x200015d8        0x4 ./Middlewares/Third_Party/FreeRTOS/Source/tasks.o
 .bss.uxTopReadyPriority
                0x200015dc        0x4 ./Middlewares/Third_Party/FreeRTOS/Source/tasks.o
 .bss.xSchedulerRunning
                0x200015e0        0x4 ./Middlewares/Third_Party/FreeRTOS/Source/tasks.o
 .bss.xPendedTicks
                0x200015e4        0x4 ./Middlewares/Third_Party/FreeRTOS/Source/tasks.o
 .bss.xYieldPendings
                0x200015e8        0x4 ./Middlewares/Third_Party/FreeRTOS/Source/tasks.o
 .bss.xNumOfOverflows
                0x200015ec        0x4 ./Middlewares/Third_Party/FreeRTOS/Source/tasks.o
 .bss.uxTaskNumber
                0x200015f0        0x4 ./Middlewares/Third_Party/FreeRTOS/Source/tasks.o
 .bss.xNextTaskUnblockTime
                0x200015f4        0x4 ./Middlewares/Third_Party/FreeRTOS/Source/tasks.o
 .bss.xIdleTaskHandles
                0x200015f8        0x4 ./Middlewares/Third_Party/FreeRTOS/Source/tasks.o
 .bss.uxSchedulerSuspended
                0x200015fc        0x4 ./Middlewares/Third_Party/FreeRTOS/Source/tasks.o
 .bss.xIdleTaskTCB.3
                0x20001600       0x5c ./Middlewares/Third_Party/FreeRTOS/Source/tasks.o
 .bss.uxIdleTaskStack.2
                0x2000165c      0x200 ./Middlewares/Third_Party/FreeRTOS/Source/tasks.o
 .bss.xTimerTaskTCB.1
                0x2000185c       0x5c ./Middlewares/Third_Party/FreeRTOS/Source/tasks.o
 .bss.uxTimerTaskStack.0
                0x200018b8      0x200 ./Middlewares/Third_Party/FreeRTOS/Source/tasks.o
 .bss.xActiveTimerList1
                0x20001ab8       0x14 ./Middlewares/Third_Party/FreeRTOS/Source/timers.o
 .bss.xActiveTimerList2
                0x20001acc       0x14 ./Middlewares/Third_Party/FreeRTOS/Source/timers.o
 .bss.pxCurrentTimerList