Archive member included to satisfy reference by file (symbol)

C:/ST/STM32CubeIDE_1.16.0/STM32CubeIDE/plugins/com.st.stm32cube.ide.mcu.externaltools.gnu-tools-for-stm32.13.3.rel1.win32_1.0.100.202509120712/tools/bin/../lib/gcc/arm-none-eabi/13.3.1/../../../../arm-none-eabi/lib/thumb/v8-m.main+fp/hard\libc_nano.a(libc_a-exit.o)
                              C:/ST/STM32CubeIDE_1.16.0/STM32CubeIDE/plugins/com.st.stm32cube.ide.mcu.externaltools.gnu-tools-for-stm32.13.3.rel1.win32_1.0.100.202509120712/tools/bin/../lib/gcc/arm-none-eabi/13.3.1/../../../../arm-none-eabi/lib/thumb/v8-m.main+fp/hard/crt0.o (exit)
C:/ST/STM32CubeIDE_1.16.0/STM32CubeIDE/plugins/com.st.stm32cube.ide.mcu.externaltools.gnu-tools-for-stm32.13.3.rel1.win32_1.0.100.202509120712/tools/bin/../lib/gcc/arm-none-eabi/13.3.1/../../../../arm-none-eabi/lib/thumb/v8-m.main+fp/hard\libc_nano.a(libc_a-malloc.o)
                              ./Drivers/LTC6813/Src/ltc6813.o (malloc)
C:/ST/STM32CubeIDE_1.16.0/STM32CubeIDE/plugins/com.st.stm32cube.ide.mcu.externaltools.gnu-tools-for-stm32.13.3.rel1.win32_1.0.100.202509120712/tools/bin/../lib/gcc/arm-none-eabi/13.3.1/../../../../arm-none-eabi/lib/thumb/v8-m.main+fp/hard\libc_nano.a(libc_a-mallocr.o)
                              C:/ST/STM32CubeIDE_1.16.0/STM32CubeIDE/plugins/com.st.stm32cube.ide.mcu.externaltools.gnu-tools-for-stm32.13.3.rel1.win32_1.0.100.202509120712/tools/bin/../lib/gcc/arm-none-eabi/13.3.1/../../../../arm-none-eabi/lib/thumb/v8-m.main+fp/hard\libc_nano.a(libc_a-malloc.o) (_malloc_r)
C:/ST/STM32CubeIDE_1.16.0/STM32CubeIDE/plugins/com.st.stm32cube.ide.mcu.externaltools.gnu-tools-for-stm32.13.3.rel1.win32_1.0.100.202509120712/tools/bin/../lib/gcc/arm-none-eabi/13.3.1/../../../../arm-none-eabi/lib/thumb/v8-m.main+fp/hard\libc_nano.a(libc_a-mlock.o)
                              C:/ST/STM32CubeIDE_1.16.0/STM32CubeIDE/plugins/com.st.stm32cube.ide.mcu.externaltools.gnu-tools-for-stm32.13.3.rel1.win32_1.0.100.202509120712/tools/bin/../lib/gcc/arm-none-eabi/13.3.1/../../../../arm-none-eabi/lib/thumb/v8-m.main+fp/hard\libc_nano.a(libc_a-mallocr.o) (__malloc_lock)
C:/ST/STM32CubeIDE_1.16.0/STM32CubeIDE/plugins/com.st.stm32cube.ide.mcu.externaltools.gnu-tools-for-stm32.13.3.rel1.win32_1.0.100.202509120712/tools/bin/../lib/gcc/arm-none-eabi/13.3.1/../../../../arm-none-eabi/lib/thumb/v8-m.main+fp/hard\libc_nano.a(libc_a-findfp.o)
                              C:/ST/STM32CubeIDE_1.16.0/STM32CubeIDE/plugins/com.st.stm32cube.ide.mcu.externaltools.gnu-tools-for-stm32.13.3.rel1.win32_1.0.100.202509120712/tools/bin/../lib/gcc/arm-none-eabi/13.3.1/../../../../arm-none-eabi/lib/thumb/v8-m.main+fp/hard\libc_nano.a(libc_a-exit.o) (__stdio_exit_handler)
C:/ST/STM32CubeIDE_1.16.0/STM32CubeIDE/plugins/com.st.stm32cube.ide.mcu.externaltools.gnu-tools-for-stm32.13.3.rel1.win32_1.0.100.202509120712/tools/bin/../lib/gcc/arm-none-eabi/13.3.1/../../../../arm-none-eabi/lib/thumb/v8-m.main+fp/hard\libc_nano.a(libc_a-fwalk.o)
                              C:/ST/STM32CubeIDE_1.16.0/STM32CubeIDE/plugins/com.st.stm32cube.ide.mcu.externaltools.gnu-tools-for-stm32.13.3.rel1.win32_1.0.100.202509120712/tools/bin/../lib/gcc/arm-none-eabi/13.3.1/../../../../arm-none-eabi/lib/thumb/v8-m.main+fp/hard\libc_nano.a(libc_a-findfp.o) (_fwalk_sglue)
C:/ST/STM32CubeIDE_1.16.0/STM32CubeIDE/plugins/com.st.stm32cube.ide.mcu.externaltools.gnu-tools-for-stm32.13.3.rel1.win32_1.0.100.202509120712/tools/bin/../lib/gcc/arm-none-eabi/13.3.1/../../../../arm-none-eabi/lib/thumb/v8-m.main+fp/hard\libc_nano.a(libc_a-snprintf.o)
                              ./Drivers/LTC6813/Src/ltc6813.o (snprintf)
C:/ST/STM32CubeIDE_1.16.0/STM32CubeIDE/plugins/com.st.stm32cube.ide.mcu.externaltools.gnu-tools-for-stm32.13.3.rel1.win32_1.0.100.202509120712/tools/bin/../lib/gcc/arm-none-eabi/13.3.1/../../../../arm-none-eabi/lib/thumb/v8-m.main+fp/hard\libc_nano.a(libc_a-sprintf.o)
                              ./Drivers/LTC6813/Src/ltc6813.o (sprintf)
C:/ST/STM32CubeIDE_1.16.0/STM32CubeIDE/plugins/com.st.stm32cube.ide.mcu.externaltools.gnu-tools-for-stm32.13.3.rel1.win32_1.0.100.202509120712/tools/bin/../lib/gcc/arm-none-eabi/13.3.1/../../../../arm-none-eabi/lib/thumb/v8-m.main+fp/hard\libc_nano.a(libc_a-stdio.o)
                              C:/ST/STM32CubeIDE_1.16.0/STM32CubeIDE/plugins/com.st.stm32cube.ide.mcu.externaltools.gnu-tools-for-stm32.13.3.rel1.win32_1.0.100.202509120712/tools/bin/../lib/gcc/arm-none-eabi/13.3.1/../../../../arm-none-eabi/lib/thumb/v8-m.main+fp/hard\libc_nano.a(libc_a-findfp.o) (__sread)
C:/ST/STM32CubeIDE_1.16.0/STM32CubeIDE/plugins/com.st.stm32cube.ide.mcu.externaltools.gnu-tools-for-stm32.13.3.rel1.win32_1.0.100.202509120712/tools/bin/../lib/gcc/arm-none-eabi/13.3.1/../../../../arm-none-eabi/lib/thumb/v8-m.main+fp/hard\libc_nano.a(libc_a-memset.o)
[...]
Memory Configuration

Name             Origin             Length             Attributes
RAM              0x20000000         0x000a0000         xrw
FLASH            0x08000000         0x00200000         xr
*default*        0x00000000         0xffffffff

Linker script and memory map

LOAD C:/ST/STM32CubeIDE_1.16.0/STM32CubeIDE/plugins/com.st.stm32cube.ide.mcu.externaltools.gnu-tools-for-stm32.13.3.rel1.win32_1.0.100.202509120712/tools/bin/../lib/gcc/arm-none-eabi/13.3.1/thumb/v8-m.main+fp/hard/crti.o
LOAD C:/ST/STM32CubeIDE_1.16.0/STM32CubeIDE/plugins/com.st.stm32cube.ide.mcu.externaltools.gnu-tools-for-stm32.13.3.rel1.win32_1.0.100.202509120712/tools/bin/../lib/gcc/arm-none-eabi/13.3.1/thumb/v8-m.main+fp/hard/crtbegin.o
LOAD C:/ST/STM32CubeIDE_1.16.0/STM32CubeIDE/plugins/com.st.stm32cube.ide.mcu.externaltools.gnu-tools-for-stm32.13.3.rel1.win32_1.0.100.202509120712/tools/bin/../lib/gcc/arm-none-eabi/13.3.1/../../../../arm-none-eabi/lib/thumb/v8-m.main+fp/hard/crt0.o
LOAD ./Core/Src/app_freertos.o
LOAD ./Core/Src/bms_functions.o
LOAD ./Core/Src/main.o
LOAD ./Core/Src/stm32h5xx_hal_msp.o
LOAD ./Core/Src/stm32h5xx_hal_timebase_tim.o
LOAD ./Core/Src/stm32h5xx_it.o
LOAD ./Core/Src/syscalls.o
LOAD ./Core/Src/sysmem.o
LOAD ./Core/Src/system_stm32h5xx.o
LOAD ./Core/Startup/startup_stm32h563ritx.o
LOAD ./Drivers/Elcon/elcon.o
LOAD ./Drivers/LTC6813/Src/ltc6813.o
LOAD ./Drivers/STM32H5xx_HAL_Driver/Src/stm32h5xx_hal.o
LOAD ./Drivers/STM32H5xx_HAL_Driver/Src/stm32h5xx_hal_cortex.o
LOAD ./Drivers/STM32H5xx_HAL_Driver/Src/stm32h5xx_hal_dma.o
LOAD ./Drivers/STM32H5xx_HAL_Driver/Src/stm32h5xx_hal_dma_ex.o
LOAD ./Drivers/STM32H5xx_HAL_Driver/Src/stm32h5xx_hal_exti.o
LOAD ./Drivers/STM32H5xx_HAL_Driver/Src/stm32h5xx_hal_fdcan.o
LOAD ./Drivers/STM32H5xx_HAL_Driver/Src/stm32h5xx_hal_flash.o
LOAD ./Drivers/STM32H5xx_HAL_Driver/Src/stm32h5xx_hal_flash_ex.o
LOAD ./Drivers/STM32H5xx_HAL_Driver/Src/stm32h5xx_hal_gpio.o
LOAD ./Drivers/STM32H5xx_HAL_Driver/Src/stm32h5xx_hal_icache.o
LOAD ./Drivers/STM32H5xx_HAL_Driver/Src/stm32h5xx_hal_pwr.o
LOAD ./Drivers/STM32H5xx_HAL_Driver/Src/stm32h5xx_hal_pwr_ex.o
LOAD ./Drivers/STM32H5xx_HAL_Driver/Src/stm32h5xx_hal_rcc.o
LOAD ./Drivers/STM32H5xx_HAL_Driver/Src/stm32h5xx_hal_rcc_ex.o
LOAD ./Drivers/STM32H5xx_HAL_Driver/Src/stm32h5xx_hal_spi.o
LOAD ./Drivers/STM32H5xx_HAL_Driver/Src/stm32h5xx_hal_spi_ex.o
LOAD ./Drivers/STM32H5xx_HAL_Driver/Src/stm32h5xx_hal_tim.o
LOAD ./Drivers/STM32H5xx_HAL_Driver/Src/stm32h5xx_hal_tim_ex.o
LOAD ./Drivers/STM32H5xx_HAL_Driver/Src/stm32h5xx_hal_uart.o
LOAD ./Drivers/STM32H5xx_HAL_Driver/Src/stm32h5xx_hal_uart_ex.o
LOAD ./Middlewares/Third_Party/FreeRTOS/Source/CMSIS_RTOS_V2/cmsis_os2.o
LOAD ./Middlewares/Third_Party/FreeRTOS/Source/croutine.o
LOAD ./Middlewares/Third_Party/FreeRTOS/Source/event_groups.o
LOAD ./Middlewares/Third_Party/FreeRTOS/Source/list.o
LOAD ./Middlewares/Third_Party/FreeRTOS/Source/queue.o
LOAD ./Middlewares/Third_Party/FreeRTOS/Source/stream_buffer.o
LOAD ./Middlewares/Third_Party/FreeRTOS/Source/tasks.o
LOAD ./Middlewares/Third_Party/FreeRTOS/Source/timers.o
LOAD ./Middlewares/Third_Party/FreeRTOS/Source/portable/GCC/ARM_CM33_NTZ/non_secure/port.o
LOAD ./Middlewares/Third_Party/FreeRTOS/Source/portable/GCC/ARM_CM33_NTZ/non_secure/portasm.o
LOAD ./Middlewares/Third_Party/FreeRTOS/Source/portable/MemMang/heap_1.o
START GROUP
LOAD C:/ST/STM32CubeIDE_1.16.0/STM32CubeIDE/plugins/com.st.stm32cube.ide.mcu.externaltools.gnu-tools-for-stm32.13.3.rel1.win32_1.0.100.202509120712/tools/bin/../lib/gcc/arm-none-eabi/13.3.1/../../../../arm-none-eabi/lib/thumb/v8-m.main+fp/hard\libc_nano.a
LOAD C:/ST/STM32CubeIDE_1.16.0/STM32CubeIDE/plugins/com.st.stm32cube.ide.mcu.externaltools.gnu-tools-for-stm32.13.3.rel1.win32_1.0.100.202509120712/tools/bin/../lib/gcc/arm-none-eabi/13.3.1/../../../../arm-none-eabi/lib/thumb/v8-m.main+fp/hard\libm.a
END GROUP
START GROUP
LOAD C:/ST/STM32CubeIDE_1.16.0/STM32CubeIDE/plugins/com.st.stm32cube.ide.mcu.externaltools.gnu-tools-for-stm32.13.3.rel1.win32_1.0.100.202509120712/tools/bin/../lib/gcc/arm-none-eabi/13.3.1/thumb/v8-m.main+fp/hard\libgcc.a
LOAD C:/ST/STM32CubeIDE_1.16.0/STM32CubeIDE/plugins/com.st.stm32cube.ide.mcu.externaltools.gnu-tools-for-stm32.13.3.rel1.win32_1.0.100.202509120712/tools/bin/../lib/gcc/arm-none-eabi/13.3.1/../../../../arm-none-eabi/lib/thumb/v8-m.main+fp/hard\libc_nano.a
END GROUP
START GROUP
LOAD C:/ST/STM32CubeIDE_1.16.0/STM32CubeIDE/plugins/com.st.stm32cube.ide.mcu.externaltools.gnu-tools-for-stm32.13.3.rel1.win32_1.0.100.202509120712/tools/bin/../lib/gcc/arm-none-eabi/13.3.1/thumb/v8-m.main+fp/hard\libgcc.a
LOAD C:/ST/STM32CubeIDE_1.16.0/STM32CubeIDE/plugins/com.st.stm32cube.ide.mcu.externaltools.gnu-tools-for-stm32.13.3.rel1.win32_1.0.100.202509120712/tools/bin/../lib/gcc/arm-none-eabi/13.3.1/../../../../arm-none-eabi/lib/thumb/v8-m.main+fp/hard\libc_nano.a
LOAD C:/ST/STM32CubeIDE_1.16.0/STM32CubeIDE/plugins/com.st.stm32cube.ide.mcu.externaltools.gnu-tools-for-stm32.13.3.rel1.win32_1.0.100.202509120712/tools/bin/../lib/gcc/arm-none-eabi/13.3.1/../../../../arm-none-eabi/lib/thumb/v8-m.main+fp/hard\libnosys.a
END GROUP
START GROUP
LOAD C:/ST/STM32CubeIDE_1.16.0/STM32CubeIDE/plugins/com.st.stm32cube.ide.mcu.externaltools.gnu-tools-for-stm32.13.3.rel1.win32_1.0.100.202509120712/tools/bin/../lib/gcc/arm-none-eabi/13.3.1/thumb/v8-m.main+fp/hard\libgcc.a
LOAD C:/ST/STM32CubeIDE_1.16.0/STM32CubeIDE/plugins/com.st.stm32cube.ide.mcu.externaltools.gnu-tools-for-stm32.13.3.rel1.win32_1.0.100.202509120712/tools/bin/../lib/gcc/arm-none-eabi/13.3.1/../../../../arm-none-eabi/lib/thumb/v8-m.main+fp/hard\libc_nano.a
LOAD C:/ST/STM32CubeIDE_1.16.0/STM32CubeIDE/plugins/com.st.stm32cube.ide.mcu.externaltools.gnu-tools-for-stm32.13.3.rel1.win32_1.0.100.202509120712/tools/bin/../lib/gcc/arm-none-eabi/13.3.1/../../../../arm-none-eabi/lib/thumb/v8-m.main+fp/hard\libnosys.a
END GROUP
LOAD C:/ST/STM32CubeIDE_1.16.0/STM32CubeIDE/plugins/com.st.stm32cube.ide.mcu.externaltools.gnu-tools-for-stm32.13.3.rel1.win32_1.0.100.202509120712/tools/bin/../lib/gcc/arm-none-eabi/13.3.1/thumb/v8-m.main+fp/hard/crtend.o
LOAD C:/ST/STM32CubeIDE_1.16.0/STM32CubeIDE/plugins/com.st.stm32cube.ide.mcu.externaltools.gnu-tools-for-stm32.13.3.rel1.win32_1.0.100.202509120712/tools/bin/../lib/gcc/arm-none-eabi/13.3.1/thumb/v8-m.main+fp/hard/crtn.o
                0x200a0000                        _estack = (ORIGIN (RAM) + LENGTH (RAM))
                0x2009fc00                        _sstack = (_estack - _Min_Stack_Size)
                0x00000200                        _Min_Heap_Size = 0x200
                0x00000400                        _Min_Stack_Size = 0x400

.isr_vector     0x08000000      0x24c
                0x08000000                        . = ALIGN (0x4)
 *(.isr_vector)
 .isr_vector    0x08000000      0x24c ./Core/Startup/startup_stm32h563ritx.o
                0x08000000                g_pfnVectors
                0x0800024c                        . = ALIGN (0x4)

.text           0x0800024c    0x12b4c
                0x0800024c                        . = ALIGN (0x4)
 *(.text)
 .text          0x0800024c       0x40 C:/ST/STM32CubeIDE_1.16.0/STM32CubeIDE/plugins/com.st.stm32cube.ide.mcu.externaltools.gnu-tools-for-stm32.13.3.rel1.win32_1.0.100.202509120712/tools/bin/../lib/gcc/arm-none-eabi/13.3.1/thumb/v8-m.main+fp/hard/crtbegin.o
 .text          0x0800028c       0x10 C:/ST/STM32CubeIDE_1.16.0/STM32CubeIDE/plugins/com.st.stm32cube.ide.mcu.externaltools.gnu-tools-for-stm32.13.3.rel1.win32_1.0.100.202509120712/tools/bin/../lib/gcc/arm-none-eabi/13.3.1/../../../../arm-none-eabi/lib/thumb/v8-m.main+fp/hard\libc_nano.a(libc_a-strlen.o)
                0x0800028c                strlen
 .text          0x0800029c       0x30 C:/ST/STM32CubeIDE_1.16.0/STM32CubeIDE/plugins/com.st.stm32cube.ide.mcu.externaltools.gnu-tools-for-stm32.13.3.rel1.win32_1.0.100.202509120712/tools/bin/../lib/gcc/arm-none-eabi/13.3.1/thumb/v8-m.main+fp/hard\libgcc.a(_aeabi_uldivmod.o)
                0x0800029c                __aeabi_uldivmod
 .text          0x080002cc      0x348 C:/ST/STM32CubeIDE_1.16.0/STM32CubeIDE/plugins/com.st.stm32cube.ide.mcu.externaltools.gnu-tools-for-stm32.13.3.rel1.win32_1.0.100.202509120712/tools/bin/../lib/gcc/arm-none-eabi/13.3.1/thumb/v8-m.main+fp/hard\libgcc.a(_udivmoddi4.o)
                0x080002cc                __udivmoddi4
 .text          0x08000614        0x4 C:/ST/STM32CubeIDE_1.16.0/STM32CubeIDE/plugins/com.st.stm32cube.ide.mcu.externaltools.gnu-tools-for-stm32.13.3.rel1.win32_1.0.100.202509120712/tools/bin/../lib/gcc/arm-none-eabi/13.3.1/thumb/v8-m.main+fp/hard\libgcc.a(_dvmd_tls.o)
                0x08000614                __aeabi_idiv0
                0x08000614                __aeabi_ldiv0
 *(.text*)
 .text.FAULT_LOW
                0x08000618       0x2c ./Core/Src/app_freertos.o
 .text.MX_FREERTOS_Init
                0x08000644       0xc0 ./Core/Src/app_freertos.o
                0x08000644                MX_FREERTOS_Init
 .text.SerialTask
                0x08000704       0x54 ./Core/Src/app_freertos.o
                0x08000704                SerialTask
 .text.MeasurementTask
                0x08000758       0x94 ./Core/Src/app_freertos.o
                0x08000758                MeasurementTask
 .text.SafetyTask
                0x080007ec       0xac ./Core/Src/app_freertos.o
                0x080007ec                SafetyTask
 .text.CANTask  0x08000898       0x1e ./Core/Src/app_freertos.o
                0x08000898                CANTask
 *fill*         0x080008b6        0x2 
 .text.BalancingTask
                0x080008b8       0x60 ./Core/Src/app_freertos.o
                0x080008b8                BalancingTask
 .text.read_cell_voltages
                0x08000918       0x4e ./Core/Src/bms_functions.o
                0x08000918                read_cell_voltages
 *fill*         0x08000966        0x2 
 .text.print_cell_voltages
                0x08000968       0xd8 ./Core/Src/bms_functions.o
                0x08000968                print_cell_voltages
 .text.check_uv_ov_fault
                0x08000a40       0xae ./Core/Src/bms_functions.o
                0x08000a40                check_uv_ov_fault
 .text.check_ut_ot_fault
                0x08000aee       0xaa ./Core/Src/bms_functions.o
                0x08000aee                check_ut_ot_fault
 .text.FDCAN1_Init
                0x08000b98       0xa4 ./Core/Src/bms_functions.o
                0x08000b98                FDCAN1_Init
 .text.FDCAN2_Init
                0x08000c3c       0xb4 ./Core/Src/bms_functions.o
                0x08000c3c                FDCAN2_Init
 .text.balance_cells
                0x08000cf0      0x1b4 ./Core/Src/bms_functions.o
                0x08000cf0                balance_cells
 .text.select_temp
                0x08000ea4      0x276 ./Core/Src/bms_functions.o
                0x08000ea4                select_temp
 .text.read_temps_25
                0x0800111a       0x9e ./Core/Src/bms_functions.o
                0x0800111a                read_temps_25
 .text.print_temps_25
                0x080011b8       0x80 ./Core/Src/bms_functions.o
                0x080011b8                print_temps_25
 .text.FAULT_HIGH
                0x08001238       0x2c ./Core/Src/main.o
 .text.main     0x08001264       0x98 ./Core/Src/main.o
                0x08001264                main
 .text.SystemClock_Config
                0x080012fc       0xe4 ./Core/Src/main.o
                0x080012fc                SystemClock_Config
 .text.PeriphCommonClock_Config
                0x080013e0       0xe2 ./Core/Src/main.o
                0x080013e0                PeriphCommonClock_Config
 *fill*         0x080014c2        0x2 
 .text.MX_FDCAN1_Init
                0x080014c4       0x8c ./Core/Src/main.o
 .text.MX_FDCAN2_Init
                0x08001550       0x8c ./Core/Src/main.o
 .text.MX_GPDMA1_Init
                0x080015dc       0x50 ./Core/Src/main.o
 .text.MX_ICACHE_Init
                0x0800162c       0x26 ./Core/Src/main.o
 *fill*         0x08001652        0x2 
 .text.MX_SPI1_Init
                0x08001654       0xb0 ./Core/Src/main.o
 .text.MX_SPI2_Init
                0x08001704       0xac ./Core/Src/main.o
 .text.MX_SPI3_Init
                0x080017b0       0xac ./Core/Src/main.o
 .text.MX_TIM2_Init
                0x0800185c       0x9c ./Core/Src/main.o
 .text.MX_TIM6_Init
                0x080018f8       0x6c ./Core/Src/main.o
 .text.MX_USART1_UART_Init
                0x08001964       0x98 ./Core/Src/main.o
 .text.MX_GPIO_Init
                0x080019fc      0x11c ./Core/Src/main.o
 .text.HAL_FDCAN_RxFifo1Callback
                0x08001b18       0xb4 ./Core/Src/main.o
                0x08001b18                HAL_FDCAN_RxFifo1Callback
 .text.MPU_Config
                0x08001bcc       0x6c ./Core/Src/main.o
 .text.HAL_TIM_PeriodElapsedCallback
                0x08001c38       0x24 ./Core/Src/main.o
                0x08001c38                HAL_TIM_PeriodElapsedCallback
 .text.Error_Handler
                0x08001c5c        0xc ./Core/Src/main.o
                0x08001c5c                Error_Handler
 .text.HAL_MspInit
                0x08001c68       0x14 ./Core/Src/stm32h5xx_hal_msp.o
                0x08001c68                HAL_MspInit
 .text.HAL_FDCAN_MspInit
                0x08001c7c      0x23c ./Core/Src/stm32h5xx_hal_msp.o
                0x08001c7c                HAL_FDCAN_MspInit
 .text.HAL_SPI_MspInit
                0x08001eb8      0x390 ./Core/Src/stm32h5xx_hal_msp.o
                0x08001eb8                HAL_SPI_MspInit
 .text.HAL_TIM_Base_MspInit
                0x08002248       0x70 ./Core/Src/stm32h5xx_hal_msp.o
                0x08002248                HAL_TIM_Base_MspInit
 .text.HAL_UART_MspInit
                0x080022b8      0x1b8 ./Core/Src/stm32h5xx_hal_msp.o
                0x080022b8                HAL_UART_MspInit
 .text.HAL_InitTick
                0x08002470       0xec ./Core/Src/stm32h5xx_hal_timebase_tim.o
                0x08002470                HAL_InitTick
 .text.NMI_Handler
                0x0800255c        0x8 ./Core/Src/stm32h5xx_it.o
                0x0800255c                NMI_Handler
 .text.HardFault_Handler
                0x08002564        0x8 ./Core/Src/stm32h5xx_it.o
                0x08002564                HardFault_Handler
 .text.MemManage_Handler
                0x0800256c        0x8 ./Core/Src/stm32h5xx_it.o
                0x0800256c                MemManage_Handler
 .text.BusFault_Handler
                0x08002574        0x8 ./Core/Src/stm32h5xx_it.o
                0x08002574                BusFault_Handler
 .text.UsageFault_Handler
                0x0800257c        0x8 ./Core/Src/stm32h5xx_it.o
                0x0800257c                UsageFault_Handler
 .text.DebugMon_Handler
                0x08002584        0xe ./Core/Src/stm32h5xx_it.o
                0x08002584                DebugMon_Handler
 *fill*         0x08002592        0x2 
 .text.GPDMA1_Channel0_IRQHandler
                0x08002594       0x14 ./Core/Src/stm32h5xx_it.o
                0x08002594                GPDMA1_Channel0_IRQHandler
 .text.GPDMA1_Channel2_IRQHandler
                0x080025a8       0x14 ./Core/Src/stm32h5xx_it.o
                0x080025a8                GPDMA1_Channel2_IRQHandler
 .text.FDCAN1_IT0_IRQHandler
                0x080025bc       0x14 ./Core/Src/stm32h5xx_it.o
                0x080025bc                FDCAN1_IT0_IRQHandler
 .text.TIM7_IRQHandler
                0x080025d0       0x14 ./Core/Src/stm32h5xx_it.o
                0x080025d0                TIM7_IRQHandler
 .text.SPI1_IRQHandler
                0x080025e4       0x14 ./Core/Src/stm32h5xx_it.o
                0x080025e4                SPI1_IRQHandler
 .text.FDCAN2_IT0_IRQHandler
                0x080025f8       0x14 ./Core/Src/stm32h5xx_it.o
                0x080025f8                FDCAN2_IT0_IRQHandler
 .text._sbrk    0x0800260c       0x6c ./Core/Src/sysmem.o
                0x0800260c                _sbrk
 .text.SystemInit
                0x08002678      0x100 ./Core/Src/system_stm32h5xx.o
                0x08002678                SystemInit
 .text.Reset_Handler
                0x08002778       0x5c ./Core/Startup/startup_stm32h563ritx.o
                0x08002778                Reset_Handler
 .text.Default_Handler
                0x080027d4        0x2 ./Core/Startup/startup_stm32h563ritx.o
                0x080027d4                EXTI2_IRQHandler
                0x080027d4                TIM8_TRG_COM_IRQHandler
                0x080027d4                TIM8_CC_IRQHandler
                0x080027d4                EXTI5_IRQHandler
                0x080027d4                I3C1_ER_IRQHandler
                0x080027d4                UART8_IRQHandler
                0x080027d4                SPI4_IRQHandler
                0x080027d4                GPDMA2_Channel1_IRQHandler
                0x080027d4                FLASH_S_IRQHandler
                0x080027d4                EXTI13_IRQHandler
                0x080027d4                TIM1_CC_IRQHandler
                0x080027d4                GPDMA2_Channel3_IRQHandler
                0x080027d4                TAMP_IRQHandler
                0x080027d4                TIM6_IRQHandler
                0x080027d4                EXTI12_IRQHandler
                0x080027d4                CORDIC_IRQHandler
                0x080027d4                USB_DRD_FS_IRQHandler
                0x080027d4                EXTI3_IRQHandler
                0x080027d4                LPTIM4_IRQHandler
                0x080027d4                GPDMA1_Channel5_IRQHandler
                0x080027d4                EXTI8_IRQHandler
                0x080027d4                GPDMA2_Channel5_IRQHandler
                0x080027d4                LPTIM2_IRQHandler
                0x080027d4                I2C3_ER_IRQHandler
                0x080027d4                GPDMA2_Channel2_IRQHandler
                0x080027d4                USART10_IRQHandler
                0x080027d4                LPTIM3_IRQHandler
                0x080027d4                EXTI0_IRQHandler
                0x080027d4                I2C2_EV_IRQHandler
                0x080027d4                FPU_IRQHandler
                0x080027d4                GPDMA1_Channel3_IRQHandler
                0x080027d4                GPDMA1_Channel7_IRQHandler
                0x080027d4                FDCAN1_IT1_IRQHandler
                0x080027d4                RAMCFG_IRQHandler
                0x080027d4                DCACHE1_IRQHandler
                0x080027d4                OCTOSPI1_IRQHandler
                0x080027d4                TIM8_UP_IRQHandler
                0x080027d4                RCC_S_IRQHandler
                0x080027d4                SAI2_IRQHandler
                0x080027d4                ADC1_IRQHandler
                0x080027d4                USART6_IRQHandler
                0x080027d4                EXTI15_IRQHandler
                0x080027d4                TIM17_IRQHandler
                0x080027d4                USART3_IRQHandler
                0x080027d4                RTC_IRQHandler
                0x080027d4                EXTI9_IRQHandler
                0x080027d4                LPTIM5_IRQHandler
                0x080027d4                UART5_IRQHandler
                0x080027d4                TIM4_IRQHandler
                0x080027d4                I2C1_EV_IRQHandler
                0x080027d4                GPDMA1_Channel1_IRQHandler
                0x080027d4                TIM16_IRQHandler
                0x080027d4                UART4_IRQHandler
                0x080027d4                SecureFault_Handler
                0x080027d4                TIM3_IRQHandler
                0x080027d4                RCC_IRQHandler
                0x080027d4                UART9_IRQHandler
                0x080027d4                TIM1_TRG_COM_IRQHandler
                0x080027d4                Default_Handler
                0x080027d4                FMAC_IRQHandler
                0x080027d4                CEC_IRQHandler
                0x080027d4                USART11_IRQHandler
                0x080027d4                TIM14_IRQHandler
                0x080027d4                TIM13_IRQHandler
                0x080027d4                GPDMA2_Channel4_IRQHandler
                0x080027d4                SPI5_IRQHandler
                0x080027d4                TIM12_IRQHandler
                0x080027d4                SDMMC1_IRQHandler
                0x080027d4                TIM5_IRQHandler
                0x080027d4                UCPD1_IRQHandler
                0x080027d4                I3C1_EV_IRQHandler
                0x080027d4                TIM15_IRQHandler
                0x080027d4                PVD_AVD_IRQHandler
                0x080027d4                I2C3_EV_IRQHandler
                0x080027d4                ETH_WKUP_IRQHandler
                0x080027d4                ADC2_IRQHandler
                0x080027d4                SPI2_IRQHandler
                0x080027d4                EXTI14_IRQHandler
                0x080027d4                EXTI11_IRQHandler
                0x080027d4                CRS_IRQHandler
                0x080027d4                EXTI4_IRQHandler
                0x080027d4                GPDMA2_Channel0_IRQHandler
                0x080027d4                RTC_S_IRQHandler
                0x080027d4                RNG_IRQHandler
                0x080027d4                FDCAN2_IT1_IRQHandler
                0x080027d4                ETH_IRQHandler
                0x080027d4                GPDMA2_Channel6_IRQHandler
                0x080027d4                TIM1_UP_IRQHandler
                0x080027d4                UART12_IRQHandler
                0x080027d4                WWDG_IRQHandler
                0x080027d4                SPI6_IRQHandler
                0x080027d4                I2C4_EV_IRQHandler
                0x080027d4                IWDG_IRQHandler
                0x080027d4                LPUART1_IRQHandler
                0x080027d4                TIM2_IRQHandler
                0x080027d4                GPDMA1_Channel4_IRQHandler
                0x080027d4                EXTI7_IRQHandler
                0x080027d4                TIM1_BRK_IRQHandler
                0x080027d4                EXTI1_IRQHandler
                0x080027d4                SDMMC2_IRQHandler
                0x080027d4                LPTIM6_IRQHandler
                0x080027d4                DAC1_IRQHandler
                0x080027d4                DTS_IRQHandler
                0x080027d4                UART7_IRQHandler
                0x080027d4                GTZC_IRQHandler
                0x080027d4                USART2_IRQHandler
                0x080027d4                GPDMA1_Channel6_IRQHandler
                0x080027d4                GPDMA2_Channel7_IRQHandler
                0x080027d4                I2C2_ER_IRQHandler
                0x080027d4                TIM8_BRK_IRQHandler
                0x080027d4                FLASH_IRQHandler
                0x080027d4                USART1_IRQHandler
                0x080027d4                EXTI10_IRQHandler
                0x080027d4                SPI3_IRQHandler
                0x080027d4                I2C1_ER_IRQHandler
                0x080027d4                FMC_IRQHandler
                0x080027d4                EXTI6_IRQHandler
                0x080027d4                LPTIM1_IRQHandler
                0x080027d4                DCMI_PSSI_IRQHandler
                0x080027d4                I2C4_ER_IRQHandler
                0x080027d4                ICACHE_IRQHandler
                0x080027d4                SAI1_IRQHandler
                0x080027d4                HASH_IRQHandler
 .text.cs_low   0x080027d6       0x20 ./Drivers/LTC6813/Src/ltc6813.o
                0x080027d6                cs_low
 .text.cs_high  0x080027f6       0x20 ./Drivers/LTC6813/Src/ltc6813.o
                0x080027f6                cs_high
 .text.spi_write_array
                0x08002816       0x32 ./Drivers/LTC6813/Src/ltc6813.o
                0x08002816                spi_write_array
 .text.spi_write_read
                0x08002848       0x34 ./Drivers/LTC6813/Src/ltc6813.o
                0x08002848                spi_write_read
 .text.spi_read_byte
                0x0800287c       0x2c ./Drivers/LTC6813/Src/ltc6813.o
                0x0800287c                spi_read_byte
 .text.uart_print
                0x080028a8       0x2c ./Drivers/LTC6813/Src/ltc6813.o
                0x080028a8                uart_print
 .text.uart_print_uint
                0x080028d4       0x2c ./Drivers/LTC6813/Src/ltc6813.o
                0x080028d4                uart_print_uint
 .text.wakeup_idle
                0x08002900       0x4c ./Drivers/LTC6813/Src/ltc6813.o
                0x08002900                wakeup_idle
 .text.cmd_68   0x0800294c       0x64 ./Drivers/LTC6813/Src/ltc6813.o
                0x0800294c                cmd_68
 .text.write_68
                0x080029b0      0x198 ./Drivers/LTC6813/Src/ltc6813.o
                0x080029b0                write_68
 .text.pec15_calc
                0x08002b48       0x68 ./Drivers/LTC6813/Src/ltc6813.o
                0x08002b48                pec15_calc
 .text.LTC6813_init_reg_limits
                0x08002bb0       0x9a ./Drivers/LTC6813/Src/ltc6813.o
                0x08002bb0                LTC6813_init_reg_limits
 .text.LTC6813_wrcfg
                0x08002c4a       0xfe ./Drivers/LTC6813/Src/ltc6813.o
                0x08002c4a                LTC6813_wrcfg
 .text.LTC6813_wrcfgb
                0x08002d48      0x100 ./Drivers/LTC6813/Src/ltc6813.o
                0x08002d48                LTC6813_wrcfgb
 .text.LTC6813_adcv
                0x08002e48       0x56 ./Drivers/LTC6813/Src/ltc6813.o
                0x08002e48                LTC6813_adcv
 .text.LTC6813_adax
                0x08002e9e       0x4a ./Drivers/LTC6813/Src/ltc6813.o
                0x08002e9e                LTC6813_adax
 .text.LTC6813_rdcv
                0x08002ee8      0x128 ./Drivers/LTC6813/Src/ltc6813.o
                0x08002ee8                LTC6813_rdcv
 .text.LTC6813_rdaux
                0x08003010      0x160 ./Drivers/LTC6813/Src/ltc6813.o
                0x08003010                LTC6813_rdaux
 .text.LTC6813_rdcv_reg
                0x08003170      0x140 ./Drivers/LTC6813/Src/ltc6813.o
                0x08003170                LTC6813_rdcv_reg
 .text.LTC6813_rdaux_reg
                0x080032b0       0xbc ./Drivers/LTC6813/Src/ltc6813.o
                0x080032b0                LTC6813_rdaux_reg
 .text.parse_cells
                0x0800336c      0x11c ./Drivers/LTC6813/Src/ltc6813.o
                0x0800336c                parse_cells
 .text.LTC6813_wrcomm
                0x08003488      0x102 ./Drivers/LTC6813/Src/ltc6813.o
                0x08003488                LTC6813_wrcomm
 *fill*         0x0800358a        0x2 
 .text.LTC6813_stcomm
                0x0800358c       0x84 ./Drivers/LTC6813/Src/ltc6813.o
                0x0800358c                LTC6813_stcomm
 .text.LTC6813_check_pec
                0x08003610      0x348 ./Drivers/LTC6813/Src/ltc6813.o
                0x08003610                LTC6813_check_pec
 .text.LTC6813_init_cfg
                0x08003958       0x54 ./Drivers/LTC6813/Src/ltc6813.o
                0x08003958                LTC6813_init_cfg
 .text.LTC6813_init_cfgb
                0x080039ac       0x56 ./Drivers/LTC6813/Src/ltc6813.o
                0x080039ac                LTC6813_init_cfgb
 *fill*         0x08003a02        0x2 
 .text.HAL_Init
                0x08003a04       0x50 ./Drivers/STM32H5xx_HAL_Driver/Src/stm32h5xx_hal.o
                0x08003a04                HAL_Init
 .text.HAL_IncTick
                0x08003a54       0x28 ./Drivers/STM32H5xx_HAL_Driver/Src/stm32h5xx_hal.o
                0x08003a54                HAL_IncTick
 .text.HAL_GetTick
                0x08003a7c       0x18 ./Drivers/STM32H5xx_HAL_Driver/Src/stm32h5xx_hal.o
                0x08003a7c                HAL_GetTick
 .text.HAL_Delay
                0x08003a94       0x48 ./Drivers/STM32H5xx_HAL_Driver/Src/stm32h5xx_hal.o
                0x08003a94                HAL_Delay
 .text.__NVIC_SetPriorityGrouping
                0x08003adc       0x48 ./Drivers/STM32H5xx_HAL_Driver/Src/stm32h5xx_hal_cortex.o
 .text.__NVIC_GetPriorityGrouping
                0x08003b24       0x1c ./Drivers/STM32H5xx_HAL_Driver/Src/stm32h5xx_hal_cortex.o
 .text.__NVIC_EnableIRQ
                0x08003b40       0x3c ./Drivers/STM32H5xx_HAL_Driver/Src/stm32h5xx_hal_cortex.o
 .text.__NVIC_SetPriority
                0x08003b7c       0x54 ./Drivers/STM32H5xx_HAL_Driver/Src/stm32h5xx_hal_cortex.o
 .text.NVIC_EncodePriority
                0x08003bd0       0x66 ./Drivers/STM32H5xx_HAL_Driver/Src/stm32h5xx_hal_cortex.o
 .text.HAL_NVIC_SetPriorityGrouping
                0x08003c36       0x16 ./Drivers/STM32H5xx_HAL_Driver/Src/stm32h5xx_hal_cortex.o
                0x08003c36                HAL_NVIC_SetPriorityGrouping
 .text.HAL_NVIC_SetPriority
                0x08003c4c       0x34 ./Drivers/STM32H5xx_HAL_Driver/Src/stm32h5xx_hal_cortex.o
                0x08003c4c                HAL_NVIC_SetPriority
 .text.HAL_NVIC_EnableIRQ
                0x08003c80       0x1c ./Drivers/STM32H5xx_HAL_Driver/Src/stm32h5xx_hal_cortex.o
                0x08003c80                HAL_NVIC_EnableIRQ
 .text.HAL_SYSTICK_CLKSourceConfig
                0x08003c9c       0xb0 ./Drivers/STM32H5xx_HAL_Driver/Src/stm32h5xx_hal_cortex.o
                0x08003c9c                HAL_SYSTICK_CLKSourceConfig
 .text.HAL_MPU_Enable
                0x08003d4c       0x44 ./Drivers/STM32H5xx_HAL_Driver/Src/stm32h5xx_hal_cortex.o
                0x08003d4c                HAL_MPU_Enable
 .text.HAL_MPU_Disable
                0x08003d90       0x40 ./Drivers/STM32H5xx_HAL_Driver/Src/stm32h5xx_hal_cortex.o
                0x08003d90                HAL_MPU_Disable
 .text.HAL_MPU_ConfigRegion
                0x08003dd0       0x1c ./Drivers/STM32H5xx_HAL_Driver/Src/stm32h5xx_hal_cortex.o
                0x08003dd0                HAL_MPU_ConfigRegion
 .text.HAL_MPU_ConfigMemoryAttributes
                0x08003dec       0x1c ./Drivers/STM32H5xx_HAL_Driver/Src/stm32h5xx_hal_cortex.o
                0x08003dec                HAL_MPU_ConfigMemoryAttributes
 .text.MPU_ConfigRegion
                0x08003e08       0x6e ./Drivers/STM32H5xx_HAL_Driver/Src/stm32h5xx_hal_cortex.o
 .text.MPU_ConfigMemoryAttributes
                0x08003e76       0x6c ./Drivers/STM32H5xx_HAL_Driver/Src/stm32h5xx_hal_cortex.o
 *fill*         0x08003ee2        0x2 
 .text.HAL_DMA_Init
                0x08003ee4      0x284 ./Drivers/STM32H5xx_HAL_Driver/Src/stm32h5xx_hal_dma.o
                0x08003ee4                HAL_DMA_Init
 .text.HAL_DMA_Abort_IT
                0x08004168       0x52 ./Drivers/STM32H5xx_HAL_Driver/Src/stm32h5xx_hal_dma.o
                0x08004168                HAL_DMA_Abort_IT
 .text.HAL_DMA_IRQHandler
                0x080041ba      0x2c2 ./Drivers/STM32H5xx_HAL_Driver/Src/stm32h5xx_hal_dma.o
                0x080041ba                HAL_DMA_IRQHandler
 .text.HAL_DMA_ConfigChannelAttributes
                0x0800447c       0x78 ./Drivers/STM32H5xx_HAL_Driver/Src/stm32h5xx_hal_dma.o
                0x0800447c                HAL_DMA_ConfigChannelAttributes
 .text.DMA_Init
                0x080044f4      0x508 ./Drivers/STM32H5xx_HAL_Driver/Src/stm32h5xx_hal_dma.o
 .text.HAL_FDCAN_Init
                0x080049fc      0x2b4 ./Drivers/STM32H5xx_HAL_Driver/Src/stm32h5xx_hal_fdcan.o
                0x080049fc                HAL_FDCAN_Init
 .text.HAL_FDCAN_ConfigFilter
                0x08004cb0       0xb4 ./Drivers/STM32H5xx_HAL_Driver/Src/stm32h5xx_hal_fdcan.o
                0x08004cb0                HAL_FDCAN_ConfigFilter
 .text.HAL_FDCAN_Start
                0x08004d64       0x50 ./Drivers/STM32H5xx_HAL_Driver/Src/stm32h5xx_hal_fdcan.o
                0x08004d64                HAL_FDCAN_Start
 .text.HAL_FDCAN_GetRxMessage
                0x08004db4      0x210 ./Drivers/STM32H5xx_HAL_Driver/Src/stm32h5xx_hal_fdcan.o
                0x08004db4                HAL_FDCAN_GetRxMessage
 .text.HAL_FDCAN_ActivateNotification
                0x08004fc4      0x1cc ./Drivers/STM32H5xx_HAL_Driver/Src/stm32h5xx_hal_fdcan.o
                0x08004fc4                HAL_FDCAN_ActivateNotification
 .text.HAL_FDCAN_IRQHandler
                0x08005190      0x266 ./Drivers/STM32H5xx_HAL_Driver/Src/stm32h5xx_hal_fdcan.o
                0x08005190                HAL_FDCAN_IRQHandler
 .text.HAL_FDCAN_TxEventFifoCallback
                0x080053f6       0x16 ./Drivers/STM32H5xx_HAL_Driver/Src/stm32h5xx_hal_fdcan.o
                0x080053f6                HAL_FDCAN_TxEventFifoCallback
 .text.HAL_FDCAN_RxFifo0Callback
                0x0800540c       0x16 ./Drivers/STM32H5xx_HAL_Driver/Src/stm32h5xx_hal_fdcan.o
                0x0800540c                HAL_FDCAN_RxFifo0Callback
 .text.HAL_FDCAN_TxFifoEmptyCallback
                0x08005422       0x14 ./Drivers/STM32H5xx_HAL_Driver/Src/stm32h5xx_hal_fdcan.o
                0x08005422                HAL_FDCAN_TxFifoEmptyCallback
 .text.HAL_FDCAN_TxBufferCompleteCallback
                0x08005436       0x16 ./Drivers/STM32H5xx_HAL_Driver/Src/stm32h5xx_hal_fdcan.o
                0x08005436                HAL_FDCAN_TxBufferCompleteCallback
 .text.HAL_FDCAN_TxBufferAbortCallback
                0x0800544c       0x16 ./Drivers/STM32H5xx_HAL_Driver/Src/stm32h5xx_hal_fdcan.o
                0x0800544c                HAL_FDCAN_TxBufferAbortCallback
 .text.HAL_FDCAN_TimestampWraparoundCallback
                0x08005462       0x14 ./Drivers/STM32H5xx_HAL_Driver/Src/stm32h5xx_hal_fdcan.o
                0x08005462                HAL_FDCAN_TimestampWraparoundCallback
 .text.HAL_FDCAN_TimeoutOccurredCallback
                0x08005476       0x14 ./Drivers/STM32H5xx_HAL_Driver/Src/stm32h5xx_hal_fdcan.o
                0x08005476                HAL_FDCAN_TimeoutOccurredCallback
 .text.HAL_FDCAN_HighPriorityMessageCallback
                0x0800548a       0x14 ./Drivers/STM32H5xx_HAL_Driver/Src/stm32h5xx_hal_fdcan.o
                0x0800548a                HAL_FDCAN_HighPriorityMessageCallback
 .text.HAL_FDCAN_ErrorCallback
                0x0800549e       0x14 ./Drivers/STM32H5xx_HAL_Driver/Src/stm32h5xx_hal_fdcan.o
                0x0800549e                HAL_FDCAN_ErrorCallback
 .text.HAL_FDCAN_ErrorStatusCallback
                0x080054b2       0x16 ./Drivers/STM32H5xx_HAL_Driver/Src/stm32h5xx_hal_fdcan.o
                0x080054b2                HAL_FDCAN_ErrorStatusCallback
 .text.FDCAN_CalcultateRamBlockAddresses
                0x080054c8       0xc4 ./Drivers/STM32H5xx_HAL_Driver/Src/stm32h5xx_hal_fdcan.o
 .text.HAL_GPIO_Init
                0x0800558c      0x2bc ./Drivers/STM32H5xx_HAL_Driver/Src/stm32h5xx_hal_gpio.o
                0x0800558c                HAL_GPIO_Init
 .text.HAL_GPIO_WritePin
                0x08005848       0x30 ./Drivers/STM32H5xx_HAL_Driver/Src/stm32h5xx_hal_gpio.o
                0x08005848                HAL_GPIO_WritePin
 .text.HAL_ICACHE_ConfigAssociativityMode
                0x08005878       0x40 ./Drivers/STM32H5xx_HAL_Driver/Src/stm32h5xx_hal_icache.o
                0x08005878                HAL_ICACHE_ConfigAssociativityMode
 .text.HAL_ICACHE_Enable
                0x080058b8       0x20 ./Drivers/STM32H5xx_HAL_Driver/Src/stm32h5xx_hal_icache.o
                0x080058b8                HAL_ICACHE_Enable
 .text.HAL_RCC_OscConfig
                0x080058d8      0x870 ./Drivers/STM32H5xx_HAL_Driver/Src/stm32h5xx_hal_rcc.o
                0x080058d8                HAL_RCC_OscConfig
 .text.HAL_RCC_ClockConfig
                0x08006148      0x370 ./Drivers/STM32H5xx_HAL_Driver/Src/stm32h5xx_hal_rcc.o
                0x08006148                HAL_RCC_ClockConfig
 .text.HAL_RCC_GetSysClockFreq
                0x080064b8      0x258 ./Drivers/STM32H5xx_HAL_Driver/Src/stm32h5xx_hal_rcc.o
                0x080064b8                HAL_RCC_GetSysClockFreq
 .text.HAL_RCC_GetHCLKFreq
                0x08006710       0x38 ./Drivers/STM32H5xx_HAL_Driver/Src/stm32h5xx_hal_rcc.o
                0x08006710                HAL_RCC_GetHCLKFreq
 .text.HAL_RCC_GetPCLK1Freq
                0x08006748       0x2c ./Drivers/STM32H5xx_HAL_Driver/Src/stm32h5xx_hal_rcc.o
                0x08006748                HAL_RCC_GetPCLK1Freq
 .text.HAL_RCC_GetPCLK2Freq
                0x08006774       0x2c ./Drivers/STM32H5xx_HAL_Driver/Src/stm32h5xx_hal_rcc.o
                0x08006774                HAL_RCC_GetPCLK2Freq
 .text.HAL_RCC_GetPCLK3Freq
                0x080067a0       0x2c ./Drivers/STM32H5xx_HAL_Driver/Src/stm32h5xx_hal_rcc.o
                0x080067a0                HAL_RCC_GetPCLK3Freq
 .text.HAL_RCC_GetClockConfig
                0x080067cc       0x70 ./Drivers/STM32H5xx_HAL_Driver/Src/stm32h5xx_hal_rcc.o
                0x080067cc                HAL_RCC_GetClockConfig
 .text.HAL_RCCEx_PeriphCLKConfig
                0x0800683c     0x1f18 ./Drivers/STM32H5xx_HAL_Driver/Src/stm32h5xx_hal_rcc_ex.o
                0x0800683c                HAL_RCCEx_PeriphCLKConfig
 .text.HAL_RCCEx_GetPLL1ClockFreq
                0x08008754      0x2d8 ./Drivers/STM32H5xx_HAL_Driver/Src/stm32h5xx_hal_rcc_ex.o
                0x08008754                HAL_RCCEx_GetPLL1ClockFreq
 .text.HAL_RCCEx_GetPLL2ClockFreq
                0x08008a2c      0x2d8 ./Drivers/STM32H5xx_HAL_Driver/Src/stm32h5xx_hal_rcc_ex.o
                0x08008a2c                HAL_RCCEx_GetPLL2ClockFreq
 .text.HAL_RCCEx_GetPLL3ClockFreq
                0x08008d04      0x2d8 ./Drivers/STM32H5xx_HAL_Driver/Src/stm32h5xx_hal_rcc_ex.o
                0x08008d04                HAL_RCCEx_GetPLL3ClockFreq
 .text.HAL_RCCEx_GetPeriphCLKFreq
                0x08008fdc     0x26c0 ./Drivers/STM32H5xx_HAL_Driver/Src/stm32h5xx_hal_rcc_ex.o
                0x08008fdc                HAL_RCCEx_GetPeriphCLKFreq
 .text.RCCEx_PLL2_Config
                0x0800b69c      0x130 ./Drivers/STM32H5xx_HAL_Driver/Src/stm32h5xx_hal_rcc_ex.o
 .text.RCCEx_PLL3_Config
                0x0800b7cc      0x130 ./Drivers/STM32H5xx_HAL_Driver/Src/stm32h5xx_hal_rcc_ex.o
 .text.HAL_SPI_Init
                0x0800b8fc      0x2e0 ./Drivers/STM32H5xx_HAL_Driver/Src/stm32h5xx_hal_spi.o
                0x0800b8fc                HAL_SPI_Init
 .text.HAL_SPI_Transmit
                0x0800bbdc      0x470 ./Drivers/STM32H5xx_HAL_Driver/Src/stm32h5xx_hal_spi.o
                0x0800bbdc                HAL_SPI_Transmit
 .text.HAL_SPI_Receive
                0x0800c04c      0x57c ./Drivers/STM32H5xx_HAL_Driver/Src/stm32h5xx_hal_spi.o
                0x0800c04c                HAL_SPI_Receive
 .text.HAL_SPI_TransmitReceive
                0x0800c5c8      0x718 ./Drivers/STM32H5xx_HAL_Driver/Src/stm32h5xx_hal_spi.o
                0x0800c5c8                HAL_SPI_TransmitReceive
 .text.HAL_SPI_IRQHandler
                0x0800cce0      0x3a8 ./Drivers/STM32H5xx_HAL_Driver/Src/stm32h5xx_hal_spi.o
                0x0800cce0                HAL_SPI_IRQHandler
 .text.HAL_SPI_TxCpltCallback
                0x0800d088       0x14 ./Drivers/STM32H5xx_HAL_Driver/Src/stm32h5xx_hal_spi.o
                0x0800d088                HAL_SPI_TxCpltCallback
 .text.HAL_SPI_RxCpltCallback
                0x0800d09c       0x14 ./Drivers/STM32H5xx_HAL_Driver/Src/stm32h5xx_hal_spi.o
                0x0800d09c                HAL_SPI_RxCpltCallback
 .text.HAL_SPI_TxRxCpltCallback
                0x0800d0b0       0x14 ./Drivers/STM32H5xx_HAL_Driver/Src/stm32h5xx_hal_spi.o
                0x0800d0b0                HAL_SPI_TxRxCpltCallback
 .text.HAL_SPI_ErrorCallback
                0x0800d0c4       0x14 ./Drivers/STM32H5xx_HAL_Driver/Src/stm32h5xx_hal_spi.o
                0x0800d0c4                HAL_SPI_ErrorCallback
 .text.HAL_SPI_SuspendCallback
                0x0800d0d8       0x14 ./Drivers/STM32H5xx_HAL_Driver/Src/stm32h5xx_hal_spi.o
                0x0800d0d8                HAL_SPI_SuspendCallback
 .text.SPI_DMAAbortOnError
                0x0800d0ec       0x34 ./Drivers/STM32H5xx_HAL_Driver/Src/stm32h5xx_hal_spi.o
 .text.SPI_CloseTransfer
                0x0800d120      0x140 ./Drivers/STM32H5xx_HAL_Driver/Src/stm32h5xx_hal_spi.o
 .text.SPI_WaitOnFlagUntilTimeout
                0x0800d260       0x5c ./Drivers/STM32H5xx_HAL_Driver/Src/stm32h5xx_hal_spi.o
 .text.SPI_GetPacketSize
                0x0800d2bc       0x36 ./Drivers/STM32H5xx_HAL_Driver/Src/stm32h5xx_hal_spi.o
 .text.HAL_TIM_Base_Init
                0x0800d2f2       0xae ./Drivers/STM32H5xx_HAL_Driver/Src/stm32h5xx_hal_tim.o
                0x0800d2f2                HAL_TIM_Base_Init
 .text.HAL_TIM_Base_Start
                0x0800d3a0      0x14c ./Drivers/STM32H5xx_HAL_Driver/Src/stm32h5xx_hal_tim.o
                0x0800d3a0                HAL_TIM_Base_Start
 .text.HAL_TIM_Base_Start_IT
                0x0800d4ec      0x15c ./Drivers/STM32H5xx_HAL_Driver/Src/stm32h5xx_hal_tim.o
                0x0800d4ec                HAL_TIM_Base_Start_IT
 .text.HAL_TIM_IRQHandler
                0x0800d648      0x29e ./Drivers/STM32H5xx_HAL_Driver/Src/stm32h5xx_hal_tim.o
                0x0800d648                HAL_TIM_IRQHandler
 *fill*         0x0800d8e6        0x2 
 .text.HAL_TIM_ConfigClockSource
                0x0800d8e8      0x23c ./Drivers/STM32H5xx_HAL_Driver/Src/stm32h5xx_hal_tim.o
                0x0800d8e8                HAL_TIM_ConfigClockSource
 .text.HAL_TIM_OC_DelayElapsedCallback
                0x0800db24       0x14 ./Drivers/STM32H5xx_HAL_Driver/Src/stm32h5xx_hal_tim.o
                0x0800db24                HAL_TIM_OC_DelayElapsedCallback
 .text.HAL_TIM_IC_CaptureCallback
                0x0800db38       0x14 ./Drivers/STM32H5xx_HAL_Driver/Src/stm32h5xx_hal_tim.o
                0x0800db38                HAL_TIM_IC_CaptureCallback
 .text.HAL_TIM_PWM_PulseFinishedCallback
                0x0800db4c       0x14 ./Drivers/STM32H5xx_HAL_Driver/Src/stm32h5xx_hal_tim.o
                0x0800db4c                HAL_TIM_PWM_PulseFinishedCallback
 .text.HAL_TIM_TriggerCallback
                0x0800db60       0x14 ./Drivers/STM32H5xx_HAL_Driver/Src/stm32h5xx_hal_tim.o
                0x0800db60                HAL_TIM_TriggerCallback
 .text.TIM_Base_SetConfig
                0x0800db74      0x24c ./Drivers/STM32H5xx_HAL_Driver/Src/stm32h5xx_hal_tim.o
                0x0800db74                TIM_Base_SetConfig
 .text.TIM_TI1_ConfigInputStage
                0x0800ddc0       0x5e ./Drivers/STM32H5xx_HAL_Driver/Src/stm32h5xx_hal_tim.o
 .text.TIM_TI2_ConfigInputStage
                0x0800de1e       0x60 ./Drivers/STM32H5xx_HAL_Driver/Src/stm32h5xx_hal_tim.o
 .text.TIM_ITRx_SetConfig
                0x0800de7e       0x3a ./Drivers/STM32H5xx_HAL_Driver/Src/stm32h5xx_hal_tim.o
 .text.TIM_ETR_SetConfig
                0x0800deb8       0x40 ./Drivers/STM32H5xx_HAL_Driver/Src/stm32h5xx_hal_tim.o
                0x0800deb8                TIM_ETR_SetConfig
 .text.HAL_TIMEx_MasterConfigSynchronization
                0x0800def8      0x1a0 ./Drivers/STM32H5xx_HAL_Driver/Src/stm32h5xx_hal_tim_ex.o
                0x0800def8                HAL_TIMEx_MasterConfigSynchronization
 .text.HAL_TIMEx_CommutCallback
                0x0800e098       0x14 ./Drivers/STM32H5xx_HAL_Driver/Src/stm32h5xx_hal_tim_ex.o
                0x0800e098                HAL_TIMEx_CommutCallback
 .text.HAL_TIMEx_BreakCallback
                0x0800e0ac       0x14 ./Drivers/STM32H5xx_HAL_Driver/Src/stm32h5xx_hal_tim_ex.o
                0x0800e0ac                HAL_TIMEx_BreakCallback
 .text.HAL_TIMEx_Break2Callback
                0x0800e0c0       0x14 ./Drivers/STM32H5xx_HAL_Driver/Src/stm32h5xx_hal_tim_ex.o
                0x0800e0c0                HAL_TIMEx_Break2Callback
 .text.HAL_TIMEx_EncoderIndexCallback
                0x0800e0d4       0x14 ./Drivers/STM32H5xx_HAL_Driver/Src/stm32h5xx_hal_tim_ex.o
                0x0800e0d4                HAL_TIMEx_EncoderIndexCallback
 .text.HAL_TIMEx_DirectionChangeCallback
                0x0800e0e8       0x14 ./Drivers/STM32H5xx_HAL_Driver/Src/stm32h5xx_hal_tim_ex.o
                0x0800e0e8                HAL_TIMEx_DirectionChangeCallback
 .text.HAL_TIMEx_IndexErrorCallback
                0x0800e0fc       0x14 ./Drivers/STM32H5xx_HAL_Driver/Src/stm32h5xx_hal_tim_ex.o
                0x0800e0fc                HAL_TIMEx_IndexErrorCallback
 .text.HAL_TIMEx_TransitionErrorCallback
                0x0800e110       0x14 ./Drivers/STM32H5xx_HAL_Driver/Src/stm32h5xx_hal_tim_ex.o
                0x0800e110                HAL_TIMEx_TransitionErrorCallback
 .text.HAL_UART_Init
                0x0800e124       0xa0 ./Drivers/STM32H5xx_HAL_Driver/Src/stm32h5xx_hal_uart.o
                0x0800e124                HAL_UART_Init
 .text.HAL_UART_Transmit
                0x0800e1c4      0x150 ./Drivers/STM32H5xx_HAL_Driver/Src/stm32h5xx_hal_uart.o
                0x0800e1c4                HAL_UART_Transmit
 .text.UART_SetConfig
                0x0800e314      0x3dc ./Drivers/STM32H5xx_HAL_Driver/Src/stm32h5xx_hal_uart.o
                0x0800e314                UART_SetConfig
 .text.UART_AdvFeatureConfig
                0x0800e6f0      0x144 ./Drivers/STM32H5xx_HAL_Driver/Src/stm32h5xx_hal_uart.o
                0x0800e6f0                UART_AdvFeatureConfig
 .text.UART_CheckIdleState
                0x0800e834      0x154 ./Drivers/STM32H5xx_HAL_Driver/Src/stm32h5xx_hal_uart.o
                0x0800e834                UART_CheckIdleState
 .text.UART_WaitOnFlagUntilTimeout
                0x0800e988       0xda ./Drivers/STM32H5xx_HAL_Driver/Src/stm32h5xx_hal_uart.o
                0x0800e988                UART_WaitOnFlagUntilTimeout
 .text.UART_EndRxTransfer
                0x0800ea62       0xcc ./Drivers/STM32H5xx_HAL_Driver/Src/stm32h5xx_hal_uart.o
 .text.HAL_UARTEx_DisableFifoMode
                0x0800eb2e       0x72 ./Drivers/STM32H5xx_HAL_Driver/Src/stm32h5xx_hal_uart_ex.o
                0x0800eb2e                HAL_UARTEx_DisableFifoMode
 .text.HAL_UARTEx_SetTxFifoThreshold
                0x0800eba0       0x7c ./Drivers/STM32H5xx_HAL_Driver/Src/stm32h5xx_hal_uart_ex.o
                0x0800eba0                HAL_UARTEx_SetTxFifoThreshold
 .text.HAL_UARTEx_SetRxFifoThreshold
                0x0800ec1c       0x7c ./Drivers/STM32H5xx_HAL_Driver/Src/stm32h5xx_hal_uart_ex.o
                0x0800ec1c                HAL_UARTEx_SetRxFifoThreshold
 .text.UARTEx_SetNbDataToProcess
                0x0800ec98       0x9c ./Drivers/STM32H5xx_HAL_Driver/Src/stm32h5xx_hal_uart_ex.o
 .text.SysTick_Handler
                0x0800ed34       0x20 ./Middlewares/Third_Party/FreeRTOS/Source/CMSIS_RTOS_V2/cmsis_os2.o
                0x0800ed34                SysTick_Handler
 .text.IRQ_Context
                0x0800ed54       0x4e ./Middlewares/Third_Party/FreeRTOS/Source/CMSIS_RTOS_V2/cmsis_os2.o
 *fill*         0x0800eda2        0x2 
 .text.osKernelInitialize
                0x0800eda4       0x4c ./Middlewares/Third_Party/FreeRTOS/Source/CMSIS_RTOS_V2/cmsis_os2.o
                0x0800eda4                osKernelInitialize
 .text.osKernelStart
                0x0800edf0       0x50 ./Middlewares/Third_Party/FreeRTOS/Source/CMSIS_RTOS_V2/cmsis_os2.o
                0x0800edf0                osKernelStart
 .text.osThreadNew
                0x0800ee40      0x124 ./Middlewares/Third_Party/FreeRTOS/Source/CMSIS_RTOS_V2/cmsis_os2.o
                0x0800ee40                osThreadNew
 .text.osMutexNew
                0x0800ef64      0x10a ./Middlewares/Third_Party/FreeRTOS/Source/CMSIS_RTOS_V2/cmsis_os2.o
                0x0800ef64                osMutexNew
 .text.osMutexAcquire
                0x0800f06e       0x94 ./Middlewares/Third_Party/FreeRTOS/Source/CMSIS_RTOS_V2/cmsis_os2.o
                0x0800f06e                osMutexAcquire
 .text.osMutexRelease
                0x0800f102       0x78 ./Middlewares/Third_Party/FreeRTOS/Source/CMSIS_RTOS_V2/cmsis_os2.o
                0x0800f102                osMutexRelease
 .text.osSemaphoreNew
                0x0800f17a      0x110 ./Middlewares/Third_Party/FreeRTOS/Source/CMSIS_RTOS_V2/cmsis_os2.o
                0x0800f17a                osSemaphoreNew
 *fill*         0x0800f28a        0x2 
 .text.osSemaphoreAcquire
                0x0800f28c       0x98 ./Middlewares/Third_Party/FreeRTOS/Source/CMSIS_RTOS_V2/cmsis_os2.o
                0x0800f28c                osSemaphoreAcquire
 .text.osSemaphoreRelease
                0x0800f324       0x7c ./Middlewares/Third_Party/FreeRTOS/Source/CMSIS_RTOS_V2/cmsis_os2.o
                0x0800f324                osSemaphoreRelease
 .text.vListInitialise
                0x0800f3a0       0x40 ./Middlewares/Third_Party/FreeRTOS/Source/list.o
                0x0800f3a0                vListInitialise
 .text.vListInitialiseItem
                0x0800f3e0       0x1a ./Middlewares/Third_Party/FreeRTOS/Source/list.o
                0x0800f3e0                vListInitialiseItem
 .text.vListInsert
                0x0800f3fa       0x72 ./Middlewares/Third_Party/FreeRTOS/Source/list.o
                0x0800f3fa                vListInsert
 .text.uxListRemove
                0x0800f46c       0x54 ./Middlewares/Third_Party/FreeRTOS/Source/list.o
                0x0800f46c                uxListRemove
 .text.xQueueGenericReset
                0x0800f4c0       0xf2 ./Middlewares/Third_Party/FreeRTOS/Source/queue.o
                0x0800f4c0                xQueueGenericReset
 .text.xQueueGenericCreateStatic
                0x0800f5b2       0x92 ./Middlewares/Third_Party/FreeRTOS/Source/queue.o
                0x0800f5b2                xQueueGenericCreateStatic
 .text.xQueueGenericCreate
                0x0800f644       0x96 ./Middlewares/Third_Party/FreeRTOS/Source/queue.o
                0x0800f644                xQueueGenericCreate
 .text.prvInitialiseNewQueue
                0x0800f6da       0x46 ./Middlewares/Third_Party/FreeRTOS/Source/queue.o
 .text.prvInitialiseMutex
                0x0800f720       0x34 ./Middlewares/Third_Party/FreeRTOS/Source/queue.o
 .text.xQueueCreateMutex
                0x0800f754       0x30 ./Middlewares/Third_Party/FreeRTOS/Source/queue.o
                0x0800f754                xQueueCreateMutex
 .text.xQueueCreateMutexStatic
                0x0800f784       0x36 ./Middlewares/Third_Party/FreeRTOS/Source/queue.o
                0x0800f784                xQueueCreateMutexStatic
 .text.xQueueGiveMutexRecursive
                0x0800f7ba       0x5a ./Middlewares/Third_Party/FreeRTOS/Source/queue.o
                0x0800f7ba                xQueueGiveMutexRecursive
 .text.xQueueTakeMutexRecursive
                0x0800f814       0x5e ./Middlewares/Third_Party/FreeRTOS/Source/queue.o
                0x0800f814                xQueueTakeMutexRecursive
 .text.xQueueCreateCountingSemaphoreStatic
                0x0800f872       0x56 ./Middlewares/Third_Party/FreeRTOS/Source/queue.o
                0x0800f872                xQueueCreateCountingSemaphoreStatic
 .text.xQueueCreateCountingSemaphore
                0x0800f8c8       0x4e ./Middlewares/Third_Party/FreeRTOS/Source/queue.o
                0x0800f8c8                xQueueCreateCountingSemaphore
 .text.xQueueGenericSend
                0x0800f916      0x19a ./Middlewares/Third_Party/FreeRTOS/Source/queue.o
                0x0800f916                xQueueGenericSend
 .text.xQueueGiveFromISR
                0x0800fab0       0xf0 ./Middlewares/Third_Party/FreeRTOS/Source/queue.o
                0x0800fab0                xQueueGiveFromISR
 .text.xQueueReceive
                0x0800fba0      0x178 ./Middlewares/Third_Party/FreeRTOS/Source/queue.o
                0x0800fba0                xQueueReceive
 .text.xQueueSemaphoreTake
                0x0800fd18      0x1b4 ./Middlewares/Third_Party/FreeRTOS/Source/queue.o
                0x0800fd18                xQueueSemaphoreTake
 .text.xQueueReceiveFromISR
                0x0800fecc       0xe4 ./Middlewares/Third_Party/FreeRTOS/Source/queue.o
                0x0800fecc                xQueueReceiveFromISR
 .text.vQueueDelete
                0x0800ffb0       0x38 ./Middlewares/Third_Party/FreeRTOS/Source/queue.o
                0x0800ffb0                vQueueDelete
 .text.prvGetHighestPriorityOfWaitToReceiveList
                0x0800ffe8       0x30 ./Middlewares/Third_Party/FreeRTOS/Source/queue.o
 .text.prvCopyDataToQueue
                0x08010018       0xd4 ./Middlewares/Third_Party/FreeRTOS/Source/queue.o
 .text.prvCopyDataFromQueue
                0x080100ec       0x4c ./Middlewares/Third_Party/FreeRTOS/Source/queue.o
 .text.prvUnlockQueue
                0x08010138       0xa4 ./Middlewares/Third_Party/FreeRTOS/Source/queue.o
 .text.prvIsQueueEmpty
                0x080101dc       0x2c ./Middlewares/Third_Party/FreeRTOS/Source/queue.o
 .text.prvIsQueueFull
                0x08010208       0x30 ./Middlewares/Third_Party/FreeRTOS/Source/queue.o
 .text.vQueueAddToRegistry
                0x08010238       0x8c ./Middlewares/Third_Party/FreeRTOS/Source/queue.o
                0x08010238                vQueueAddToRegistry
 .text.vQueueUnregisterQueue
                0x080102c4       0x60 ./Middlewares/Third_Party/FreeRTOS/Source/queue.o
                0x080102c4                vQueueUnregisterQueue
 .text.vQueueWaitForMessageRestricted
                0x08010324       0x68 ./Middlewares/Third_Party/FreeRTOS/Source/queue.o
                0x08010324                vQueueWaitForMessageRestricted
 .text.prvCreateStaticTask
                0x0801038c       0x92 ./Middlewares/Third_Party/FreeRTOS/Source/tasks.o
 .text.xTaskCreateStatic
                0x0801041e       0x48 ./Middlewares/Third_Party/FreeRTOS/Source/tasks.o
                0x0801041e                xTaskCreateStatic
 .text.prvCreateTask
                0x08010466       0x80 ./Middlewares/Third_Party/FreeRTOS/Source/tasks.o
 .text.xTaskCreate
                0x080104e6       0x46 ./Middlewares/Third_Party/FreeRTOS/Source/tasks.o
                0x080104e6                xTaskCreate
 .text.prvInitialiseNewTask
                0x0801052c      0x104 ./Middlewares/Third_Party/FreeRTOS/Source/tasks.o
 .text.prvAddNewTaskToReadyList
                0x08010630      0x124 ./Middlewares/Third_Party/FreeRTOS/Source/tasks.o
 .text.xTaskDelayUntil
                0x08010754       0xc4 ./Middlewares/Third_Party/FreeRTOS/Source/tasks.o
                0x08010754                xTaskDelayUntil
 .text.prvCreateIdleTasks
                0x08010818       0xec ./Middlewares/Third_Party/FreeRTOS/Source/tasks.o
 .text.vTaskStartScheduler
                0x08010904       0x68 ./Middlewares/Third_Party/FreeRTOS/Source/tasks.o
                0x08010904                vTaskStartScheduler
 .text.vTaskSuspendAll
                0x0801096c       0x1c ./Middlewares/Third_Party/FreeRTOS/Source/tasks.o
                0x0801096c                vTaskSuspendAll
 .text.xTaskResumeAll
                0x08010988      0x1f4 ./Middlewares/Third_Party/FreeRTOS/Source/tasks.o
                0x08010988                xTaskResumeAll
 .text.xTaskGetTickCount
                0x08010b7c       0x20 ./Middlewares/Third_Party/FreeRTOS/Source/tasks.o
                0x08010b7c                xTaskGetTickCount
 .text.uxTaskGetNumberOfTasks
                0x08010b9c       0x18 ./Middlewares/Third_Party/FreeRTOS/Source/tasks.o
                0x08010b9c                uxTaskGetNumberOfTasks
 .text.xTaskIncrementTick
                0x08010bb4      0x224 ./Middlewares/Third_Party/FreeRTOS/Source/tasks.o
                0x08010bb4                xTaskIncrementTick
 .text.vTaskSwitchContext
                0x08010dd8       0xac ./Middlewares/Third_Party/FreeRTOS/Source/tasks.o
                0x08010dd8                vTaskSwitchContext
 .text.vTaskPlaceOnEventList
                0x08010e84       0x3c ./Middlewares/Third_Party/FreeRTOS/Source/tasks.o
                0x08010e84                vTaskPlaceOnEventList
 .text.vTaskPlaceOnEventListRestricted
                0x08010ec0       0x7c ./Middlewares/Third_Party/FreeRTOS/Source/tasks.o
                0x08010ec0                vTaskPlaceOnEventListRestricted
 .text.xTaskRemoveFromEventList
                0x08010f3c      0x1a0 ./Middlewares/Third_Party/FreeRTOS/Source/tasks.o
                0x08010f3c                xTaskRemoveFromEventList
 .text.vTaskInternalSetTimeOutState
                0x080110dc       0x2c ./Middlewares/Third_Party/FreeRTOS/Source/tasks.o
                0x080110dc                vTaskInternalSetTimeOutState
 .text.xTaskCheckForTimeOut
                0x08011108       0xd0 ./Middlewares/Third_Party/FreeRTOS/Source/tasks.o
                0x08011108                xTaskCheckForTimeOut
 .text.vTaskMissedYield
                0x080111d8       0x18 ./Middlewares/Third_Party/FreeRTOS/Source/tasks.o
                0x080111d8                vTaskMissedYield
 .text.prvIdleTask
                0x080111f0       0x20 ./Middlewares/Third_Party/FreeRTOS/Source/tasks.o
 .text.prvInitialiseTaskLists
                0x08011210       0x80 ./Middlewares/Third_Party/FreeRTOS/Source/tasks.o
 .text.prvCheckTasksWaitingTermination
                0x08011290       0x5c ./Middlewares/Third_Party/FreeRTOS/Source/tasks.o
 .text.prvDeleteTCB
                0x080112ec       0x50 ./Middlewares/Third_Party/FreeRTOS/Source/tasks.o
 .text.prvResetNextTaskUnblockTime
                0x0801133c       0x38 ./Middlewares/Third_Party/FreeRTOS/Source/tasks.o
 .text.xTaskGetCurrentTaskHandle
                0x08011374       0x20 ./Middlewares/Third_Party/FreeRTOS/Source/tasks.o
                0x08011374                xTaskGetCurrentTaskHandle
 .text.xTaskGetSchedulerState
                0x08011394       0x3c ./Middlewares/Third_Party/FreeRTOS/Source/tasks.o
                0x08011394                xTaskGetSchedulerState
 .text.xTaskPriorityInherit
                0x080113d0      0x124 ./Middlewares/Third_Party/FreeRTOS/Source/tasks.o
                0x080113d0                xTaskPriorityInherit
 .text.xTaskPriorityDisinherit
                0x080114f4      0x114 ./Middlewares/Third_Party/FreeRTOS/Source/tasks.o
                0x080114f4                xTaskPriorityDisinherit
 .text.vTaskPriorityDisinheritAfterTimeout
                0x08011608      0x13c ./Middlewares/Third_Party/FreeRTOS/Source/tasks.o
                0x08011608                vTaskPriorityDisinheritAfterTimeout
 .text.pvTaskIncrementMutexHeldCount
                0x08011744       0x30 ./Middlewares/Third_Party/FreeRTOS/Source/tasks.o
                0x08011744                pvTaskIncrementMutexHeldCount
 .text.prvAddCurrentTaskToDelayedList
                0x08011774       0xec ./Middlewares/Third_Party/FreeRTOS/Source/tasks.o
 .text.vApplicationGetIdleTaskMemory
                0x08011860       0x34 ./Middlewares/Third_Party/FreeRTOS/Source/tasks.o
                0x08011860                vApplicationGetIdleTaskMemory
 .text.vApplicationGetTimerTaskMemory
                0x08011894       0x34 ./Middlewares/Third_Party/FreeRTOS/Source/tasks.o
                0x08011894                vApplicationGetTimerTaskMemory
 .text.xTimerCreateTimerTask
                0x080118c8       0x80 ./Middlewares/Third_Party/FreeRTOS/Source/timers.o
                0x080118c8                xTimerCreateTimerTask
 .text.prvReloadTimer
                0x08011948       0x42 ./Middlewares/Third_Party/FreeRTOS/Source/timers.o
 *fill*         0x0801198a        0x2 
 .text.prvProcessExpiredTimer
                0x0801198c       0x60 ./Middlewares/Third_Party/FreeRTOS/Source/timers.o
 .text.prvTimerTask
                0x080119ec       0x26 ./Middlewares/Third_Party/FreeRTOS/Source/timers.o
 *fill*         0x08011a12        0x2 
 .text.prvProcessTimerOrBlockTask
                0x08011a14       0x8c ./Middlewares/Third_Party/FreeRTOS/Source/timers.o
 .text.prvGetNextExpireTime
                0x08011aa0       0x48 ./Middlewares/Third_Party/FreeRTOS/Source/timers.o
 .text.prvSampleTimeNow
                0x08011ae8       0x40 ./Middlewares/Third_Party/FreeRTOS/Source/timers.o
 .text.prvInsertTimerInActiveList
                0x08011b28       0x84 ./Middlewares/Third_Party/FreeRTOS/Source/timers.o
 .text.prvProcessReceivedCommands
                0x08011bac      0x1b0 ./Middlewares/Third_Party/FreeRTOS/Source/timers.o
 .text.prvSwitchTimerLists
                0x08011d5c       0x4c ./Middlewares/Third_Party/FreeRTOS/Source/timers.o
 .text.prvCheckForValidListAndQueue
                0x08011da8       0x80 ./Middlewares/Third_Party/FreeRTOS/Source/timers.o
 .text.vPortSetupTimerInterrupt
                0x08011e28       0x48 ./Middlewares/Third_Party/FreeRTOS/Source/portable/GCC/ARM_CM33_NTZ/non_secure/port.o
                0x08011e28                vPortSetupTimerInterrupt
 .text.prvTaskExitError
                0x08011e70       0x38 ./Middlewares/Third_Party/FreeRTOS/Source/portable/GCC/ARM_CM33_NTZ/non_secure/port.o
 .text.vPortYield
                0x08011ea8       0x24 ./Middlewares/Third_Party/FreeRTOS/Source/portable/GCC/ARM_CM33_NTZ/non_secure/port.o
                0x08011ea8                vPortYield
 .text.vPortEnterCritical
                0x08011ecc       0x24 ./Middlewares/Third_Party/FreeRTOS/Source/portable/GCC/ARM_CM33_NTZ/non_secure/port.o
                0x08011ecc                vPortEnterCritical
 .text.vPortExitCritical
                0x08011ef0       0x34 ./Middlewares/Third_Party/FreeRTOS/Source/portable/GCC/ARM_CM33_NTZ/non_secure/port.o
                0x08011ef0                vPortExitCritical
 .text.xPortSysTickHandler
                0x08011f24       0x30 ./Middlewares/Third_Party/FreeRTOS/Source/portable/GCC/ARM_CM33_NTZ/non_secure/port.o
                0x08011f24                xPortSysTickHandler
 .text.vPortSVCHandler_C
                0x08011f54       0x32 ./Middlewares/Third_Party/FreeRTOS/Source/portable/GCC/ARM_CM33_NTZ/non_secure/port.o
                0x08011f54                vPortSVCHandler_C
 *fill*         0x08011f86        0x2 
 .text.pxPortInitialiseStack
                0x08011f88      0x114 ./Middlewares/Third_Party/FreeRTOS/Source/portable/GCC/ARM_CM33_NTZ/non_secure/port.o
                0x08011f88                pxPortInitialiseStack
 .text.xPortStartScheduler
                0x0801209c      0x12c ./Middlewares/Third_Party/FreeRTOS/Source/portable/GCC/ARM_CM33_NTZ/non_secure/port.o
                0x0801209c                xPortStartScheduler
 .text.vPortValidateInterruptPriority
                0x080121c8       0x60 ./Middlewares/Third_Party/FreeRTOS/Source/portable/GCC/ARM_CM33_NTZ/non_secure/port.o
                0x080121c8                vPortValidateInterruptPriority
 .text.vRestoreContextOfFirstTask
                0x08012228       0x34 ./Middlewares/Third_Party/FreeRTOS/Source/portable/GCC/ARM_CM33_NTZ/non_secure/portasm.o
                0x08012228                vRestoreContextOfFirstTask
 .text.vStartFirstTask
                0x0801225c       0x20 ./Middlewares/Third_Party/FreeRTOS/Source/portable/GCC/ARM_CM33_NTZ/non_secure/portasm.o
                0x0801225c                vStartFirstTask
 .text.ulSetInterruptMask
                0x0801227c       0x1a ./Middlewares/Third_Party/FreeRTOS/Source/portable/GCC/ARM_CM33_NTZ/non_secure/portasm.o
                0x0801227c                ulSetInterruptMask
 .text.vClearInterruptMask
                0x08012296       0x10 ./Middlewares/Third_Party/FreeRTOS/Source/portable/GCC/ARM_CM33_NTZ/non_secure/portasm.o
                0x08012296                vClearInterruptMask
 *fill*         0x080122a6        0x2 
 .text.PendSV_Handler
                0x080122a8       0x4c ./Middlewares/Third_Party/FreeRTOS/Source/portable/GCC/ARM_CM33_NTZ/non_secure/portasm.o
                0x080122a8                PendSV_Handler
 .text.SVC_Handler
                0x080122f4       0x18 ./Middlewares/Third_Party/FreeRTOS/Source/portable/GCC/ARM_CM33_NTZ/non_secure/portasm.o
                0x080122f4                SVC_Handler
 .text.pvPortMalloc
                0x0801230c       0xa8 ./Middlewares/Third_Party/FreeRTOS/Source/portable/MemMang/heap_1.o
                0x0801230c                pvPortMalloc
 .text.vPortFree
                0x080123b4       0x1e ./Middlewares/Third_Party/FreeRTOS/Source/portable/MemMang/heap_1.o
                0x080123b4                vPortFree
 *fill*         0x080123d2        0x2 
 .text.malloc   0x080123d4       0x10 C:/ST/STM32CubeIDE_1.16.0/STM32CubeIDE/plugins/com.st.stm32cube.ide.mcu.externaltools.gnu-tools-for-stm32.13.3.rel1.win32_1.0.100.202509120712/tools/bin/../lib/gcc/arm-none-eabi/13.3.1/../../../../arm-none-eabi/lib/thumb/v8-m.main+fp/hard\libc_nano.a(libc_a-malloc.o)
                0x080123d4                malloc
 .text.free     0x080123e4       0x10 C:/ST/STM32CubeIDE_1.16.0/STM32CubeIDE/plugins/com.st.stm32cube.ide.mcu.externaltools.gnu-tools-for-stm32.13.3.rel1.win32_1.0.100.202509120712/tools/bin/../lib/gcc/arm-none-eabi/13.3.1/../../../../arm-none-eabi/lib/thumb/v8-m.main+fp/hard\libc_nano.a(libc_a-malloc.o)
                0x080123e4                free
 .text.sbrk_aligned
                0x080123f4       0x44 C:/ST/STM32CubeIDE_1.16.0/STM32CubeIDE/plugins/com.st.stm32cube.ide.mcu.externaltools.gnu-tools-for-stm32.13.3.rel1.win32_1.0.100.202509120712/tools/bin/../lib/gcc/arm-none-eabi/13.3.1/../../../../arm-none-eabi/lib/thumb/v8-m.main+fp/hard\libc_nano.a(libc_a-mallocr.o)
 .text._malloc_r
                0x08012438      0x100 C:/ST/STM32CubeIDE_1.16.0/STM32CubeIDE/plugins/com.st.stm32cube.ide.mcu.externaltools.gnu-tools-for-stm32.13.3.rel1.win32_1.0.100.202509120712/tools/bin/../lib/gcc/arm-none-eabi/13.3.1/../../../../arm-none-eabi/lib/thumb/v8-m.main+fp/hard\libc_nano.a(libc_a-mallocr.o)
                0x08012438                _malloc_r
 .text.__malloc_lock
                0x08012538        0xc C:/ST/STM32CubeIDE_1.16.0/STM32CubeIDE/plugins/com.st.stm32cube.ide.mcu.externaltools.gnu-tools-for-stm32.13.3.rel1.win32_1.0.100.202509120712/tools/bin/../lib/gcc/arm-none-eabi/13.3.1/../../../../arm-none-eabi/lib/thumb/v8-m.main+fp/hard\libc_nano.a(libc_a-mlock.o)
                0x08012538                __malloc_lock
 .text.__malloc_unlock
                0x08012544        0xc C:/ST/STM32CubeIDE_1.16.0/STM32CubeIDE/plugins/com.st.stm32cube.ide.mcu.externaltools.gnu-tools-for-stm32.13.3.rel1.win32_1.0.100.202509120712/tools/bin/../lib/gcc/arm-none-eabi/13.3.1/../../../../arm-none-eabi/lib/thumb/v8-m.main+fp/hard\libc_nano.a(libc_a-mlock.o)
                0x08012544                __malloc_unlock
 .text.snprintf
                0x08012550       0x6c C:/ST/STM32CubeIDE_1.16.0/STM32CubeIDE/plugins/com.st.stm32cube.ide.mcu.externaltools.gnu-tools-for-stm32.13.3.rel1.win32_1.0.100.202509120712/tools/bin/../lib/gcc/arm-none-eabi/13.3.1/../../../../arm-none-eabi/lib/thumb/v8-m.main+fp/hard\libc_nano.a(libc_a-snprintf.o)
                0x08012550                sniprintf
                0x08012550                snprintf
 .text.memset   0x080125bc       0x10 C:/ST/STM32CubeIDE_1.16.0/STM32CubeIDE/plugins/com.st.stm32cube.ide.mcu.externaltools.gnu-tools-for-stm32.13.3.rel1.win32_1.0.100.202509120712/tools/bin/../lib/gcc/arm-none-eabi/13.3.1/../../../../arm-none-eabi/lib/thumb/v8-m.main+fp/hard\libc_nano.a(libc_a-memset.o)
                0x080125bc                memset
 .text._sbrk_r  0x080125cc       0x20 C:/ST/STM32CubeIDE_1.16.0/STM32CubeIDE/plugins/com.st.stm32cube.ide.mcu.externaltools.gnu-tools-for-stm32.13.3.rel1.win32_1.0.100.202509120712/tools/bin/../lib/gcc/arm-none-eabi/13.3.1/../../../../arm-none-eabi/lib/thumb/v8-m.main+fp/hard\libc_nano.a(libc_a-sbrkr.o)
                0x080125cc                _sbrk_r
 .text.__errno  0x080125ec        0xc C:/ST/STM32CubeIDE_1.16.0/STM32CubeIDE/plugins/com.st.stm32cube.ide.mcu.externaltools.gnu-tools-for-stm32.13.3.rel1.win32_1.0.100.202509120712/tools/bin/../lib/gcc/arm-none-eabi/13.3.1/../../../../arm-none-eabi/lib/thumb/v8-m.main+fp/hard\libc_nano.a(libc_a-errno.o)
                0x080125ec                __errno
 .text.__libc_init_array
                0x080125f8       0x48 C:/ST/STM32CubeIDE_1.16.0/STM32CubeIDE/plugins/com.st.stm32cube.ide.mcu.externaltools.gnu-tools-for-stm32.13.3.rel1.win32_1.0.100.202509120712/tools/bin/../lib/gcc/arm-none-eabi/13.3.1/../../../../arm-none-eabi/lib/thumb/v8-m.main+fp/hard\libc_nano.a(libc_a-init.o)
                0x080125f8                __libc_init_array
 .text.__retarget_lock_acquire_recursive
                0x08012640        0x2 C:/ST/STM32CubeIDE_1.16.0/STM32CubeIDE/plugins/com.st.stm32cube.ide.mcu.externaltools.gnu-tools-for-stm32.13.3.rel1.win32_1.0.100.202509120712/tools/bin/../lib/gcc/arm-none-eabi/13.3.1/../../../../arm-none-eabi/lib/thumb/v8-m.main+fp/hard\libc_nano.a(libc_a-lock.o)
                0x08012640                __retarget_lock_acquire_recursive
 .text.__retarget_lock_release_recursive
                0x08012642        0x2 C:/ST/STM32CubeIDE_1.16.0/STM32CubeIDE/plugins/com.st.stm32cube.ide.mcu.externaltools.gnu-tools-for-stm32.13.3.rel1.win32_1.0.100.202509120712/tools/bin/../lib/gcc/arm-none-eabi/13.3.1/../../../../arm-none-eabi/lib/thumb/v8-m.main+fp/hard\libc_nano.a(libc_a-lock.o)
                0x08012642                __retarget_lock_release_recursive
 .text.memcpy   0x08012644       0x1a C:/ST/STM32CubeIDE_1.16.0/STM32CubeIDE/plugins/com.st.stm32cube.ide.mcu.externaltools.gnu-tools-for-stm32.13.3.rel1.win32_1.0.100.202509120712/tools/bin/../lib/gcc/arm-none-eabi/13.3.1/../../../../arm-none-eabi/lib/thumb/v8-m.main+fp/hard\libc_nano.a(libc_a-memcpy-stub.o)
                0x08012644                memcpy
 *fill*         0x0801265e        0x2 
 .text._free_r  0x08012660       0x94 C:/ST/STM32CubeIDE_1.16.0/STM32CubeIDE/plugins/com.st.stm32cube.ide.mcu.externaltools.gnu-tools-for-stm32.13.3.rel1.win32_1.0.100.202509120712/tools/bin/../lib/gcc/arm-none-eabi/13.3.1/../../../../arm-none-eabi/lib/thumb/v8-m.main+fp/hard\libc_nano.a(libc_a-freer.o)
                0x08012660                _free_r
 .text.__ssputs_r
                0x080126f4       0xb6 C:/ST/STM32CubeIDE_1.16.0/STM32CubeIDE/plugins/com.st.stm32cube.ide.mcu.externaltools.gnu-tools-for-stm32.13.3.rel1.win32_1.0.100.202509120712/tools/bin/../lib/gcc/arm-none-eabi/13.3.1/../../../../arm-none-eabi/lib/thumb/v8-m.main+fp/hard\libc_nano.a(libc_a-nano-svfprintf.o)
                0x080126f4                __ssputs_r
 *fill*         0x080127aa        0x2 
 .text._svfprintf_r
                0x080127ac      0x1f8 C:/ST/STM32CubeIDE_1.16.0/STM32CubeIDE/plugins/com.st.stm32cube.ide.mcu.externaltools.gnu-tools-for-stm32.13.3.rel1.win32_1.0.100.202509120712/tools/bin/../lib/gcc/arm-none-eabi/13.3.1/../../../../arm-none-eabi/lib/thumb/v8-m.main+fp/hard\libc_nano.a(libc_a-nano-svfprintf.o)
                0x080127ac                _svfiprintf_r
                0x080127ac                _svfprintf_r
 .text._printf_common
                0x080129a4       0xe4 C:/ST/STM32CubeIDE_1.16.0/STM32CubeIDE/plugins/com.st.stm32cube.ide.mcu.externaltools.gnu-tools-for-stm32.13.3.rel1.win32_1.0.100.202509120712/tools/bin/../lib/gcc/arm-none-eabi/13.3.1/../../../../arm-none-eabi/lib/thumb/v8-m.main+fp/hard\libc_nano.a(libc_a-nano-vfprintf_i.o)
                0x080129a4                _printf_common
 .text._printf_i
                0x08012a88      0x23c C:/ST/STM32CubeIDE_1.16.0/STM32CubeIDE/plugins/com.st.stm32cube.ide.mcu.externaltools.gnu-tools-for-stm32.13.3.rel1.win32_1.0.100.202509120712/tools/bin/../lib/gcc/arm-none-eabi/13.3.1/../../../../arm-none-eabi/lib/thumb/v8-m.main+fp/hard\libc_nano.a(libc_a-nano-vfprintf_i.o)
                0x08012a88                _printf_i
 .text.memmove  0x08012cc4       0x34 C:/ST/STM32CubeIDE_1.16.0/STM32CubeIDE/plugins/com.st.stm32cube.ide.mcu.externaltools.gnu-tools-for-stm32.13.3.rel1.win32_1.0.100.202509120712/tools/bin/../lib/gcc/arm-none-eabi/13.3.1/../../../../arm-none-eabi/lib/thumb/v8-m.main+fp/hard\libc_nano.a(libc_a-memmove.o)
                0x08012cc4                memmove
 .text.memchr   0x08012cf8       0x1c C:/ST/STM32CubeIDE_1.16.0/STM32CubeIDE/plugins/com.st.stm32cube.ide.mcu.externaltools.gnu-tools-for-stm32.13.3.rel1.win32_1.0.100.202509120712/tools/bin/../lib/gcc/arm-none-eabi/13.3.1/../../../../arm-none-eabi/lib/thumb/v8-m.main+fp/hard\libc_nano.a(libc_a-memchr-stub.o)
                0x08012cf8                memchr
 .text._realloc_r
                0x08012d14       0x5c C:/ST/STM32CubeIDE_1.16.0/STM32CubeIDE/plugins/com.st.stm32cube.ide.mcu.externaltools.gnu-tools-for-stm32.13.3.rel1.win32_1.0.100.202509120712/tools/bin/../lib/gcc/arm-none-eabi/13.3.1/../../../../arm-none-eabi/lib/thumb/v8-m.main+fp/hard\libc_nano.a(libc_a-reallocr.o)
                0x08012d14                _realloc_r
 .text._malloc_usable_size_r
                0x08012d70       0x10 C:/ST/STM32CubeIDE_1.16.0/STM32CubeIDE/plugins/com.st.stm32cube.ide.mcu.externaltools.gnu-tools-for-stm32.13.3.rel1.win32_1.0.100.202509120712/tools/bin/../lib/gcc/arm-none-eabi/13.3.1/../../../../arm-none-eabi/lib/thumb/v8-m.main+fp/hard\libc_nano.a(libc_a-msizer.o)
                0x08012d70                _malloc_usable_size_r
 *(.glue_7)
 .glue_7        0x08012d80        0x0 linker stubs
 *(.glue_7t)
 .glue_7t       0x08012d80        0x0 linker stubs
 *(.eh_frame)
 .eh_frame      0x08012d80        0x0 C:/ST/STM32CubeIDE_1.16.0/STM32CubeIDE/plugins/com.st.stm32cube.ide.mcu.externaltools.gnu-tools-for-stm32.13.3.rel1.win32_1.0.100.202509120712/tools/bin/../lib/gcc/arm-none-eabi/13.3.1/thumb/v8-m.main+fp/hard/crtbegin.o
 *(.init)
 .init          0x08012d80        0x4 C:/ST/STM32CubeIDE_1.16.0/STM32CubeIDE/plugins/com.st.stm32cube.ide.mcu.externaltools.gnu-tools-for-stm32.13.3.rel1.win32_1.0.100.202509120712/tools/bin/../lib/gcc/arm-none-eabi/13.3.1/thumb/v8-m.main+fp/hard/crti.o
                0x08012d80                _init
 .init          0x08012d84        0x8 C:/ST/STM32CubeIDE_1.16.0/STM32CubeIDE/plugins/com.st.stm32cube.ide.mcu.externaltools.gnu-tools-for-stm32.13.3.rel1.win32_1.0.100.202509120712/tools/bin/../lib/gcc/arm-none-eabi/13.3.1/thumb/v8-m.main+fp/hard/crtn.o
 *(.fini)
 .fini          0x08012d8c        0x4 C:/ST/STM32CubeIDE_1.16.0/STM32CubeIDE/plugins/com.st.stm32cube.ide.mcu.externaltools.gnu-tools-for-stm32.13.3.rel1.win32_1.0.100.202509120712/tools/bin/../lib/gcc/arm-none-eabi/13.3.1/thumb/v8-m.main+fp/hard/crti.o
                0x08012d8c                _fini
 .fini          0x08012d90        0x8 C:/ST/STM32CubeIDE_1.16.0/STM32CubeIDE/plugins/com.st.stm32cube.ide.mcu.externaltools.gnu-tools-for-stm32.13.3.rel1.win32_1.0.100.202509120712/tools/bin/../lib/gcc/arm-none-eabi/13.3.1/thumb/v8-m.main+fp/hard/crtn.o
                0x08012d98                        . = ALIGN (0x4)
                0x08012d98                        _etext = .

.vfp11_veneer   0x08012d98        0x0
 .vfp11_veneer  0x08012d98        0x0 linker stubs

.v4_bx          0x08012d98        0x0
 .v4_bx         0x08012d98        0x0 linker stubs

.iplt           0x08012d98        0x0
 .iplt          0x08012d98        0x0 C:/ST/STM32CubeIDE_1.16.0/STM32CubeIDE/plugins/com.st.stm32cube.ide.mcu.externaltools.gnu-tools-for-stm32.13.3.rel1.win32_1.0.100.202509120712/tools/bin/../lib/gcc/arm-none-eabi/13.3.1/thumb/v8-m.main+fp/hard/crtbegin.o

.rodata         0x08012d98      0x4a0
                0x08012d98                        . = ALIGN (0x4)
 *(.rodata)
 .rodata        0x08012d98       0x59 ./Core/Src/app_freertos.o
 *fill*         0x08012df1        0x3 
 .rodata        0x08012df4       0x47 ./Core/Src/bms_functions.o
 *fill*         0x08012e3b        0x1 
 .rodata        0x08012e3c       0x87 ./Drivers/LTC6813/Src/ltc6813.o
 *fill*         0x08012ec3        0x1 
 .rodata        0x08012ec4        0x5 ./Middlewares/Third_Party/FreeRTOS/Source/tasks.o
 *fill*         0x08012ec9        0x3 
 .rodata        0x08012ecc        0xd ./Middlewares/Third_Party/FreeRTOS/Source/timers.o
 *(.rodata*)
 *fill*         0x08012ed9        0x3 
 .rodata.SerialTask_attributes
                0x08012edc       0x24 ./Core/Src/app_freertos.o
                0x08012edc                SerialTask_attributes
 .rodata.MeasurementTask_attributes
                0x08012f00       0x24 ./Core/Src/app_freertos.o
                0x08012f00                MeasurementTask_attributes
 .rodata.SafetyTask_attributes
                0x08012f24       0x24 ./Core/Src/app_freertos.o
                0x08012f24                SafetyTask_attributes
 .rodata.CANTask_attributes
                0x08012f48       0x24 ./Core/Src/app_freertos.o
                0x08012f48                CANTask_attributes
 .rodata.BalancingTask_attributes
                0x08012f6c       0x24 ./Core/Src/app_freertos.o
                0x08012f6c                BalancingTask_attributes
 .rodata.icLock_attributes
                0x08012f90       0x10 ./Core/Src/app_freertos.o
                0x08012f90                icLock_attributes
 .rodata.firstMeasurement_attributes
                0x08012fa0       0x10 ./Core/Src/app_freertos.o
                0x08012fa0                firstMeasurement_attributes
 .rodata.AHBPrescTable
                0x08012fb0       0x10 ./Core/Src/system_stm32h5xx.o
                0x08012fb0                AHBPrescTable
 .rodata.APBPrescTable
                0x08012fc0        0x8 ./Core/Src/system_stm32h5xx.o
                0x08012fc0                APBPrescTable
 .rodata.crc15Table
                0x08012fc8      0x200 ./Drivers/LTC6813/Src/ltc6813.o
                0x08012fc8                crc15Table
 .rodata.DLCtoBytes
                0x080131c8       0x10 ./Drivers/STM32H5xx_HAL_Driver/Src/stm32h5xx_hal_fdcan.o
 .rodata.UARTPrescTable
                0x080131d8       0x18 ./Drivers/STM32H5xx_HAL_Driver/Src/stm32h5xx_hal_uart.o
                0x080131d8                UARTPrescTable
 .rodata.numerator.1
                0x080131f0        0x8 ./Drivers/STM32H5xx_HAL_Driver/Src/stm32h5xx_hal_uart_ex.o
 .rodata.denominator.0
                0x080131f8        0x8 ./Drivers/STM32H5xx_HAL_Driver/Src/stm32h5xx_hal_uart_ex.o
 .rodata.uxTopUsedPriority
                0x08013200        0x4 ./Middlewares/Third_Party/FreeRTOS/Source/tasks.o
 .rodata._svfprintf_r.str1.1
                0x08013204       0x33 C:/ST/STM32CubeIDE_1.16.0/STM32CubeIDE/plugins/com.st.stm32cube.ide.mcu.externaltools.gnu-tools-for-stm32.13.3.rel1.win32_1.0.100.202509120712/tools/bin/../lib/gcc/arm-none-eabi/13.3.1/../../../../arm-none-eabi/lib/thumb/v8-m.main+fp/hard\libc_nano.a(libc_a-nano-svfprintf.o)
                                 0x11 (size before relaxing)
 .rodata._printf_i.str1.1
                0x08013237        0x0 C:/ST/STM32CubeIDE_1.16.0/STM32CubeIDE/plugins/com.st.stm32cube.ide.mcu.externaltools.gnu-tools-for-stm32.13.3.rel1.win32_1.0.100.202509120712/tools/bin/../lib/gcc/arm-none-eabi/13.3.1/../../../../arm-none-eabi/lib/thumb/v8-m.main+fp/hard\libc_nano.a(libc_a-nano-vfprintf_i.o)
                                 0x22 (size before relaxing)
                0x08013238                        . = ALIGN (0x4)
 *fill*         0x08013237        0x1 

.ARM.extab      0x08013238        0x0
                0x08013238                        . = ALIGN (0x4)
 *(.ARM.extab* .gnu.linkonce.armextab.*)
                0x08013238                        . = ALIGN (0x4)

.ARM            0x08013238        0x8
                0x08013238                        . = ALIGN (0x4)
                0x08013238                        __exidx_start = .
 *(.ARM.exidx*)
 .ARM.exidx     0x08013238        0x8 C:/ST/STM32CubeIDE_1.16.0/STM32CubeIDE/plugins/com.st.stm32cube.ide.mcu.externaltools.gnu-tools-for-stm32.13.3.rel1.win32_1.0.100.202509120712/tools/bin/../lib/gcc/arm-none-eabi/13.3.1/../../../../arm-none-eabi/lib/thumb/v8-m.main+fp/hard\libc_nano.a(libc_a-strlen.o)
 .ARM.exidx     0x08013240        0x0 C:/ST/STM32CubeIDE_1.16.0/STM32CubeIDE/plugins/com.st.stm32cube.ide.mcu.externaltools.gnu-tools-for-stm32.13.3.rel1.win32_1.0.100.202509120712/tools/bin/../lib/gcc/arm-none-eabi/13.3.1/thumb/v8-m.main+fp/hard\libgcc.a(_udivmoddi4.o)
                                  0x8 (size before relaxing)
                0x08013240                        __exidx_end = .
                0x08013240                        . = ALIGN (0x4)

.preinit_array  0x08013240        0x0
                0x08013240                        . = ALIGN (0x4)
                0x08013240                        PROVIDE (__preinit_array_start = .)
 *(.preinit_array*)
                0x08013240                        PROVIDE (__preinit_array_end = .)
                0x08013240                        . = ALIGN (0x4)

.init_array     0x08013240        0x4
                0x08013240                        . = ALIGN (0x4)
                0x08013240                        PROVIDE (__init_array_start = .)
 *(SORT_BY_NAME(.init_array.*))
 *(.init_array*)
 .init_array    0x08013240        0x4 C:/ST/STM32CubeIDE_1.16.0/STM32CubeIDE/plugins/com.st.stm32cube.ide.mcu.externaltools.gnu-tools-for-stm32.13.3.rel1.win32_1.0.100.202509120712/tools/bin/../lib/gcc/arm-none-eabi/13.3.1/thumb/v8-m.main+fp/hard/crtbegin.o
                0x08013244                        PROVIDE (__init_array_end = .)
                0x08013244                        . = ALIGN (0x4)

.fini_array     0x08013244        0x4
                0x08013244                        . = ALIGN (0x4)
                [!provide]                        PROVIDE (__fini_array_start = .)
 *(SORT_BY_NAME(.fini_array.*))
 *(.fini_array*)
 .fini_array    0x08013244        0x4 C:/ST/STM32CubeIDE_1.16.0/STM32CubeIDE/plugins/com.st.stm32cube.ide.mcu.externaltools.gnu-tools-for-stm32.13.3.rel1.win32_1.0.100.202509120712/tools/bin/../lib/gcc/arm-none-eabi/13.3.1/thumb/v8-m.main+fp/hard/crtbegin.o
                [!provide]                        PROVIDE (__fini_array_end = .)
                0x08013248                        . = ALIGN (0x4)
                0x08013248                        _sidata = LOADADDR (.data)

.rel.dyn        0x08013248        0x0
 .rel.iplt      0x08013248        0x0 C:/ST/STM32CubeIDE_1.16.0/STM32CubeIDE/plugins/com.st.stm32cube.ide.mcu.externaltools.gnu-tools-for-stm32.13.3.rel1.win32_1.0.100.202509120712/tools/bin/../lib/gcc/arm-none-eabi/13.3.1/thumb/v8-m.main+fp/hard/crtbegin.o

.data           0x20000000       0x60 load address 0x08013248
                0x20000000                        . = ALIGN (0x4)
                0x20000000                        _sdata = .
 *(.data)
 *(.data*)
 .data.SystemCoreClock
                0x20000000        0x4 ./Core/Src/system_stm32h5xx.o
                0x20000000                SystemCoreClock
 .data.uwTickPrio
                0x20000004        0x4 ./Drivers/STM32H5xx_HAL_Driver/Src/stm32h5xx_hal.o
                0x20000004                uwTickPrio
 .data.uwTickFreq
                0x20000008        0x1 ./Drivers/STM32H5xx_HAL_Driver/Src/stm32h5xx_hal.o
                0x20000008                uwTickFreq
 *fill*         0x20000009        0x3 
 .data.ulCriticalNesting
                0x2000000c        0x4 ./Middlewares/Third_Party/FreeRTOS/Source/portable/GCC/ARM_CM33_NTZ/non_secure/port.o
 .data._impure_ptr
                0x20000010        0x4 C:/ST/STM32CubeIDE_1.16.0/STM32CubeIDE/plugins/com.st.stm32cube.ide.mcu.externaltools.gnu-tools-for-stm32.13.3.rel1.win32_1.0.100.202509120712/tools/bin/../lib/gcc/arm-none-eabi/13.3.1/../../../../arm-none-eabi/lib/thumb/v8-m.main+fp/hard\libc_nano.a(libc_a-impure.o)
                0x20000010                _impure_ptr
 .data._impure_data
                0x20000014       0x4c C:/ST/STM32CubeIDE_1.16.0/STM32CubeIDE/plugins/com.st.stm32cube.ide.mcu.externaltools.gnu-tools-for-stm32.13.3.rel1.win32_1.0.100.202509120712/tools/bin/../lib/gcc/arm-none-eabi/13.3.1/../../../../arm-none-eabi/lib/thumb/v8-m.main+fp/hard\libc_nano.a(libc_a-impure.o)
                0x20000014                _impure_data
 *(.RamFunc)
 *(.RamFunc*)
                0x20000060                        . = ALIGN (0x4)
                0x20000060                        _edata = .

.igot.plt       0x20000060        0x0 load address 0x080132a8
 .igot.plt      0x20000060        0x0 C:/ST/STM32CubeIDE_1.16.0/STM32CubeIDE/plugins/com.st.stm32cube.ide.mcu.externaltools.gnu-tools-for-stm32.13.3.rel1.win32_1.0.100.202509120712/tools/bin/../lib/gcc/arm-none-eabi/13.3.1/thumb/v8-m.main+fp/hard/crtbegin.o
                0x20000060                        . = ALIGN (0x4)

.bss            0x20000060     0x3c48 load address 0x080132a8
                0x20000060                        _sbss = .
                0x20000060                        __bss_start__ = _sbss
 *(.bss)
 .bss           0x20000060       0x1c C:/ST/STM32CubeIDE_1.16.0/STM32CubeIDE/plugins/com.st.stm32cube.ide.mcu.externaltools.gnu-tools-for-stm32.13.3.rel1.win32_1.0.100.202509120712/tools/bin/../lib/gcc/arm-none-eabi/13.3.1/thumb/v8-m.main+fp/hard/crtbegin.o
 *(.bss*)
 .bss.temps     0x2000007c      0x104 ./Core/Src/app_freertos.o
                0x2000007c                temps
 .bss.firstMeasurementDone
                0x20000180        0x1 ./Core/Src/app_freertos.o
                0x20000180                firstMeasurementDone
 .bss.fault_state
                0x20000181        0x1 ./Core/Src/app_freertos.o
                0x20000181                fault_state
 .bss.fault_mask
                0x20000182        0x2 ./Core/Src/app_freertos.o
                0x20000182                fault_mask
 .bss.balancingDone
                0x20000184        0x1 ./Core/Src/app_freertos.o
                0x20000184                balancingDone
 *fill*         0x20000185        0x3 
 .bss.SerialTaskHandle
                0x20000188        0x4 ./Core/Src/app_freertos.o
                0x20000188                SerialTaskHandle
 .bss.MeasurementTaskHandle
                0x2000018c        0x4 ./Core/Src/app_freertos.o
                0x2000018c                MeasurementTaskHandle
 .bss.SafetyTaskHandle
                0x20000190        0x4 ./Core/Src/app_freertos.o
                0x20000190                SafetyTaskHandle
 .bss.CANTaskHandle
                0x20000194        0x4 ./Core/Src/app_freertos.o
                0x20000194                CANTaskHandle
 .bss.BalancingTaskHandle
                0x20000198        0x4 ./Core/Src/app_freertos.o
                0x20000198                BalancingTaskHandle
 .bss.icLockHandle
                0x2000019c        0x4 ./Core/Src/app_freertos.o
                0x2000019c                icLockHandle
 .bss.firstMeasurementHandle
                0x200001a0        0x4 ./Core/Src/app_freertos.o
                0x200001a0                firstMeasurementHandle
 .bss.txHeader1
                0x200001a4       0x24 ./Core/Src/bms_functions.o
                0x200001a4                txHeader1
 .bss.txHeader2
                0x200001c8       0x24 ./Core/Src/bms_functions.o
                0x200001c8                txHeader2
 .bss.rxHeader2
                0x200001ec       0x28 ./Core/Src/bms_functions.o
                0x200001ec                rxHeader2
 .bss.rxData2   0x20000214        0x8 ./Core/Src/bms_functions.o
                0x20000214                rxData2
 .bss.CAN2_Mode
                0x2000021c        0x1 ./Core/Src/bms_functions.o
                0x2000021c                CAN2_Mode
 *fill*         0x2000021d        0x3 
 .bss.hfdcan1   0x20000220       0x64 ./Core/Src/main.o
                0x20000220                hfdcan1
 .bss.hfdcan2   0x20000284       0x64 ./Core/Src/main.o
                0x20000284                hfdcan2
 .bss.hspi1     0x200002e8       0x90 ./Core/Src/main.o
                0x200002e8                hspi1
 .bss.hspi2     0x20000378       0x90 ./Core/Src/main.o
                0x20000378                hspi2
 .bss.hspi3     0x20000408       0x90 ./Core/Src/main.o
                0x20000408                hspi3
 .bss.handle_GPDMA1_Channel2
                0x20000498       0x78 ./Core/Src/main.o
                0x20000498                handle_GPDMA1_Channel2
 .bss.htim2     0x20000510       0x4c ./Core/Src/main.o
                0x20000510                htim2
 .bss.htim6     0x2000055c       0x4c ./Core/Src/main.o
                0x2000055c                htim6
 .bss.huart1    0x200005a8       0x94 ./Core/Src/main.o
                0x200005a8                huart1
 .bss.handle_GPDMA1_Channel0
                0x2000063c       0x78 ./Core/Src/main.o
                0x2000063c                handle_GPDMA1_Channel0
 .bss.IC        0x200006b4      0x910 ./Core/Src/main.o
                0x200006b4                IC
 .bss.ELCON_Voltage
                0x20000fc4        0x2 ./Core/Src/main.o
                0x20000fc4                ELCON_Voltage
 .bss.ELCON_Current
                0x20000fc6        0x2 ./Core/Src/main.o
                0x20000fc6                ELCON_Current
 .bss.ELCON_Status
                0x20000fc8        0x1 ./Core/Src/main.o
                0x20000fc8                ELCON_Status
 *fill*         0x20000fc9        0x3 
 .bss.ELCON_FeedbackReceived
                0x20000fcc        0x1 ./Core/Src/main.o
                0x20000fcc                ELCON_FeedbackReceived
 *fill*         0x20000fcd        0x3 
 .bss.HAL_RCC_FDCAN_CLK_ENABLED
                0x20000fd0        0x4 ./Core/Src/stm32h5xx_hal_msp.o
 .bss.htim7     0x20000fd4       0x4c ./Core/Src/stm32h5xx_hal_timebase_tim.o
                0x20000fd4                htim7
 .bss.__sbrk_heap_end
                0x20001020        0x4 ./Core/Src/sysmem.o
 .bss.uwTick    0x20001024        0x4 ./Drivers/STM32H5xx_HAL_Driver/Src/stm32h5xx_hal.o
                0x20001024                uwTick
 .bss.KernelState
                0x20001028        0x4 ./Middlewares/Third_Party/FreeRTOS/Source/CMSIS_RTOS_V2/cmsis_os2.o
 .bss.xQueueRegistry
                0x2000102c       0x40 ./Middlewares/Third_Party/FreeRTOS/Source/queue.o
                0x2000102c                xQueueRegistry
 .bss.pxCurrentTCB
                0x2000106c        0x4 ./Middlewares/Third_Party/FreeRTOS/Source/tasks.o
                0x2000106c                pxCurrentTCB
 .bss.pxReadyTasksLists
                0x20001070      0x460 ./Middlewares/Third_Party/FreeRTOS/Source/tasks.o
 .bss.xDelayedTaskList1
                0x200014d0       0x14 ./Middlewares/Third_Party/FreeRTOS/Source/tasks.o
 .bss.xDelayedTaskList2
                0x200014e4       0x14 ./Middlewares/Third_Party/FreeRTOS/Source/tasks.o
 .bss.pxDelayedTaskList
                0x200014f8        0x4 ./Middlewares/Third_Party/FreeRTOS/Source/tasks.o
 .bss.pxOverflowDelayedTaskList
                0x200014fc        0x4 ./Middlewares/Third_Party/FreeRTOS/Source/tasks.o
 .bss.xPendingReadyList
                0x20001500       0x14 ./Middlewares/Third_Party/FreeRTOS/Source/tasks.o
 .bss.xTasksWaitingTermination
                0x20001514       0x14 ./Middlewares/Third_Party/FreeRTOS/Source/tasks.o
 .bss.uxDeletedTasksWaitingCleanUp
                0x20001528        0x4 ./Middlewares/Third_Party/FreeRTOS/Source/tasks.o
 .bss.xSuspendedTaskList
                0x2000152c       0x14 ./Middlewares/Third_Party/FreeRTOS/Source/tasks.o
 .bss.uxCurrentNumberOfTasks
                0x20001540        0x4 ./Middlewares/Third_Party/FreeRTOS/Source/tasks.o
 .bss.xTickCount
                0x20001544        0x4 ./Middlewares/Third_Party/FreeRTOS/Source/tasks.o
 .bss.uxTopReadyPriority
                0x20001548        0x4 ./Middlewares/Third_Party/FreeRTOS/Source/tasks.o
 .bss.xSchedulerRunning
                0x2000154c        0x4 ./Middlewares/Third_Party/FreeRTOS/Source/tasks.o
 .bss.xPendedTicks
                0x20001550        0x4 ./Middlewares/Third_Party/FreeRTOS/Source/tasks.o
 .bss.xYieldPendings
                0x20001554        0x4 ./Middlewares/Third_Party/FreeRTOS/Source/tasks.o
 .bss.xNumOfOverflows
                0x20001558        0x4 ./Middlewares/Third_Party/FreeRTOS/Source/tasks.o
 .bss.uxTaskNumber
                0x2000155c        0x4 ./Middlewares/Third_Party/FreeRTOS/Source/tasks.o
 .bss.xNextTaskUnblockTime
                0x20001560        0x4 ./Middlewares/Third_Party/FreeRTOS/Source/tasks.o
 .bss.xIdleTaskHandles
                0x20001564        0x4 ./Middlewares/Third_Party/FreeRTOS/Source/tasks.o
 .bss.uxSchedulerSuspended
                0x20001568        0x4 ./Middlewares/Third_Party/FreeRTOS/Source/tasks.o
 .bss.xIdleTaskTCB.3
                0x2000156c       0x5c ./Middlewares/Third_Party/FreeRTOS/Source/tasks.o
 .bss.uxIdleTaskStack.2
                0x200015c8      0x200 ./Middlewares/Third_Party/FreeRTOS/Source/tasks.o
 .bss.xTimerTaskTCB.1
                0x200017c8       0x5c ./Middlewares/Third_Party/FreeRTOS/Source/tasks.o
 .bss.uxTimerTaskStack.0
                0x20001824      0x200 ./Middlewares/Third_Party/FreeRTOS/Source/tasks.o
 .bss.xActiveTimerList1
                0x20001a24       0x14 ./Middlewares/Third_Party/FreeRTOS/Source/timers.o
 .bss.xActiveTimerList2
                0x20001a38       0x14 ./Middlewares/Third_Party/FreeRTOS/Source/timers.o
 .bss.pxCurrentTimerList
                0x20001a4c        0x4 ./Middlewares/Third_Party/FreeRTOS/Source/timers.o
 .bss.pxOverflowTimerList