Archive member included to satisfy reference by file (symbol)

C:/ST/STM32CubeIDE_1.16.0/STM32CubeIDE/plugins/com.st.stm32cube.ide.mcu.externaltools.gnu-tools-for-stm32.13.3.rel1.win32_1.0.100.202509120712/tools/bin/../lib/gcc/arm-none-eabi/13.3.1/../../../../arm-none-eabi/lib/thumb/v8-m.main+fp/hard\libc_nano.a(libc_a-exit.o)
                              C:/ST/STM32CubeIDE_1.16.0/STM32CubeIDE/plugins/com.st.stm32cube.ide.mcu.externaltools.gnu-tools-for-stm32.13.3.rel1.win32_1.0.100.202509120712/tools/bin/../lib/gcc/arm-none-eabi/13.3.1/../../../../arm-none-eabi/lib/thumb/v8-m.main+fp/hard/crt0.o (exit)
C:/ST/STM32CubeIDE_1.16.0/STM32CubeIDE/plugins/com.st.stm32cube.ide.mcu.externaltools.gnu-tools-for-stm32.13.3.rel1.win32_1.0.100.202509120712/tools/bin/../lib/gcc/arm-none-eabi/13.3.1/../../../../arm-none-eabi/lib/thumb/v8-m.main+fp/hard\libc_nano.a(libc_a-malloc.o)
                              ./Drivers/LTC6813/Src/ltc6813.o (malloc)
C:/ST/STM32CubeIDE_1.16.0/STM32CubeIDE/plugins/com.st.stm32cube.ide.mcu.externaltools.gnu-tools-for-stm32.13.3.rel1.win32_1.0.100.202509120712/tools/bin/../lib/gcc/arm-none-eabi/13.3.1/../../../../arm-none-eabi/lib/thumb/v8-m.main+fp/hard\libc_nano.a(libc_a-mallocr.o)
                              C:/ST/STM32CubeIDE_1.16.0/STM32CubeIDE/plugins/com.st.stm32cube.ide.mcu.externaltools.gnu-tools-for-stm32.13.3.rel1.win32_1.0.100.202509120712/tools/bin/../lib/gcc/arm-none-eabi/13.3.1/../../../../arm-none-eabi/lib/thumb/v8-m.main+fp/hard\libc_nano.a(libc_a-malloc.o) (_malloc_r)
C:/ST/STM32CubeIDE_1.16.0/STM32CubeIDE/plugins/com.st.stm32cube.ide.mcu.externaltools.gnu-tools-for-stm32.13.3.rel1.win32_1.0.100.202509120712/tools/bin/../lib/gcc/arm-none-eabi/13.3.1/../../../../arm-none-eabi/lib/thumb/v8-m.main+fp/hard\libc_nano.a(libc_a-mlock.o)
                              C:/ST/STM32CubeIDE_1.16.0/STM32CubeIDE/plugins/com.st.stm32cube.ide.mcu.externaltools.gnu-tools-for-stm32.13.3.rel1.win32_1.0.100.202509120712/tools/bin/../lib/gcc/arm-none-eabi/13.3.1/../../../../arm-none-eabi/lib/thumb/v8-m.main+fp/hard\libc_nano.a(libc_a-mallocr.o) (__malloc_lock)
C:/ST/STM32CubeIDE_1.16.0/STM32CubeIDE/plugins/com.st.stm32cube.ide.mcu.externaltools.gnu-tools-for-stm32.13.3.rel1.win32_1.0.100.202509120712/tools/bin/../lib/gcc/arm-none-eabi/13.3.1/../../../../arm-none-eabi/lib/thumb/v8-m.main+fp/hard\libc_nano.a(libc_a-findfp.o)
                              C:/ST/STM32CubeIDE_1.16.0/STM32CubeIDE/plugins/com.st.stm32cube.ide.mcu.externaltools.gnu-tools-for-stm32.13.3.rel1.win32_1.0.100.202509120712/tools/bin/../lib/gcc/arm-none-eabi/13.3.1/../../../../arm-none-eabi/lib/thumb/v8-m.main+fp/hard\libc_nano.a(libc_a-exit.o) (__stdio_exit_handler)
C:/ST/STM32CubeIDE_1.16.0/STM32CubeIDE/plugins/com.st.stm32cube.ide.mcu.externaltools.gnu-tools-for-stm32.13.3.rel1.win32_1.0.100.202509120712/tools/bin/../lib/gcc/arm-none-eabi/13.3.1/../../../../arm-none-eabi/lib/thumb/v8-m.main+fp/hard\libc_nano.a(libc_a-fwalk.o)
                              C:/ST/STM32CubeIDE_1.16.0/STM32CubeIDE/plugins/com.st.stm32cube.ide.mcu.externaltools.gnu-tools-for-stm32.13.3.rel1.win32_1.0.100.202509120712/tools/bin/../lib/gcc/arm-none-eabi/13.3.1/../../../../arm-none-eabi/lib/thumb/v8-m.main+fp/hard\libc_nano.a(libc_a-findfp.o) (_fwalk_sglue)
C:/ST/STM32CubeIDE_1.16.0/STM32CubeIDE/plugins/com.st.stm32cube.ide.mcu.externaltools.gnu-tools-for-stm32.13.3.rel1.win32_1.0.100.202509120712/tools/bin/../lib/gcc/arm-none-eabi/13.3.1/../../../../arm-none-eabi/lib/thumb/v8-m.main+fp/hard\libc_nano.a(libc_a-snprintf.o)
                              ./Drivers/LTC6813/Src/ltc6813.o (snprintf)
C:/ST/STM32CubeIDE_1.16.0/STM32CubeIDE/plugins/com.st.stm32cube.ide.mcu.externaltools.gnu-tools-for-stm32.13.3.rel1.win32_1.0.100.202509120712/tools/bin/../lib/gcc/arm-none-eabi/13.3.1/../../../../arm-none-eabi/lib/thumb/v8-m.main+fp/hard\libc_nano.a(libc_a-sprintf.o)
                              ./Drivers/LTC6813/Src/ltc6813.o (sprintf)
C:/ST/STM32CubeIDE_1.16.0/STM32CubeIDE/plugins/com.st.stm32cube.ide.mcu.externaltools.gnu-tools-for-stm32.13.3.rel1.win32_1.0.100.202509120712/tools/bin/../lib/gcc/arm-none-eabi/13.3.1/../../../../arm-none-eabi/lib/thumb/v8-m.main+fp/hard\libc_nano.a(libc_a-stdio.o)
                              C:/ST/STM32CubeIDE_1.16.0/STM32CubeIDE/plugins/com.st.stm32cube.ide.mcu.externaltools.gnu-tools-for-stm32.13.3.rel1.win32_1.0.100.202509120712/tools/bin/../lib/gcc/arm-none-eabi/13.3.1/../../../../arm-none-eabi/lib/thumb/v8-m.main+fp/hard\libc_nano.a(libc_a-findfp.o) (__sread)
C:/ST/STM32CubeIDE_1.16.0/STM32CubeIDE/plugins/com.st.stm32cube.ide.mcu.externaltools.gnu-tools-for-stm32.13.3.rel1.win32_1.0.100.202509120712/tools/bin/../lib/gcc/arm-none-eabi/13.3.1/../../../../arm-none-eabi/lib/thumb/v8-m.main+fp/hard\libc_nano.a(libc_a-memset.o)
[...]
Memory Configuration

Name             Origin             Length             Attributes
RAM              0x20000000         0x000a0000         xrw
FLASH            0x08000000         0x00200000         xr
*default*        0x00000000         0xffffffff

Linker script and memory map

LOAD C:/ST/STM32CubeIDE_1.16.0/STM32CubeIDE/plugins/com.st.stm32cube.ide.mcu.externaltools.gnu-tools-for-stm32.13.3.rel1.win32_1.0.100.202509120712/tools/bin/../lib/gcc/arm-none-eabi/13.3.1/thumb/v8-m.main+fp/hard/crti.o
LOAD C:/ST/STM32CubeIDE_1.16.0/STM32CubeIDE/plugins/com.st.stm32cube.ide.mcu.externaltools.gnu-tools-for-stm32.13.3.rel1.win32_1.0.100.202509120712/tools/bin/../lib/gcc/arm-none-eabi/13.3.1/thumb/v8-m.main+fp/hard/crtbegin.o
LOAD C:/ST/STM32CubeIDE_1.16.0/STM32CubeIDE/plugins/com.st.stm32cube.ide.mcu.externaltools.gnu-tools-for-stm32.13.3.rel1.win32_1.0.100.202509120712/tools/bin/../lib/gcc/arm-none-eabi/13.3.1/../../../../arm-none-eabi/lib/thumb/v8-m.main+fp/hard/crt0.o
LOAD ./Core/Src/app_freertos.o
LOAD ./Core/Src/bms_functions.o
LOAD ./Core/Src/main.o
LOAD ./Core/Src/stm32h5xx_hal_msp.o
LOAD ./Core/Src/stm32h5xx_hal_timebase_tim.o
LOAD ./Core/Src/stm32h5xx_it.o
LOAD ./Core/Src/syscalls.o
LOAD ./Core/Src/sysmem.o
LOAD ./Core/Src/system_stm32h5xx.o
LOAD ./Core/Startup/startup_stm32h563ritx.o
LOAD ./Drivers/LTC6813/Src/ltc6813.o
LOAD ./Drivers/STM32H5xx_HAL_Driver/Src/stm32h5xx_hal.o
LOAD ./Drivers/STM32H5xx_HAL_Driver/Src/stm32h5xx_hal_cortex.o
LOAD ./Drivers/STM32H5xx_HAL_Driver/Src/stm32h5xx_hal_dma.o
LOAD ./Drivers/STM32H5xx_HAL_Driver/Src/stm32h5xx_hal_dma_ex.o
LOAD ./Drivers/STM32H5xx_HAL_Driver/Src/stm32h5xx_hal_exti.o
LOAD ./Drivers/STM32H5xx_HAL_Driver/Src/stm32h5xx_hal_fdcan.o
LOAD ./Drivers/STM32H5xx_HAL_Driver/Src/stm32h5xx_hal_flash.o
LOAD ./Drivers/STM32H5xx_HAL_Driver/Src/stm32h5xx_hal_flash_ex.o
LOAD ./Drivers/STM32H5xx_HAL_Driver/Src/stm32h5xx_hal_gpio.o
LOAD ./Drivers/STM32H5xx_HAL_Driver/Src/stm32h5xx_hal_icache.o
LOAD ./Drivers/STM32H5xx_HAL_Driver/Src/stm32h5xx_hal_pwr.o
LOAD ./Drivers/STM32H5xx_HAL_Driver/Src/stm32h5xx_hal_pwr_ex.o
LOAD ./Drivers/STM32H5xx_HAL_Driver/Src/stm32h5xx_hal_rcc.o
LOAD ./Drivers/STM32H5xx_HAL_Driver/Src/stm32h5xx_hal_rcc_ex.o
LOAD ./Drivers/STM32H5xx_HAL_Driver/Src/stm32h5xx_hal_spi.o
LOAD ./Drivers/STM32H5xx_HAL_Driver/Src/stm32h5xx_hal_spi_ex.o
LOAD ./Drivers/STM32H5xx_HAL_Driver/Src/stm32h5xx_hal_tim.o
LOAD ./Drivers/STM32H5xx_HAL_Driver/Src/stm32h5xx_hal_tim_ex.o
LOAD ./Drivers/STM32H5xx_HAL_Driver/Src/stm32h5xx_hal_uart.o
LOAD ./Drivers/STM32H5xx_HAL_Driver/Src/stm32h5xx_hal_uart_ex.o
LOAD ./Middlewares/Third_Party/FreeRTOS/Source/CMSIS_RTOS_V2/cmsis_os2.o
LOAD ./Middlewares/Third_Party/FreeRTOS/Source/croutine.o
LOAD ./Middlewares/Third_Party/FreeRTOS/Source/event_groups.o
LOAD ./Middlewares/Third_Party/FreeRTOS/Source/list.o
LOAD ./Middlewares/Third_Party/FreeRTOS/Source/queue.o
LOAD ./Middlewares/Third_Party/FreeRTOS/Source/stream_buffer.o
LOAD ./Middlewares/Third_Party/FreeRTOS/Source/tasks.o
LOAD ./Middlewares/Third_Party/FreeRTOS/Source/timers.o
LOAD ./Middlewares/Third_Party/FreeRTOS/Source/portable/GCC/ARM_CM33_NTZ/non_secure/port.o
LOAD ./Middlewares/Third_Party/FreeRTOS/Source/portable/GCC/ARM_CM33_NTZ/non_secure/portasm.o
LOAD ./Middlewares/Third_Party/FreeRTOS/Source/portable/MemMang/heap_1.o
START GROUP
LOAD C:/ST/STM32CubeIDE_1.16.0/STM32CubeIDE/plugins/com.st.stm32cube.ide.mcu.externaltools.gnu-tools-for-stm32.13.3.rel1.win32_1.0.100.202509120712/tools/bin/../lib/gcc/arm-none-eabi/13.3.1/../../../../arm-none-eabi/lib/thumb/v8-m.main+fp/hard\libc_nano.a
LOAD C:/ST/STM32CubeIDE_1.16.0/STM32CubeIDE/plugins/com.st.stm32cube.ide.mcu.externaltools.gnu-tools-for-stm32.13.3.rel1.win32_1.0.100.202509120712/tools/bin/../lib/gcc/arm-none-eabi/13.3.1/../../../../arm-none-eabi/lib/thumb/v8-m.main+fp/hard\libm.a
END GROUP
START GROUP
LOAD C:/ST/STM32CubeIDE_1.16.0/STM32CubeIDE/plugins/com.st.stm32cube.ide.mcu.externaltools.gnu-tools-for-stm32.13.3.rel1.win32_1.0.100.202509120712/tools/bin/../lib/gcc/arm-none-eabi/13.3.1/thumb/v8-m.main+fp/hard\libgcc.a
LOAD C:/ST/STM32CubeIDE_1.16.0/STM32CubeIDE/plugins/com.st.stm32cube.ide.mcu.externaltools.gnu-tools-for-stm32.13.3.rel1.win32_1.0.100.202509120712/tools/bin/../lib/gcc/arm-none-eabi/13.3.1/../../../../arm-none-eabi/lib/thumb/v8-m.main+fp/hard\libc_nano.a
END GROUP
START GROUP
LOAD C:/ST/STM32CubeIDE_1.16.0/STM32CubeIDE/plugins/com.st.stm32cube.ide.mcu.externaltools.gnu-tools-for-stm32.13.3.rel1.win32_1.0.100.202509120712/tools/bin/../lib/gcc/arm-none-eabi/13.3.1/thumb/v8-m.main+fp/hard\libgcc.a
LOAD C:/ST/STM32CubeIDE_1.16.0/STM32CubeIDE/plugins/com.st.stm32cube.ide.mcu.externaltools.gnu-tools-for-stm32.13.3.rel1.win32_1.0.100.202509120712/tools/bin/../lib/gcc/arm-none-eabi/13.3.1/../../../../arm-none-eabi/lib/thumb/v8-m.main+fp/hard\libc_nano.a
LOAD C:/ST/STM32CubeIDE_1.16.0/STM32CubeIDE/plugins/com.st.stm32cube.ide.mcu.externaltools.gnu-tools-for-stm32.13.3.rel1.win32_1.0.100.202509120712/tools/bin/../lib/gcc/arm-none-eabi/13.3.1/../../../../arm-none-eabi/lib/thumb/v8-m.main+fp/hard\libnosys.a
END GROUP
START GROUP
LOAD C:/ST/STM32CubeIDE_1.16.0/STM32CubeIDE/plugins/com.st.stm32cube.ide.mcu.externaltools.gnu-tools-for-stm32.13.3.rel1.win32_1.0.100.202509120712/tools/bin/../lib/gcc/arm-none-eabi/13.3.1/thumb/v8-m.main+fp/hard\libgcc.a
LOAD C:/ST/STM32CubeIDE_1.16.0/STM32CubeIDE/plugins/com.st.stm32cube.ide.mcu.externaltools.gnu-tools-for-stm32.13.3.rel1.win32_1.0.100.202509120712/tools/bin/../lib/gcc/arm-none-eabi/13.3.1/../../../../arm-none-eabi/lib/thumb/v8-m.main+fp/hard\libc_nano.a
LOAD C:/ST/STM32CubeIDE_1.16.0/STM32CubeIDE/plugins/com.st.stm32cube.ide.mcu.externaltools.gnu-tools-for-stm32.13.3.rel1.win32_1.0.100.202509120712/tools/bin/../lib/gcc/arm-none-eabi/13.3.1/../../../../arm-none-eabi/lib/thumb/v8-m.main+fp/hard\libnosys.a
END GROUP
LOAD C:/ST/STM32CubeIDE_1.16.0/STM32CubeIDE/plugins/com.st.stm32cube.ide.mcu.externaltools.gnu-tools-for-stm32.13.3.rel1.win32_1.0.100.202509120712/tools/bin/../lib/gcc/arm-none-eabi/13.3.1/thumb/v8-m.main+fp/hard/crtend.o
LOAD C:/ST/STM32CubeIDE_1.16.0/STM32CubeIDE/plugins/com.st.stm32cube.ide.mcu.externaltools.gnu-tools-for-stm32.13.3.rel1.win32_1.0.100.202509120712/tools/bin/../lib/gcc/arm-none-eabi/13.3.1/thumb/v8-m.main+fp/hard/crtn.o
                0x200a0000                        _estack = (ORIGIN (RAM) + LENGTH (RAM))
                0x2009fc00                        _sstack = (_estack - _Min_Stack_Size)
                0x00000200                        _Min_Heap_Size = 0x200
                0x00000400                        _Min_Stack_Size = 0x400

.isr_vector     0x08000000      0x24c
                0x08000000                        . = ALIGN (0x4)
 *(.isr_vector)
 .isr_vector    0x08000000      0x24c ./Core/Startup/startup_stm32h563ritx.o
                0x08000000                g_pfnVectors
                0x0800024c                        . = ALIGN (0x4)

.text           0x08000250    0x15ab0
                0x08000250                        . = ALIGN (0x4)
 *(.text)
 .text          0x08000250       0x40 C:/ST/STM32CubeIDE_1.16.0/STM32CubeIDE/plugins/com.st.stm32cube.ide.mcu.externaltools.gnu-tools-for-stm32.13.3.rel1.win32_1.0.100.202509120712/tools/bin/../lib/gcc/arm-none-eabi/13.3.1/thumb/v8-m.main+fp/hard/crtbegin.o
 .text          0x08000290       0x10 C:/ST/STM32CubeIDE_1.16.0/STM32CubeIDE/plugins/com.st.stm32cube.ide.mcu.externaltools.gnu-tools-for-stm32.13.3.rel1.win32_1.0.100.202509120712/tools/bin/../lib/gcc/arm-none-eabi/13.3.1/../../../../arm-none-eabi/lib/thumb/v8-m.main+fp/hard\libc_nano.a(libc_a-strlen.o)
                0x08000290                strlen
 .text          0x080002a0      0x378 C:/ST/STM32CubeIDE_1.16.0/STM32CubeIDE/plugins/com.st.stm32cube.ide.mcu.externaltools.gnu-tools-for-stm32.13.3.rel1.win32_1.0.100.202509120712/tools/bin/../lib/gcc/arm-none-eabi/13.3.1/thumb/v8-m.main+fp/hard\libgcc.a(_arm_addsubdf3.o)
                0x080002a0                __aeabi_drsub
                0x080002a8                __aeabi_dsub
                0x080002a8                __subdf3
                0x080002ac                __aeabi_dadd
                0x080002ac                __adddf3
                0x08000524                __floatunsidf
                0x08000524                __aeabi_ui2d
                0x08000544                __floatsidf
                0x08000544                __aeabi_i2d
                0x08000568                __aeabi_f2d
                0x08000568                __extendsfdf2
                0x080005ac                __floatundidf
                0x080005ac                __aeabi_ul2d
                0x080005bc                __floatdidf
                0x080005bc                __aeabi_l2d
 .text          0x08000618      0x424 C:/ST/STM32CubeIDE_1.16.0/STM32CubeIDE/plugins/com.st.stm32cube.ide.mcu.externaltools.gnu-tools-for-stm32.13.3.rel1.win32_1.0.100.202509120712/tools/bin/../lib/gcc/arm-none-eabi/13.3.1/thumb/v8-m.main+fp/hard\libgcc.a(_arm_muldivdf3.o)
                0x08000618                __aeabi_dmul
                0x08000618                __muldf3
                0x0800086c                __divdf3
                0x0800086c                __aeabi_ddiv
 .text          0x08000a3c       0xa0 C:/ST/STM32CubeIDE_1.16.0/STM32CubeIDE/plugins/com.st.stm32cube.ide.mcu.externaltools.gnu-tools-for-stm32.13.3.rel1.win32_1.0.100.202509120712/tools/bin/../lib/gcc/arm-none-eabi/13.3.1/thumb/v8-m.main+fp/hard\libgcc.a(_arm_truncdfsf2.o)
                0x08000a3c                __truncdfsf2
                0x08000a3c                __aeabi_d2f
 .text          0x08000adc       0x30 C:/ST/STM32CubeIDE_1.16.0/STM32CubeIDE/plugins/com.st.stm32cube.ide.mcu.externaltools.gnu-tools-for-stm32.13.3.rel1.win32_1.0.100.202509120712/tools/bin/../lib/gcc/arm-none-eabi/13.3.1/thumb/v8-m.main+fp/hard\libgcc.a(_aeabi_uldivmod.o)
                0x08000adc                __aeabi_uldivmod
 .text          0x08000b0c      0x348 C:/ST/STM32CubeIDE_1.16.0/STM32CubeIDE/plugins/com.st.stm32cube.ide.mcu.externaltools.gnu-tools-for-stm32.13.3.rel1.win32_1.0.100.202509120712/tools/bin/../lib/gcc/arm-none-eabi/13.3.1/thumb/v8-m.main+fp/hard\libgcc.a(_udivmoddi4.o)
                0x08000b0c                __udivmoddi4
 .text          0x08000e54        0x4 C:/ST/STM32CubeIDE_1.16.0/STM32CubeIDE/plugins/com.st.stm32cube.ide.mcu.externaltools.gnu-tools-for-stm32.13.3.rel1.win32_1.0.100.202509120712/tools/bin/../lib/gcc/arm-none-eabi/13.3.1/thumb/v8-m.main+fp/hard\libgcc.a(_dvmd_tls.o)
                0x08000e54                __aeabi_idiv0
                0x08000e54                __aeabi_ldiv0
 *(.text*)
 .text.FAULT_LOW
                0x08000e58       0x2c ./Core/Src/app_freertos.o
 .text.MX_FREERTOS_Init
                0x08000e84      0x148 ./Core/Src/app_freertos.o
                0x08000e84                MX_FREERTOS_Init
 .text.SerialTask
                0x08000fcc       0x74 ./Core/Src/app_freertos.o
                0x08000fcc                SerialTask
 .text.MeasurementTask
                0x08001040      0x13c ./Core/Src/app_freertos.o
                0x08001040                MeasurementTask
 .text.SafetyTask
                0x0800117c      0x104 ./Core/Src/app_freertos.o
                0x0800117c                SafetyTask
 .text.CANTask  0x08001280      0x15c ./Core/Src/app_freertos.o
                0x08001280                CANTask
 .text.BalancingTask
                0x080013dc       0x9c ./Core/Src/app_freertos.o
                0x080013dc                BalancingTask
 .text.ChargingTimerCallback
                0x08001478       0x2c ./Core/Src/app_freertos.o
                0x08001478                ChargingTimerCallback
 .text.canTimer
                0x080014a4       0x14 ./Core/Src/app_freertos.o
                0x080014a4                canTimer
 .text.measurementWatchdogTimer
                0x080014b8       0x28 ./Core/Src/app_freertos.o
                0x080014b8                measurementWatchdogTimer
 .text.SafetyWatchdogTimer
                0x080014e0       0x28 ./Core/Src/app_freertos.o
                0x080014e0                SafetyWatchdogTimer
 .text.packU16  0x08001508       0x32 ./Core/Src/bms_functions.o
 .text.packS16  0x0800153a       0x30 ./Core/Src/bms_functions.o
 *fill*         0x0800156a        0x2 
 .text.code_to_mV
                0x0800156c       0x30 ./Core/Src/bms_functions.o
                0x0800156c                code_to_mV
 *fill*         0x0800159c        0x4 
 .text.ntc_to_temp
                0x080015a0       0xdc ./Core/Src/bms_functions.o
                0x080015a0                ntc_to_temp
 .text.voltage_analytics
                0x0800167c       0xea ./Core/Src/bms_functions.o
                0x0800167c                voltage_analytics
 .text.temp_analytics
                0x08001766       0xd4 ./Core/Src/bms_functions.o
                0x08001766                temp_analytics
 .text.read_cell_voltages
                0x0800183a       0x4e ./Core/Src/bms_functions.o
                0x0800183a                read_cell_voltages
 .text.read_cell_temps
                0x08001888       0xcc ./Core/Src/bms_functions.o
                0x08001888                read_cell_temps
 .text.print_cell_voltages
                0x08001954       0x94 ./Core/Src/bms_functions.o
                0x08001954                print_cell_voltages
 .text.print_cell_temps
                0x080019e8       0x88 ./Core/Src/bms_functions.o
                0x080019e8                print_cell_temps
 .text.print_faults
                0x08001a70       0xa4 ./Core/Src/bms_functions.o
                0x08001a70                print_faults
 .text.check_uv_ov_fault
                0x08001b14      0x10e ./Core/Src/bms_functions.o
                0x08001b14                check_uv_ov_fault
 .text.check_ut_ot_fault
                0x08001c22      0x11a ./Core/Src/bms_functions.o
                0x08001c22                check_ut_ot_fault
 .text.FDCAN1_Init
                0x08001d3c       0x74 ./Core/Src/bms_functions.o
                0x08001d3c                FDCAN1_Init
 .text.FDCAN2_Init
                0x08001db0       0x80 ./Core/Src/bms_functions.o
                0x08001db0                FDCAN2_Init
 .text.FDCAN_AddToTxFifoQ
                0x08001e30       0x4c ./Core/Src/bms_functions.o
 .text.CAN_TX_Enqueue
                0x08001e7c       0x82 ./Core/Src/bms_functions.o
                0x08001e7c                CAN_TX_Enqueue
 *fill*         0x08001efe        0x2 
 .text.CAN_TX_Process
                0x08001f00       0x60 ./Core/Src/bms_functions.o
                0x08001f00                CAN_TX_Process
 .text.FDCAN_SendCellData
                0x08001f60       0xac ./Core/Src/bms_functions.o
                0x08001f60                FDCAN_SendCellData
 .text.FDCAN_SendPackData
                0x0800200c       0x7c ./Core/Src/bms_functions.o
                0x0800200c                FDCAN_SendPackData
 .text.CAN_Logging
                0x08002088       0xa8 ./Core/Src/bms_functions.o
                0x08002088                CAN_Logging
 .text.FDCAN_SendFault
                0x08002130       0x78 ./Core/Src/bms_functions.o
                0x08002130                FDCAN_SendFault
 .text.FDCAN_SendChargerMessage
                0x080021a8       0x80 ./Core/Src/bms_functions.o
                0x080021a8                FDCAN_SendChargerMessage
 .text.FDCAN_StartCharging
                0x08002228       0x48 ./Core/Src/bms_functions.o
                0x08002228                FDCAN_StartCharging
 .text.FDCAN_StopCharging
                0x08002270       0x44 ./Core/Src/bms_functions.o
                0x08002270                FDCAN_StopCharging
 .text.CAN_Charging
                0x080022b4       0x50 ./Core/Src/bms_functions.o
                0x080022b4                CAN_Charging
 .text.balance_cells
                0x08002304      0x200 ./Core/Src/bms_functions.o
                0x08002304                balance_cells
 .text.FAULT_HIGH
                0x08002504       0x2c ./Core/Src/main.o
 .text.FAULT_LOW
                0x08002530       0x2c ./Core/Src/main.o
 .text.main     0x0800255c       0xc0 ./Core/Src/main.o
                0x0800255c                main
 .text.SystemClock_Config
                0x0800261c       0xe4 ./Core/Src/main.o
                0x0800261c                SystemClock_Config
 .text.PeriphCommonClock_Config
                0x08002700       0xe2 ./Core/Src/main.o
                0x08002700                PeriphCommonClock_Config
 *fill*         0x080027e2        0x2 
 .text.MX_FDCAN1_Init
                0x080027e4       0x8c ./Core/Src/main.o
 .text.MX_FDCAN2_Init
                0x08002870       0x8c ./Core/Src/main.o
 .text.MX_GPDMA1_Init
                0x080028fc       0x50 ./Core/Src/main.o
 .text.MX_ICACHE_Init
                0x0800294c       0x26 ./Core/Src/main.o
 *fill*         0x08002972        0x2 
 .text.MX_SPI1_Init
                0x08002974       0xb0 ./Core/Src/main.o
 .text.MX_SPI2_Init
                0x08002a24       0xac ./Core/Src/main.o
 .text.MX_SPI3_Init
                0x08002ad0       0xac ./Core/Src/main.o
 .text.MX_TIM2_Init
                0x08002b7c       0x9c ./Core/Src/main.o
 .text.MX_TIM6_Init
                0x08002c18       0x70 ./Core/Src/main.o
 .text.MX_USART1_UART_Init
                0x08002c88       0x98 ./Core/Src/main.o
 .text.MX_GPIO_Init
                0x08002d20      0x11c ./Core/Src/main.o
 .text.HAL_FDCAN_RxFifo1Callback
                0x08002e3c       0x3c ./Core/Src/main.o
                0x08002e3c                HAL_FDCAN_RxFifo1Callback
 .text.HAL_UART_RxCpltCallback
                0x08002e78       0xf0 ./Core/Src/main.o
                0x08002e78                HAL_UART_RxCpltCallback
 .text.MPU_Config
                0x08002f68       0x6c ./Core/Src/main.o
 .text.HAL_TIM_PeriodElapsedCallback
                0x08002fd4       0x24 ./Core/Src/main.o
                0x08002fd4                HAL_TIM_PeriodElapsedCallback
 .text.Error_Handler
                0x08002ff8       0x10 ./Core/Src/main.o
                0x08002ff8                Error_Handler
 .text.HAL_MspInit
                0x08003008       0x14 ./Core/Src/stm32h5xx_hal_msp.o
                0x08003008                HAL_MspInit
 .text.HAL_FDCAN_MspInit
                0x0800301c      0x22c ./Core/Src/stm32h5xx_hal_msp.o
                0x0800301c                HAL_FDCAN_MspInit
 .text.HAL_SPI_MspInit
                0x08003248      0x390 ./Core/Src/stm32h5xx_hal_msp.o
                0x08003248                HAL_SPI_MspInit
 .text.HAL_TIM_Base_MspInit
                0x080035d8       0x7c ./Core/Src/stm32h5xx_hal_msp.o
                0x080035d8                HAL_TIM_Base_MspInit
 .text.HAL_UART_MspInit
                0x08003654      0x1c8 ./Core/Src/stm32h5xx_hal_msp.o
                0x08003654                HAL_UART_MspInit
 .text.HAL_InitTick
                0x0800381c       0xec ./Core/Src/stm32h5xx_hal_timebase_tim.o
                0x0800381c                HAL_InitTick
 .text.NMI_Handler
                0x08003908        0x8 ./Core/Src/stm32h5xx_it.o
                0x08003908                NMI_Handler
 .text.HardFault_Handler
                0x08003910        0x8 ./Core/Src/stm32h5xx_it.o
                0x08003910                HardFault_Handler
 .text.MemManage_Handler
                0x08003918        0x8 ./Core/Src/stm32h5xx_it.o
                0x08003918                MemManage_Handler
 .text.BusFault_Handler
                0x08003920        0x8 ./Core/Src/stm32h5xx_it.o
                0x08003920                BusFault_Handler
 .text.UsageFault_Handler
                0x08003928        0x8 ./Core/Src/stm32h5xx_it.o
                0x08003928                UsageFault_Handler
 .text.DebugMon_Handler
                0x08003930        0xe ./Core/Src/stm32h5xx_it.o
                0x08003930                DebugMon_Handler
 *fill*         0x0800393e        0x2 
 .text.GPDMA1_Channel0_IRQHandler
                0x08003940       0x14 ./Core/Src/stm32h5xx_it.o
                0x08003940                GPDMA1_Channel0_IRQHandler
 .text.GPDMA1_Channel2_IRQHandler
                0x08003954       0x14 ./Core/Src/stm32h5xx_it.o
                0x08003954                GPDMA1_Channel2_IRQHandler
 .text.FDCAN1_IT0_IRQHandler
                0x08003968       0x14 ./Core/Src/stm32h5xx_it.o
                0x08003968                FDCAN1_IT0_IRQHandler
 .text.TIM6_IRQHandler
                0x0800397c       0x14 ./Core/Src/stm32h5xx_it.o
                0x0800397c                TIM6_IRQHandler
 .text.TIM7_IRQHandler
                0x08003990       0x14 ./Core/Src/stm32h5xx_it.o
                0x08003990                TIM7_IRQHandler
 .text.SPI1_IRQHandler
                0x080039a4       0x14 ./Core/Src/stm32h5xx_it.o
                0x080039a4                SPI1_IRQHandler
 .text.USART1_IRQHandler
                0x080039b8       0x14 ./Core/Src/stm32h5xx_it.o
                0x080039b8                USART1_IRQHandler
 .text._sbrk    0x080039cc       0x6c ./Core/Src/sysmem.o
                0x080039cc                _sbrk
 .text.SystemInit
                0x08003a38      0x100 ./Core/Src/system_stm32h5xx.o
                0x08003a38                SystemInit
 .text.Reset_Handler
                0x08003b38       0x5c ./Core/Startup/startup_stm32h563ritx.o
                0x08003b38                Reset_Handler
 .text.Default_Handler
                0x08003b94        0x2 ./Core/Startup/startup_stm32h563ritx.o
                0x08003b94                EXTI2_IRQHandler
                0x08003b94                TIM8_TRG_COM_IRQHandler
                0x08003b94                TIM8_CC_IRQHandler
                0x08003b94                EXTI5_IRQHandler
                0x08003b94                I3C1_ER_IRQHandler
                0x08003b94                UART8_IRQHandler
                0x08003b94                SPI4_IRQHandler
                0x08003b94                GPDMA2_Channel1_IRQHandler
                0x08003b94                FLASH_S_IRQHandler
                0x08003b94                EXTI13_IRQHandler
                0x08003b94                TIM1_CC_IRQHandler
                0x08003b94                GPDMA2_Channel3_IRQHandler
                0x08003b94                TAMP_IRQHandler
                0x08003b94                EXTI12_IRQHandler
                0x08003b94                CORDIC_IRQHandler
                0x08003b94                USB_DRD_FS_IRQHandler
                0x08003b94                EXTI3_IRQHandler
                0x08003b94                LPTIM4_IRQHandler
                0x08003b94                GPDMA1_Channel5_IRQHandler
                0x08003b94                EXTI8_IRQHandler
                0x08003b94                GPDMA2_Channel5_IRQHandler
                0x08003b94                LPTIM2_IRQHandler
                0x08003b94                I2C3_ER_IRQHandler
                0x08003b94                GPDMA2_Channel2_IRQHandler
                0x08003b94                USART10_IRQHandler
                0x08003b94                LPTIM3_IRQHandler
                0x08003b94                EXTI0_IRQHandler
                0x08003b94                I2C2_EV_IRQHandler
                0x08003b94                FPU_IRQHandler
                0x08003b94                GPDMA1_Channel3_IRQHandler
                0x08003b94                GPDMA1_Channel7_IRQHandler
                0x08003b94                FDCAN1_IT1_IRQHandler
                0x08003b94                RAMCFG_IRQHandler
                0x08003b94                DCACHE1_IRQHandler
                0x08003b94                OCTOSPI1_IRQHandler
                0x08003b94                TIM8_UP_IRQHandler
                0x08003b94                RCC_S_IRQHandler
                0x08003b94                SAI2_IRQHandler
                0x08003b94                ADC1_IRQHandler
                0x08003b94                USART6_IRQHandler
                0x08003b94                EXTI15_IRQHandler
                0x08003b94                TIM17_IRQHandler
                0x08003b94                USART3_IRQHandler
                0x08003b94                RTC_IRQHandler
                0x08003b94                EXTI9_IRQHandler
                0x08003b94                LPTIM5_IRQHandler
                0x08003b94                UART5_IRQHandler
                0x08003b94                TIM4_IRQHandler
                0x08003b94                I2C1_EV_IRQHandler
                0x08003b94                GPDMA1_Channel1_IRQHandler
                0x08003b94                TIM16_IRQHandler
                0x08003b94                UART4_IRQHandler
                0x08003b94                SecureFault_Handler
                0x08003b94                TIM3_IRQHandler
                0x08003b94                RCC_IRQHandler
                0x08003b94                UART9_IRQHandler
                0x08003b94                TIM1_TRG_COM_IRQHandler
                0x08003b94                Default_Handler
                0x08003b94                FMAC_IRQHandler
                0x08003b94                CEC_IRQHandler
                0x08003b94                USART11_IRQHandler
                0x08003b94                TIM14_IRQHandler
                0x08003b94                TIM13_IRQHandler
                0x08003b94                GPDMA2_Channel4_IRQHandler
                0x08003b94                SPI5_IRQHandler
                0x08003b94                TIM12_IRQHandler
                0x08003b94                SDMMC1_IRQHandler
                0x08003b94                TIM5_IRQHandler
                0x08003b94                UCPD1_IRQHandler
                0x08003b94                I3C1_EV_IRQHandler
                0x08003b94                TIM15_IRQHandler
                0x08003b94                PVD_AVD_IRQHandler
                0x08003b94                I2C3_EV_IRQHandler
                0x08003b94                ETH_WKUP_IRQHandler
                0x08003b94                ADC2_IRQHandler
                0x08003b94                SPI2_IRQHandler
                0x08003b94                EXTI14_IRQHandler
                0x08003b94                EXTI11_IRQHandler
                0x08003b94                CRS_IRQHandler
                0x08003b94                EXTI4_IRQHandler
                0x08003b94                GPDMA2_Channel0_IRQHandler
                0x08003b94                RTC_S_IRQHandler
                0x08003b94                RNG_IRQHandler
                0x08003b94                FDCAN2_IT1_IRQHandler
                0x08003b94                ETH_IRQHandler
                0x08003b94                GPDMA2_Channel6_IRQHandler
                0x08003b94                TIM1_UP_IRQHandler
                0x08003b94                UART12_IRQHandler
                0x08003b94                WWDG_IRQHandler
                0x08003b94                SPI6_IRQHandler
                0x08003b94                I2C4_EV_IRQHandler
                0x08003b94                FDCAN2_IT0_IRQHandler
                0x08003b94                IWDG_IRQHandler
                0x08003b94                LPUART1_IRQHandler
                0x08003b94                TIM2_IRQHandler
                0x08003b94                GPDMA1_Channel4_IRQHandler
                0x08003b94                EXTI7_IRQHandler
                0x08003b94                TIM1_BRK_IRQHandler
                0x08003b94                EXTI1_IRQHandler
                0x08003b94                SDMMC2_IRQHandler
                0x08003b94                LPTIM6_IRQHandler
                0x08003b94                DAC1_IRQHandler
                0x08003b94                DTS_IRQHandler
                0x08003b94                UART7_IRQHandler
                0x08003b94                GTZC_IRQHandler
                0x08003b94                USART2_IRQHandler
                0x08003b94                GPDMA1_Channel6_IRQHandler
                0x08003b94                GPDMA2_Channel7_IRQHandler
                0x08003b94                I2C2_ER_IRQHandler
                0x08003b94                TIM8_BRK_IRQHandler
                0x08003b94                FLASH_IRQHandler
                0x08003b94                EXTI10_IRQHandler
                0x08003b94                SPI3_IRQHandler
                0x08003b94                I2C1_ER_IRQHandler
                0x08003b94                FMC_IRQHandler
                0x08003b94                EXTI6_IRQHandler
                0x08003b94                LPTIM1_IRQHandler
                0x08003b94                DCMI_PSSI_IRQHandler
                0x08003b94                I2C4_ER_IRQHandler
                0x08003b94                ICACHE_IRQHandler
                0x08003b94                SAI1_IRQHandler
                0x08003b94                HASH_IRQHandler
 .text.cs_low   0x08003b96       0x20 ./Drivers/LTC6813/Src/ltc6813.o
                0x08003b96                cs_low
 .text.cs_high  0x08003bb6       0x20 ./Drivers/LTC6813/Src/ltc6813.o
                0x08003bb6                cs_high
 .text.delay_m  0x08003bd6       0x1a ./Drivers/LTC6813/Src/ltc6813.o
                0x08003bd6                delay_m
 .text.spi_write_array
                0x08003bf0       0x32 ./Drivers/LTC6813/Src/ltc6813.o
                0x08003bf0                spi_write_array
 .text.spi_read_byte
                0x08003c22       0x2c ./Drivers/LTC6813/Src/ltc6813.o
                0x08003c22                spi_read_byte
 *fill*         0x08003c4e        0x2 
 .text.uart_print
                0x08003c50       0x2c ./Drivers/LTC6813/Src/ltc6813.o
                0x08003c50                uart_print
 .text.uart_print_uint
                0x08003c7c       0x2c ./Drivers/LTC6813/Src/ltc6813.o
                0x08003c7c                uart_print_uint
 .text.uart_print_int
                0x08003ca8       0x2c ./Drivers/LTC6813/Src/ltc6813.o
                0x08003ca8                uart_print_int
 .text.wakeup_idle
                0x08003cd4       0x4c ./Drivers/LTC6813/Src/ltc6813.o
                0x08003cd4                wakeup_idle
 .text.wakeup_sleep
                0x08003d20       0x48 ./Drivers/LTC6813/Src/ltc6813.o
                0x08003d20                wakeup_sleep
 .text.cmd_68   0x08003d68       0x64 ./Drivers/LTC6813/Src/ltc6813.o
                0x08003d68                cmd_68
 .text.write_68
                0x08003dcc      0x198 ./Drivers/LTC6813/Src/ltc6813.o
                0x08003dcc                write_68
 .text.pec15_calc
                0x08003f64       0x68 ./Drivers/LTC6813/Src/ltc6813.o
                0x08003f64                pec15_calc
 .text.LTC6813_init_reg_limits
                0x08003fcc       0x9a ./Drivers/LTC6813/Src/ltc6813.o
                0x08003fcc                LTC6813_init_reg_limits
 .text.LTC6813_wrcfg
                0x08004066       0xfe ./Drivers/LTC6813/Src/ltc6813.o
                0x08004066                LTC6813_wrcfg
 .text.LTC6813_wrcfgb
                0x08004164      0x100 ./Drivers/LTC6813/Src/ltc6813.o
                0x08004164                LTC6813_wrcfgb
 .text.LTC6813_adcv
                0x08004264       0x56 ./Drivers/LTC6813/Src/ltc6813.o
                0x08004264                LTC6813_adcv
 .text.LTC6813_adax
                0x080042ba       0x4a ./Drivers/LTC6813/Src/ltc6813.o
                0x080042ba                LTC6813_adax
 .text.LTC6813_rdcv
                0x08004304      0x128 ./Drivers/LTC6813/Src/ltc6813.o
                0x08004304                LTC6813_rdcv
 .text.LTC6813_rdaux
                0x0800442c      0x164 ./Drivers/LTC6813/Src/ltc6813.o
                0x0800442c                LTC6813_rdaux
 .text.LTC6813_rdcv_reg
                0x08004590      0x140 ./Drivers/LTC6813/Src/ltc6813.o
                0x08004590                LTC6813_rdcv_reg
 .text.LTC6813_rdaux_reg
                0x080046d0      0x130 ./Drivers/LTC6813/Src/ltc6813.o
                0x080046d0                LTC6813_rdaux_reg
 .text.parse_cells
                0x08004800      0x11c ./Drivers/LTC6813/Src/ltc6813.o
                0x08004800                parse_cells
 .text.LTC6813_check_pec
                0x0800491c      0x348 ./Drivers/LTC6813/Src/ltc6813.o
                0x0800491c                LTC6813_check_pec
 .text.LTC6813_init_cfg
                0x08004c64       0x98 ./Drivers/LTC6813/Src/ltc6813.o
                0x08004c64                LTC6813_init_cfg
 .text.LTC6813_set_cfgr_refon
                0x08004cfc       0x68 ./Drivers/LTC6813/Src/ltc6813.o
                0x08004cfc                LTC6813_set_cfgr_refon
 .text.LTC6813_set_cfgr_gpio
                0x08004d64       0xa0 ./Drivers/LTC6813/Src/ltc6813.o
                0x08004d64                LTC6813_set_cfgr_gpio
 .text.LTC6813_init_cfgb
                0x08004e04       0x80 ./Drivers/LTC6813/Src/ltc6813.o
                0x08004e04                LTC6813_init_cfgb
 .text.LTC6813_set_cfgrb_gpio_b
                0x08004e84       0x9c ./Drivers/LTC6813/Src/ltc6813.o
                0x08004e84                LTC6813_set_cfgrb_gpio_b
 .text.HAL_Init
                0x08004f20       0x50 ./Drivers/STM32H5xx_HAL_Driver/Src/stm32h5xx_hal.o
                0x08004f20                HAL_Init
 .text.HAL_IncTick
                0x08004f70       0x28 ./Drivers/STM32H5xx_HAL_Driver/Src/stm32h5xx_hal.o
                0x08004f70                HAL_IncTick
 .text.HAL_GetTick
                0x08004f98       0x18 ./Drivers/STM32H5xx_HAL_Driver/Src/stm32h5xx_hal.o
                0x08004f98                HAL_GetTick
 .text.HAL_Delay
                0x08004fb0       0x48 ./Drivers/STM32H5xx_HAL_Driver/Src/stm32h5xx_hal.o
                0x08004fb0                HAL_Delay
 .text.__NVIC_SetPriorityGrouping
                0x08004ff8       0x48 ./Drivers/STM32H5xx_HAL_Driver/Src/stm32h5xx_hal_cortex.o
 .text.__NVIC_GetPriorityGrouping
                0x08005040       0x1c ./Drivers/STM32H5xx_HAL_Driver/Src/stm32h5xx_hal_cortex.o
 .text.__NVIC_EnableIRQ
                0x0800505c       0x3c ./Drivers/STM32H5xx_HAL_Driver/Src/stm32h5xx_hal_cortex.o
 .text.__NVIC_SetPriority
                0x08005098       0x54 ./Drivers/STM32H5xx_HAL_Driver/Src/stm32h5xx_hal_cortex.o
 .text.NVIC_EncodePriority
                0x080050ec       0x66 ./Drivers/STM32H5xx_HAL_Driver/Src/stm32h5xx_hal_cortex.o
 .text.HAL_NVIC_SetPriorityGrouping
                0x08005152       0x16 ./Drivers/STM32H5xx_HAL_Driver/Src/stm32h5xx_hal_cortex.o
                0x08005152                HAL_NVIC_SetPriorityGrouping
 .text.HAL_NVIC_SetPriority
                0x08005168       0x34 ./Drivers/STM32H5xx_HAL_Driver/Src/stm32h5xx_hal_cortex.o
                0x08005168                HAL_NVIC_SetPriority
 .text.HAL_NVIC_EnableIRQ
                0x0800519c       0x1c ./Drivers/STM32H5xx_HAL_Driver/Src/stm32h5xx_hal_cortex.o
                0x0800519c                HAL_NVIC_EnableIRQ
 .text.HAL_SYSTICK_CLKSourceConfig
                0x080051b8       0xb0 ./Drivers/STM32H5xx_HAL_Driver/Src/stm32h5xx_hal_cortex.o
                0x080051b8                HAL_SYSTICK_CLKSourceConfig
 .text.HAL_MPU_Enable
                0x08005268       0x44 ./Drivers/STM32H5xx_HAL_Driver/Src/stm32h5xx_hal_cortex.o
                0x08005268                HAL_MPU_Enable
 .text.HAL_MPU_Disable
                0x080052ac       0x40 ./Drivers/STM32H5xx_HAL_Driver/Src/stm32h5xx_hal_cortex.o
                0x080052ac                HAL_MPU_Disable
 .text.HAL_MPU_ConfigRegion
                0x080052ec       0x1c ./Drivers/STM32H5xx_HAL_Driver/Src/stm32h5xx_hal_cortex.o
                0x080052ec                HAL_MPU_ConfigRegion
 .text.HAL_MPU_ConfigMemoryAttributes
                0x08005308       0x1c ./Drivers/STM32H5xx_HAL_Driver/Src/stm32h5xx_hal_cortex.o
                0x08005308                HAL_MPU_ConfigMemoryAttributes
 .text.MPU_ConfigRegion
                0x08005324       0x6e ./Drivers/STM32H5xx_HAL_Driver/Src/stm32h5xx_hal_cortex.o
 .text.MPU_ConfigMemoryAttributes
                0x08005392       0x6c ./Drivers/STM32H5xx_HAL_Driver/Src/stm32h5xx_hal_cortex.o
 *fill*         0x080053fe        0x2 
 .text.HAL_DMA_Init
                0x08005400      0x284 ./Drivers/STM32H5xx_HAL_Driver/Src/stm32h5xx_hal_dma.o
                0x08005400                HAL_DMA_Init
 .text.HAL_DMA_Abort
                0x08005684       0xf8 ./Drivers/STM32H5xx_HAL_Driver/Src/stm32h5xx_hal_dma.o
                0x08005684                HAL_DMA_Abort
 .text.HAL_DMA_Abort_IT
                0x0800577c       0x52 ./Drivers/STM32H5xx_HAL_Driver/Src/stm32h5xx_hal_dma.o
                0x0800577c                HAL_DMA_Abort_IT
 .text.HAL_DMA_IRQHandler
                0x080057ce      0x2c2 ./Drivers/STM32H5xx_HAL_Driver/Src/stm32h5xx_hal_dma.o
                0x080057ce                HAL_DMA_IRQHandler
 .text.HAL_DMA_ConfigChannelAttributes
                0x08005a90       0x78 ./Drivers/STM32H5xx_HAL_Driver/Src/stm32h5xx_hal_dma.o
                0x08005a90                HAL_DMA_ConfigChannelAttributes
 .text.DMA_Init
                0x08005b08      0x508 ./Drivers/STM32H5xx_HAL_Driver/Src/stm32h5xx_hal_dma.o
 .text.HAL_FDCAN_Init
                0x08006010      0x2b4 ./Drivers/STM32H5xx_HAL_Driver/Src/stm32h5xx_hal_fdcan.o
                0x08006010                HAL_FDCAN_Init
 .text.HAL_FDCAN_ConfigGlobalFilter
                0x080062c4       0x62 ./Drivers/STM32H5xx_HAL_Driver/Src/stm32h5xx_hal_fdcan.o
                0x080062c4                HAL_FDCAN_ConfigGlobalFilter
 .text.HAL_FDCAN_Start
                0x08006326       0x50 ./Drivers/STM32H5xx_HAL_Driver/Src/stm32h5xx_hal_fdcan.o
                0x08006326                HAL_FDCAN_Start
 .text.HAL_FDCAN_Stop
                0x08006376       0xe0 ./Drivers/STM32H5xx_HAL_Driver/Src/stm32h5xx_hal_fdcan.o
                0x08006376                HAL_FDCAN_Stop
 .text.HAL_FDCAN_AddMessageToTxFifoQ
                0x08006456       0x88 ./Drivers/STM32H5xx_HAL_Driver/Src/stm32h5xx_hal_fdcan.o
                0x08006456                HAL_FDCAN_AddMessageToTxFifoQ
 *fill*         0x080064de        0x2 
 .text.HAL_FDCAN_GetRxMessage
                0x080064e0      0x210 ./Drivers/STM32H5xx_HAL_Driver/Src/stm32h5xx_hal_fdcan.o
                0x080064e0                HAL_FDCAN_GetRxMessage
 .text.HAL_FDCAN_GetProtocolStatus
                0x080066f0       0xa0 ./Drivers/STM32H5xx_HAL_Driver/Src/stm32h5xx_hal_fdcan.o
                0x080066f0                HAL_FDCAN_GetProtocolStatus
 .text.HAL_FDCAN_GetErrorCounters
                0x08006790       0x4a ./Drivers/STM32H5xx_HAL_Driver/Src/stm32h5xx_hal_fdcan.o
                0x08006790                HAL_FDCAN_GetErrorCounters
 .text.HAL_FDCAN_GetTxFifoFreeLevel
                0x080067da       0x24 ./Drivers/STM32H5xx_HAL_Driver/Src/stm32h5xx_hal_fdcan.o
                0x080067da                HAL_FDCAN_GetTxFifoFreeLevel
 .text.HAL_FDCAN_IRQHandler
                0x080067fe      0x266 ./Drivers/STM32H5xx_HAL_Driver/Src/stm32h5xx_hal_fdcan.o
                0x080067fe                HAL_FDCAN_IRQHandler
 .text.HAL_FDCAN_TxEventFifoCallback
                0x08006a64       0x16 ./Drivers/STM32H5xx_HAL_Driver/Src/stm32h5xx_hal_fdcan.o
                0x08006a64                HAL_FDCAN_TxEventFifoCallback
 .text.HAL_FDCAN_RxFifo0Callback
                0x08006a7a       0x16 ./Drivers/STM32H5xx_HAL_Driver/Src/stm32h5xx_hal_fdcan.o
                0x08006a7a                HAL_FDCAN_RxFifo0Callback
 .text.HAL_FDCAN_TxFifoEmptyCallback
                0x08006a90       0x14 ./Drivers/STM32H5xx_HAL_Driver/Src/stm32h5xx_hal_fdcan.o
                0x08006a90                HAL_FDCAN_TxFifoEmptyCallback
 .text.HAL_FDCAN_TxBufferCompleteCallback
                0x08006aa4       0x16 ./Drivers/STM32H5xx_HAL_Driver/Src/stm32h5xx_hal_fdcan.o
                0x08006aa4                HAL_FDCAN_TxBufferCompleteCallback
 .text.HAL_FDCAN_TxBufferAbortCallback
                0x08006aba       0x16 ./Drivers/STM32H5xx_HAL_Driver/Src/stm32h5xx_hal_fdcan.o
                0x08006aba                HAL_FDCAN_TxBufferAbortCallback
 .text.HAL_FDCAN_TimestampWraparoundCallback
                0x08006ad0       0x14 ./Drivers/STM32H5xx_HAL_Driver/Src/stm32h5xx_hal_fdcan.o
                0x08006ad0                HAL_FDCAN_TimestampWraparoundCallback
 .text.HAL_FDCAN_TimeoutOccurredCallback
                0x08006ae4       0x14 ./Drivers/STM32H5xx_HAL_Driver/Src/stm32h5xx_hal_fdcan.o
                0x08006ae4                HAL_FDCAN_TimeoutOccurredCallback
 .text.HAL_FDCAN_HighPriorityMessageCallback
                0x08006af8       0x14 ./Drivers/STM32H5xx_HAL_Driver/Src/stm32h5xx_hal_fdcan.o
                0x08006af8                HAL_FDCAN_HighPriorityMessageCallback
 .text.HAL_FDCAN_ErrorCallback
                0x08006b0c       0x14 ./Drivers/STM32H5xx_HAL_Driver/Src/stm32h5xx_hal_fdcan.o
                0x08006b0c                HAL_FDCAN_ErrorCallback
 .text.HAL_FDCAN_ErrorStatusCallback
                0x08006b20       0x16 ./Drivers/STM32H5xx_HAL_Driver/Src/stm32h5xx_hal_fdcan.o
                0x08006b20                HAL_FDCAN_ErrorStatusCallback
 .text.HAL_FDCAN_GetError
                0x08006b36       0x18 ./Drivers/STM32H5xx_HAL_Driver/Src/stm32h5xx_hal_fdcan.o
                0x08006b36                HAL_FDCAN_GetError
 *fill*         0x08006b4e        0x2 
 .text.FDCAN_CalcultateRamBlockAddresses
                0x08006b50       0xc4 ./Drivers/STM32H5xx_HAL_Driver/Src/stm32h5xx_hal_fdcan.o
 .text.FDCAN_CopyMessageToRAM
                0x08006c14       0xf8 ./Drivers/STM32H5xx_HAL_Driver/Src/stm32h5xx_hal_fdcan.o
 .text.HAL_GPIO_Init
                0x08006d0c      0x2bc ./Drivers/STM32H5xx_HAL_Driver/Src/stm32h5xx_hal_gpio.o
                0x08006d0c                HAL_GPIO_Init
 .text.HAL_GPIO_WritePin
                0x08006fc8       0x30 ./Drivers/STM32H5xx_HAL_Driver/Src/stm32h5xx_hal_gpio.o
                0x08006fc8                HAL_GPIO_WritePin
 .text.HAL_ICACHE_ConfigAssociativityMode
                0x08006ff8       0x40 ./Drivers/STM32H5xx_HAL_Driver/Src/stm32h5xx_hal_icache.o
                0x08006ff8                HAL_ICACHE_ConfigAssociativityMode
 .text.HAL_ICACHE_Enable
                0x08007038       0x20 ./Drivers/STM32H5xx_HAL_Driver/Src/stm32h5xx_hal_icache.o
                0x08007038                HAL_ICACHE_Enable
 .text.HAL_RCC_OscConfig
                0x08007058      0x870 ./Drivers/STM32H5xx_HAL_Driver/Src/stm32h5xx_hal_rcc.o
                0x08007058                HAL_RCC_OscConfig
 .text.HAL_RCC_ClockConfig
                0x080078c8      0x370 ./Drivers/STM32H5xx_HAL_Driver/Src/stm32h5xx_hal_rcc.o
                0x080078c8                HAL_RCC_ClockConfig
 .text.HAL_RCC_GetSysClockFreq
                0x08007c38      0x258 ./Drivers/STM32H5xx_HAL_Driver/Src/stm32h5xx_hal_rcc.o
                0x08007c38                HAL_RCC_GetSysClockFreq
 .text.HAL_RCC_GetHCLKFreq
                0x08007e90       0x38 ./Drivers/STM32H5xx_HAL_Driver/Src/stm32h5xx_hal_rcc.o
                0x08007e90                HAL_RCC_GetHCLKFreq
 .text.HAL_RCC_GetPCLK1Freq
                0x08007ec8       0x2c ./Drivers/STM32H5xx_HAL_Driver/Src/stm32h5xx_hal_rcc.o
                0x08007ec8                HAL_RCC_GetPCLK1Freq
 .text.HAL_RCC_GetPCLK2Freq
                0x08007ef4       0x2c ./Drivers/STM32H5xx_HAL_Driver/Src/stm32h5xx_hal_rcc.o
                0x08007ef4                HAL_RCC_GetPCLK2Freq
 .text.HAL_RCC_GetPCLK3Freq
                0x08007f20       0x2c ./Drivers/STM32H5xx_HAL_Driver/Src/stm32h5xx_hal_rcc.o
                0x08007f20                HAL_RCC_GetPCLK3Freq
 .text.HAL_RCC_GetClockConfig
                0x08007f4c       0x70 ./Drivers/STM32H5xx_HAL_Driver/Src/stm32h5xx_hal_rcc.o
                0x08007f4c                HAL_RCC_GetClockConfig
 .text.HAL_RCCEx_PeriphCLKConfig
                0x08007fbc     0x1f18 ./Drivers/STM32H5xx_HAL_Driver/Src/stm32h5xx_hal_rcc_ex.o
                0x08007fbc                HAL_RCCEx_PeriphCLKConfig
 .text.HAL_RCCEx_GetPLL1ClockFreq
                0x08009ed4      0x2d8 ./Drivers/STM32H5xx_HAL_Driver/Src/stm32h5xx_hal_rcc_ex.o
                0x08009ed4                HAL_RCCEx_GetPLL1ClockFreq
 .text.HAL_RCCEx_GetPLL2ClockFreq
                0x0800a1ac      0x2d8 ./Drivers/STM32H5xx_HAL_Driver/Src/stm32h5xx_hal_rcc_ex.o
                0x0800a1ac                HAL_RCCEx_GetPLL2ClockFreq
 .text.HAL_RCCEx_GetPLL3ClockFreq
                0x0800a484      0x2d8 ./Drivers/STM32H5xx_HAL_Driver/Src/stm32h5xx_hal_rcc_ex.o
                0x0800a484                HAL_RCCEx_GetPLL3ClockFreq
 .text.HAL_RCCEx_GetPeriphCLKFreq
                0x0800a75c     0x26c0 ./Drivers/STM32H5xx_HAL_Driver/Src/stm32h5xx_hal_rcc_ex.o
                0x0800a75c                HAL_RCCEx_GetPeriphCLKFreq
 .text.RCCEx_PLL2_Config
                0x0800ce1c      0x130 ./Drivers/STM32H5xx_HAL_Driver/Src/stm32h5xx_hal_rcc_ex.o
 .text.RCCEx_PLL3_Config
                0x0800cf4c      0x130 ./Drivers/STM32H5xx_HAL_Driver/Src/stm32h5xx_hal_rcc_ex.o
 .text.HAL_SPI_Init
                0x0800d07c      0x2e0 ./Drivers/STM32H5xx_HAL_Driver/Src/stm32h5xx_hal_spi.o
                0x0800d07c                HAL_SPI_Init
 .text.HAL_SPI_Transmit
                0x0800d35c      0x470 ./Drivers/STM32H5xx_HAL_Driver/Src/stm32h5xx_hal_spi.o
                0x0800d35c                HAL_SPI_Transmit
 .text.HAL_SPI_TransmitReceive
                0x0800d7cc      0x718 ./Drivers/STM32H5xx_HAL_Driver/Src/stm32h5xx_hal_spi.o
                0x0800d7cc                HAL_SPI_TransmitReceive
 .text.HAL_SPI_IRQHandler
                0x0800dee4      0x3a8 ./Drivers/STM32H5xx_HAL_Driver/Src/stm32h5xx_hal_spi.o
                0x0800dee4                HAL_SPI_IRQHandler
 .text.HAL_SPI_TxCpltCallback
                0x0800e28c       0x14 ./Drivers/STM32H5xx_HAL_Driver/Src/stm32h5xx_hal_spi.o
                0x0800e28c                HAL_SPI_TxCpltCallback
 .text.HAL_SPI_RxCpltCallback
                0x0800e2a0       0x14 ./Drivers/STM32H5xx_HAL_Driver/Src/stm32h5xx_hal_spi.o
                0x0800e2a0                HAL_SPI_RxCpltCallback
 .text.HAL_SPI_TxRxCpltCallback
                0x0800e2b4       0x14 ./Drivers/STM32H5xx_HAL_Driver/Src/stm32h5xx_hal_spi.o
                0x0800e2b4                HAL_SPI_TxRxCpltCallback
 .text.HAL_SPI_ErrorCallback
                0x0800e2c8       0x14 ./Drivers/STM32H5xx_HAL_Driver/Src/stm32h5xx_hal_spi.o
                0x0800e2c8                HAL_SPI_ErrorCallback
 .text.HAL_SPI_SuspendCallback
                0x0800e2dc       0x14 ./Drivers/STM32H5xx_HAL_Driver/Src/stm32h5xx_hal_spi.o
                0x0800e2dc                HAL_SPI_SuspendCallback
 .text.SPI_DMAAbortOnError
                0x0800e2f0       0x34 ./Drivers/STM32H5xx_HAL_Driver/Src/stm32h5xx_hal_spi.o
 .text.SPI_CloseTransfer
                0x0800e324      0x140 ./Drivers/STM32H5xx_HAL_Driver/Src/stm32h5xx_hal_spi.o
 .text.SPI_WaitOnFlagUntilTimeout
                0x0800e464       0x5c ./Drivers/STM32H5xx_HAL_Driver/Src/stm32h5xx_hal_spi.o
 .text.SPI_GetPacketSize
                0x0800e4c0       0x36 ./Drivers/STM32H5xx_HAL_Driver/Src/stm32h5xx_hal_spi.o
 .text.HAL_TIM_Base_Init
                0x0800e4f6       0xae ./Drivers/STM32H5xx_HAL_Driver/Src/stm32h5xx_hal_tim.o
                0x0800e4f6                HAL_TIM_Base_Init
 .text.HAL_TIM_Base_Start
                0x0800e5a4      0x14c ./Drivers/STM32H5xx_HAL_Driver/Src/stm32h5xx_hal_tim.o
                0x0800e5a4                HAL_TIM_Base_Start
 .text.HAL_TIM_Base_Start_IT
                0x0800e6f0      0x15c ./Drivers/STM32H5xx_HAL_Driver/Src/stm32h5xx_hal_tim.o
                0x0800e6f0                HAL_TIM_Base_Start_IT
 .text.HAL_TIM_Base_Stop_IT
                0x0800e84c       0x60 ./Drivers/STM32H5xx_HAL_Driver/Src/stm32h5xx_hal_tim.o
                0x0800e84c                HAL_TIM_Base_Stop_IT
 .text.HAL_TIM_IRQHandler
                0x0800e8ac      0x29e ./Drivers/STM32H5xx_HAL_Driver/Src/stm32h5xx_hal_tim.o
                0x0800e8ac                HAL_TIM_IRQHandler
 *fill*         0x0800eb4a        0x2 
 .text.HAL_TIM_ConfigClockSource
                0x0800eb4c      0x23c ./Drivers/STM32H5xx_HAL_Driver/Src/stm32h5xx_hal_tim.o
                0x0800eb4c                HAL_TIM_ConfigClockSource
 .text.HAL_TIM_OC_DelayElapsedCallback
                0x0800ed88       0x14 ./Drivers/STM32H5xx_HAL_Driver/Src/stm32h5xx_hal_tim.o
                0x0800ed88                HAL_TIM_OC_DelayElapsedCallback
 .text.HAL_TIM_IC_CaptureCallback
                0x0800ed9c       0x14 ./Drivers/STM32H5xx_HAL_Driver/Src/stm32h5xx_hal_tim.o
                0x0800ed9c                HAL_TIM_IC_CaptureCallback
 .text.HAL_TIM_PWM_PulseFinishedCallback
                0x0800edb0       0x14 ./Drivers/STM32H5xx_HAL_Driver/Src/stm32h5xx_hal_tim.o
                0x0800edb0                HAL_TIM_PWM_PulseFinishedCallback
 .text.HAL_TIM_TriggerCallback
                0x0800edc4       0x14 ./Drivers/STM32H5xx_HAL_Driver/Src/stm32h5xx_hal_tim.o
                0x0800edc4                HAL_TIM_TriggerCallback
 .text.TIM_Base_SetConfig
                0x0800edd8      0x24c ./Drivers/STM32H5xx_HAL_Driver/Src/stm32h5xx_hal_tim.o
                0x0800edd8                TIM_Base_SetConfig
 .text.TIM_TI1_ConfigInputStage
                0x0800f024       0x5e ./Drivers/STM32H5xx_HAL_Driver/Src/stm32h5xx_hal_tim.o
 .text.TIM_TI2_ConfigInputStage
                0x0800f082       0x60 ./Drivers/STM32H5xx_HAL_Driver/Src/stm32h5xx_hal_tim.o
 .text.TIM_ITRx_SetConfig
                0x0800f0e2       0x3a ./Drivers/STM32H5xx_HAL_Driver/Src/stm32h5xx_hal_tim.o
 .text.TIM_ETR_SetConfig
                0x0800f11c       0x40 ./Drivers/STM32H5xx_HAL_Driver/Src/stm32h5xx_hal_tim.o
                0x0800f11c                TIM_ETR_SetConfig
 .text.HAL_TIMEx_MasterConfigSynchronization
                0x0800f15c      0x1a0 ./Drivers/STM32H5xx_HAL_Driver/Src/stm32h5xx_hal_tim_ex.o
                0x0800f15c                HAL_TIMEx_MasterConfigSynchronization
 .text.HAL_TIMEx_CommutCallback
                0x0800f2fc       0x14 ./Drivers/STM32H5xx_HAL_Driver/Src/stm32h5xx_hal_tim_ex.o
                0x0800f2fc                HAL_TIMEx_CommutCallback
 .text.HAL_TIMEx_BreakCallback
                0x0800f310       0x14 ./Drivers/STM32H5xx_HAL_Driver/Src/stm32h5xx_hal_tim_ex.o
                0x0800f310                HAL_TIMEx_BreakCallback
 .text.HAL_TIMEx_Break2Callback
                0x0800f324       0x14 ./Drivers/STM32H5xx_HAL_Driver/Src/stm32h5xx_hal_tim_ex.o
                0x0800f324                HAL_TIMEx_Break2Callback
 .text.HAL_TIMEx_EncoderIndexCallback
                0x0800f338       0x14 ./Drivers/STM32H5xx_HAL_Driver/Src/stm32h5xx_hal_tim_ex.o
                0x0800f338                HAL_TIMEx_EncoderIndexCallback
 .text.HAL_TIMEx_DirectionChangeCallback
                0x0800f34c       0x14 ./Drivers/STM32H5xx_HAL_Driver/Src/stm32h5xx_hal_tim_ex.o
                0x0800f34c                HAL_TIMEx_DirectionChangeCallback
 .text.HAL_TIMEx_IndexErrorCallback
                0x0800f360       0x14 ./Drivers/STM32H5xx_HAL_Driver/Src/stm32h5xx_hal_tim_ex.o
                0x0800f360                HAL_TIMEx_IndexErrorCallback
 .text.HAL_TIMEx_TransitionErrorCallback
                0x0800f374       0x14 ./Drivers/STM32H5xx_HAL_Driver/Src/stm32h5xx_hal_tim_ex.o
                0x0800f374                HAL_TIMEx_TransitionErrorCallback
 .text.HAL_UART_Init
                0x0800f388       0xa0 ./Drivers/STM32H5xx_HAL_Driver/Src/stm32h5xx_hal_uart.o
                0x0800f388                HAL_UART_Init
 .text.HAL_UART_Transmit
                0x0800f428      0x150 ./Drivers/STM32H5xx_HAL_Driver/Src/stm32h5xx_hal_uart.o
                0x0800f428                HAL_UART_Transmit
 .text.HAL_UART_Receive_IT
                0x0800f578       0xc4 ./Drivers/STM32H5xx_HAL_Driver/Src/stm32h5xx_hal_uart.o
                0x0800f578                HAL_UART_Receive_IT
 .text.HAL_UART_IRQHandler
                0x0800f63c      0x5dc ./Drivers/STM32H5xx_HAL_Driver/Src/stm32h5xx_hal_uart.o
                0x0800f63c                HAL_UART_IRQHandler
 .text.HAL_UART_TxCpltCallback
                0x0800fc18       0x14 ./Drivers/STM32H5xx_HAL_Driver/Src/stm32h5xx_hal_uart.o
                0x0800fc18                HAL_UART_TxCpltCallback
 .text.HAL_UART_ErrorCallback
                0x0800fc2c       0x14 ./Drivers/STM32H5xx_HAL_Driver/Src/stm32h5xx_hal_uart.o
                0x0800fc2c                HAL_UART_ErrorCallback
 .text.HAL_UARTEx_RxEventCallback
                0x0800fc40       0x18 ./Drivers/STM32H5xx_HAL_Driver/Src/stm32h5xx_hal_uart.o
                0x0800fc40                HAL_UARTEx_RxEventCallback
 .text.UART_SetConfig
                0x0800fc58      0x3dc ./Drivers/STM32H5xx_HAL_Driver/Src/stm32h5xx_hal_uart.o
                0x0800fc58                UART_SetConfig
 .text.UART_AdvFeatureConfig
                0x08010034      0x144 ./Drivers/STM32H5xx_HAL_Driver/Src/stm32h5xx_hal_uart.o
                0x08010034                UART_AdvFeatureConfig
 .text.UART_CheckIdleState
                0x08010178      0x154 ./Drivers/STM32H5xx_HAL_Driver/Src/stm32h5xx_hal_uart.o
                0x08010178                UART_CheckIdleState
 .text.UART_WaitOnFlagUntilTimeout
                0x080102cc       0xda ./Drivers/STM32H5xx_HAL_Driver/Src/stm32h5xx_hal_uart.o
                0x080102cc                UART_WaitOnFlagUntilTimeout
 *fill*         0x080103a6        0x2 
 .text.UART_Start_Receive_IT
                0x080103a8      0x244 ./Drivers/STM32H5xx_HAL_Driver/Src/stm32h5xx_hal_uart.o
                0x080103a8                UART_Start_Receive_IT
 .text.UART_EndRxTransfer
                0x080105ec       0xcc ./Drivers/STM32H5xx_HAL_Driver/Src/stm32h5xx_hal_uart.o
 .text.UART_DMAAbortOnError
                0x080106b8       0x1c ./Drivers/STM32H5xx_HAL_Driver/Src/stm32h5xx_hal_uart.o
 .text.UART_EndTransmit_IT
                0x080106d4       0x56 ./Drivers/STM32H5xx_HAL_Driver/Src/stm32h5xx_hal_uart.o
 *fill*         0x0801072a        0x2 
 .text.UART_RxISR_8BIT
                0x0801072c      0x1c4 ./Drivers/STM32H5xx_HAL_Driver/Src/stm32h5xx_hal_uart.o
 .text.UART_RxISR_16BIT
                0x080108f0      0x1c4 ./Drivers/STM32H5xx_HAL_Driver/Src/stm32h5xx_hal_uart.o
 .text.UART_RxISR_8BIT_FIFOEN
                0x08010ab4      0x370 ./Drivers/STM32H5xx_HAL_Driver/Src/stm32h5xx_hal_uart.o
 .text.UART_RxISR_16BIT_FIFOEN
                0x08010e24      0x378 ./Drivers/STM32H5xx_HAL_Driver/Src/stm32h5xx_hal_uart.o
 .text.HAL_UARTEx_WakeupCallback
                0x0801119c       0x14 ./Drivers/STM32H5xx_HAL_Driver/Src/stm32h5xx_hal_uart_ex.o
                0x0801119c                HAL_UARTEx_WakeupCallback
 .text.HAL_UARTEx_RxFifoFullCallback
                0x080111b0       0x14 ./Drivers/STM32H5xx_HAL_Driver/Src/stm32h5xx_hal_uart_ex.o
                0x080111b0                HAL_UARTEx_RxFifoFullCallback
 .text.HAL_UARTEx_TxFifoEmptyCallback
                0x080111c4       0x14 ./Drivers/STM32H5xx_HAL_Driver/Src/stm32h5xx_hal_uart_ex.o
                0x080111c4                HAL_UARTEx_TxFifoEmptyCallback
 .text.HAL_UARTEx_DisableFifoMode
                0x080111d8       0x72 ./Drivers/STM32H5xx_HAL_Driver/Src/stm32h5xx_hal_uart_ex.o
                0x080111d8                HAL_UARTEx_DisableFifoMode
 .text.HAL_UARTEx_SetTxFifoThreshold
                0x0801124a       0x7c ./Drivers/STM32H5xx_HAL_Driver/Src/stm32h5xx_hal_uart_ex.o
                0x0801124a                HAL_UARTEx_SetTxFifoThreshold
 .text.HAL_UARTEx_SetRxFifoThreshold
                0x080112c6       0x7c ./Drivers/STM32H5xx_HAL_Driver/Src/stm32h5xx_hal_uart_ex.o
                0x080112c6                HAL_UARTEx_SetRxFifoThreshold
 *fill*         0x08011342        0x2 
 .text.UARTEx_SetNbDataToProcess
                0x08011344       0x9c ./Drivers/STM32H5xx_HAL_Driver/Src/stm32h5xx_hal_uart_ex.o
 .text.SysTick_Handler
                0x080113e0       0x20 ./Middlewares/Third_Party/FreeRTOS/Source/CMSIS_RTOS_V2/cmsis_os2.o
                0x080113e0                SysTick_Handler
 .text.IRQ_Context
                0x08011400       0x4e ./Middlewares/Third_Party/FreeRTOS/Source/CMSIS_RTOS_V2/cmsis_os2.o
 *fill*         0x0801144e        0x2 
 .text.osKernelInitialize
                0x08011450       0x4c ./Middlewares/Third_Party/FreeRTOS/Source/CMSIS_RTOS_V2/cmsis_os2.o
                0x08011450                osKernelInitialize
 .text.osKernelStart
                0x0801149c       0x50 ./Middlewares/Third_Party/FreeRTOS/Source/CMSIS_RTOS_V2/cmsis_os2.o
                0x0801149c                osKernelStart
 .text.osThreadNew
                0x080114ec      0x124 ./Middlewares/Third_Party/FreeRTOS/Source/CMSIS_RTOS_V2/cmsis_os2.o
                0x080114ec                osThreadNew
 .text.osThreadFlagsSet
                0x08011610       0xa4 ./Middlewares/Third_Party/FreeRTOS/Source/CMSIS_RTOS_V2/cmsis_os2.o
                0x08011610                osThreadFlagsSet
 .text.osThreadFlagsWait
                0x080116b4      0x142 ./Middlewares/Third_Party/FreeRTOS/Source/CMSIS_RTOS_V2/cmsis_os2.o
                0x080116b4                osThreadFlagsWait
 .text.TimerCallback
                0x080117f6       0x32 ./Middlewares/Third_Party/FreeRTOS/Source/CMSIS_RTOS_V2/cmsis_os2.o
 .text.osTimerNew
                0x08011828      0x144 ./Middlewares/Third_Party/FreeRTOS/Source/CMSIS_RTOS_V2/cmsis_os2.o
                0x08011828                osTimerNew
 .text.osTimerStart
                0x0801196c       0x60 ./Middlewares/Third_Party/FreeRTOS/Source/CMSIS_RTOS_V2/cmsis_os2.o
                0x0801196c                osTimerStart
 .text.osTimerStop
                0x080119cc       0x6c ./Middlewares/Third_Party/FreeRTOS/Source/CMSIS_RTOS_V2/cmsis_os2.o
                0x080119cc                osTimerStop
 .text.osMutexNew
                0x08011a38      0x10a ./Middlewares/Third_Party/FreeRTOS/Source/CMSIS_RTOS_V2/cmsis_os2.o
                0x08011a38                osMutexNew
 .text.osMutexAcquire
                0x08011b42       0x94 ./Middlewares/Third_Party/FreeRTOS/Source/CMSIS_RTOS_V2/cmsis_os2.o
                0x08011b42                osMutexAcquire
 .text.osMutexRelease
                0x08011bd6       0x78 ./Middlewares/Third_Party/FreeRTOS/Source/CMSIS_RTOS_V2/cmsis_os2.o
                0x08011bd6                osMutexRelease
 .text.vListInitialise
                0x08011c4e       0x40 ./Middlewares/Third_Party/FreeRTOS/Source/list.o
                0x08011c4e                vListInitialise
 .text.vListInitialiseItem
                0x08011c8e       0x1a ./Middlewares/Third_Party/FreeRTOS/Source/list.o
                0x08011c8e                vListInitialiseItem
 .text.vListInsert
                0x08011ca8       0x72 ./Middlewares/Third_Party/FreeRTOS/Source/list.o
                0x08011ca8                vListInsert
 .text.uxListRemove
                0x08011d1a       0x54 ./Middlewares/Third_Party/FreeRTOS/Source/list.o
                0x08011d1a                uxListRemove
 .text.xQueueGenericReset
                0x08011d6e       0xf2 ./Middlewares/Third_Party/FreeRTOS/Source/queue.o
                0x08011d6e                xQueueGenericReset
 .text.xQueueGenericCreateStatic
                0x08011e60       0x92 ./Middlewares/Third_Party/FreeRTOS/Source/queue.o
                0x08011e60                xQueueGenericCreateStatic
 .text.xQueueGenericCreate
                0x08011ef2       0x96 ./Middlewares/Third_Party/FreeRTOS/Source/queue.o
                0x08011ef2                xQueueGenericCreate
 .text.prvInitialiseNewQueue
                0x08011f88       0x46 ./Middlewares/Third_Party/FreeRTOS/Source/queue.o
 .text.prvInitialiseMutex
                0x08011fce       0x34 ./Middlewares/Third_Party/FreeRTOS/Source/queue.o
 .text.xQueueCreateMutex
                0x08012002       0x30 ./Middlewares/Third_Party/FreeRTOS/Source/queue.o
                0x08012002                xQueueCreateMutex
 .text.xQueueCreateMutexStatic
                0x08012032       0x36 ./Middlewares/Third_Party/FreeRTOS/Source/queue.o
                0x08012032                xQueueCreateMutexStatic
 .text.xQueueGiveMutexRecursive
                0x08012068       0x5a ./Middlewares/Third_Party/FreeRTOS/Source/queue.o
                0x08012068                xQueueGiveMutexRecursive
 .text.xQueueTakeMutexRecursive
                0x080120c2       0x5e ./Middlewares/Third_Party/FreeRTOS/Source/queue.o
                0x080120c2                xQueueTakeMutexRecursive
 .text.xQueueGenericSend
                0x08012120      0x19a ./Middlewares/Third_Party/FreeRTOS/Source/queue.o
                0x08012120                xQueueGenericSend
 .text.xQueueReceive
                0x080122ba      0x178 ./Middlewares/Third_Party/FreeRTOS/Source/queue.o
                0x080122ba                xQueueReceive
 .text.xQueueSemaphoreTake
                0x08012432      0x1b4 ./Middlewares/Third_Party/FreeRTOS/Source/queue.o
                0x08012432                xQueueSemaphoreTake
 .text.prvGetHighestPriorityOfWaitToReceiveList
                0x080125e6       0x30 ./Middlewares/Third_Party/FreeRTOS/Source/queue.o
 .text.prvCopyDataToQueue
                0x08012616       0xd4 ./Middlewares/Third_Party/FreeRTOS/Source/queue.o
 .text.prvCopyDataFromQueue
                0x080126ea       0x4c ./Middlewares/Third_Party/FreeRTOS/Source/queue.o
 .text.prvUnlockQueue
                0x08012736       0xa4 ./Middlewares/Third_Party/FreeRTOS/Source/queue.o
 .text.prvIsQueueEmpty
                0x080127da       0x2c ./Middlewares/Third_Party/FreeRTOS/Source/queue.o
 .text.prvIsQueueFull
                0x08012806       0x30 ./Middlewares/Third_Party/FreeRTOS/Source/queue.o
 *fill*         0x08012836        0x2 
 .text.vQueueAddToRegistry
                0x08012838       0x8c ./Middlewares/Third_Party/FreeRTOS/Source/queue.o
                0x08012838                vQueueAddToRegistry
 .text.vQueueWaitForMessageRestricted
                0x080128c4       0x68 ./Middlewares/Third_Party/FreeRTOS/Source/queue.o
                0x080128c4                vQueueWaitForMessageRestricted
 .text.prvCreateStaticTask
                0x0801292c       0x92 ./Middlewares/Third_Party/FreeRTOS/Source/tasks.o
 .text.xTaskCreateStatic
                0x080129be       0x48 ./Middlewares/Third_Party/FreeRTOS/Source/tasks.o
                0x080129be                xTaskCreateStatic
 .text.prvCreateTask
                0x08012a06       0x80 ./Middlewares/Third_Party/FreeRTOS/Source/tasks.o
 .text.xTaskCreate
                0x08012a86       0x46 ./Middlewares/Third_Party/FreeRTOS/Source/tasks.o
                0x08012a86                xTaskCreate
 .text.prvInitialiseNewTask
                0x08012acc      0x104 ./Middlewares/Third_Party/FreeRTOS/Source/tasks.o
 .text.prvAddNewTaskToReadyList
                0x08012bd0      0x124 ./Middlewares/Third_Party/FreeRTOS/Source/tasks.o
 .text.xTaskDelayUntil
                0x08012cf4       0xc4 ./Middlewares/Third_Party/FreeRTOS/Source/tasks.o
                0x08012cf4                xTaskDelayUntil
 .text.prvCreateIdleTasks
                0x08012db8       0xec ./Middlewares/Third_Party/FreeRTOS/Source/tasks.o
 .text.vTaskStartScheduler
                0x08012ea4       0x68 ./Middlewares/Third_Party/FreeRTOS/Source/tasks.o
                0x08012ea4                vTaskStartScheduler
 .text.vTaskSuspendAll
                0x08012f0c       0x1c ./Middlewares/Third_Party/FreeRTOS/Source/tasks.o
                0x08012f0c                vTaskSuspendAll
 .text.xTaskResumeAll
                0x08012f28      0x1f4 ./Middlewares/Third_Party/FreeRTOS/Source/tasks.o
                0x08012f28                xTaskResumeAll
 .text.xTaskGetTickCount
                0x0801311c       0x20 ./Middlewares/Third_Party/FreeRTOS/Source/tasks.o
                0x0801311c                xTaskGetTickCount
 .text.xTaskIncrementTick
                0x0801313c      0x224 ./Middlewares/Third_Party/FreeRTOS/Source/tasks.o
                0x0801313c                xTaskIncrementTick
 .text.vTaskSwitchContext
                0x08013360       0xac ./Middlewares/Third_Party/FreeRTOS/Source/tasks.o
                0x08013360                vTaskSwitchContext
 .text.vTaskPlaceOnEventList
                0x0801340c       0x3c ./Middlewares/Third_Party/FreeRTOS/Source/tasks.o
                0x0801340c                vTaskPlaceOnEventList
 .text.vTaskPlaceOnEventListRestricted
                0x08013448       0x7c ./Middlewares/Third_Party/FreeRTOS/Source/tasks.o
                0x08013448                vTaskPlaceOnEventListRestricted
 .text.xTaskRemoveFromEventList
                0x080134c4      0x1a0 ./Middlewares/Third_Party/FreeRTOS/Source/tasks.o
                0x080134c4                xTaskRemoveFromEventList
 .text.vTaskInternalSetTimeOutState
                0x08013664       0x2c ./Middlewares/Third_Party/FreeRTOS/Source/tasks.o
                0x08013664                vTaskInternalSetTimeOutState
 .text.xTaskCheckForTimeOut
                0x08013690       0xd0 ./Middlewares/Third_Party/FreeRTOS/Source/tasks.o
                0x08013690                xTaskCheckForTimeOut
 .text.vTaskMissedYield
                0x08013760       0x18 ./Middlewares/Third_Party/FreeRTOS/Source/tasks.o
                0x08013760                vTaskMissedYield
 .text.prvIdleTask
                0x08013778       0x20 ./Middlewares/Third_Party/FreeRTOS/Source/tasks.o
 .text.prvInitialiseTaskLists
                0x08013798       0x80 ./Middlewares/Third_Party/FreeRTOS/Source/tasks.o
 .text.prvCheckTasksWaitingTermination
                0x08013818       0x5c ./Middlewares/Third_Party/FreeRTOS/Source/tasks.o
 .text.prvDeleteTCB
                0x08013874       0x50 ./Middlewares/Third_Party/FreeRTOS/Source/tasks.o
 .text.prvResetNextTaskUnblockTime
                0x080138c4       0x38 ./Middlewares/Third_Party/FreeRTOS/Source/tasks.o
 .text.xTaskGetCurrentTaskHandle
                0x080138fc       0x20 ./Middlewares/Third_Party/FreeRTOS/Source/tasks.o
                0x080138fc                xTaskGetCurrentTaskHandle
 .text.xTaskGetSchedulerState
                0x0801391c       0x3c ./Middlewares/Third_Party/FreeRTOS/Source/tasks.o
                0x0801391c                xTaskGetSchedulerState
 .text.xTaskPriorityInherit
                0x08013958      0x124 ./Middlewares/Third_Party/FreeRTOS/Source/tasks.o
                0x08013958                xTaskPriorityInherit
 .text.xTaskPriorityDisinherit
                0x08013a7c      0x114 ./Middlewares/Third_Party/FreeRTOS/Source/tasks.o
                0x08013a7c                xTaskPriorityDisinherit
 .text.vTaskPriorityDisinheritAfterTimeout
                0x08013b90      0x13c ./Middlewares/Third_Party/FreeRTOS/Source/tasks.o
                0x08013b90                vTaskPriorityDisinheritAfterTimeout
 .text.pvTaskIncrementMutexHeldCount
                0x08013ccc       0x30 ./Middlewares/Third_Party/FreeRTOS/Source/tasks.o
                0x08013ccc                pvTaskIncrementMutexHeldCount
 .text.xTaskGenericNotifyWait
                0x08013cfc      0x120 ./Middlewares/Third_Party/FreeRTOS/Source/tasks.o
                0x08013cfc                xTaskGenericNotifyWait
 .text.xTaskGenericNotify
                0x08013e1c      0x208 ./Middlewares/Third_Party/FreeRTOS/Source/tasks.o
                0x08013e1c                xTaskGenericNotify
 .text.xTaskGenericNotifyFromISR
                0x08014024      0x274 ./Middlewares/Third_Party/FreeRTOS/Source/tasks.o
                0x08014024                xTaskGenericNotifyFromISR
 .text.prvAddCurrentTaskToDelayedList
                0x08014298       0xec ./Middlewares/Third_Party/FreeRTOS/Source/tasks.o
 .text.vApplicationGetIdleTaskMemory
                0x08014384       0x34 ./Middlewares/Third_Party/FreeRTOS/Source/tasks.o
                0x08014384                vApplicationGetIdleTaskMemory
 .text.vApplicationGetTimerTaskMemory
                0x080143b8       0x34 ./Middlewares/Third_Party/FreeRTOS/Source/tasks.o
                0x080143b8                vApplicationGetTimerTaskMemory
 .text.xTimerCreateTimerTask
                0x080143ec       0x80 ./Middlewares/Third_Party/FreeRTOS/Source/timers.o
                0x080143ec                xTimerCreateTimerTask
 .text.xTimerCreate
                0x0801446c       0x42 ./Middlewares/Third_Party/FreeRTOS/Source/timers.o
                0x0801446c                xTimerCreate
 .text.xTimerCreateStatic
                0x080144ae       0x60 ./Middlewares/Third_Party/FreeRTOS/Source/timers.o
                0x080144ae                xTimerCreateStatic
 .text.prvInitialiseNewTimer
                0x0801450e       0x62 ./Middlewares/Third_Party/FreeRTOS/Source/timers.o
 .text.xTimerGenericCommandFromTask
                0x08014570       0x80 ./Middlewares/Third_Party/FreeRTOS/Source/timers.o
                0x08014570                xTimerGenericCommandFromTask
 .text.prvReloadTimer
                0x080145f0       0x42 ./Middlewares/Third_Party/FreeRTOS/Source/timers.o
 *fill*         0x08014632        0x2 
 .text.prvProcessExpiredTimer
                0x08014634       0x60 ./Middlewares/Third_Party/FreeRTOS/Source/timers.o
 .text.prvTimerTask
                0x08014694       0x26 ./Middlewares/Third_Party/FreeRTOS/Source/timers.o
 *fill*         0x080146ba        0x2 
 .text.prvProcessTimerOrBlockTask
                0x080146bc       0x8c ./Middlewares/Third_Party/FreeRTOS/Source/timers.o
 .text.prvGetNextExpireTime
                0x08014748       0x48 ./Middlewares/Third_Party/FreeRTOS/Source/timers.o
 .text.prvSampleTimeNow
                0x08014790       0x40 ./Middlewares/Third_Party/FreeRTOS/Source/timers.o
 .text.prvInsertTimerInActiveList
                0x080147d0       0x84 ./Middlewares/Third_Party/FreeRTOS/Source/timers.o
 .text.prvProcessReceivedCommands
                0x08014854      0x1b0 ./Middlewares/Third_Party/FreeRTOS/Source/timers.o
 .text.prvSwitchTimerLists
                0x08014a04       0x4c ./Middlewares/Third_Party/FreeRTOS/Source/timers.o
 .text.prvCheckForValidListAndQueue
                0x08014a50       0x80 ./Middlewares/Third_Party/FreeRTOS/Source/timers.o
 .text.xTimerIsTimerActive
                0x08014ad0       0x44 ./Middlewares/Third_Party/FreeRTOS/Source/timers.o
                0x08014ad0                xTimerIsTimerActive
 .text.pvTimerGetTimerID
                0x08014b14       0x32 ./Middlewares/Third_Party/FreeRTOS/Source/timers.o
                0x08014b14                pvTimerGetTimerID
 *fill*         0x08014b46        0x2 
 .text.vPortSetupTimerInterrupt
                0x08014b48       0x48 ./Middlewares/Third_Party/FreeRTOS/Source/portable/GCC/ARM_CM33_NTZ/non_secure/port.o
                0x08014b48                vPortSetupTimerInterrupt
 .text.prvTaskExitError
                0x08014b90       0x38 ./Middlewares/Third_Party/FreeRTOS/Source/portable/GCC/ARM_CM33_NTZ/non_secure/port.o
 .text.vPortYield
                0x08014bc8       0x24 ./Middlewares/Third_Party/FreeRTOS/Source/portable/GCC/ARM_CM33_NTZ/non_secure/port.o
                0x08014bc8                vPortYield
 .text.vPortEnterCritical
                0x08014bec       0x24 ./Middlewares/Third_Party/FreeRTOS/Source/portable/GCC/ARM_CM33_NTZ/non_secure/port.o
                0x08014bec                vPortEnterCritical
 .text.vPortExitCritical
                0x08014c10       0x34 ./Middlewares/Third_Party/FreeRTOS/Source/portable/GCC/ARM_CM33_NTZ/non_secure/port.o
                0x08014c10                vPortExitCritical
 .text.xPortSysTickHandler
                0x08014c44       0x30 ./Middlewares/Third_Party/FreeRTOS/Source/portable/GCC/ARM_CM33_NTZ/non_secure/port.o
                0x08014c44                xPortSysTickHandler
 .text.vPortSVCHandler_C
                0x08014c74       0x32 ./Middlewares/Third_Party/FreeRTOS/Source/portable/GCC/ARM_CM33_NTZ/non_secure/port.o
                0x08014c74                vPortSVCHandler_C
 *fill*         0x08014ca6        0x2 
 .text.pxPortInitialiseStack
                0x08014ca8      0x114 ./Middlewares/Third_Party/FreeRTOS/Source/portable/GCC/ARM_CM33_NTZ/non_secure/port.o
                0x08014ca8                pxPortInitialiseStack
 .text.xPortStartScheduler
                0x08014dbc      0x12c ./Middlewares/Third_Party/FreeRTOS/Source/portable/GCC/ARM_CM33_NTZ/non_secure/port.o
                0x08014dbc                xPortStartScheduler
 .text.vPortValidateInterruptPriority
                0x08014ee8       0x60 ./Middlewares/Third_Party/FreeRTOS/Source/portable/GCC/ARM_CM33_NTZ/non_secure/port.o
                0x08014ee8                vPortValidateInterruptPriority
 .text.vRestoreContextOfFirstTask
                0x08014f48       0x34 ./Middlewares/Third_Party/FreeRTOS/Source/portable/GCC/ARM_CM33_NTZ/non_secure/portasm.o
                0x08014f48                vRestoreContextOfFirstTask
 .text.vStartFirstTask
                0x08014f7c       0x20 ./Middlewares/Third_Party/FreeRTOS/Source/portable/GCC/ARM_CM33_NTZ/non_secure/portasm.o
                0x08014f7c                vStartFirstTask
 .text.ulSetInterruptMask
                0x08014f9c       0x1a ./Middlewares/Third_Party/FreeRTOS/Source/portable/GCC/ARM_CM33_NTZ/non_secure/portasm.o
                0x08014f9c                ulSetInterruptMask
 .text.vClearInterruptMask
                0x08014fb6       0x10 ./Middlewares/Third_Party/FreeRTOS/Source/portable/GCC/ARM_CM33_NTZ/non_secure/portasm.o
                0x08014fb6                vClearInterruptMask
 *fill*         0x08014fc6        0x2 
 .text.PendSV_Handler
                0x08014fc8       0x4c ./Middlewares/Third_Party/FreeRTOS/Source/portable/GCC/ARM_CM33_NTZ/non_secure/portasm.o
                0x08014fc8                PendSV_Handler
 .text.SVC_Handler
                0x08015014       0x18 ./Middlewares/Third_Party/FreeRTOS/Source/portable/GCC/ARM_CM33_NTZ/non_secure/portasm.o
                0x08015014                SVC_Handler
 .text.pvPortMalloc
                0x0801502c       0xa8 ./Middlewares/Third_Party/FreeRTOS/Source/portable/MemMang/heap_1.o
                0x0801502c                pvPortMalloc
 .text.vPortFree
                0x080150d4       0x1e ./Middlewares/Third_Party/FreeRTOS/Source/portable/MemMang/heap_1.o
                0x080150d4                vPortFree
 *fill*         0x080150f2        0x2 
 .text.malloc   0x080150f4       0x10 C:/ST/STM32CubeIDE_1.16.0/STM32CubeIDE/plugins/com.st.stm32cube.ide.mcu.externaltools.gnu-tools-for-stm32.13.3.rel1.win32_1.0.100.202509120712/tools/bin/../lib/gcc/arm-none-eabi/13.3.1/../../../../arm-none-eabi/lib/thumb/v8-m.main+fp/hard\libc_nano.a(libc_a-malloc.o)
                0x080150f4                malloc
 .text.free     0x08015104       0x10 C:/ST/STM32CubeIDE_1.16.0/STM32CubeIDE/plugins/com.st.stm32cube.ide.mcu.externaltools.gnu-tools-for-stm32.13.3.rel1.win32_1.0.100.202509120712/tools/bin/../lib/gcc/arm-none-eabi/13.3.1/../../../../arm-none-eabi/lib/thumb/v8-m.main+fp/hard\libc_nano.a(libc_a-malloc.o)
                0x08015104                free
 .text.sbrk_aligned
                0x08015114       0x44 C:/ST/STM32CubeIDE_1.16.0/STM32CubeIDE/plugins/com.st.stm32cube.ide.mcu.externaltools.gnu-tools-for-stm32.13.3.rel1.win32_1.0.100.202509120712/tools/bin/../lib/gcc/arm-none-eabi/13.3.1/../../../../arm-none-eabi/lib/thumb/v8-m.main+fp/hard\libc_nano.a(libc_a-mallocr.o)
 .text._malloc_r
                0x08015158      0x100 C:/ST/STM32CubeIDE_1.16.0/STM32CubeIDE/plugins/com.st.stm32cube.ide.mcu.externaltools.gnu-tools-for-stm32.13.3.rel1.win32_1.0.100.202509120712/tools/bin/../lib/gcc/arm-none-eabi/13.3.1/../../../../arm-none-eabi/lib/thumb/v8-m.main+fp/hard\libc_nano.a(libc_a-mallocr.o)
                0x08015158                _malloc_r
 .text.__malloc_lock
                0x08015258        0xc C:/ST/STM32CubeIDE_1.16.0/STM32CubeIDE/plugins/com.st.stm32cube.ide.mcu.externaltools.gnu-tools-for-stm32.13.3.rel1.win32_1.0.100.202509120712/tools/bin/../lib/gcc/arm-none-eabi/13.3.1/../../../../arm-none-eabi/lib/thumb/v8-m.main+fp/hard\libc_nano.a(libc_a-mlock.o)
                0x08015258                __malloc_lock
 .text.__malloc_unlock
                0x08015264        0xc C:/ST/STM32CubeIDE_1.16.0/STM32CubeIDE/plugins/com.st.stm32cube.ide.mcu.externaltools.gnu-tools-for-stm32.13.3.rel1.win32_1.0.100.202509120712/tools/bin/../lib/gcc/arm-none-eabi/13.3.1/../../../../arm-none-eabi/lib/thumb/v8-m.main+fp/hard\libc_nano.a(libc_a-mlock.o)
                0x08015264                __malloc_unlock
 .text.snprintf
                0x08015270       0x6c C:/ST/STM32CubeIDE_1.16.0/STM32CubeIDE/plugins/com.st.stm32cube.ide.mcu.externaltools.gnu-tools-for-stm32.13.3.rel1.win32_1.0.100.202509120712/tools/bin/../lib/gcc/arm-none-eabi/13.3.1/../../../../arm-none-eabi/lib/thumb/v8-m.main+fp/hard\libc_nano.a(libc_a-snprintf.o)
                0x08015270                sniprintf
                0x08015270                snprintf
 .text.memset   0x080152dc       0x10 C:/ST/STM32CubeIDE_1.16.0/STM32CubeIDE/plugins/com.st.stm32cube.ide.mcu.externaltools.gnu-tools-for-stm32.13.3.rel1.win32_1.0.100.202509120712/tools/bin/../lib/gcc/arm-none-eabi/13.3.1/../../../../arm-none-eabi/lib/thumb/v8-m.main+fp/hard\libc_nano.a(libc_a-memset.o)
                0x080152dc                memset
 .text._sbrk_r  0x080152ec       0x20 C:/ST/STM32CubeIDE_1.16.0/STM32CubeIDE/plugins/com.st.stm32cube.ide.mcu.externaltools.gnu-tools-for-stm32.13.3.rel1.win32_1.0.100.202509120712/tools/bin/../lib/gcc/arm-none-eabi/13.3.1/../../../../arm-none-eabi/lib/thumb/v8-m.main+fp/hard\libc_nano.a(libc_a-sbrkr.o)
                0x080152ec                _sbrk_r
 .text.__errno  0x0801530c        0xc C:/ST/STM32CubeIDE_1.16.0/STM32CubeIDE/plugins/com.st.stm32cube.ide.mcu.externaltools.gnu-tools-for-stm32.13.3.rel1.win32_1.0.100.202509120712/tools/bin/../lib/gcc/arm-none-eabi/13.3.1/../../../../arm-none-eabi/lib/thumb/v8-m.main+fp/hard\libc_nano.a(libc_a-errno.o)
                0x0801530c                __errno
 .text.__libc_init_array
                0x08015318       0x48 C:/ST/STM32CubeIDE_1.16.0/STM32CubeIDE/plugins/com.st.stm32cube.ide.mcu.externaltools.gnu-tools-for-stm32.13.3.rel1.win32_1.0.100.202509120712/tools/bin/../lib/gcc/arm-none-eabi/13.3.1/../../../../arm-none-eabi/lib/thumb/v8-m.main+fp/hard\libc_nano.a(libc_a-init.o)
                0x08015318                __libc_init_array
 .text.__retarget_lock_acquire_recursive
                0x08015360        0x2 C:/ST/STM32CubeIDE_1.16.0/STM32CubeIDE/plugins/com.st.stm32cube.ide.mcu.externaltools.gnu-tools-for-stm32.13.3.rel1.win32_1.0.100.202509120712/tools/bin/../lib/gcc/arm-none-eabi/13.3.1/../../../../arm-none-eabi/lib/thumb/v8-m.main+fp/hard\libc_nano.a(libc_a-lock.o)
                0x08015360                __retarget_lock_acquire_recursive
 .text.__retarget_lock_release_recursive
                0x08015362        0x2 C:/ST/STM32CubeIDE_1.16.0/STM32CubeIDE/plugins/com.st.stm32cube.ide.mcu.externaltools.gnu-tools-for-stm32.13.3.rel1.win32_1.0.100.202509120712/tools/bin/../lib/gcc/arm-none-eabi/13.3.1/../../../../arm-none-eabi/lib/thumb/v8-m.main+fp/hard\libc_nano.a(libc_a-lock.o)
                0x08015362                __retarget_lock_release_recursive
 .text.memcpy   0x08015364       0x1a C:/ST/STM32CubeIDE_1.16.0/STM32CubeIDE/plugins/com.st.stm32cube.ide.mcu.externaltools.gnu-tools-for-stm32.13.3.rel1.win32_1.0.100.202509120712/tools/bin/../lib/gcc/arm-none-eabi/13.3.1/../../../../arm-none-eabi/lib/thumb/v8-m.main+fp/hard\libc_nano.a(libc_a-memcpy-stub.o)
                0x08015364                memcpy
 *fill*         0x0801537e        0x2 
 .text._free_r  0x08015380       0x94 C:/ST/STM32CubeIDE_1.16.0/STM32CubeIDE/plugins/com.st.stm32cube.ide.mcu.externaltools.gnu-tools-for-stm32.13.3.rel1.win32_1.0.100.202509120712/tools/bin/../lib/gcc/arm-none-eabi/13.3.1/../../../../arm-none-eabi/lib/thumb/v8-m.main+fp/hard\libc_nano.a(libc_a-freer.o)
                0x08015380                _free_r
 .text.__ssputs_r
                0x08015414       0xb6 C:/ST/STM32CubeIDE_1.16.0/STM32CubeIDE/plugins/com.st.stm32cube.ide.mcu.externaltools.gnu-tools-for-stm32.13.3.rel1.win32_1.0.100.202509120712/tools/bin/../lib/gcc/arm-none-eabi/13.3.1/../../../../arm-none-eabi/lib/thumb/v8-m.main+fp/hard\libc_nano.a(libc_a-nano-svfprintf.o)
                0x08015414                __ssputs_r
 *fill*         0x080154ca        0x2 
 .text._svfprintf_r
                0x080154cc      0x1f8 C:/ST/STM32CubeIDE_1.16.0/STM32CubeIDE/plugins/com.st.stm32cube.ide.mcu.externaltools.gnu-tools-for-stm32.13.3.rel1.win32_1.0.100.202509120712/tools/bin/../lib/gcc/arm-none-eabi/13.3.1/../../../../arm-none-eabi/lib/thumb/v8-m.main+fp/hard\libc_nano.a(libc_a-nano-svfprintf.o)
                0x080154cc                _svfiprintf_r
                0x080154cc                _svfprintf_r
 .text._printf_common
                0x080156c4       0xe4 C:/ST/STM32CubeIDE_1.16.0/STM32CubeIDE/plugins/com.st.stm32cube.ide.mcu.externaltools.gnu-tools-for-stm32.13.3.rel1.win32_1.0.100.202509120712/tools/bin/../lib/gcc/arm-none-eabi/13.3.1/../../../../arm-none-eabi/lib/thumb/v8-m.main+fp/hard\libc_nano.a(libc_a-nano-vfprintf_i.o)
                0x080156c4                _printf_common
 .text._printf_i
                0x080157a8      0x23c C:/ST/STM32CubeIDE_1.16.0/STM32CubeIDE/plugins/com.st.stm32cube.ide.mcu.externaltools.gnu-tools-for-stm32.13.3.rel1.win32_1.0.100.202509120712/tools/bin/../lib/gcc/arm-none-eabi/13.3.1/../../../../arm-none-eabi/lib/thumb/v8-m.main+fp/hard\libc_nano.a(libc_a-nano-vfprintf_i.o)
                0x080157a8                _printf_i
 .text.memmove  0x080159e4       0x34 C:/ST/STM32CubeIDE_1.16.0/STM32CubeIDE/plugins/com.st.stm32cube.ide.mcu.externaltools.gnu-tools-for-stm32.13.3.rel1.win32_1.0.100.202509120712/tools/bin/../lib/gcc/arm-none-eabi/13.3.1/../../../../arm-none-eabi/lib/thumb/v8-m.main+fp/hard\libc_nano.a(libc_a-memmove.o)
                0x080159e4                memmove
 .text.memchr   0x08015a18       0x1c C:/ST/STM32CubeIDE_1.16.0/STM32CubeIDE/plugins/com.st.stm32cube.ide.mcu.externaltools.gnu-tools-for-stm32.13.3.rel1.win32_1.0.100.202509120712/tools/bin/../lib/gcc/arm-none-eabi/13.3.1/../../../../arm-none-eabi/lib/thumb/v8-m.main+fp/hard\libc_nano.a(libc_a-memchr-stub.o)
                0x08015a18                memchr
 .text._realloc_r
                0x08015a34       0x5c C:/ST/STM32CubeIDE_1.16.0/STM32CubeIDE/plugins/com.st.stm32cube.ide.mcu.externaltools.gnu-tools-for-stm32.13.3.rel1.win32_1.0.100.202509120712/tools/bin/../lib/gcc/arm-none-eabi/13.3.1/../../../../arm-none-eabi/lib/thumb/v8-m.main+fp/hard\libc_nano.a(libc_a-reallocr.o)
                0x08015a34                _realloc_r
 .text._malloc_usable_size_r
                0x08015a90       0x10 C:/ST/STM32CubeIDE_1.16.0/STM32CubeIDE/plugins/com.st.stm32cube.ide.mcu.externaltools.gnu-tools-for-stm32.13.3.rel1.win32_1.0.100.202509120712/tools/bin/../lib/gcc/arm-none-eabi/13.3.1/../../../../arm-none-eabi/lib/thumb/v8-m.main+fp/hard\libc_nano.a(libc_a-msizer.o)
                0x08015a90                _malloc_usable_size_r
 .text.logf     0x08015aa0       0x5c C:/ST/STM32CubeIDE_1.16.0/STM32CubeIDE/plugins/com.st.stm32cube.ide.mcu.externaltools.gnu-tools-for-stm32.13.3.rel1.win32_1.0.100.202509120712/tools/bin/../lib/gcc/arm-none-eabi/13.3.1/../../../../arm-none-eabi/lib/thumb/v8-m.main+fp/hard\libm.a(libm_a-wf_log.o)
                0x08015aa0                logf
 .text.nanf     0x08015afc        0xc C:/ST/STM32CubeIDE_1.16.0/STM32CubeIDE/plugins/com.st.stm32cube.ide.mcu.externaltools.gnu-tools-for-stm32.13.3.rel1.win32_1.0.100.202509120712/tools/bin/../lib/gcc/arm-none-eabi/13.3.1/../../../../arm-none-eabi/lib/thumb/v8-m.main+fp/hard\libm.a(libm_a-sf_nan.o)
                0x08015afc                nanf
 .text.__ieee754_logf
                0x08015b08      0x1e0 C:/ST/STM32CubeIDE_1.16.0/STM32CubeIDE/plugins/com.st.stm32cube.ide.mcu.externaltools.gnu-tools-for-stm32.13.3.rel1.win32_1.0.100.202509120712/tools/bin/../lib/gcc/arm-none-eabi/13.3.1/../../../../arm-none-eabi/lib/thumb/v8-m.main+fp/hard\libm.a(libm_a-ef_log.o)
                0x08015b08                __ieee754_logf
 *(.glue_7)
 .glue_7        0x08015ce8        0x0 linker stubs
 *(.glue_7t)
 .glue_7t       0x08015ce8        0x0 linker stubs
 *(.eh_frame)
 .eh_frame      0x08015ce8        0x0 C:/ST/STM32CubeIDE_1.16.0/STM32CubeIDE/plugins/com.st.stm32cube.ide.mcu.externaltools.gnu-tools-for-stm32.13.3.rel1.win32_1.0.100.202509120712/tools/bin/../lib/gcc/arm-none-eabi/13.3.1/thumb/v8-m.main+fp/hard/crtbegin.o
 *(.init)
 .init          0x08015ce8        0x4 C:/ST/STM32CubeIDE_1.16.0/STM32CubeIDE/plugins/com.st.stm32cube.ide.mcu.externaltools.gnu-tools-for-stm32.13.3.rel1.win32_1.0.100.202509120712/tools/bin/../lib/gcc/arm-none-eabi/13.3.1/thumb/v8-m.main+fp/hard/crti.o
                0x08015ce8                _init
 .init          0x08015cec        0x8 C:/ST/STM32CubeIDE_1.16.0/STM32CubeIDE/plugins/com.st.stm32cube.ide.mcu.externaltools.gnu-tools-for-stm32.13.3.rel1.win32_1.0.100.202509120712/tools/bin/../lib/gcc/arm-none-eabi/13.3.1/thumb/v8-m.main+fp/hard/crtn.o
 *(.fini)
 .fini          0x08015cf4        0x4 C:/ST/STM32CubeIDE_1.16.0/STM32CubeIDE/plugins/com.st.stm32cube.ide.mcu.externaltools.gnu-tools-for-stm32.13.3.rel1.win32_1.0.100.202509120712/tools/bin/../lib/gcc/arm-none-eabi/13.3.1/thumb/v8-m.main+fp/hard/crti.o
                0x08015cf4                _fini
 .fini          0x08015cf8        0x8 C:/ST/STM32CubeIDE_1.16.0/STM32CubeIDE/plugins/com.st.stm32cube.ide.mcu.externaltools.gnu-tools-for-stm32.13.3.rel1.win32_1.0.100.202509120712/tools/bin/../lib/gcc/arm-none-eabi/13.3.1/thumb/v8-m.main+fp/hard/crtn.o
                0x08015d00                        . = ALIGN (0x4)
                0x08015d00                        _etext = .

.vfp11_veneer   0x08015d00        0x0
 .vfp11_veneer  0x08015d00        0x0 linker stubs

.v4_bx          0x08015d00        0x0
 .v4_bx         0x08015d00        0x0 linker stubs

.iplt           0x08015d00        0x0
 .iplt          0x08015d00        0x0 C:/ST/STM32CubeIDE_1.16.0/STM32CubeIDE/plugins/com.st.stm32cube.ide.mcu.externaltools.gnu-tools-for-stm32.13.3.rel1.win32_1.0.100.202509120712/tools/bin/../lib/gcc/arm-none-eabi/13.3.1/thumb/v8-m.main+fp/hard/crtbegin.o

.rodata         0x08015d00      0x52c
                0x08015d00                        . = ALIGN (0x4)
 *(.rodata)
 .rodata        0x08015d00       0xac ./Core/Src/app_freertos.o
 .rodata        0x08015dac       0x20 ./Core/Src/bms_functions.o
 .rodata        0x08015dcc       0x9c ./Drivers/LTC6813/Src/ltc6813.o
 .rodata        0x08015e68        0x5 ./Middlewares/Third_Party/FreeRTOS/Source/tasks.o
 *fill*         0x08015e6d        0x3 
 .rodata        0x08015e70        0xd ./Middlewares/Third_Party/FreeRTOS/Source/timers.o
 *(.rodata*)
 *fill*         0x08015e7d        0x3 
 .rodata.SerialTask_attributes
                0x08015e80       0x24 ./Core/Src/app_freertos.o
                0x08015e80                SerialTask_attributes
 .rodata.MeasurementTask_attributes
                0x08015ea4       0x24 ./Core/Src/app_freertos.o
                0x08015ea4                MeasurementTask_attributes
 .rodata.SafetyTask_attributes
                0x08015ec8       0x24 ./Core/Src/app_freertos.o
                0x08015ec8                SafetyTask_attributes
 .rodata.CANTask_attributes
                0x08015eec       0x24 ./Core/Src/app_freertos.o
                0x08015eec                CANTask_attributes
 .rodata.BalancingTask_attributes
                0x08015f10       0x24 ./Core/Src/app_freertos.o
                0x08015f10                BalancingTask_attributes
 .rodata.icLock_attributes
                0x08015f34       0x10 ./Core/Src/app_freertos.o
                0x08015f34                icLock_attributes
 .rodata.tempLock_attributes
                0x08015f44       0x10 ./Core/Src/app_freertos.o
                0x08015f44                tempLock_attributes
 .rodata.canDataLock_attributes
                0x08015f54       0x10 ./Core/Src/app_freertos.o
                0x08015f54                canDataLock_attributes
 .rodata.ChargingTimer_attributes
                0x08015f64       0x10 ./Core/Src/app_freertos.o
                0x08015f64                ChargingTimer_attributes
 .rodata.canTimer_attributes
                0x08015f74       0x10 ./Core/Src/app_freertos.o
                0x08015f74                canTimer_attributes
 .rodata.measurementWatchdogTimer_attributes
                0x08015f84       0x10 ./Core/Src/app_freertos.o
                0x08015f84                measurementWatchdogTimer_attributes
 .rodata.safetyWatchdogTimer_attributes
                0x08015f94       0x10 ./Core/Src/app_freertos.o
                0x08015f94                safetyWatchdogTimer_attributes
 .rodata.AHBPrescTable
                0x08015fa4       0x10 ./Core/Src/system_stm32h5xx.o
                0x08015fa4                AHBPrescTable
 .rodata.APBPrescTable
                0x08015fb4        0x8 ./Core/Src/system_stm32h5xx.o
                0x08015fb4                APBPrescTable
 .rodata.crc15Table
                0x08015fbc      0x200 ./Drivers/LTC6813/Src/ltc6813.o
                0x08015fbc                crc15Table
 .rodata.DLCtoBytes
                0x080161bc       0x10 ./Drivers/STM32H5xx_HAL_Driver/Src/stm32h5xx_hal_fdcan.o
 .rodata.UARTPrescTable
                0x080161cc       0x18 ./Drivers/STM32H5xx_HAL_Driver/Src/stm32h5xx_hal_uart.o
                0x080161cc                UARTPrescTable
 .rodata.numerator.1
                0x080161e4        0x8 ./Drivers/STM32H5xx_HAL_Driver/Src/stm32h5xx_hal_uart_ex.o
 .rodata.denominator.0
                0x080161ec        0x8 ./Drivers/STM32H5xx_HAL_Driver/Src/stm32h5xx_hal_uart_ex.o
 .rodata.uxTopUsedPriority
                0x080161f4        0x4 ./Middlewares/Third_Party/FreeRTOS/Source/tasks.o
 .rodata._svfprintf_r.str1.1
                0x080161f8       0x33 C:/ST/STM32CubeIDE_1.16.0/STM32CubeIDE/plugins/com.st.stm32cube.ide.mcu.externaltools.gnu-tools-for-stm32.13.3.rel1.win32_1.0.100.202509120712/tools/bin/../lib/gcc/arm-none-eabi/13.3.1/../../../../arm-none-eabi/lib/thumb/v8-m.main+fp/hard\libc_nano.a(libc_a-nano-svfprintf.o)
                                 0x11 (size before relaxing)
 .rodata._printf_i.str1.1
                0x0801622b        0x0 C:/ST/STM32CubeIDE_1.16.0/STM32CubeIDE/plugins/com.st.stm32cube.ide.mcu.externaltools.gnu-tools-for-stm32.13.3.rel1.win32_1.0.100.202509120712/tools/bin/../lib/gcc/arm-none-eabi/13.3.1/../../../../arm-none-eabi/lib/thumb/v8-m.main+fp/hard\libc_nano.a(libc_a-nano-vfprintf_i.o)
                                 0x22 (size before relaxing)
 .rodata.logf.str1.1
                0x0801622b        0x0 C:/ST/STM32CubeIDE_1.16.0/STM32CubeIDE/plugins/com.st.stm32cube.ide.mcu.externaltools.gnu-tools-for-stm32.13.3.rel1.win32_1.0.100.202509120712/tools/bin/../lib/gcc/arm-none-eabi/13.3.1/../../../../arm-none-eabi/lib/thumb/v8-m.main+fp/hard\libm.a(libm_a-wf_log.o)
                                  0x1 (size before relaxing)
                0x0801622c                        . = ALIGN (0x4)
 *fill*         0x0801622b        0x1 

.ARM.extab      0x0801622c        0x0
                0x0801622c                        . = ALIGN (0x4)
 *(.ARM.extab* .gnu.linkonce.armextab.*)
                0x0801622c                        . = ALIGN (0x4)

.ARM            0x0801622c        0x8
                0x0801622c                        . = ALIGN (0x4)
                0x0801622c                        __exidx_start = .
 *(.ARM.exidx*)
 .ARM.exidx     0x0801622c        0x8 C:/ST/STM32CubeIDE_1.16.0/STM32CubeIDE/plugins/com.st.stm32cube.ide.mcu.externaltools.gnu-tools-for-stm32.13.3.rel1.win32_1.0.100.202509120712/tools/bin/../lib/gcc/arm-none-eabi/13.3.1/../../../../arm-none-eabi/lib/thumb/v8-m.main+fp/hard\libc_nano.a(libc_a-strlen.o)
 .ARM.exidx     0x08016234        0x0 C:/ST/STM32CubeIDE_1.16.0/STM32CubeIDE/plugins/com.st.stm32cube.ide.mcu.externaltools.gnu-tools-for-stm32.13.3.rel1.win32_1.0.100.202509120712/tools/bin/../lib/gcc/arm-none-eabi/13.3.1/thumb/v8-m.main+fp/hard\libgcc.a(_udivmoddi4.o)
                                  0x8 (size before relaxing)
                0x08016234                        __exidx_end = .
                0x08016234                        . = ALIGN (0x4)

.preinit_array  0x08016234        0x0
                0x08016234                        . = ALIGN (0x4)
                0x08016234                        PROVIDE (__preinit_array_start = .)
 *(.preinit_array*)
                0x08016234                        PROVIDE (__preinit_array_end = .)
                0x08016234                        . = ALIGN (0x4)

.init_array     0x08016234        0x4
                0x08016234                        . = ALIGN (0x4)
                0x08016234                        PROVIDE (__init_array_start = .)
 *(SORT_BY_NAME(.init_array.*))
 *(.init_array*)
 .init_array    0x08016234        0x4 C:/ST/STM32CubeIDE_1.16.0/STM32CubeIDE/plugins/com.st.stm32cube.ide.mcu.externaltools.gnu-tools-for-stm32.13.3.rel1.win32_1.0.100.202509120712/tools/bin/../lib/gcc/arm-none-eabi/13.3.1/thumb/v8-m.main+fp/hard/crtbegin.o
                0x08016238                        PROVIDE (__init_array_end = .)
                0x08016238                        . = ALIGN (0x4)

.fini_array     0x08016238        0x4
                0x08016238                        . = ALIGN (0x4)
                [!provide]                        PROVIDE (__fini_array_start = .)
 *(SORT_BY_NAME(.fini_array.*))
 *(.fini_array*)
 .fini_array    0x08016238        0x4 C:/ST/STM32CubeIDE_1.16.0/STM32CubeIDE/plugins/com.st.stm32cube.ide.mcu.externaltools.gnu-tools-for-stm32.13.3.rel1.win32_1.0.100.202509120712/tools/bin/../lib/gcc/arm-none-eabi/13.3.1/thumb/v8-m.main+fp/hard/crtbegin.o
                [!provide]                        PROVIDE (__fini_array_end = .)
                0x0801623c                        . = ALIGN (0x4)
                0x0801623c                        _sidata = LOADADDR (.data)

.rel.dyn        0x0801623c        0x0