#
# There is insufficient memory for the Java Runtime Environment to continue.
# Native memory allocation (mmap) failed to map 264241152 bytes. Error detail: G1 virtual space
# Possible reasons:
#   The system is out of physical RAM or swap space
#   This process is running with CompressedOops enabled, and the Java Heap may be blocking the growth of the native heap
# Possible solutions:
#   Reduce memory load on the system
#   Increase physical memory or swap space
#   Check if swap backing store is full
#   Decrease Java heap size (-Xmx/-Xms)
#   Decrease number of Java threads
#   Decrease Java thread stack sizes (-Xss)
#   Set larger code cache with -XX:ReservedCodeCacheSize=
#   JVM is running with Zero Based Compressed Oops mode in which the Java heap is
#     placed in the first 32GB address space. The Java Heap base address is the
#     maximum limit for the native heap growth. Please use -XX:HeapBaseMinAddress
#     to set the Java Heap base and to place the Java Heap above 32GB virtual address.
# This output file may be truncated or incomplete.
#
#  Out of Memory Error (os_windows.cpp:3713), pid=33080, tid=37128
#
# JRE version:  (21.0.9+10) (build )
# Java VM: OpenJDK 64-Bit Server VM (21.0.9+10-LTS, mixed mode, sharing, tiered, compressed oops, compressed class ptrs, g1 gc, windows-amd64)
# No core dump will be written. Minidumps are not enabled by default on client versions of Windows
#

---------------  S U M M A R Y ------------

Command Line: -Djavax.net.ssl.trustStoreType=WINDOWS-ROOT -Dsun.java2d.d3d=false --add-exports=java.desktop/sun.awt=ALL-UNNAMED --add-opens=java.desktop/java.awt=ALL-UNNAMED -Dfile.encoding=UTF8 com.st.microxplorer.maingui.STM32CubeMX C:\Users\smpet\Desktop\26-BMS_Master\26-BMS_Master.ioc

Host: 13th Gen Intel(R) Core(TM) i7-13700H, 20 cores, 15G,  Windows 11 , 64 bit Build 26100 (10.0.26100.8246)
Time: Tue May 26 14:46:41 2026 W. Australia Standard Time elapsed time: 0.163139 seconds (0d 0h 0m 0s)

---------------  T H R E A D  ---------------

Current thread (0x0000023e18a596d0):  JavaThread "Unknown thread" [_thread_in_vm, id=37128, stack(0x000000b921d00000,0x000000b921e00000) (1024K)]

Stack: [0x000000b921d00000,0x000000b921e00000]
Native frames: (J=compiled Java code, j=interpreted, Vv=VM code, C=native code)
V  [jvm.dll+0x6d6e29]
V  [jvm.dll+0x8b4b76]
V  [jvm.dll+0x8b712e]
V  [jvm.dll+0x8b7813]
V  [jvm.dll+0x283d86]
V  [jvm.dll+0x6d3745]
V  [jvm.dll+0x6c747a]
V  [jvm.dll+0x35e7e8]
V  [jvm.dll+0x366426]
V  [jvm.dll+0x3b73fe]
V  [jvm.dll+0x3b76a8]
V  [jvm.dll+0x3329ec]
V  [jvm.dll+0x33353b]
V  [jvm.dll+0x87deeb]
V  [jvm.dll+0x3c4381]
V  [jvm.dll+0x867135]
V  [jvm.dll+0x457391]
V  [jvm.dll+0x458f81]
C  [jli.dll+0x52d0]
C  [ucrtbase.dll+0x37b0]
C  [KERNEL32.DLL+0x2e8d7]
C  [ntdll.dll+0x8c3fc]


---------------  P R O C E S S  ---------------

Threads class SMR info:
_java_thread_list=0x00007ffd53b891c8, length=0, elements={
}

Java Threads: ( => current thread )
Total: 0

Other Threads:
  0x0000023e18ac2740 WorkerThread "GC Thread#0"                     [id=29792, stack(0x000000b921e00000,0x000000b921f00000) (1024K)]
  0x0000023e18ad4810 ConcurrentGCThread "G1 Main Marker"            [id=2480, stack(0x000000b921f00000,0x000000b922000000) (1024K)]
  0x0000023e18ad5320 WorkerThread "G1 Conc#0"                       [id=36292, stack(0x000000b922000000,0x000000b922100000) (1024K)]

[error occurred during error reporting (printing all threads), id 0xc0000005, EXCEPTION_ACCESS_VIOLATION (0xc0000005) at pc=0x00007ffd532850d7]
VM state: not at safepoint (not fully initialized)

VM Mutex/Monitor currently owned by a thread:  ([mutex/lock_event])
[0x00007ffd53bfd670] Heap_lock - owner thread: 0x0000023e18a596d0

Heap address: 0x0000000705200000, size: 4014 MB, Compressed Oops mode: Zero based, Oop shift amount: 3

CDS archive(s) mapped at: [0x0000000000000000-0x0000000000000000-0x0000000000000000), size 0, SharedBaseAddress: 0x0000000800000000, ArchiveRelocationMode: 1.
Narrow klass base: 0x0000000000000000, Narrow klass shift: 0, Narrow klass range: 0x0

GC Precious Log:
 CardTable entry size: 512
 Card Set container configuration: InlinePtr #cards 4 size 8 Array Of Cards #cards 16 size 48 Howl #buckets 8 coarsen threshold 3686 Howl Bitmap #cards 512 size 80 coarsen threshold 460 Card regions per heap region 1 cards per card region 4096

Heap:
 garbage-first heap   total 0K, used 0K [0x0000000705200000, 0x0000000800000000)
  region size 2048K, 0 young (0K), 0 survivors (0K)

[error occurred during error reporting (printing heap information), id 0xc0000005, EXCEPTION_ACCESS_VIOLATION (0xc0000005) at pc=0x00007ffd536707a9]
GC Heap History (0 events):
No events

Dll operation events (1 events):
Event: 0.128 Loaded shared library C:\Users\smpet\AppData\Local\Programs\STM32CubeMX\jre\bin\java.dll

Deoptimization events (0 events):
No events

Classes loaded (0 events):
No events

Classes unloaded (0 events):
No events

Classes redefined (0 events):
No events

Internal exceptions (0 events):
No events

ZGC Phase Switch (0 events):
No events

VM Operations (0 events):
No events

Memory protections (0 events):
No events

Nmethod flushes (0 events):
No events

Events (0 events):
No events


Dynamic libraries:
0x00007ff653d30000 - 0x00007ff653d3e000 	C:\Users\smpet\AppData\Local\Programs\STM32CubeMX\jre\bin\javaw.exe
0x00007ffe73760000 - 0x00007ffe739c7000 	C:\WINDOWS\SYSTEM32\ntdll.dll
0x00007ffe72780000 - 0x00007ffe72849000 	C:\WINDOWS\System32\KERNEL32.DLL
0x00007ffe70fc0000 - 0x00007ffe713b4000 	C:\WINDOWS\System32\KERNELBASE.dll
0x00007ffe70e70000 - 0x00007ffe70fbb000 	C:\WINDOWS\System32\ucrtbase.dll
0x00007ffe3b390000 - 0x00007ffe3b3ae000 	C:\Users\smpet\AppData\Local\Programs\STM32CubeMX\jre\bin\VCRUNTIME140.dll
0x00007ffe3b340000 - 0x00007ffe3b358000 	C:\Users\smpet\AppData\Local\Programs\STM32CubeMX\jre\bin\jli.dll
0x00007ffe71630000 - 0x00007ffe717f5000 	C:\WINDOWS\System32\USER32.dll
0x00007ffe70c40000 - 0x00007ffe70c67000 	C:\WINDOWS\System32\win32u.dll
0x00007ffe72710000 - 0x00007ffe7273b000 	C:\WINDOWS\System32\GDI32.dll
0x00007ffe4f590000 - 0x00007ffe4f823000 	C:\WINDOWS\WinSxS\amd64_microsoft.windows.common-controls_6595b64144ccf1df_6.0.26100.8115_none_3e075c82e3354f9c\COMCTL32.dll
0x00007ffe713c0000 - 0x00007ffe714eb000 	C:\WINDOWS\System32\gdi32full.dll
0x00007ffe700f0000 - 0x00007ffe70193000 	C:\WINDOWS\System32\msvcp_win.dll
0x00007ffe72b90000 - 0x00007ffe72c39000 	C:\WINDOWS\System32\msvcrt.dll
0x00007ffe72740000 - 0x00007ffe72772000 	C:\WINDOWS\System32\IMM32.DLL
0x00007ffe5a540000 - 0x00007ffe5a54c000 	C:\Users\smpet\AppData\Local\Programs\STM32CubeMX\jre\bin\vcruntime140_1.dll
0x00007ffe28110000 - 0x00007ffe2819d000 	C:\Users\smpet\AppData\Local\Programs\STM32CubeMX\jre\bin\msvcp140.dll
0x00007ffd52f40000 - 0x00007ffd53ce0000 	C:\Users\smpet\AppData\Local\Programs\STM32CubeMX\jre\bin\server\jvm.dll
0x00007ffe72650000 - 0x00007ffe72706000 	C:\WINDOWS\System32\ADVAPI32.dll
0x00007ffe72910000 - 0x00007ffe729b7000 	C:\WINDOWS\System32\sechost.dll
0x00007ffe71510000 - 0x00007ffe71628000 	C:\WINDOWS\System32\RPCRT4.dll
0x00007ffe73680000 - 0x00007ffe73700000 	C:\WINDOWS\System32\WS2_32.dll
0x00007ffe6fe90000 - 0x00007ffe6feee000 	C:\WINDOWS\SYSTEM32\POWRPROF.dll
0x00007ffe63cf0000 - 0x00007ffe63d26000 	C:\WINDOWS\SYSTEM32\WINMM.dll
0x00007ffe6e960000 - 0x00007ffe6e96b000 	C:\WINDOWS\SYSTEM32\VERSION.dll
0x00007ffe6fe70000 - 0x00007ffe6fe84000 	C:\WINDOWS\SYSTEM32\UMPDC.dll
0x00007ffe6edc0000 - 0x00007ffe6eddb000 	C:\WINDOWS\SYSTEM32\kernel.appcore.dll
0x00007ffe5a190000 - 0x00007ffe5a19a000 	C:\Users\smpet\AppData\Local\Programs\STM32CubeMX\jre\bin\jimage.dll
0x00007ffe6d610000 - 0x00007ffe6d852000 	C:\WINDOWS\SYSTEM32\DBGHELP.DLL
0x00007ffe72c60000 - 0x00007ffe72fe2000 	C:\WINDOWS\System32\combase.dll
0x00007ffe72080000 - 0x00007ffe72158000 	C:\WINDOWS\System32\OLEAUT32.dll
0x00007ffe3c5e0000 - 0x00007ffe3c61b000 	C:\WINDOWS\SYSTEM32\dbgcore.DLL
0x00007ffe70a10000 - 0x00007ffe70ab5000 	C:\WINDOWS\System32\bcryptPrimitives.dll
0x00007ffe39c80000 - 0x00007ffe39ca0000 	C:\Users\smpet\AppData\Local\Programs\STM32CubeMX\jre\bin\java.dll

JVMTI agents: none

dbghelp: loaded successfully - version: 4.0.5 - missing functions: none
symbol engine: initialized successfully - sym options: 0x614 - pdb path: .;C:\Users\smpet\AppData\Local\Programs\STM32CubeMX\jre\bin;C:\WINDOWS\SYSTEM32;C:\WINDOWS\WinSxS\amd64_microsoft.windows.common-controls_6595b64144ccf1df_6.0.26100.8115_none_3e075c82e3354f9c;C:\Users\smpet\AppData\Local\Programs\STM32CubeMX\jre\bin\server

VM Arguments:
jvm_args: -Djavax.net.ssl.trustStoreType=WINDOWS-ROOT -Dsun.java2d.d3d=false --add-exports=java.desktop/sun.awt=ALL-UNNAMED --add-opens=java.desktop/java.awt=ALL-UNNAMED -Dfile.encoding=UTF8 
java_command: com.st.microxplorer.maingui.STM32CubeMX C:\Users\smpet\Desktop\26-BMS_Master\26-BMS_Master.ioc
java_class_path (initial): C:\Users\smpet\AppData\Local\Programs\STM32CubeMX\STM32CubeMX.exe;anything
Launcher Type: SUN_STANDARD

[Global flags]
     intx CICompilerCount                          = 12                                        {product} {ergonomic}
     uint ConcGCThreads                            = 4                                         {product} {ergonomic}
     uint G1ConcRefinementThreads                  = 15                                        {product} {ergonomic}
   size_t G1HeapRegionSize                         = 2097152                                   {product} {ergonomic}
    uintx GCDrainStackTargetSize                   = 64                                        {product} {ergonomic}
   size_t InitialHeapSize                          = 264241152                                 {product} {ergonomic}
   size_t MarkStackSize                            = 4194304                                   {product} {ergonomic}
   size_t MaxHeapSize                              = 4208984064                                {product} {ergonomic}
   size_t MinHeapDeltaBytes                        = 2097152                                   {product} {ergonomic}
   size_t MinHeapSize                              = 8388608                                   {product} {ergonomic}
    uintx NonNMethodCodeHeapSize                   = 7602480                                {pd product} {ergonomic}
    uintx NonProfiledCodeHeapSize                  = 122027880                              {pd product} {ergonomic}
    uintx ProfiledCodeHeapSize                     = 122027880                              {pd product} {ergonomic}
    uintx ReservedCodeCacheSize                    = 251658240                              {pd product} {ergonomic}
     bool SegmentedCodeCache                       = true                                      {product} {ergonomic}
   size_t SoftMaxHeapSize                          = 4208984064                             {manageable} {ergonomic}
     bool UseCompressedOops                        = true                           {product lp64_product} {ergonomic}
     bool UseG1GC                                  = true                                      {product} {ergonomic}
     bool UseLargePagesIndividualAllocation        = false                                  {pd product} {ergonomic}

Logging:
Log output configuration:
 #0: stdout all=warning uptime,level,tags foldmultilines=false
 #1: stderr all=off uptime,level,tags foldmultilines=false

Release file:
<release file has not been read>
Environment Variables:
PATH=C:\Users\smpet\AppData\Local\Programs\STM32CubeMX\;C:/ST/STM32CubeIDE_1.16.0/STM32CubeIDE//plugins/com.st.stm32cube.ide.jre.win64_3.4.100.202508201254/jre/bin/server;C:/ST/STM32CubeIDE_1.16.0/STM32CubeIDE//plugins/com.st.stm32cube.ide.jre.win64_3.4.100.202508201254/jre/bin;C:\Program Files (x86)\NVIDIA Corporation\PhysX\Common;C:\Program Files (x86)\Common Files\Oracle\Java\java8path;C:\Program Files (x86)\Common Files\Oracle\Java\javapath;C:\Windows\system32;C:\Windows;C:\Windows\System32\Wbem;C:\Windows\System32\WindowsPowerShell\v1.0\;C:\Windows\System32\OpenSSH\;C:\Program Files\dotnet\;C:\Program Files\NVIDIA Corporation\NVIDIA NvDLISR;C:\Program Files\MATLAB\R2024a\bin;C:\Program Files\Microsoft SQL Server\Client SDK\ODBC\130\Tools\Binn\;C:\Program Files (x86)\Microsoft SQL Server\140\Tools\Binn\;C:\Program Files\Microsoft SQL Server\140\Tools\Binn\;C:\Program Files\Microsoft SQL Server\140\DTS\Binn\;C:\Program Files (x86)\Windows Kits\8.1\Windows Performance Toolkit\;C:\WINDOWS\system32;C:\WINDOWS;C:\WINDOWS\System32\Wbem;C:\WINDOWS\System32\WindowsPowerShell\v1.0\;C:\WINDOWS\System32\OpenSSH\;C:\Program Files\usbipd-win\;C:\Program Files\CMake\bin;C:\Program Files\Git\cmd;C:\Program Files (x86)\Windows Kits\10\Windows Performance Toolkit\;C:\Users\smpet\AppData\Local\Programs\Python\Launcher\;C:\Users\smpet\AppData\Local\Microsoft\WindowsApps;C:\Users\smpet\AppData\Local\Programs\Microsoft VS Code\bin;C:\msys64\usr\bin;C:\Program Files\Arm\GNU Toolchain mingw-w64-x86_64-arm-none-eabi\bin;;C:\Users\smpet\Desktop\26-BMS_Master;;C:\Users\smpet\AppData\Local\Programs\STM32CubeMX\.\jre\\bin
USERNAME=smpet
OS=Windows_NT
PROCESSOR_IDENTIFIER=Intel64 Family 6 Model 186 Stepping 2, GenuineIntel
TMP=C:\Users\smpet\AppData\Local\Temp
TEMP=C:\Users\smpet\AppData\Local\Temp




Periodic native trim disabled

---------------  S Y S T E M  ---------------

OS:
 Windows 11 , 64 bit Build 26100 (10.0.26100.8246)
OS uptime: 4 days 1:24 hours
Hyper-V role detected

CPU: total 20 (initial active 20) (10 cores per cpu, 2 threads per core) family 6 model 186 stepping 2 microcode 0x6134, cx8, cmov, fxsr, ht, mmx, 3dnowpref, sse, sse2, sse3, ssse3, sse4.1, sse4.2, popcnt, lzcnt, tsc, tscinvbit, avx, avx2, aes, erms, clmul, bmi1, bmi2, adx, sha, fma, vzeroupper, clflush, clflushopt, clwb, hv, serialize, rdtscp, rdpid, fsrm, f16c, cet_ibt, cet_ss
Processor Information for processor 0
  Max Mhz: 2400, Current Mhz: 2400, Mhz Limit: 2400
Processor Information for processor 1
  Max Mhz: 2400, Current Mhz: 2400, Mhz Limit: 2400
Processor Information for processor 2
  Max Mhz: 2400, Current Mhz: 1520, Mhz Limit: 2400
Processor Information for processor 3
  Max Mhz: 2400, Current Mhz: 2400, Mhz Limit: 2400
Processor Information for processor 4
  Max Mhz: 2400, Current Mhz: 2400, Mhz Limit: 2400
Processor Information for processor 5
  Max Mhz: 2400, Current Mhz: 2400, Mhz Limit: 2400
Processor Information for processor 6
  Max Mhz: 2400, Current Mhz: 2400, Mhz Limit: 2400
Processor Information for processor 7
  Max Mhz: 2400, Current Mhz: 2400, Mhz Limit: 2400
Processor Information for processor 8
  Max Mhz: 2400, Current Mhz: 2400, Mhz Limit: 2400
Processor Information for processor 9
  Max Mhz: 2400, Current Mhz: 2400, Mhz Limit: 2400
Processor Information for processor 10
  Max Mhz: 2400, Current Mhz: 2400, Mhz Limit: 2400
Processor Information for processor 11
  Max Mhz: 2400, Current Mhz: 2400, Mhz Limit: 2400
Processor Information for processor 12
  Max Mhz: 2400, Current Mhz: 2400, Mhz Limit: 2400
Processor Information for processor 13
  Max Mhz: 2400, Current Mhz: 1466, Mhz Limit: 2400
Processor Information for processor 14
  Max Mhz: 2400, Current Mhz: 2400, Mhz Limit: 2400
Processor Information for processor 15
  Max Mhz: 2400, Current Mhz: 1466, Mhz Limit: 2400
Processor Information for processor 16
  Max Mhz: 2400, Current Mhz: 1466, Mhz Limit: 2400
Processor Information for processor 17
  Max Mhz: 2400, Current Mhz: 1466, Mhz Limit: 2400
Processor Information for processor 18
  Max Mhz: 2400, Current Mhz: 2400, Mhz Limit: 2400
Processor Information for processor 19
  Max Mhz: 2400, Current Mhz: 1466, Mhz Limit: 2400

Memory: 4k page, system-wide physical 16055M (1681M free)
TotalPageFile size 35498M (AvailPageFile size 159M)
current process WorkingSet (physical memory assigned to process): 13M, peak: 13M
current process commit charge ("private bytes"): 75M, peak: 327M

vm_info: OpenJDK 64-Bit Server VM (21.0.9+10-LTS) for windows-amd64 JRE (21.0.9+10-LTS), built on 2025-10-21T00:00:00Z by "admin" with unknown MS VC++:1942

END.
