#
# There is insufficient memory for the Java Runtime Environment to continue.
# Native memory allocation (mmap) failed to map 450887680 bytes. Error detail: G1 virtual space
# Possible reasons:
#   The system is out of physical RAM or swap space
#   This process is running with CompressedOops enabled, and the Java Heap may be blocking the growth of the native heap
# Possible solutions:
#   Reduce memory load on the system
#   Increase physical memory or swap space
#   Check if swap backing store is full
#   Decrease Java heap size (-Xmx/-Xms)
#   Decrease number of Java threads
#   Decrease Java thread stack sizes (-Xss)
#   Set larger code cache with -XX:ReservedCodeCacheSize=
#   JVM is running with Zero Based Compressed Oops mode in which the Java heap is
#     placed in the first 32GB address space. The Java Heap base address is the
#     maximum limit for the native heap growth. Please use -XX:HeapBaseMinAddress
#     to set the Java Heap base and to place the Java Heap above 32GB virtual address.
# This output file may be truncated or incomplete.
#
#  Out of Memory Error (os_windows.cpp:3713), pid=20736, tid=26340
#
# JRE version: OpenJDK Runtime Environment Temurin-21.0.9+10 (21.0.9+10) (build 21.0.9+10-LTS)
# Java VM: OpenJDK 64-Bit Server VM Temurin-21.0.9+10 (21.0.9+10-LTS, mixed mode, tiered, compressed oops, compressed class ptrs, g1 gc, windows-amd64)
# No core dump will be written. Minidumps are not enabled by default on client versions of Windows
#

---------------  S U M M A R Y ------------

Command Line: -Djavax.net.ssl.trustStoreType=WINDOWS-ROOT -Dsun.java2d.d3d=false --add-exports=java.desktop/sun.awt=ALL-UNNAMED --add-opens=java.desktop/java.awt=ALL-UNNAMED -Dfile.encoding=UTF8 com.st.microxplorer.maingui.STM32CubeMX C:\Users\smpet\Desktop\26-BMS_Master\26-BMS_Master.ioc

Host: 13th Gen Intel(R) Core(TM) i7-13700H, 20 cores, 15G,  Windows 11 , 64 bit Build 26100 (10.0.26100.7920)
Time: Fri Apr 10 12:32:00 2026 W. Australia Standard Time elapsed time: 13.271981 seconds (0d 0h 0m 13s)

---------------  T H R E A D  ---------------

Current thread (0x000002c77feced00):  VMThread "VM Thread"          [id=26340, stack(0x000000f529900000,0x000000f529a00000) (1024K)]

Stack: [0x000000f529900000,0x000000f529a00000]
Native frames: (J=compiled Java code, j=interpreted, Vv=VM code, C=native code)
V  [jvm.dll+0x6d6e29]
V  [jvm.dll+0x8b4b76]
V  [jvm.dll+0x8b712e]
V  [jvm.dll+0x8b7813]
V  [jvm.dll+0x283d86]
V  [jvm.dll+0x6d3745]
V  [jvm.dll+0x6c747a]
V  [jvm.dll+0x35e7e8]
V  [jvm.dll+0x366426]
V  [jvm.dll+0x3b73fe]
V  [jvm.dll+0x3b76a8]
V  [jvm.dll+0x3329ec]
V  [jvm.dll+0x332a77]
V  [jvm.dll+0x37684c]
V  [jvm.dll+0x374fee]
V  [jvm.dll+0x332131]
V  [jvm.dll+0x37465a]
V  [jvm.dll+0x8bd500]
V  [jvm.dll+0x8be8a4]
V  [jvm.dll+0x8bede0]
V  [jvm.dll+0x8bf083]
V  [jvm.dll+0x85e9ad]
V  [jvm.dll+0x6d565d]
C  [ucrtbase.dll+0x37b0]
C  [KERNEL32.DLL+0x2e8d7]
C  [ntdll.dll+0x8c48c]

VM_Operation (0x000000f52a6fe9c0): G1CollectForAllocation, mode: safepoint, requested by thread 0x000002c70ae3eeb0


---------------  P R O C E S S  ---------------

Threads class SMR info:
_java_thread_list=0x000002c706dca4e0, length=36, elements={
0x000002c7040ae300, 0x000002c70406da30, 0x000002c7040a5510, 0x000002c70406ea20,
0x000002c70406f5a0, 0x000002c70409bd30, 0x000002c7040c9030, 0x000002c7040cdaf0,
0x000002c7042bfdd0, 0x000002c7042c0470, 0x000002c7042f27c0, 0x000002c7042f7660,
0x000002c704f6c940, 0x000002c704d6b830, 0x000002c704d6be90, 0x000002c704e80eb0,
0x000002c75cb545e0, 0x000002c70892eb90, 0x000002c70892f220, 0x000002c70892e500,
0x000002c70ae3d470, 0x000002c70ae3e190, 0x000002c70ae3b3a0, 0x000002c70ae3db00,
0x000002c70ae3c750, 0x000002c70ae3ba30, 0x000002c70ae3ad10, 0x000002c70ae3cde0,
0x000002c70ae3f540, 0x000002c70ae3e820, 0x000002c70ae3c0c0, 0x000002c70ae41610,
0x000002c70ae42330, 0x000002c70ae41ca0, 0x000002c70892f8b0, 0x000002c70ae3eeb0
}

Java Threads: ( => current thread )
  0x000002c7040ae300 JavaThread "Reference Handler"          daemon [_thread_blocked, id=9128, stack(0x000000f529a00000,0x000000f529b00000) (1024K)]
  0x000002c70406da30 JavaThread "Finalizer"                  daemon [_thread_blocked, id=18708, stack(0x000000f529b00000,0x000000f529c00000) (1024K)]
  0x000002c7040a5510 JavaThread "Signal Dispatcher"          daemon [_thread_blocked, id=33684, stack(0x000000f529c00000,0x000000f529d00000) (1024K)]
  0x000002c70406ea20 JavaThread "Attach Listener"            daemon [_thread_blocked, id=29376, stack(0x000000f529d00000,0x000000f529e00000) (1024K)]
  0x000002c70406f5a0 JavaThread "Service Thread"             daemon [_thread_blocked, id=35316, stack(0x000000f529e00000,0x000000f529f00000) (1024K)]
  0x000002c70409bd30 JavaThread "Monitor Deflation Thread"   daemon [_thread_blocked, id=19736, stack(0x000000f529f00000,0x000000f52a000000) (1024K)]
  0x000002c7040c9030 JavaThread "C2 CompilerThread0"         daemon [_thread_blocked, id=33520, stack(0x000000f52a000000,0x000000f52a100000) (1024K)]
  0x000002c7040cdaf0 JavaThread "C1 CompilerThread0"         daemon [_thread_blocked, id=35168, stack(0x000000f52a100000,0x000000f52a200000) (1024K)]
  0x000002c7042bfdd0 JavaThread "C1 CompilerThread1"         daemon [_thread_blocked, id=13240, stack(0x000000f52a200000,0x000000f52a300000) (1024K)]
  0x000002c7042c0470 JavaThread "C1 CompilerThread2"         daemon [_thread_blocked, id=33404, stack(0x000000f52a300000,0x000000f52a400000) (1024K)]
  0x000002c7042f27c0 JavaThread "Notification Thread"        daemon [_thread_blocked, id=31516, stack(0x000000f52a400000,0x000000f52a500000) (1024K)]
  0x000002c7042f7660 JavaThread "Common-Cleaner"             daemon [_thread_blocked, id=27372, stack(0x000000f52a500000,0x000000f52a600000) (1024K)]
  0x000002c704f6c940 JavaThread "Java2D Disposer"            daemon [_thread_blocked, id=27304, stack(0x000000f52b800000,0x000000f52b900000) (1024K)]
  0x000002c704d6b830 JavaThread "AWT-Shutdown"                      [_thread_blocked, id=15324, stack(0x000000f52b900000,0x000000f52ba00000) (1024K)]
  0x000002c704d6be90 JavaThread "AWT-Windows"                daemon [_thread_in_native, id=2428, stack(0x000000f52ba00000,0x000000f52bb00000) (1024K)]
  0x000002c704e80eb0 JavaThread "AWT-EventQueue-0"                  [_thread_blocked, id=27012, stack(0x000000f52bb00000,0x000000f52bc00000) (1024K)]
  0x000002c75cb545e0 JavaThread "DestroyJavaVM"                     [_thread_blocked, id=31088, stack(0x000000f529200000,0x000000f529300000) (1024K)]
  0x000002c70892eb90 JavaThread "TimerQueue"                 daemon [_thread_blocked, id=28520, stack(0x000000f52c100000,0x000000f52c200000) (1024K)]
  0x000002c70892f220 JavaThread "Keep-Alive-Timer"           daemon [_thread_blocked, id=18868, stack(0x000000f52c900000,0x000000f52ca00000) (1024K)]
  0x000002c70892e500 JavaThread "IPC Server Thread"          daemon [_thread_in_native, id=35356, stack(0x000000f52a800000,0x000000f52a900000) (1024K)]
  0x000002c70ae3d470 JavaThread "Chromium Process Thread"           [_thread_in_native, id=13124, stack(0x000000f52c700000,0x000000f52c800000) (1024K)]
  0x000002c70ae3e190 JavaThread "Chromium Process Logger"    daemon [_thread_in_native, id=32724, stack(0x000000f52cb00000,0x000000f52cc00000) (1024K)]
  0x000002c70ae3b3a0 JavaThread "IPC Memory Reader Thread"          [_thread_in_native, id=34780, stack(0x000000f52cf00000,0x000000f52d000000) (1024K)]
  0x000002c70ae3db00 JavaThread "Browser Thread: 97743e76-29b6-4a91-84aa-579d748f827c" daemon [_thread_blocked, id=31628, stack(0x000000f52d000000,0x000000f52d100000) (1024K)]
  0x000002c70ae3c750 JavaThread "Socket Connection Checker: 97743e76-29b6-4a91-84aa-579d748f827c"        [_thread_in_native, id=7116, stack(0x000000f52d100000,0x000000f52d200000) (1024K)]
  0x000002c70ae3ba30 JavaThread "Network Thread: 8c40278b-7377-424c-b264-07afce3fa150" daemon [_thread_blocked, id=24808, stack(0x000000f52d400000,0x000000f52d500000) (1024K)]
  0x000002c70ae3ad10 JavaThread "IPC Memory Reader Thread"          [_thread_in_native, id=10892, stack(0x000000f52d300000,0x000000f52d400000) (1024K)]
  0x000002c70ae3cde0 JavaThread "Socket Connection Checker: 8c40278b-7377-424c-b264-07afce3fa150"        [_thread_in_native, id=28428, stack(0x000000f52d500000,0x000000f52d600000) (1024K)]
  0x000002c70ae3f540 JavaThread "GPU Thread: 9e4b4235-199f-4d58-ad32-f9e51fe5f78a" daemon [_thread_blocked, id=14956, stack(0x000000f52da00000,0x000000f52db00000) (1024K)]
  0x000002c70ae3e820 JavaThread "IPC Memory Reader Thread"          [_thread_in_native, id=15548, stack(0x000000f52d900000,0x000000f52da00000) (1024K)]
  0x000002c70ae3c0c0 JavaThread "Socket Connection Checker: 9e4b4235-199f-4d58-ad32-f9e51fe5f78a"        [_thread_in_native, id=35804, stack(0x000000f52db00000,0x000000f52dc00000) (1024K)]
  0x000002c70ae41610 JavaThread "SwingWorker-pool-4-thread-1" daemon [_thread_blocked, id=29292, stack(0x000000f52aa00000,0x000000f52ab00000) (1024K)]
  0x000002c70ae42330 JavaThread "Render Thread: 1365fb3f-fd41-40ee-87a2-7742f2a94ee3" daemon [_thread_blocked, id=29028, stack(0x000000f52e000000,0x000000f52e100000) (1024K)]
  0x000002c70ae41ca0 JavaThread "IPC Memory Reader Thread"          [_thread_in_native, id=32668, stack(0x000000f52df00000,0x000000f52e000000) (1024K)]
  0x000002c70892f8b0 JavaThread "Socket Connection Checker: 1365fb3f-fd41-40ee-87a2-7742f2a94ee3"        [_thread_in_native, id=33632, stack(0x000000f52e100000,0x000000f52e200000) (1024K)]
  0x000002c70ae3eeb0 JavaThread "Thread-2687"                daemon [_thread_blocked, id=16156, stack(0x000000f52a600000,0x000000f52a700000) (1024K)]
Total: 36

Other Threads:
=>0x000002c77feced00 VMThread "VM Thread"                           [id=26340, stack(0x000000f529900000,0x000000f529a00000) (1024K)]
  0x000002c77febb590 WatcherThread "VM Periodic Task Thread"        [id=35324, stack(0x000000f529800000,0x000000f529900000) (1024K)]
  0x000002c75f071c20 WorkerThread "GC Thread#0"                     [id=31776, stack(0x000000f529300000,0x000000f529400000) (1024K)]
  0x000002c704e0b7b0 WorkerThread "GC Thread#1"                     [id=35340, stack(0x000000f52ab00000,0x000000f52ac00000) (1024K)]
  0x000002c704e0bf60 WorkerThread "GC Thread#2"                     [id=19636, stack(0x000000f52ac00000,0x000000f52ad00000) (1024K)]
  0x000002c704e0c300 WorkerThread "GC Thread#3"                     [id=24764, stack(0x000000f52ad00000,0x000000f52ae00000) (1024K)]
  0x000002c7051ee380 WorkerThread "GC Thread#4"                     [id=12476, stack(0x000000f52ae00000,0x000000f52af00000) (1024K)]
  0x000002c7051ee720 WorkerThread "GC Thread#5"                     [id=31200, stack(0x000000f52af00000,0x000000f52b000000) (1024K)]
  0x000002c7051eeac0 WorkerThread "GC Thread#6"                     [id=22388, stack(0x000000f52b000000,0x000000f52b100000) (1024K)]
  0x000002c704f8ee80 WorkerThread "GC Thread#7"                     [id=5284, stack(0x000000f52b100000,0x000000f52b200000) (1024K)]
  0x000002c704899820 WorkerThread "GC Thread#8"                     [id=488, stack(0x000000f52b200000,0x000000f52b300000) (1024K)]
  0x000002c704899480 WorkerThread "GC Thread#9"                     [id=22116, stack(0x000000f52b300000,0x000000f52b400000) (1024K)]
  0x000002c704897ec0 WorkerThread "GC Thread#10"                    [id=30908, stack(0x000000f52b400000,0x000000f52b500000) (1024K)]
  0x000002c7048990e0 WorkerThread "GC Thread#11"                    [id=28652, stack(0x000000f52bd00000,0x000000f52be00000) (1024K)]
  0x000002c705670310 WorkerThread "GC Thread#12"                    [id=13964, stack(0x000000f52be00000,0x000000f52bf00000) (1024K)]
  0x000002c705670df0 WorkerThread "GC Thread#13"                    [id=16752, stack(0x000000f52bf00000,0x000000f52c000000) (1024K)]
  0x000002c705671530 WorkerThread "GC Thread#14"                    [id=30916, stack(0x000000f52c000000,0x000000f52c100000) (1024K)]
  0x000002c75f083d10 ConcurrentGCThread "G1 Main Marker"            [id=8832, stack(0x000000f529400000,0x000000f529500000) (1024K)]
  0x000002c75f084810 WorkerThread "G1 Conc#0"                       [id=32160, stack(0x000000f529500000,0x000000f529600000) (1024K)]
  0x000002c704898260 WorkerThread "G1 Conc#1"                       [id=31180, stack(0x000000f52b500000,0x000000f52b600000) (1024K)]
  0x000002c7048989a0 WorkerThread "G1 Conc#2"                       [id=29600, stack(0x000000f52b600000,0x000000f52b700000) (1024K)]
  0x000002c704898d40 WorkerThread "G1 Conc#3"                       [id=28004, stack(0x000000f52b700000,0x000000f52b800000) (1024K)]
  0x000002c77fd81470 ConcurrentGCThread "G1 Refine#0"               [id=25240, stack(0x000000f529600000,0x000000f529700000) (1024K)]
  0x000002c77fd81fe0 ConcurrentGCThread "G1 Service"                [id=16344, stack(0x000000f529700000,0x000000f529800000) (1024K)]
Total: 24

Threads with active compile tasks:
C2 CompilerThread0  13288 10261       4       java.lang.StringConcatHelper::prepend (22 bytes)
Total: 1

VM state: at safepoint (normal execution)

VM Mutex/Monitor currently owned by a thread:  ([mutex/lock_event])
[0x00007ffb76c8d570] Threads_lock - owner thread: 0x000002c77feced00
[0x00007ffb76c8d670] Heap_lock - owner thread: 0x000002c70ae3eeb0

Heap address: 0x0000000705200000, size: 4014 MB, Compressed Oops mode: Zero based, Oop shift amount: 3

CDS archive(s) not mapped
Compressed class space mapped at: 0x0000000800000000-0x0000000840000000, reserved size: 1073741824
Narrow klass base: 0x0000000800000000, Narrow klass shift: 0, Narrow klass range: 0x40000000

GC Precious Log:
 CardTable entry size: 512
 Card Set container configuration: InlinePtr #cards 4 size 8 Array Of Cards #cards 16 size 48 Howl #buckets 8 coarsen threshold 3686 Howl Bitmap #cards 512 size 80 coarsen threshold 460 Card regions per heap region 1 cards per card region 4096
 CPUs: 20 total, 20 available
 Memory: 16055M
 Large Page Support: Disabled
 NUMA Support: Disabled
 Compressed Oops: Enabled (Zero based)
 Heap Region Size: 2M
 Heap Min Capacity: 8M
 Heap Initial Capacity: 252M
 Heap Max Capacity: 4014M
 Pre-touch: Disabled
 Parallel Workers: 15
 Concurrent Workers: 4
 Concurrent Refinement Workers: 15
 Periodic GC: Disabled

Heap:
 garbage-first heap   total 440320K, used 163218K [0x0000000705200000, 0x0000000800000000)
  region size 2048K, 9 young (18432K), 9 survivors (18432K)
 Metaspace       used 89004K, committed 90176K, reserved 1179648K
  class space    used 9955K, committed 10496K, reserved 1048576K

Heap Regions: E=young(eden), S=young(survivor), O=old, HS=humongous(starts), HC=humongous(continues), CS=collection set, F=free, TAMS=top-at-mark-start, PB=parsable bottom
|   0|0x0000000705200000, 0x0000000705400000, 0x0000000705400000|100%|HS|  |TAMS 0x0000000705400000| PB 0x0000000705200000| Complete 
|   1|0x0000000705400000, 0x0000000705600000, 0x0000000705600000|100%|HC|  |TAMS 0x0000000705600000| PB 0x0000000705400000| Complete 
|   2|0x0000000705600000, 0x0000000705800000, 0x0000000705800000|100%|HC|  |TAMS 0x0000000705800000| PB 0x0000000705600000| Complete 
|   3|0x0000000705800000, 0x0000000705a00000, 0x0000000705a00000|100%|HC|  |TAMS 0x0000000705a00000| PB 0x0000000705800000| Complete 
|   4|0x0000000705a00000, 0x0000000705c00000, 0x0000000705c00000|100%| O|  |TAMS 0x0000000705c00000| PB 0x0000000705a00000| Untracked 
|   5|0x0000000705c00000, 0x0000000705e00000, 0x0000000705e00000|100%| O|  |TAMS 0x0000000705e00000| PB 0x0000000705c00000| Untracked 
|   6|0x0000000705e00000, 0x0000000706000000, 0x0000000706000000|100%| O|  |TAMS 0x0000000706000000| PB 0x0000000705e00000| Untracked 
|   7|0x0000000706000000, 0x0000000706200000, 0x0000000706200000|100%| O|  |TAMS 0x0000000706200000| PB 0x0000000706000000| Untracked 
|   8|0x0000000706200000, 0x0000000706400000, 0x0000000706400000|100%| O|  |TAMS 0x0000000706400000| PB 0x0000000706200000| Untracked 
|   9|0x0000000706400000, 0x0000000706600000, 0x0000000706600000|100%| O|  |TAMS 0x0000000706600000| PB 0x0000000706400000| Untracked 
|  10|0x0000000706600000, 0x0000000706800000, 0x0000000706800000|100%| O|  |TAMS 0x0000000706800000| PB 0x0000000706600000| Untracked 
|  11|0x0000000706800000, 0x0000000706a00000, 0x0000000706a00000|100%| O|  |TAMS 0x0000000706a00000| PB 0x0000000706800000| Untracked 
|  12|0x0000000706a00000, 0x0000000706c00000, 0x0000000706c00000|100%| O|  |TAMS 0x0000000706c00000| PB 0x0000000706a00000| Untracked 
|  13|0x0000000706c00000, 0x0000000706e00000, 0x0000000706e00000|100%| O|  |TAMS 0x0000000706e00000| PB 0x0000000706c00000| Untracked 
|  14|0x0000000706e00000, 0x0000000707000000, 0x0000000707000000|100%| O|  |TAMS 0x0000000707000000| PB 0x0000000706e00000| Untracked 
|  15|0x0000000707000000, 0x0000000707200000, 0x0000000707200000|100%| O|  |TAMS 0x0000000707200000| PB 0x0000000707000000| Untracked 
|  16|0x0000000707200000, 0x0000000707400000, 0x0000000707400000|100%| O|  |TAMS 0x0000000707400000| PB 0x0000000707200000| Untracked 
|  17|0x0000000707400000, 0x0000000707600000, 0x0000000707600000|100%| O|  |TAMS 0x0000000707600000| PB 0x0000000707400000| Untracked 
|  18|0x0000000707600000, 0x0000000707800000, 0x0000000707800000|100%|HS|  |TAMS 0x0000000707800000| PB 0x0000000707600000| Complete 
|  19|0x0000000707800000, 0x0000000707a00000, 0x0000000707a00000|100%| O|  |TAMS 0x0000000707a00000| PB 0x0000000707800000| Untracked 
|  20|0x0000000707a00000, 0x0000000707c00000, 0x0000000707c00000|100%| O|  |TAMS 0x0000000707c00000| PB 0x0000000707a00000| Untracked 
|  21|0x0000000707c00000, 0x0000000707e00000, 0x0000000707e00000|100%| O|  |TAMS 0x0000000707e00000| PB 0x0000000707c00000| Untracked 
|  22|0x0000000707e00000, 0x0000000708000000, 0x0000000708000000|100%| O|  |TAMS 0x0000000708000000| PB 0x0000000707e00000| Untracked 
|  23|0x0000000708000000, 0x0000000708200000, 0x0000000708200000|100%| O|  |TAMS 0x0000000708200000| PB 0x0000000708000000| Untracked 
|  24|0x0000000708200000, 0x0000000708400000, 0x0000000708400000|100%|HS|  |TAMS 0x0000000708400000| PB 0x0000000708200000| Complete 
|  25|0x0000000708400000, 0x0000000708600000, 0x0000000708600000|100%|HS|  |TAMS 0x0000000708600000| PB 0x0000000708400000| Complete 
|  26|0x0000000708600000, 0x0000000708800000, 0x0000000708800000|100%|HC|  |TAMS 0x0000000708800000| PB 0x0000000708600000| Complete 
|  27|0x0000000708800000, 0x0000000708a00000, 0x0000000708a00000|100%|HS|  |TAMS 0x0000000708a00000| PB 0x0000000708800000| Complete 
|  28|0x0000000708a00000, 0x0000000708c00000, 0x0000000708c00000|100%|HC|  |TAMS 0x0000000708c00000| PB 0x0000000708a00000| Complete 
|  29|0x0000000708c00000, 0x0000000708e00000, 0x0000000708e00000|100%|HS|  |TAMS 0x0000000708e00000| PB 0x0000000708c00000| Complete 
|  30|0x0000000708e00000, 0x0000000709000000, 0x0000000709000000|100%|HC|  |TAMS 0x0000000709000000| PB 0x0000000708e00000| Complete 
|  31|0x0000000709000000, 0x0000000709200000, 0x0000000709200000|100%|HS|  |TAMS 0x0000000709200000| PB 0x0000000709000000| Complete 
|  32|0x0000000709200000, 0x0000000709400000, 0x0000000709400000|100%|HC|  |TAMS 0x0000000709400000| PB 0x0000000709200000| Complete 
|  33|0x0000000709400000, 0x0000000709600000, 0x0000000709600000|100%|HS|  |TAMS 0x0000000709600000| PB 0x0000000709400000| Complete 
|  34|0x0000000709600000, 0x0000000709800000, 0x0000000709800000|100%|HC|  |TAMS 0x0000000709800000| PB 0x0000000709600000| Complete 
|  35|0x0000000709800000, 0x0000000709a00000, 0x0000000709a00000|100%|HS|  |TAMS 0x0000000709a00000| PB 0x0000000709800000| Complete 
|  36|0x0000000709a00000, 0x0000000709c00000, 0x0000000709c00000|100%|HC|  |TAMS 0x0000000709c00000| PB 0x0000000709a00000| Complete 
|  37|0x0000000709c00000, 0x0000000709e00000, 0x0000000709e00000|100%|HS|  |TAMS 0x0000000709e00000| PB 0x0000000709c00000| Complete 
|  38|0x0000000709e00000, 0x000000070a000000, 0x000000070a000000|100%|HC|  |TAMS 0x000000070a000000| PB 0x0000000709e00000| Complete 
|  39|0x000000070a000000, 0x000000070a200000, 0x000000070a200000|100%|HS|  |TAMS 0x000000070a200000| PB 0x000000070a000000| Complete 
|  40|0x000000070a200000, 0x000000070a400000, 0x000000070a400000|100%|HC|  |TAMS 0x000000070a400000| PB 0x000000070a200000| Complete 
|  41|0x000000070a400000, 0x000000070a600000, 0x000000070a600000|100%| O|  |TAMS 0x000000070a600000| PB 0x000000070a400000| Untracked 
|  42|0x000000070a600000, 0x000000070a800000, 0x000000070a800000|100%| O|  |TAMS 0x000000070a800000| PB 0x000000070a600000| Untracked 
|  43|0x000000070a800000, 0x000000070aa00000, 0x000000070aa00000|100%| O|  |TAMS 0x000000070aa00000| PB 0x000000070a800000| Untracked 
|  44|0x000000070aa00000, 0x000000070ac00000, 0x000000070ac00000|100%| O|  |TAMS 0x000000070ac00000| PB 0x000000070aa00000| Untracked 
|  45|0x000000070ac00000, 0x000000070ae00000, 0x000000070ae00000|100%| O|  |TAMS 0x000000070ae00000| PB 0x000000070ac00000| Untracked 
|  46|0x000000070ae00000, 0x000000070b000000, 0x000000070b000000|100%| O|  |TAMS 0x000000070b000000| PB 0x000000070ae00000| Untracked 
|  47|0x000000070b000000, 0x000000070b200000, 0x000000070b200000|100%| O|  |TAMS 0x000000070b200000| PB 0x000000070b000000| Untracked 
|  48|0x000000070b200000, 0x000000070b200000, 0x000000070b400000|  0%| F|  |TAMS 0x000000070b200000| PB 0x000000070b200000| Untracked 
|  49|0x000000070b400000, 0x000000070b600000, 0x000000070b600000|100%| O|  |TAMS 0x000000070b600000| PB 0x000000070b400000| Untracked 
|  50|0x000000070b600000, 0x000000070b707b28, 0x000000070b800000| 51%| O|  |TAMS 0x000000070b707b28| PB 0x000000070b600000| Untracked 
|  51|0x000000070b800000, 0x000000070ba00000, 0x000000070ba00000|100%| O|  |TAMS 0x000000070ba00000| PB 0x000000070b800000| Untracked 
|  52|0x000000070ba00000, 0x000000070bc00000, 0x000000070bc00000|100%| O|  |TAMS 0x000000070bc00000| PB 0x000000070ba00000| Untracked 
|  53|0x000000070bc00000, 0x000000070be00000, 0x000000070be00000|100%| O|  |TAMS 0x000000070be00000| PB 0x000000070bc00000| Untracked 
|  54|0x000000070be00000, 0x000000070c000000, 0x000000070c000000|100%| O|  |TAMS 0x000000070c000000| PB 0x000000070be00000| Untracked 
|  55|0x000000070c000000, 0x000000070c200000, 0x000000070c200000|100%| O|  |TAMS 0x000000070c200000| PB 0x000000070c000000| Untracked 
|  56|0x000000070c200000, 0x000000070c200000, 0x000000070c400000|  0%| F|  |TAMS 0x000000070c200000| PB 0x000000070c200000| Untracked 
|  57|0x000000070c400000, 0x000000070c600000, 0x000000070c600000|100%|HS|  |TAMS 0x000000070c600000| PB 0x000000070c400000| Complete 
|  58|0x000000070c600000, 0x000000070c800000, 0x000000070c800000|100%|HC|  |TAMS 0x000000070c800000| PB 0x000000070c600000| Complete 
|  59|0x000000070c800000, 0x000000070ca00000, 0x000000070ca00000|100%|HS|  |TAMS 0x000000070ca00000| PB 0x000000070c800000| Complete 
|  60|0x000000070ca00000, 0x000000070cc00000, 0x000000070cc00000|100%|HC|  |TAMS 0x000000070cc00000| PB 0x000000070ca00000| Complete 
|  61|0x000000070cc00000, 0x000000070cc00000, 0x000000070ce00000|  0%| F|  |TAMS 0x000000070cc00000| PB 0x000000070cc00000| Untracked 
|  62|0x000000070ce00000, 0x000000070ce00000, 0x000000070d000000|  0%| F|  |TAMS 0x000000070ce00000| PB 0x000000070ce00000| Untracked 
|  63|0x000000070d000000, 0x000000070d000000, 0x000000070d200000|  0%| F|  |TAMS 0x000000070d000000| PB 0x000000070d000000| Untracked 
|  64|0x000000070d200000, 0x000000070d25cec0, 0x000000070d400000| 18%| S|CS|TAMS 0x000000070d200000| PB 0x000000070d200000| Complete 
|  65|0x000000070d400000, 0x000000070d400000, 0x000000070d600000|  0%| F|  |TAMS 0x000000070d400000| PB 0x000000070d400000| Untracked 
|  66|0x000000070d600000, 0x000000070d800000, 0x000000070d800000|100%| O|  |TAMS 0x000000070d800000| PB 0x000000070d600000| Untracked 
|  67|0x000000070d800000, 0x000000070d800000, 0x000000070da00000|  0%| F|  |TAMS 0x000000070d800000| PB 0x000000070d800000| Untracked 
|  68|0x000000070da00000, 0x000000070da00000, 0x000000070dc00000|  0%| F|  |TAMS 0x000000070da00000| PB 0x000000070da00000| Untracked 
|  69|0x000000070dc00000, 0x000000070dc00000, 0x000000070de00000|  0%| F|  |TAMS 0x000000070dc00000| PB 0x000000070dc00000| Untracked 
|  70|0x000000070de00000, 0x000000070de00000, 0x000000070e000000|  0%| F|  |TAMS 0x000000070de00000| PB 0x000000070de00000| Untracked 
|  71|0x000000070e000000, 0x000000070e200000, 0x000000070e200000|100%|HS|  |TAMS 0x000000070e200000| PB 0x000000070e000000| Complete 
|  72|0x000000070e200000, 0x000000070e400000, 0x000000070e400000|100%|HC|  |TAMS 0x000000070e400000| PB 0x000000070e200000| Complete 
|  73|0x000000070e400000, 0x000000070e600000, 0x000000070e600000|100%|HC|  |TAMS 0x000000070e600000| PB 0x000000070e400000| Complete 
|  74|0x000000070e600000, 0x000000070e800000, 0x000000070e800000|100%|HC|  |TAMS 0x000000070e800000| PB 0x000000070e600000| Complete 
|  75|0x000000070e800000, 0x000000070ea00000, 0x000000070ea00000|100%|HC|  |TAMS 0x000000070ea00000| PB 0x000000070e800000| Complete 
|  76|0x000000070ea00000, 0x000000070ec00000, 0x000000070ec00000|100%|HC|  |TAMS 0x000000070ec00000| PB 0x000000070ea00000| Complete 
|  77|0x000000070ec00000, 0x000000070ee00000, 0x000000070ee00000|100%|HC|  |TAMS 0x000000070ee00000| PB 0x000000070ec00000| Complete 
|  78|0x000000070ee00000, 0x000000070f000000, 0x000000070f000000|100%|HC|  |TAMS 0x000000070f000000| PB 0x000000070ee00000| Complete 
|  79|0x000000070f000000, 0x000000070f200000, 0x000000070f200000|100%|HC|  |TAMS 0x000000070f200000| PB 0x000000070f000000| Complete 
|  80|0x000000070f200000, 0x000000070f400000, 0x000000070f400000|100%|HC|  |TAMS 0x000000070f400000| PB 0x000000070f200000| Complete 
|  81|0x000000070f400000, 0x000000070f400000, 0x000000070f600000|  0%| F|  |TAMS 0x000000070f400000| PB 0x000000070f400000| Untracked 
|  82|0x000000070f600000, 0x000000070f600000, 0x000000070f800000|  0%| F|  |TAMS 0x000000070f600000| PB 0x000000070f600000| Untracked 
|  83|0x000000070f800000, 0x000000070fa00000, 0x000000070fa00000|100%| S|CS|TAMS 0x000000070f800000| PB 0x000000070f800000| Complete 
|  84|0x000000070fa00000, 0x000000070fc00000, 0x000000070fc00000|100%| S|CS|TAMS 0x000000070fa00000| PB 0x000000070fa00000| Complete 
|  85|0x000000070fc00000, 0x000000070fe00000, 0x000000070fe00000|100%| S|CS|TAMS 0x000000070fc00000| PB 0x000000070fc00000| Complete 
|  86|0x000000070fe00000, 0x0000000710000000, 0x0000000710000000|100%| S|CS|TAMS 0x000000070fe00000| PB 0x000000070fe00000| Complete 
|  87|0x0000000710000000, 0x0000000710200000, 0x0000000710200000|100%| S|CS|TAMS 0x0000000710000000| PB 0x0000000710000000| Complete 
|  88|0x0000000710200000, 0x0000000710400000, 0x0000000710400000|100%| S|CS|TAMS 0x0000000710200000| PB 0x0000000710200000| Complete 
|  89|0x0000000710400000, 0x0000000710600000, 0x0000000710600000|100%| S|CS|TAMS 0x0000000710400000| PB 0x0000000710400000| Complete 
|  90|0x0000000710600000, 0x0000000710600000, 0x0000000710800000|  0%| F|  |TAMS 0x0000000710600000| PB 0x0000000710600000| Untracked 
|  91|0x0000000710800000, 0x0000000710a00000, 0x0000000710a00000|100%| S|CS|TAMS 0x0000000710800000| PB 0x0000000710800000| Complete 
|  92|0x0000000710a00000, 0x0000000710a00000, 0x0000000710c00000|  0%| F|  |TAMS 0x0000000710a00000| PB 0x0000000710a00000| Untracked 
|  93|0x0000000710c00000, 0x0000000710c00000, 0x0000000710e00000|  0%| F|  |TAMS 0x0000000710c00000| PB 0x0000000710c00000| Untracked 
|  94|0x0000000710e00000, 0x0000000710e00000, 0x0000000711000000|  0%| F|  |TAMS 0x0000000710e00000| PB 0x0000000710e00000| Untracked 
|  95|0x0000000711000000, 0x0000000711000000, 0x0000000711200000|  0%| F|  |TAMS 0x0000000711000000| PB 0x0000000711000000| Untracked 
|  96|0x0000000711200000, 0x0000000711200000, 0x0000000711400000|  0%| F|  |TAMS 0x0000000711200000| PB 0x0000000711200000| Untracked 
|  97|0x0000000711400000, 0x0000000711400000, 0x0000000711600000|  0%| F|  |TAMS 0x0000000711400000| PB 0x0000000711400000| Untracked 
|  98|0x0000000711600000, 0x0000000711600000, 0x0000000711800000|  0%| F|  |TAMS 0x0000000711600000| PB 0x0000000711600000| Untracked 
|  99|0x0000000711800000, 0x0000000711800000, 0x0000000711a00000|  0%| F|  |TAMS 0x0000000711800000| PB 0x0000000711800000| Untracked 
| 100|0x0000000711a00000, 0x0000000711a00000, 0x0000000711c00000|  0%| F|  |TAMS 0x0000000711a00000| PB 0x0000000711a00000| Untracked 
| 101|0x0000000711c00000, 0x0000000711c00000, 0x0000000711e00000|  0%| F|  |TAMS 0x0000000711c00000| PB 0x0000000711c00000| Untracked 
| 102|0x0000000711e00000, 0x0000000711e00000, 0x0000000712000000|  0%| F|  |TAMS 0x0000000711e00000| PB 0x0000000711e00000| Untracked 
| 103|0x0000000712000000, 0x0000000712000000, 0x0000000712200000|  0%| F|  |TAMS 0x0000000712000000| PB 0x0000000712000000| Untracked 
| 104|0x0000000712200000, 0x0000000712200000, 0x0000000712400000|  0%| F|  |TAMS 0x0000000712200000| PB 0x0000000712200000| Untracked 
| 105|0x0000000712400000, 0x0000000712400000, 0x0000000712600000|  0%| F|  |TAMS 0x0000000712400000| PB 0x0000000712400000| Untracked 
| 106|0x0000000712600000, 0x0000000712600000, 0x0000000712800000|  0%| F|  |TAMS 0x0000000712600000| PB 0x0000000712600000| Untracked 
| 107|0x0000000712800000, 0x0000000712800000, 0x0000000712a00000|  0%| F|  |TAMS 0x0000000712800000| PB 0x0000000712800000| Untracked 
| 108|0x0000000712a00000, 0x0000000712a00000, 0x0000000712c00000|  0%| F|  |TAMS 0x0000000712a00000| PB 0x0000000712a00000| Untracked 
| 109|0x0000000712c00000, 0x0000000712c00000, 0x0000000712e00000|  0%| F|  |TAMS 0x0000000712c00000| PB 0x0000000712c00000| Untracked 
| 110|0x0000000712e00000, 0x0000000712e00000, 0x0000000713000000|  0%| F|  |TAMS 0x0000000712e00000| PB 0x0000000712e00000| Untracked 
| 111|0x0000000713000000, 0x0000000713000000, 0x0000000713200000|  0%| F|  |TAMS 0x0000000713000000| PB 0x0000000713000000| Untracked 
| 112|0x0000000713200000, 0x0000000713200000, 0x0000000713400000|  0%| F|  |TAMS 0x0000000713200000| PB 0x0000000713200000| Untracked 
| 113|0x0000000713400000, 0x0000000713400000, 0x0000000713600000|  0%| F|  |TAMS 0x0000000713400000| PB 0x0000000713400000| Untracked 
| 114|0x0000000713600000, 0x0000000713600000, 0x0000000713800000|  0%| F|  |TAMS 0x0000000713600000| PB 0x0000000713600000| Untracked 
| 115|0x0000000713800000, 0x0000000713800000, 0x0000000713a00000|  0%| F|  |TAMS 0x0000000713800000| PB 0x0000000713800000| Untracked 
| 116|0x0000000713a00000, 0x0000000713a00000, 0x0000000713c00000|  0%| F|  |TAMS 0x0000000713a00000| PB 0x0000000713a00000| Untracked 
| 117|0x0000000713c00000, 0x0000000713c00000, 0x0000000713e00000|  0%| F|  |TAMS 0x0000000713c00000| PB 0x0000000713c00000| Untracked 
| 118|0x0000000713e00000, 0x0000000713e00000, 0x0000000714000000|  0%| F|  |TAMS 0x0000000713e00000| PB 0x0000000713e00000| Untracked 
| 119|0x0000000714000000, 0x0000000714000000, 0x0000000714200000|  0%| F|  |TAMS 0x0000000714000000| PB 0x0000000714000000| Untracked 
| 120|0x0000000714200000, 0x0000000714200000, 0x0000000714400000|  0%| F|  |TAMS 0x0000000714200000| PB 0x0000000714200000| Untracked 
| 121|0x0000000714400000, 0x0000000714400000, 0x0000000714600000|  0%| F|  |TAMS 0x0000000714400000| PB 0x0000000714400000| Untracked 
| 122|0x0000000714600000, 0x0000000714600000, 0x0000000714800000|  0%| F|  |TAMS 0x0000000714600000| PB 0x0000000714600000| Untracked 
| 123|0x0000000714800000, 0x0000000714800000, 0x0000000714a00000|  0%| F|  |TAMS 0x0000000714800000| PB 0x0000000714800000| Untracked 
| 124|0x0000000714a00000, 0x0000000714a00000, 0x0000000714c00000|  0%| F|  |TAMS 0x0000000714a00000| PB 0x0000000714a00000| Untracked 
| 125|0x0000000714c00000, 0x0000000714c00000, 0x0000000714e00000|  0%| F|  |TAMS 0x0000000714c00000| PB 0x0000000714c00000| Untracked 
| 126|0x0000000714e00000, 0x0000000714e00000, 0x0000000715000000|  0%| F|  |TAMS 0x0000000714e00000| PB 0x0000000714e00000| Untracked 
| 127|0x0000000715000000, 0x0000000715000000, 0x0000000715200000|  0%| F|  |TAMS 0x0000000715000000| PB 0x0000000715000000| Untracked 
| 128|0x0000000715200000, 0x0000000715200000, 0x0000000715400000|  0%| F|  |TAMS 0x0000000715200000| PB 0x0000000715200000| Untracked 
| 129|0x0000000715400000, 0x0000000715400000, 0x0000000715600000|  0%| F|  |TAMS 0x0000000715400000| PB 0x0000000715400000| Untracked 
| 130|0x0000000715600000, 0x0000000715600000, 0x0000000715800000|  0%| F|  |TAMS 0x0000000715600000| PB 0x0000000715600000| Untracked 
| 131|0x0000000715800000, 0x0000000715800000, 0x0000000715a00000|  0%| F|  |TAMS 0x0000000715800000| PB 0x0000000715800000| Untracked 
| 132|0x0000000715a00000, 0x0000000715a00000, 0x0000000715c00000|  0%| F|  |TAMS 0x0000000715a00000| PB 0x0000000715a00000| Untracked 
| 133|0x0000000715c00000, 0x0000000715c00000, 0x0000000715e00000|  0%| F|  |TAMS 0x0000000715c00000| PB 0x0000000715c00000| Untracked 
| 134|0x0000000715e00000, 0x0000000715e00000, 0x0000000716000000|  0%| F|  |TAMS 0x0000000715e00000| PB 0x0000000715e00000| Untracked 
| 135|0x0000000716000000, 0x0000000716000000, 0x0000000716200000|  0%| F|  |TAMS 0x0000000716000000| PB 0x0000000716000000| Untracked 
| 136|0x0000000716200000, 0x0000000716200000, 0x0000000716400000|  0%| F|  |TAMS 0x0000000716200000| PB 0x0000000716200000| Untracked 
| 137|0x0000000716400000, 0x0000000716400000, 0x0000000716600000|  0%| F|  |TAMS 0x0000000716400000| PB 0x0000000716400000| Untracked 
| 138|0x0000000716600000, 0x0000000716600000, 0x0000000716800000|  0%| F|  |TAMS 0x0000000716600000| PB 0x0000000716600000| Untracked 
| 139|0x0000000716800000, 0x0000000716800000, 0x0000000716a00000|  0%| F|  |TAMS 0x0000000716800000| PB 0x0000000716800000| Untracked 
| 140|0x0000000716a00000, 0x0000000716a00000, 0x0000000716c00000|  0%| F|  |TAMS 0x0000000716a00000| PB 0x0000000716a00000| Untracked 
| 141|0x0000000716c00000, 0x0000000716c00000, 0x0000000716e00000|  0%| F|  |TAMS 0x0000000716c00000| PB 0x0000000716c00000| Untracked 
| 142|0x0000000716e00000, 0x0000000716e00000, 0x0000000717000000|  0%| F|  |TAMS 0x0000000716e00000| PB 0x0000000716e00000| Untracked 
| 143|0x0000000717000000, 0x0000000717000000, 0x0000000717200000|  0%| F|  |TAMS 0x0000000717000000| PB 0x0000000717000000| Untracked 
| 144|0x0000000717200000, 0x0000000717200000, 0x0000000717400000|  0%| F|  |TAMS 0x0000000717200000| PB 0x0000000717200000| Untracked 
| 145|0x0000000717400000, 0x0000000717400000, 0x0000000717600000|  0%| F|  |TAMS 0x0000000717400000| PB 0x0000000717400000| Untracked 
| 146|0x0000000717600000, 0x0000000717600000, 0x0000000717800000|  0%| F|  |TAMS 0x0000000717600000| PB 0x0000000717600000| Untracked 
| 147|0x0000000717800000, 0x0000000717800000, 0x0000000717a00000|  0%| F|  |TAMS 0x0000000717800000| PB 0x0000000717800000| Untracked 
| 148|0x0000000717a00000, 0x0000000717a00000, 0x0000000717c00000|  0%| F|  |TAMS 0x0000000717a00000| PB 0x0000000717a00000| Untracked 
| 149|0x0000000717c00000, 0x0000000717c00000, 0x0000000717e00000|  0%| F|  |TAMS 0x0000000717c00000| PB 0x0000000717c00000| Untracked 
| 150|0x0000000717e00000, 0x0000000717e00000, 0x0000000718000000|  0%| F|  |TAMS 0x0000000717e00000| PB 0x0000000717e00000| Untracked 
| 151|0x0000000718000000, 0x0000000718000000, 0x0000000718200000|  0%| F|  |TAMS 0x0000000718000000| PB 0x0000000718000000| Untracked 
| 152|0x0000000718200000, 0x0000000718200000, 0x0000000718400000|  0%| F|  |TAMS 0x0000000718200000| PB 0x0000000718200000| Untracked 
| 153|0x0000000718400000, 0x0000000718400000, 0x0000000718600000|  0%| F|  |TAMS 0x0000000718400000| PB 0x0000000718400000| Untracked 
| 154|0x0000000718600000, 0x0000000718600000, 0x0000000718800000|  0%| F|  |TAMS 0x0000000718600000| PB 0x0000000718600000| Untracked 
| 155|0x0000000718800000, 0x0000000718800000, 0x0000000718a00000|  0%| F|  |TAMS 0x0000000718800000| PB 0x0000000718800000| Untracked 
| 156|0x0000000718a00000, 0x0000000718a00000, 0x0000000718c00000|  0%| F|  |TAMS 0x0000000718a00000| PB 0x0000000718a00000| Untracked 
| 157|0x0000000718c00000, 0x0000000718c00000, 0x0000000718e00000|  0%| F|  |TAMS 0x0000000718c00000| PB 0x0000000718c00000| Untracked 
| 158|0x0000000718e00000, 0x0000000718e00000, 0x0000000719000000|  0%| F|  |TAMS 0x0000000718e00000| PB 0x0000000718e00000| Untracked 
| 159|0x0000000719000000, 0x0000000719000000, 0x0000000719200000|  0%| F|  |TAMS 0x0000000719000000| PB 0x0000000719000000| Untracked 
| 160|0x0000000719200000, 0x0000000719200000, 0x0000000719400000|  0%| F|  |TAMS 0x0000000719200000| PB 0x0000000719200000| Untracked 
| 161|0x0000000719400000, 0x0000000719400000, 0x0000000719600000|  0%| F|  |TAMS 0x0000000719400000| PB 0x0000000719400000| Untracked 
| 162|0x0000000719600000, 0x0000000719600000, 0x0000000719800000|  0%| F|  |TAMS 0x0000000719600000| PB 0x0000000719600000| Untracked 
| 163|0x0000000719800000, 0x0000000719800000, 0x0000000719a00000|  0%| F|  |TAMS 0x0000000719800000| PB 0x0000000719800000| Untracked 
| 164|0x0000000719a00000, 0x0000000719a00000, 0x0000000719c00000|  0%| F|  |TAMS 0x0000000719a00000| PB 0x0000000719a00000| Untracked 
| 165|0x0000000719c00000, 0x0000000719c00000, 0x0000000719e00000|  0%| F|  |TAMS 0x0000000719c00000| PB 0x0000000719c00000| Untracked 
| 166|0x0000000719e00000, 0x0000000719e00000, 0x000000071a000000|  0%| F|  |TAMS 0x0000000719e00000| PB 0x0000000719e00000| Untracked 
| 167|0x000000071a000000, 0x000000071a000000, 0x000000071a200000|  0%| F|  |TAMS 0x000000071a000000| PB 0x000000071a000000| Untracked 
| 168|0x000000071a200000, 0x000000071a200000, 0x000000071a400000|  0%| F|  |TAMS 0x000000071a200000| PB 0x000000071a200000| Untracked 
| 169|0x000000071a400000, 0x000000071a400000, 0x000000071a600000|  0%| F|  |TAMS 0x000000071a400000| PB 0x000000071a400000| Untracked 
| 170|0x000000071a600000, 0x000000071a600000, 0x000000071a800000|  0%| F|  |TAMS 0x000000071a600000| PB 0x000000071a600000| Untracked 
| 171|0x000000071a800000, 0x000000071a800000, 0x000000071aa00000|  0%| F|  |TAMS 0x000000071a800000| PB 0x000000071a800000| Untracked 
| 172|0x000000071aa00000, 0x000000071aa00000, 0x000000071ac00000|  0%| F|  |TAMS 0x000000071aa00000| PB 0x000000071aa00000| Untracked 
| 173|0x000000071ac00000, 0x000000071ac00000, 0x000000071ae00000|  0%| F|  |TAMS 0x000000071ac00000| PB 0x000000071ac00000| Untracked 
| 174|0x000000071ae00000, 0x000000071ae00000, 0x000000071b000000|  0%| F|  |TAMS 0x000000071ae00000| PB 0x000000071ae00000| Untracked 
| 175|0x000000071b000000, 0x000000071b000000, 0x000000071b200000|  0%| F|  |TAMS 0x000000071b000000| PB 0x000000071b000000| Untracked 
| 176|0x000000071b200000, 0x000000071b200000, 0x000000071b400000|  0%| F|  |TAMS 0x000000071b200000| PB 0x000000071b200000| Untracked 
| 177|0x000000071b400000, 0x000000071b400000, 0x000000071b600000|  0%| F|  |TAMS 0x000000071b400000| PB 0x000000071b400000| Untracked 
| 178|0x000000071b600000, 0x000000071b600000, 0x000000071b800000|  0%| F|  |TAMS 0x000000071b600000| PB 0x000000071b600000| Untracked 
| 179|0x000000071b800000, 0x000000071b800000, 0x000000071ba00000|  0%| F|  |TAMS 0x000000071b800000| PB 0x000000071b800000| Untracked 
| 180|0x000000071ba00000, 0x000000071ba00000, 0x000000071bc00000|  0%| F|  |TAMS 0x000000071ba00000| PB 0x000000071ba00000| Untracked 
| 181|0x000000071bc00000, 0x000000071bc00000, 0x000000071be00000|  0%| F|  |TAMS 0x000000071bc00000| PB 0x000000071bc00000| Untracked 
| 182|0x000000071be00000, 0x000000071be00000, 0x000000071c000000|  0%| F|  |TAMS 0x000000071be00000| PB 0x000000071be00000| Untracked 
| 183|0x000000071c000000, 0x000000071c000000, 0x000000071c200000|  0%| F|  |TAMS 0x000000071c000000| PB 0x000000071c000000| Untracked 
| 184|0x000000071c200000, 0x000000071c200000, 0x000000071c400000|  0%| F|  |TAMS 0x000000071c200000| PB 0x000000071c200000| Untracked 
| 185|0x000000071c400000, 0x000000071c400000, 0x000000071c600000|  0%| F|  |TAMS 0x000000071c400000| PB 0x000000071c400000| Untracked 
| 186|0x000000071c600000, 0x000000071c600000, 0x000000071c800000|  0%| F|  |TAMS 0x000000071c600000| PB 0x000000071c600000| Untracked 
| 187|0x000000071c800000, 0x000000071c800000, 0x000000071ca00000|  0%| F|  |TAMS 0x000000071c800000| PB 0x000000071c800000| Untracked 
| 188|0x000000071ca00000, 0x000000071ca00000, 0x000000071cc00000|  0%| F|  |TAMS 0x000000071ca00000| PB 0x000000071ca00000| Untracked 
| 189|0x000000071cc00000, 0x000000071cc00000, 0x000000071ce00000|  0%| F|  |TAMS 0x000000071cc00000| PB 0x000000071cc00000| Untracked 
| 190|0x000000071ce00000, 0x000000071ce00000, 0x000000071d000000|  0%| F|  |TAMS 0x000000071ce00000| PB 0x000000071ce00000| Untracked 
| 191|0x000000071d000000, 0x000000071d000000, 0x000000071d200000|  0%| F|  |TAMS 0x000000071d000000| PB 0x000000071d000000| Untracked 
| 192|0x000000071d200000, 0x000000071d200000, 0x000000071d400000|  0%| F|  |TAMS 0x000000071d200000| PB 0x000000071d200000| Untracked 
| 193|0x000000071d400000, 0x000000071d400000, 0x000000071d600000|  0%| F|  |TAMS 0x000000071d400000| PB 0x000000071d400000| Untracked 
| 194|0x000000071d600000, 0x000000071d600000, 0x000000071d800000|  0%| F|  |TAMS 0x000000071d600000| PB 0x000000071d600000| Untracked 
| 195|0x000000071d800000, 0x000000071d800000, 0x000000071da00000|  0%| F|  |TAMS 0x000000071d800000| PB 0x000000071d800000| Untracked 
| 196|0x000000071da00000, 0x000000071da00000, 0x000000071dc00000|  0%| F|  |TAMS 0x000000071da00000| PB 0x000000071da00000| Untracked 
| 197|0x000000071dc00000, 0x000000071dc00000, 0x000000071de00000|  0%| F|  |TAMS 0x000000071dc00000| PB 0x000000071dc00000| Untracked 
| 198|0x000000071de00000, 0x000000071de00000, 0x000000071e000000|  0%| F|  |TAMS 0x000000071de00000| PB 0x000000071de00000| Untracked 
| 199|0x000000071e000000, 0x000000071e000000, 0x000000071e200000|  0%| F|  |TAMS 0x000000071e000000| PB 0x000000071e000000| Untracked 
| 200|0x000000071e200000, 0x000000071e200000, 0x000000071e400000|  0%| F|  |TAMS 0x000000071e200000| PB 0x000000071e200000| Untracked 
| 201|0x000000071e400000, 0x000000071e400000, 0x000000071e600000|  0%| F|  |TAMS 0x000000071e400000| PB 0x000000071e400000| Untracked 
| 202|0x000000071e600000, 0x000000071e600000, 0x000000071e800000|  0%| F|  |TAMS 0x000000071e600000| PB 0x000000071e600000| Untracked 
| 203|0x000000071e800000, 0x000000071e800000, 0x000000071ea00000|  0%| F|  |TAMS 0x000000071e800000| PB 0x000000071e800000| Untracked 
| 204|0x000000071ea00000, 0x000000071ea00000, 0x000000071ec00000|  0%| F|  |TAMS 0x000000071ea00000| PB 0x000000071ea00000| Untracked 
| 205|0x000000071ec00000, 0x000000071ec00000, 0x000000071ee00000|  0%| F|  |TAMS 0x000000071ec00000| PB 0x000000071ec00000| Untracked 
| 206|0x000000071ee00000, 0x000000071ee00000, 0x000000071f000000|  0%| F|  |TAMS 0x000000071ee00000| PB 0x000000071ee00000| Untracked 
| 207|0x000000071f000000, 0x000000071f000000, 0x000000071f200000|  0%| F|  |TAMS 0x000000071f000000| PB 0x000000071f000000| Untracked 
| 208|0x000000071f200000, 0x000000071f200000, 0x000000071f400000|  0%| F|  |TAMS 0x000000071f200000| PB 0x000000071f200000| Untracked 
| 209|0x000000071f400000, 0x000000071f400000, 0x000000071f600000|  0%| F|  |TAMS 0x000000071f400000| PB 0x000000071f400000| Untracked 
|2002|0x00000007ff600000, 0x00000007ff600000, 0x00000007ff800000|  0%| F|  |TAMS 0x00000007ff600000| PB 0x00000007ff600000| Untracked 
|2003|0x00000007ff800000, 0x00000007ff800000, 0x00000007ffa00000|  0%| F|  |TAMS 0x00000007ff800000| PB 0x00000007ff800000| Untracked 
|2004|0x00000007ffa00000, 0x00000007ffa00000, 0x00000007ffc00000|  0%| F|  |TAMS 0x00000007ffa00000| PB 0x00000007ffa00000| Untracked 
|2005|0x00000007ffc00000, 0x00000007ffe00000, 0x00000007ffe00000|100%| O|  |TAMS 0x00000007ffe00000| PB 0x00000007ffc00000| Untracked 
|2006|0x00000007ffe00000, 0x0000000800000000, 0x0000000800000000|100%| O|  |TAMS 0x0000000800000000| PB 0x00000007ffe00000| Untracked 

Card table byte_map: [0x000002c778560000,0x000002c778d40000] _byte_map_base: 0x000002c774d37000

Marking Bits: (CMBitMap*) 0x000002c75f072330
 Bits: [0x000002c778d40000, 0x000002c77cbf8000)

Polling page: 0x000002c75ceb0000

Metaspace:

Usage:
  Non-class:     77.20 MB used.
      Class:      9.72 MB used.
       Both:     86.92 MB used.

Virtual space:
  Non-class space:      128.00 MB reserved,      77.81 MB ( 61%) committed,  2 nodes.
      Class space:        1.00 GB reserved,      10.25 MB (  1%) committed,  1 nodes.
             Both:        1.12 GB reserved,      88.06 MB (  8%) committed. 

Chunk freelists:
   Non-Class:  1.80 MB
       Class:  5.67 MB
        Both:  7.47 MB

MaxMetaspaceSize: unlimited
CompressedClassSpaceSize: 1.00 GB
Initial GC threshold: 21.00 MB
Current GC threshold: 146.81 MB
CDS: off
 - commit_granule_bytes: 65536.
 - commit_granule_words: 8192.
 - virtual_space_node_default_size: 8388608.
 - enlarge_chunks_in_place: 1.
 - use_allocation_guard: 0.


Internal statistics:

num_allocs_failed_limit: 9.
num_arena_births: 964.
num_arena_deaths: 0.
num_vsnodes_births: 3.
num_vsnodes_deaths: 0.
num_space_committed: 1409.
num_space_uncommitted: 0.
num_chunks_returned_to_freelist: 9.
num_chunks_taken_from_freelist: 3302.
num_chunk_merges: 3.
num_chunk_splits: 2280.
num_chunks_enlarged: 1589.
num_inconsistent_stats: 0.

CodeHeap 'non-profiled nmethods': size=119168Kb used=6426Kb max_used=6684Kb free=112741Kb
 bounds [0x000002c76fe80000, 0x000002c770520000, 0x000002c7772e0000]
CodeHeap 'profiled nmethods': size=119104Kb used=16317Kb max_used=17506Kb free=102786Kb
 bounds [0x000002c7682e0000, 0x000002c769420000, 0x000002c76f730000]
CodeHeap 'non-nmethods': size=7488Kb used=2931Kb max_used=3597Kb free=4556Kb
 bounds [0x000002c76f730000, 0x000002c76fad0000, 0x000002c76fe80000]
CodeCache: size=245760Kb, used=25674Kb, max_used=27787Kb, free=220083Kb
 total_blobs=9328, nmethods=8385, adapters=844, full_count=0
Compilation: enabled, stopped_count=0, restarted_count=0

Compilation events (20 events):
Event: 12.959 Thread 0x000002c7040cdaf0 nmethod 10251 0x000002c76928cd90 code [0x000002c76928cf60, 0x000002c76928d468]
Event: 12.964 Thread 0x000002c7040c9030 10252       4       java.lang.StringConcatHelper::checkOverflow (17 bytes)
Event: 12.964 Thread 0x000002c7040c9030 nmethod 10252 0x000002c77045e990 code [0x000002c77045eb20, 0x000002c77045eba8]
Event: 12.971 Thread 0x000002c7040c9030 10253       4       com.st.microxplorer.altova.db.IP_Modes.RefParameterType$MemberAttribute_IP::exists (20 bytes)
Event: 12.971 Thread 0x000002c70b06f8d0 10254       4       com.st.microxplorer.altova.db.IP_Modes.RefParameterType$MemberAttribute_Display::exists (20 bytes)
Event: 12.975 Thread 0x000002c7040c9030 nmethod 10253 0x000002c770468610 code [0x000002c770468800, 0x000002c770468f10]
Event: 12.975 Thread 0x000002c70b06f8d0 nmethod 10254 0x000002c7700d4c90 code [0x000002c7700d4e80, 0x000002c7700d5590]
Event: 13.020 Thread 0x000002c7042bfdd0 10255       3       org.apache.xerces.impl.XMLEntityScanner::getExpandedSystemId (55 bytes)
Event: 13.020 Thread 0x000002c7042bfdd0 nmethod 10255 0x000002c768ba5710 code [0x000002c768ba58e0, 0x000002c768ba5cd8]
Event: 13.071 Thread 0x000002c7040c9030 10256       4       com.st.microxplorer.mcu.PinoutRecombination::<init> (506 bytes)
Event: 13.132 Thread 0x000002c7042bfdd0 10257   !   3       java.lang.ModuleLayer::getServicesCatalog (91 bytes)
Event: 13.133 Thread 0x000002c7042bfdd0 nmethod 10257 0x000002c768752010 code [0x000002c7687522a0, 0x000002c768752e00]
Event: 13.189 Thread 0x000002c7040c9030 nmethod 10256 0x000002c770507310 code [0x000002c7705078e0, 0x000002c77050cd58]
Event: 13.189 Thread 0x000002c7040c9030 10258       4       java.util.Properties::getProperty (50 bytes)
Event: 13.192 Thread 0x000002c7040c9030 nmethod 10258 0x000002c7704f5f90 code [0x000002c7704f6180, 0x000002c7704f65c8]
Event: 13.198 Thread 0x000002c7040c9030 10259       4       com.st.microxplorer.altova.db.IP_Modes.RefModeType$MemberElement_ConfigForMode$MemberElement_ConfigForMode_Iterator::next (27 bytes)
Event: 13.199 Thread 0x000002c7040c9030 nmethod 10259 0x000002c770404010 code [0x000002c7704041a0, 0x000002c7704043c0]
Event: 13.255 Thread 0x000002c7040c9030 10260       4       com.st.microxplorer.altova.db.IP_Modes.ModeType$MemberElement_Semaphore$MemberElement_Semaphore_Iterator::hasNext (44 bytes)
Event: 13.259 Thread 0x000002c7040c9030 nmethod 10260 0x000002c77032f010 code [0x000002c77032f200, 0x000002c77032f968]
Event: 13.265 Thread 0x000002c7040c9030 10261       4       java.lang.StringConcatHelper::prepend (22 bytes)

GC Heap History (20 events):
Event: 12.492 GC heap after
{Heap after GC invocations=38 (full 0):
 garbage-first heap   total 335872K, used 155115K [0x0000000705200000, 0x0000000800000000)
  region size 2048K, 7 young (14336K), 7 survivors (14336K)
 Metaspace       used 88960K, committed 90112K, reserved 1179648K
  class space    used 9953K, committed 10496K, reserved 1048576K
}
Event: 12.621 GC heap before
{Heap before GC invocations=38 (full 0):
 garbage-first heap   total 335872K, used 310763K [0x0000000705200000, 0x0000000800000000)
  region size 2048K, 83 young (169984K), 7 survivors (14336K)
 Metaspace       used 88997K, committed 90176K, reserved 1179648K
  class space    used 9955K, committed 10496K, reserved 1048576K
}
Event: 12.624 GC heap after
{Heap after GC invocations=39 (full 0):
 garbage-first heap   total 335872K, used 156568K [0x0000000705200000, 0x0000000800000000)
  region size 2048K, 7 young (14336K), 7 survivors (14336K)
 Metaspace       used 88997K, committed 90176K, reserved 1179648K
  class space    used 9955K, committed 10496K, reserved 1048576K
}
Event: 12.727 GC heap before
{Heap before GC invocations=40 (full 0):
 garbage-first heap   total 335872K, used 314264K [0x0000000705200000, 0x0000000800000000)
  region size 2048K, 84 young (172032K), 7 survivors (14336K)
 Metaspace       used 89001K, committed 90176K, reserved 1179648K
  class space    used 9955K, committed 10496K, reserved 1048576K
}
Event: 12.730 GC heap after
{Heap after GC invocations=41 (full 0):
 garbage-first heap   total 335872K, used 160197K [0x0000000705200000, 0x0000000800000000)
  region size 2048K, 7 young (14336K), 7 survivors (14336K)
 Metaspace       used 89001K, committed 90176K, reserved 1179648K
  class space    used 9955K, committed 10496K, reserved 1048576K
}
Event: 12.765 GC heap before
{Heap before GC invocations=41 (full 0):
 garbage-first heap   total 335872K, used 315845K [0x0000000705200000, 0x0000000800000000)
  region size 2048K, 83 young (169984K), 7 survivors (14336K)
 Metaspace       used 89001K, committed 90176K, reserved 1179648K
  class space    used 9955K, committed 10496K, reserved 1048576K
}
Event: 12.768 GC heap after
{Heap after GC invocations=42 (full 0):
 garbage-first heap   total 335872K, used 161183K [0x0000000705200000, 0x0000000800000000)
  region size 2048K, 6 young (12288K), 6 survivors (12288K)
 Metaspace       used 89001K, committed 90176K, reserved 1179648K
  class space    used 9955K, committed 10496K, reserved 1048576K
}
Event: 12.818 GC heap before
{Heap before GC invocations=42 (full 0):
 garbage-first heap   total 335872K, used 314783K [0x0000000705200000, 0x0000000800000000)
  region size 2048K, 81 young (165888K), 6 survivors (12288K)
 Metaspace       used 89002K, committed 90176K, reserved 1179648K
  class space    used 9955K, committed 10496K, reserved 1048576K
}
Event: 12.820 GC heap after
{Heap after GC invocations=43 (full 0):
 garbage-first heap   total 335872K, used 160875K [0x0000000705200000, 0x0000000800000000)
  region size 2048K, 6 young (12288K), 6 survivors (12288K)
 Metaspace       used 89002K, committed 90176K, reserved 1179648K
  class space    used 9955K, committed 10496K, reserved 1048576K
}
Event: 12.852 GC heap before
{Heap before GC invocations=44 (full 0):
 garbage-first heap   total 335872K, used 314475K [0x0000000705200000, 0x0000000800000000)
  region size 2048K, 81 young (165888K), 6 survivors (12288K)
 Metaspace       used 89002K, committed 90176K, reserved 1179648K
  class space    used 9955K, committed 10496K, reserved 1048576K
}
Event: 12.854 GC heap after
{Heap after GC invocations=45 (full 0):
 garbage-first heap   total 440320K, used 161109K [0x0000000705200000, 0x0000000800000000)
  region size 2048K, 6 young (12288K), 6 survivors (12288K)
 Metaspace       used 89002K, committed 90176K, reserved 1179648K
  class space    used 9955K, committed 10496K, reserved 1048576K
}
Event: 12.951 GC heap before
{Heap before GC invocations=45 (full 0):
 garbage-first heap   total 440320K, used 406869K [0x0000000705200000, 0x0000000800000000)
  region size 2048K, 126 young (258048K), 6 survivors (12288K)
 Metaspace       used 89002K, committed 90176K, reserved 1179648K
  class space    used 9955K, committed 10496K, reserved 1048576K
}
Event: 12.953 GC heap after
{Heap after GC invocations=46 (full 0):
 garbage-first heap   total 440320K, used 160325K [0x0000000705200000, 0x0000000800000000)
  region size 2048K, 7 young (14336K), 7 survivors (14336K)
 Metaspace       used 89002K, committed 90176K, reserved 1179648K
  class space    used 9955K, committed 10496K, reserved 1048576K
}
Event: 13.032 GC heap before
{Heap before GC invocations=46 (full 0):
 garbage-first heap   total 440320K, used 410181K [0x0000000705200000, 0x0000000800000000)
  region size 2048K, 129 young (264192K), 7 survivors (14336K)
 Metaspace       used 89003K, committed 90176K, reserved 1179648K
  class space    used 9955K, committed 10496K, reserved 1048576K
}
Event: 13.035 GC heap after
{Heap after GC invocations=47 (full 0):
 garbage-first heap   total 440320K, used 162105K [0x0000000705200000, 0x0000000800000000)
  region size 2048K, 7 young (14336K), 7 survivors (14336K)
 Metaspace       used 89003K, committed 90176K, reserved 1179648K
  class space    used 9955K, committed 10496K, reserved 1048576K
}
Event: 13.095 GC heap before
{Heap before GC invocations=48 (full 0):
 garbage-first heap   total 440320K, used 411961K [0x0000000705200000, 0x0000000800000000)
  region size 2048K, 129 young (264192K), 7 survivors (14336K)
 Metaspace       used 89003K, committed 90176K, reserved 1179648K
  class space    used 9955K, committed 10496K, reserved 1048576K
}
Event: 13.097 GC heap after
{Heap after GC invocations=49 (full 0):
 garbage-first heap   total 440320K, used 162887K [0x0000000705200000, 0x0000000800000000)
  region size 2048K, 8 young (16384K), 8 survivors (16384K)
 Metaspace       used 89003K, committed 90176K, reserved 1179648K
  class space    used 9955K, committed 10496K, reserved 1048576K
}
Event: 13.169 GC heap before
{Heap before GC invocations=49 (full 0):
 garbage-first heap   total 440320K, used 410695K [0x0000000705200000, 0x0000000800000000)
  region size 2048K, 129 young (264192K), 8 survivors (16384K)
 Metaspace       used 89004K, committed 90176K, reserved 1179648K
  class space    used 9955K, committed 10496K, reserved 1048576K
}
Event: 13.172 GC heap after
{Heap after GC invocations=50 (full 0):
 garbage-first heap   total 440320K, used 161692K [0x0000000705200000, 0x0000000800000000)
  region size 2048K, 8 young (16384K), 8 survivors (16384K)
 Metaspace       used 89004K, committed 90176K, reserved 1179648K
  class space    used 9955K, committed 10496K, reserved 1048576K
}
Event: 13.267 GC heap before
{Heap before GC invocations=50 (full 0):
 garbage-first heap   total 440320K, used 409500K [0x0000000705200000, 0x0000000800000000)
  region size 2048K, 129 young (264192K), 8 survivors (16384K)
 Metaspace       used 89004K, committed 90176K, reserved 1179648K
  class space    used 9955K, committed 10496K, reserved 1048576K
}

Dll operation events (19 events):
Event: 0.055 Loaded shared library C:\Users\smpet\AppData\Local\Programs\STM32CubeMX\jre\bin\java.dll
Event: 0.152 Loaded shared library C:\Users\smpet\AppData\Local\Programs\STM32CubeMX\jre\bin\jsvml.dll
Event: 0.210 Loaded shared library C:\Users\smpet\AppData\Local\Programs\STM32CubeMX\jre\bin\net.dll
Event: 0.231 Loaded shared library C:\Users\smpet\AppData\Local\Programs\STM32CubeMX\jre\bin\nio.dll
Event: 0.274 Loaded shared library C:\Users\smpet\AppData\Local\Programs\STM32CubeMX\jre\bin\zip.dll
Event: 0.304 Loaded shared library C:\Users\smpet\AppData\Local\Programs\STM32CubeMX\jre\bin\jimage.dll
Event: 0.462 Loaded shared library C:\Users\smpet\AppData\Local\Programs\STM32CubeMX\jre\bin\management.dll
Event: 0.489 Loaded shared library C:\Users\smpet\AppData\Local\Programs\STM32CubeMX\jre\bin\management_ext.dll
Event: 0.887 Loaded shared library C:\Users\smpet\AppData\Local\Programs\STM32CubeMX\jre\bin\awt.dll
Event: 1.115 Loaded shared library C:\Users\smpet\AppData\Local\Programs\STM32CubeMX\jre\bin\freetype.dll
Event: 1.133 Loaded shared library C:\Users\smpet\AppData\Local\Programs\STM32CubeMX\jre\bin\fontmanager.dll
Event: 1.352 Loaded shared library C:\Users\smpet\AppData\Local\Programs\STM32CubeMX\jre\bin\verify.dll
Event: 1.456 Loaded shared library C:\Users\smpet\AppData\Local\Programs\STM32CubeMX\jre\bin\prefs.dll
Event: 1.520 Loaded shared library C:\Users\smpet\AppData\Local\Temp\jna-109563013\jna12956765153948947387.dll
Event: 7.100 Loaded shared library C:\Users\smpet\AppData\Local\Programs\STM32CubeMX\jre\bin\sunmscapi.dll
Event: 7.370 Loaded shared library C:\Users\smpet\AppData\Local\Programs\STM32CubeMX\jre\bin\extnet.dll
Event: 7.649 Loaded shared library C:\Users\smpet\AppData\Local\Programs\STM32CubeMX\jre\bin\javajpeg.dll
Event: 8.461 Loaded shared library C:\Users\smpet\.stm32cubemx\.jxbrowser-8.15.0\Chromium\toolkit64.dll
Event: 8.821 Loaded shared library C:\Users\smpet\.stm32cubemx\.jxbrowser-8.15.0\Chromium\ipc64.dll

Deoptimization events (20 events):
Event: 12.543 Thread 0x000002c70ae41610 DEOPT PACKING pc=0x000002c770468bd8 sp=0x000000f52aafe5e0
Event: 12.543 Thread 0x000002c70ae41610 DEOPT UNPACKING pc=0x000002c76f784422 sp=0x000000f52aafe5a0 mode 2
Event: 12.645 Thread 0x000002c70ae41610 Uncommon trap: trap_request=0xfffffff6 fr.pc=0x000002c7704f64c0 relative=0x0000000000000320
Event: 12.645 Thread 0x000002c70ae41610 Uncommon trap: reason=null_check action=maybe_recompile pc=0x000002c7704f64c0 method=com.st.microxplorer.mcu.Pin.checkSignalCondition(Lcom/st/microxplorer/mcu/Signal;)Z @ 25 c2
Event: 12.645 Thread 0x000002c70ae41610 DEOPT PACKING pc=0x000002c7704f64c0 sp=0x000000f52aafdab0
Event: 12.645 Thread 0x000002c70ae41610 DEOPT UNPACKING pc=0x000002c76f784422 sp=0x000000f52aafda48 mode 2
Event: 12.645 Thread 0x000002c70ae41610 Uncommon trap: trap_request=0xfffffff6 fr.pc=0x000002c7704f64c0 relative=0x0000000000000320
Event: 12.645 Thread 0x000002c70ae41610 Uncommon trap: reason=null_check action=maybe_recompile pc=0x000002c7704f64c0 method=com.st.microxplorer.mcu.Pin.checkSignalCondition(Lcom/st/microxplorer/mcu/Signal;)Z @ 25 c2
Event: 12.645 Thread 0x000002c70ae41610 DEOPT PACKING pc=0x000002c7704f64c0 sp=0x000000f52aafdaa0
Event: 12.645 Thread 0x000002c70ae41610 DEOPT UNPACKING pc=0x000002c76f784422 sp=0x000000f52aafda38 mode 2
Event: 12.645 Thread 0x000002c70ae41610 Uncommon trap: trap_request=0xffffff6e fr.pc=0x000002c770503644 relative=0x0000000000004304
Event: 12.645 Thread 0x000002c70ae41610 Uncommon trap: reason=loop_limit_check action=maybe_recompile pc=0x000002c770503644 method=com.st.microxplorer.util.ConstraintSolver.<init>([[IZ)V @ 233 c2
Event: 12.645 Thread 0x000002c70ae41610 DEOPT PACKING pc=0x000002c770503644 sp=0x000000f52aafdac0
Event: 12.645 Thread 0x000002c70ae41610 DEOPT UNPACKING pc=0x000002c76f784422 sp=0x000000f52aafdac0 mode 2
Event: 12.645 Thread 0x000002c70ae41610 Uncommon trap: trap_request=0xfffffff6 fr.pc=0x000002c7704f64c0 relative=0x0000000000000320
Event: 12.645 Thread 0x000002c70ae41610 Uncommon trap: reason=null_check action=maybe_recompile pc=0x000002c7704f64c0 method=com.st.microxplorer.mcu.Pin.checkSignalCondition(Lcom/st/microxplorer/mcu/Signal;)Z @ 25 c2
Event: 12.645 Thread 0x000002c70ae41610 DEOPT PACKING pc=0x000002c7704f64c0 sp=0x000000f52aafdab0
Event: 12.645 Thread 0x000002c70ae41610 DEOPT UNPACKING pc=0x000002c76f784422 sp=0x000000f52aafda48 mode 2
Event: 12.930 Thread 0x000002c70ae41610 DEOPT PACKING pc=0x000002c76888a5a4 sp=0x000000f52aafe700
Event: 12.930 Thread 0x000002c70ae41610 DEOPT UNPACKING pc=0x000002c76f784bc2 sp=0x000000f52aafdbb8 mode 0

Classes loaded (20 events):
Event: 11.276 Loading class javax/swing/Autoscroller
Event: 11.276 Loading class javax/swing/Autoscroller done
Event: 11.279 Loading class java/awt/KeyboardFocusManager$3
Event: 11.279 Loading class java/awt/KeyboardFocusManager$3 done
Event: 11.287 Loading class sun/awt/im/CompositionAreaHandler
Event: 11.287 Loading class sun/awt/im/CompositionAreaHandler done
Event: 11.288 Loading class java/text/AttributedString
Event: 11.288 Loading class java/text/AttributedString done
Event: 11.288 Loading class java/text/AttributedString$AttributedStringIterator
Event: 11.289 Loading class java/text/AttributedCharacterIterator
Event: 11.289 Loading class java/text/AttributedCharacterIterator done
Event: 11.289 Loading class java/text/AttributedString$AttributedStringIterator done
Event: 11.310 Loading class java/awt/TextComponent
Event: 11.311 Loading class java/awt/TextComponent done
Event: 12.605 Loading class sun/security/ssl/Alert
Event: 12.605 Loading class sun/security/ssl/Alert done
Event: 12.605 Loading class sun/security/ssl/Alert$AlertConsumer
Event: 12.605 Loading class sun/security/ssl/Alert$AlertConsumer done
Event: 12.605 Loading class sun/security/ssl/Alert$Level
Event: 12.605 Loading class sun/security/ssl/Alert$Level done

Classes unloaded (0 events):
No events

Classes redefined (0 events):
No events

Internal exceptions (20 events):
Event: 12.645 Thread 0x000002c70ae41610 Exception <a 'java/lang/NullPointerException'{0x000000071897b5e8}> (0x000000071897b5e8) 
thrown [s\src\hotspot\share\interpreter\linkResolver.cpp, line 1372]
Event: 12.645 Thread 0x000002c70ae41610 Exception <a 'java/lang/NullPointerException'{0x000000071897bcb0}> (0x000000071897bcb0) 
thrown [s\src\hotspot\share\interpreter\linkResolver.cpp, line 1372]
Event: 12.645 Thread 0x000002c70ae41610 Exception <a 'java/lang/NullPointerException'{0x000000071897d910}> (0x000000071897d910) 
thrown [s\src\hotspot\share\interpreter\linkResolver.cpp, line 1372]
Event: 12.645 Thread 0x000002c70ae41610 Exception <a 'java/lang/NullPointerException'{0x000000071897dfd8}> (0x000000071897dfd8) 
thrown [s\src\hotspot\share\interpreter\linkResolver.cpp, line 1372]
Event: 12.646 Thread 0x000002c70ae41610 Exception <a 'java/lang/NullPointerException'{0x000000071897f450}> (0x000000071897f450) 
thrown [s\src\hotspot\share\interpreter\linkResolver.cpp, line 1372]
Event: 12.646 Thread 0x000002c70ae41610 Exception <a 'java/lang/NullPointerException'{0x000000071897fb18}> (0x000000071897fb18) 
thrown [s\src\hotspot\share\interpreter\linkResolver.cpp, line 1372]
Event: 12.646 Thread 0x000002c70ae41610 Exception <a 'java/lang/NullPointerException'{0x0000000718980940}> (0x0000000718980940) 
thrown [s\src\hotspot\share\interpreter\linkResolver.cpp, line 1372]
Event: 12.646 Thread 0x000002c70ae41610 Exception <a 'java/lang/NullPointerException'{0x0000000718981008}> (0x0000000718981008) 
thrown [s\src\hotspot\share\interpreter\linkResolver.cpp, line 1372]
Event: 12.650 Thread 0x000002c70ae41610 Exception <a 'java/lang/NullPointerException'{0x0000000718997880}> (0x0000000718997880) 
thrown [s\src\hotspot\share\interpreter\linkResolver.cpp, line 1372]
Event: 12.650 Thread 0x000002c70ae41610 Exception <a 'java/lang/NullPointerException'{0x0000000718997f48}> (0x0000000718997f48) 
thrown [s\src\hotspot\share\interpreter\linkResolver.cpp, line 1372]
Event: 12.650 Thread 0x000002c70ae41610 Exception <a 'java/lang/NullPointerException'{0x00000007189993f8}> (0x00000007189993f8) 
thrown [s\src\hotspot\share\interpreter\linkResolver.cpp, line 1372]
Event: 12.650 Thread 0x000002c70ae41610 Exception <a 'java/lang/NullPointerException'{0x0000000718999ac0}> (0x0000000718999ac0) 
thrown [s\src\hotspot\share\interpreter\linkResolver.cpp, line 1372]
Event: 12.652 Thread 0x000002c70ae41610 Exception <a 'java/lang/NullPointerException'{0x00000007189b0608}> (0x00000007189b0608) 
thrown [s\src\hotspot\share\interpreter\linkResolver.cpp, line 1372]
Event: 12.652 Thread 0x000002c70ae41610 Exception <a 'java/lang/NullPointerException'{0x00000007189b0cd0}> (0x00000007189b0cd0) 
thrown [s\src\hotspot\share\interpreter\linkResolver.cpp, line 1372]
Event: 12.652 Thread 0x000002c70ae41610 Exception <a 'java/lang/NullPointerException'{0x00000007189b2180}> (0x00000007189b2180) 
thrown [s\src\hotspot\share\interpreter\linkResolver.cpp, line 1372]
Event: 12.653 Thread 0x000002c70ae41610 Exception <a 'java/lang/NullPointerException'{0x00000007189b2848}> (0x00000007189b2848) 
thrown [s\src\hotspot\share\interpreter\linkResolver.cpp, line 1372]
Event: 12.653 Thread 0x000002c70ae41610 Exception <a 'java/lang/NullPointerException'{0x00000007189b5338}> (0x00000007189b5338) 
thrown [s\src\hotspot\share\interpreter\linkResolver.cpp, line 1372]
Event: 12.653 Thread 0x000002c70ae41610 Exception <a 'java/lang/NullPointerException'{0x00000007189b5a00}> (0x00000007189b5a00) 
thrown [s\src\hotspot\share\interpreter\linkResolver.cpp, line 1372]
Event: 12.653 Thread 0x000002c70ae41610 Exception <a 'java/lang/NullPointerException'{0x00000007189b6ee8}> (0x00000007189b6ee8) 
thrown [s\src\hotspot\share\interpreter\linkResolver.cpp, line 1372]
Event: 12.653 Thread 0x000002c70ae41610 Exception <a 'java/lang/NullPointerException'{0x00000007189b75b0}> (0x00000007189b75b0) 
thrown [s\src\hotspot\share\interpreter\linkResolver.cpp, line 1372]

ZGC Phase Switch (0 events):
No events

VM Operations (20 events):
Event: 12.820 Executing VM operation: G1CollectForAllocation (G1 Evacuation Pause) done
Event: 12.835 Executing VM operation: G1PauseRemark
Event: 12.839 Executing VM operation: G1PauseRemark done
Event: 12.846 Executing VM operation: G1PauseCleanup
Event: 12.846 Executing VM operation: G1PauseCleanup done
Event: 12.852 Executing VM operation: G1CollectForAllocation (G1 Evacuation Pause)
Event: 12.854 Executing VM operation: G1CollectForAllocation (G1 Evacuation Pause) done
Event: 12.951 Executing VM operation: G1CollectForAllocation (G1 Evacuation Pause)
Event: 12.953 Executing VM operation: G1CollectForAllocation (G1 Evacuation Pause) done
Event: 13.032 Executing VM operation: G1CollectForAllocation (G1 Evacuation Pause)
Event: 13.035 Executing VM operation: G1CollectForAllocation (G1 Evacuation Pause) done
Event: 13.049 Executing VM operation: G1PauseRemark
Event: 13.052 Executing VM operation: G1PauseRemark done
Event: 13.059 Executing VM operation: G1PauseCleanup
Event: 13.059 Executing VM operation: G1PauseCleanup done
Event: 13.095 Executing VM operation: G1CollectForAllocation (G1 Evacuation Pause)
Event: 13.097 Executing VM operation: G1CollectForAllocation (G1 Evacuation Pause) done
Event: 13.169 Executing VM operation: G1CollectForAllocation (G1 Evacuation Pause)
Event: 13.172 Executing VM operation: G1CollectForAllocation (G1 Evacuation Pause) done
Event: 13.267 Executing VM operation: G1CollectForAllocation (G1 Evacuation Pause)

Memory protections (0 events):
No events

Nmethod flushes (20 events):
Event: 12.838 Thread 0x000002c77feced00 flushing  nmethod 0x000002c768750a90
Event: 12.838 Thread 0x000002c77feced00 flushing  nmethod 0x000002c7693af310
Event: 12.838 Thread 0x000002c77feced00 flushing  nmethod 0x000002c77032f010
Event: 12.838 Thread 0x000002c77feced00 flushing  nmethod 0x000002c7688e6790
Event: 12.838 Thread 0x000002c77feced00 flushing  nmethod 0x000002c76909e990
Event: 12.838 Thread 0x000002c77feced00 flushing  nmethod 0x000002c770499310
Event: 12.838 Thread 0x000002c77feced00 flushing  nmethod 0x000002c768a46b90
Event: 12.838 Thread 0x000002c77feced00 flushing  nmethod 0x000002c769397410
Event: 12.838 Thread 0x000002c77feced00 flushing  nmethod 0x000002c769014510
Event: 13.051 Thread 0x000002c77feced00 flushing  nmethod 0x000002c7692f3a90
Event: 13.051 Thread 0x000002c77feced00 flushing  nmethod 0x000002c768c7bb10
Event: 13.051 Thread 0x000002c77feced00 flushing  nmethod 0x000002c76939c390
Event: 13.051 Thread 0x000002c77feced00 flushing  nmethod 0x000002c76939c690
Event: 13.051 Thread 0x000002c77feced00 flushing  nmethod 0x000002c7692d7c10
Event: 13.051 Thread 0x000002c77feced00 flushing  nmethod 0x000002c769310c90
Event: 13.051 Thread 0x000002c77feced00 flushing  nmethod 0x000002c76931a790
Event: 13.051 Thread 0x000002c77feced00 flushing  nmethod 0x000002c7704f5f90
Event: 13.051 Thread 0x000002c77feced00 flushing  nmethod 0x000002c7704fee10
Event: 13.051 Thread 0x000002c77feced00 flushing  nmethod 0x000002c76929cc10
Event: 13.051 Thread 0x000002c77feced00 flushing  nmethod 0x000002c76929dc10

Events (20 events):
Event: 13.266 Thread 0x000002c70ae408f0 Thread exited: 0x000002c70ae408f0
Event: 13.266 Thread 0x000002c70ae41610 Thread added: 0x000002c70ae408f0
Event: 13.266 Thread 0x000002c70ae408f0 Thread exited: 0x000002c70ae408f0
Event: 13.266 Thread 0x000002c70ae41610 Thread added: 0x000002c70ae408f0
Event: 13.266 Thread 0x000002c70ae408f0 Thread exited: 0x000002c70ae408f0
Event: 13.266 Thread 0x000002c70ae41610 Thread added: 0x000002c70ae3eeb0
Event: 13.267 Thread 0x000002c70ae3eeb0 Thread exited: 0x000002c70ae3eeb0
Event: 13.267 Thread 0x000002c70ae41610 Thread added: 0x000002c70ae3eeb0
Event: 13.267 Thread 0x000002c70ae3eeb0 Thread exited: 0x000002c70ae3eeb0
Event: 13.267 Thread 0x000002c70ae41610 Thread added: 0x000002c70ae408f0
Event: 13.267 Thread 0x000002c70ae408f0 Thread exited: 0x000002c70ae408f0
Event: 13.267 Thread 0x000002c70ae41610 Thread added: 0x000002c70ae40f80
Event: 13.267 Thread 0x000002c70ae40f80 Thread exited: 0x000002c70ae40f80
Event: 13.267 Thread 0x000002c70ae41610 Thread added: 0x000002c70ae408f0
Event: 13.267 Thread 0x000002c70ae408f0 Thread exited: 0x000002c70ae408f0
Event: 13.267 Thread 0x000002c70ae41610 Thread added: 0x000002c70ae408f0
Event: 13.267 Thread 0x000002c70ae408f0 Thread exited: 0x000002c70ae408f0
Event: 13.267 Thread 0x000002c70ae41610 Thread added: 0x000002c70ae3eeb0
Event: 13.267 Thread 0x000002c70ae3eeb0 Thread exited: 0x000002c70ae3eeb0
Event: 13.267 Thread 0x000002c70ae41610 Thread added: 0x000002c70ae3eeb0


Dynamic libraries:
0x00007ff6f3dd0000 - 0x00007ff6f3dde000 	C:\Users\smpet\AppData\Local\Programs\STM32CubeMX\jre\bin\javaw.exe
0x00007ffc5bb20000 - 0x00007ffc5bd87000 	C:\WINDOWS\SYSTEM32\ntdll.dll
0x00007ffc5b220000 - 0x00007ffc5b2e9000 	C:\WINDOWS\System32\KERNEL32.DLL
0x00007ffc58970000 - 0x00007ffc58d61000 	C:\WINDOWS\System32\KERNELBASE.dll
0x00007ffc58400000 - 0x00007ffc5854b000 	C:\WINDOWS\System32\ucrtbase.dll
0x00007ffc39880000 - 0x00007ffc3989e000 	C:\Users\smpet\AppData\Local\Programs\STM32CubeMX\jre\bin\VCRUNTIME140.dll
0x00007ffc39840000 - 0x00007ffc39858000 	C:\Users\smpet\AppData\Local\Programs\STM32CubeMX\jre\bin\jli.dll
0x00007ffc5b040000 - 0x00007ffc5b205000 	C:\WINDOWS\System32\USER32.dll
0x00007ffc58940000 - 0x00007ffc58967000 	C:\WINDOWS\System32\win32u.dll
0x00007ffc38c90000 - 0x00007ffc38f23000 	C:\WINDOWS\WinSxS\amd64_microsoft.windows.common-controls_6595b64144ccf1df_6.0.26100.8037_none_3e092faae333b53b\COMCTL32.dll
0x00007ffc5a370000 - 0x00007ffc5a39b000 	C:\WINDOWS\System32\GDI32.dll
0x00007ffc5aeb0000 - 0x00007ffc5af59000 	C:\WINDOWS\System32\msvcrt.dll
0x00007ffc585e0000 - 0x00007ffc5870b000 	C:\WINDOWS\System32\gdi32full.dll
0x00007ffc58710000 - 0x00007ffc587b3000 	C:\WINDOWS\System32\msvcp_win.dll
0x00007ffc5ba40000 - 0x00007ffc5ba71000 	C:\WINDOWS\System32\IMM32.DLL
0x00007ffc43ac0000 - 0x00007ffc43acc000 	C:\Users\smpet\AppData\Local\Programs\STM32CubeMX\jre\bin\vcruntime140_1.dll
0x00007ffbb8bf0000 - 0x00007ffbb8c7d000 	C:\Users\smpet\AppData\Local\Programs\STM32CubeMX\jre\bin\msvcp140.dll
0x00007ffb75fd0000 - 0x00007ffb76d70000 	C:\Users\smpet\AppData\Local\Programs\STM32CubeMX\jre\bin\server\jvm.dll
0x00007ffc59930000 - 0x00007ffc599eb000 	C:\WINDOWS\System32\ADVAPI32.dll
0x00007ffc5a2c0000 - 0x00007ffc5a367000 	C:\WINDOWS\System32\sechost.dll
0x00007ffc5b920000 - 0x00007ffc5ba38000 	C:\WINDOWS\System32\RPCRT4.dll
0x00007ffc5b6c0000 - 0x00007ffc5b734000 	C:\WINDOWS\System32\WS2_32.dll
0x00007ffc58260000 - 0x00007ffc582be000 	C:\WINDOWS\SYSTEM32\POWRPROF.dll
0x00007ffc56d30000 - 0x00007ffc56d3b000 	C:\WINDOWS\SYSTEM32\VERSION.dll
0x00007ffc4c630000 - 0x00007ffc4c665000 	C:\WINDOWS\SYSTEM32\WINMM.dll
0x00007ffc58240000 - 0x00007ffc58254000 	C:\WINDOWS\SYSTEM32\UMPDC.dll
0x00007ffc57190000 - 0x00007ffc571ab000 	C:\WINDOWS\SYSTEM32\kernel.appcore.dll
0x00007ffc39a10000 - 0x00007ffc39a1a000 	C:\Users\smpet\AppData\Local\Programs\STM32CubeMX\jre\bin\jimage.dll
0x00007ffc55e70000 - 0x00007ffc560b2000 	C:\WINDOWS\SYSTEM32\DBGHELP.DLL
0x00007ffc5ab20000 - 0x00007ffc5aea2000 	C:\WINDOWS\System32\combase.dll
0x00007ffc5af60000 - 0x00007ffc5b037000 	C:\WINDOWS\System32\OLEAUT32.dll
0x00007ffc222d0000 - 0x00007ffc2230b000 	C:\WINDOWS\SYSTEM32\dbgcore.DLL
0x00007ffc58fa0000 - 0x00007ffc59045000 	C:\WINDOWS\System32\bcryptPrimitives.dll
0x00007ffc21a20000 - 0x00007ffc21a40000 	C:\Users\smpet\AppData\Local\Programs\STM32CubeMX\jre\bin\java.dll
0x00007ffc599f0000 - 0x00007ffc5a14f000 	C:\WINDOWS\System32\SHELL32.dll
0x00007ffc58d70000 - 0x00007ffc58eda000 	C:\WINDOWS\System32\wintypes.dll
0x00007ffc59050000 - 0x00007ffc598b4000 	C:\WINDOWS\System32\windows.storage.dll
0x00007ffc5a960000 - 0x00007ffc5aa57000 	C:\WINDOWS\System32\SHCORE.dll
0x00007ffc598c0000 - 0x00007ffc59927000 	C:\WINDOWS\System32\shlwapi.dll
0x00007ffc58320000 - 0x00007ffc58349000 	C:\WINDOWS\SYSTEM32\profapi.dll
0x00007ffb86280000 - 0x00007ffb86357000 	C:\Users\smpet\AppData\Local\Programs\STM32CubeMX\jre\bin\jsvml.dll
0x00007ffc39920000 - 0x00007ffc39930000 	C:\Users\smpet\AppData\Local\Programs\STM32CubeMX\jre\bin\net.dll
0x00007ffc4d790000 - 0x00007ffc4d8b7000 	C:\WINDOWS\SYSTEM32\WINHTTP.dll
0x00007ffc57700000 - 0x00007ffc5776b000 	C:\WINDOWS\system32\mswsock.dll
0x00007ffc12a70000 - 0x00007ffc12a86000 	C:\Users\smpet\AppData\Local\Programs\STM32CubeMX\jre\bin\nio.dll
0x00007ffc12a50000 - 0x00007ffc12a68000 	C:\Users\smpet\AppData\Local\Programs\STM32CubeMX\jre\bin\zip.dll
0x00007ffc398f0000 - 0x00007ffc398fa000 	C:\Users\smpet\AppData\Local\Programs\STM32CubeMX\jre\bin\management.dll
0x00007ffc39830000 - 0x00007ffc3983c000 	C:\Users\smpet\AppData\Local\Programs\STM32CubeMX\jre\bin\management_ext.dll
0x00007ffc5aaf0000 - 0x00007ffc5aaf8000 	C:\WINDOWS\System32\PSAPI.DLL
0x00007ffc26d80000 - 0x00007ffc26d98000 	C:\WINDOWS\system32\napinsp.dll
0x00007ffc56a30000 - 0x00007ffc56b5a000 	C:\WINDOWS\SYSTEM32\DNSAPI.dll
0x00007ffc56870000 - 0x00007ffc568a3000 	C:\WINDOWS\SYSTEM32\IPHLPAPI.DLL
0x00007ffc5b630000 - 0x00007ffc5b63a000 	C:\WINDOWS\System32\NSI.dll
0x00007ffc26730000 - 0x00007ffc26742000 	C:\WINDOWS\System32\winrnr.dll
0x00007ffc26500000 - 0x00007ffc26522000 	C:\WINDOWS\system32\nlansp_c.dll
0x00007ffc4e850000 - 0x00007ffc4e866000 	C:\WINDOWS\system32\wshbth.dll
0x00007ffc4bab0000 - 0x00007ffc4babb000 	C:\Windows\System32\rasadhlp.dll
0x00007ffc52120000 - 0x00007ffc521a6000 	C:\WINDOWS\System32\fwpuclnt.dll
0x00007ffb860f0000 - 0x00007ffb8627f000 	C:\Users\smpet\AppData\Local\Programs\STM32CubeMX\jre\bin\awt.dll
0x00007ffc55380000 - 0x00007ffc5541f000 	C:\WINDOWS\SYSTEM32\apphelp.dll
0x00007ffc579f0000 - 0x00007ffc57a0b000 	C:\WINDOWS\SYSTEM32\CRYPTSP.dll
0x00007ffc570f0000 - 0x00007ffc57129000 	C:\WINDOWS\system32\rsaenh.dll
0x00007ffc577b0000 - 0x00007ffc577e2000 	C:\WINDOWS\SYSTEM32\USERENV.dll
0x00007ffc582f0000 - 0x00007ffc5831a000 	C:\WINDOWS\SYSTEM32\bcrypt.dll
0x00007ffc579e0000 - 0x00007ffc579ec000 	C:\WINDOWS\SYSTEM32\CRYPTBASE.dll
0x00007ffc55550000 - 0x00007ffc555fa000 	C:\WINDOWS\system32\uxtheme.dll
0x00007ffc5a160000 - 0x00007ffc5a2bd000 	C:\WINDOWS\System32\MSCTF.dll
0x00007ffc5b2f0000 - 0x00007ffc5b485000 	C:\WINDOWS\System32\ole32.dll
0x00007ffc55a40000 - 0x00007ffc55a6e000 	C:\WINDOWS\system32\DWMAPI.DLL
0x00007ffc38640000 - 0x00007ffc3874e000 	C:\WINDOWS\system32\opengl32.dll
0x00007ffc384f0000 - 0x00007ffc3851d000 	C:\WINDOWS\SYSTEM32\GLU32.dll
0x00007ffc559f0000 - 0x00007ffc55a33000 	C:\WINDOWS\SYSTEM32\dxcore.dll
0x00007ffb86060000 - 0x00007ffb860e7000 	C:\Users\smpet\AppData\Local\Programs\STM32CubeMX\jre\bin\freetype.dll
0x00007ffb85f60000 - 0x00007ffb86052000 	C:\Users\smpet\AppData\Local\Programs\STM32CubeMX\jre\bin\fontmanager.dll
0x00007ffc21a10000 - 0x00007ffc21a20000 	C:\Users\smpet\AppData\Local\Programs\STM32CubeMX\jre\bin\verify.dll
0x00007ffc21890000 - 0x00007ffc21899000 	C:\Users\smpet\AppData\Local\Programs\STM32CubeMX\jre\bin\prefs.dll
0x00007ffc0fb20000 - 0x00007ffc0fb61000 	C:\Users\smpet\AppData\Local\Temp\jna-109563013\jna12956765153948947387.dll
0x00007ffc21730000 - 0x00007ffc2173e000 	C:\Users\smpet\AppData\Local\Programs\STM32CubeMX\jre\bin\sunmscapi.dll
0x00007ffc587c0000 - 0x00007ffc58937000 	C:\WINDOWS\System32\CRYPT32.dll
0x00007ffc57c70000 - 0x00007ffc57ca0000 	C:\WINDOWS\SYSTEM32\ncrypt.dll
0x00007ffc57c20000 - 0x00007ffc57c5f000 	C:\WINDOWS\SYSTEM32\NTASN1.dll
0x00007ffc57a50000 - 0x00007ffc57a63000 	C:\WINDOWS\SYSTEM32\MSASN1.dll
0x00007ffc57770000 - 0x00007ffc577a0000 	C:\WINDOWS\SYSTEM32\gpapi.dll
0x00007ffc12a40000 - 0x00007ffc12a49000 	C:\Users\smpet\AppData\Local\Programs\STM32CubeMX\jre\bin\extnet.dll
0x00007ffc078e0000 - 0x00007ffc0790f000 	C:\Users\smpet\AppData\Local\Programs\STM32CubeMX\jre\bin\javajpeg.dll
0x00007ffc5b570000 - 0x00007ffc5b61e000 	C:\WINDOWS\System32\clbcatq.dll
0x00007ffc53d00000 - 0x00007ffc53f2d000 	C:\WINDOWS\SYSTEM32\WindowsCodecs.dll
0x00007ffc1c750000 - 0x00007ffc1c7aa000 	C:\WINDOWS\system32\dataexchange.dll
0x00007ffc4b730000 - 0x00007ffc4b974000 	C:\WINDOWS\system32\twinapi.appcore.dll
0x00007ffc26750000 - 0x00007ffc26898000 	C:\WINDOWS\SYSTEM32\textinputframework.dll
0x00007ffc38b50000 - 0x00007ffc38bc6000 	C:\WINDOWS\system32\Oleacc.dll
0x00007ffb85b80000 - 0x00007ffb85ca6000 	C:\Users\smpet\.stm32cubemx\.jxbrowser-8.15.0\Chromium\toolkit64.dll
0x00007ffb84e80000 - 0x00007ffb84f9e000 	C:\Users\smpet\.stm32cubemx\.jxbrowser-8.15.0\Chromium\ipc64.dll
0x00007ffc572b0000 - 0x00007ffc572e6000 	C:\WINDOWS\SYSTEM32\ntmarta.dll
0x00007ffc550c0000 - 0x00007ffc551e7000 	C:\WINDOWS\SYSTEM32\CoreMessaging.dll
0x00007ffc51590000 - 0x00007ffc51872000 	C:\WINDOWS\SYSTEM32\CoreUIComponents.dll

JVMTI agents: none

dbghelp: loaded successfully - version: 4.0.5 - missing functions: none
symbol engine: initialized successfully - sym options: 0x614 - pdb path: .;C:\Users\smpet\AppData\Local\Programs\STM32CubeMX\jre\bin;C:\WINDOWS\SYSTEM32;C:\WINDOWS\WinSxS\amd64_microsoft.windows.common-controls_6595b64144ccf1df_6.0.26100.8037_none_3e092faae333b53b;C:\Users\smpet\AppData\Local\Programs\STM32CubeMX\jre\bin\server;C:\Users\smpet\AppData\Local\Temp\jna-109563013;C:\Users\smpet\.stm32cubemx\.jxbrowser-8.15.0\Chromium

VM Arguments:
jvm_args: -Djavax.net.ssl.trustStoreType=WINDOWS-ROOT -Dsun.java2d.d3d=false --add-exports=java.desktop/sun.awt=ALL-UNNAMED --add-opens=java.desktop/java.awt=ALL-UNNAMED -Dfile.encoding=UTF8 
java_command: com.st.microxplorer.maingui.STM32CubeMX C:\Users\smpet\Desktop\26-BMS_Master\26-BMS_Master.ioc
java_class_path (initial): C:\Users\smpet\AppData\Local\Programs\STM32CubeMX\STM32CubeMX.exe;anything
Launcher Type: SUN_STANDARD

[Global flags]
     intx CICompilerCount                          = 12                                        {product} {ergonomic}
     uint ConcGCThreads                            = 4                                         {product} {ergonomic}
     uint G1ConcRefinementThreads                  = 15                                        {product} {ergonomic}
   size_t G1HeapRegionSize                         = 2097152                                   {product} {ergonomic}
    uintx GCDrainStackTargetSize                   = 64                                        {product} {ergonomic}
   size_t InitialHeapSize                          = 264241152                                 {product} {ergonomic}
   size_t MarkStackSize                            = 4194304                                   {product} {ergonomic}
   size_t MaxHeapSize                              = 4208984064                                {product} {ergonomic}
   size_t MaxNewSize                               = 2524971008                                {product} {ergonomic}
   size_t MinHeapDeltaBytes                        = 2097152                                   {product} {ergonomic}
   size_t MinHeapSize                              = 8388608                                   {product} {ergonomic}
    uintx NonNMethodCodeHeapSize                   = 7602480                                {pd product} {ergonomic}
    uintx NonProfiledCodeHeapSize                  = 122027880                              {pd product} {ergonomic}
    uintx ProfiledCodeHeapSize                     = 122027880                              {pd product} {ergonomic}
    uintx ReservedCodeCacheSize                    = 251658240                              {pd product} {ergonomic}
     bool SegmentedCodeCache                       = true                                      {product} {ergonomic}
   size_t SoftMaxHeapSize                          = 4208984064                             {manageable} {ergonomic}
     bool UseCompressedOops                        = true                           {product lp64_product} {ergonomic}
     bool UseG1GC                                  = true                                      {product} {ergonomic}
     bool UseLargePagesIndividualAllocation        = false                                  {pd product} {ergonomic}

Logging:
Log output configuration:
 #0: stdout all=warning uptime,level,tags foldmultilines=false
 #1: stderr all=off uptime,level,tags foldmultilines=false

Release file:
JAVA_VERSION="21.0.9" 
MODULES="java.base java.compiler java.datatransfer java.xml java.prefs java.desktop java.instrument java.logging java.management java.security.sasl java.naming java.rmi java.management.rmi java.net.http java.scripting java.security.jgss java.transaction.xa java.sql java.sql.rowset java.xml.crypto java.se java.smartcardio jdk.jfr javafx.base jdk.unsupported javafx.graphics javafx.controls javafx.fxml javafx.media jdk.unsupported.desktop javafx.swing jdk.jsobject jdk.xml.dom javafx.web jdk.accessibility jdk.internal.jvmstat jdk.attach jdk.charsets jdk.internal.opt jdk.zipfs jdk.compiler jdk.crypto.ec jdk.crypto.cryptoki jdk.crypto.mscapi jdk.dynalink jdk.internal.ed jdk.editpad jdk.httpserver jdk.incubator.vector jdk.internal.le jdk.internal.vm.ci jdk.internal.vm.compiler jdk.internal.vm.compiler.management jdk.jartool jdk.javadoc jdk.jdeps jdk.jdwp.agent jdk.jdi jdk.jlink jdk.jpackage jdk.jshell jdk.jstatd jdk.localedata jdk.management jdk.management.agent jdk.management.jfr jdk.naming.dns jdk.naming.rmi jdk.net jdk.nio.mapmode jdk.random jdk.sctp jdk.security.auth jdk.security.jgss" 

Environment Variables:
PATH=C:\Users\smpet\AppData\Local\Programs\STM32CubeMX\;C:/ST/STM32CubeIDE_1.16.0/STM32CubeIDE//plugins/com.st.stm32cube.ide.jre.win64_3.4.100.202508201254/jre/bin/server;C:/ST/STM32CubeIDE_1.16.0/STM32CubeIDE//plugins/com.st.stm32cube.ide.jre.win64_3.4.100.202508201254/jre/bin;C:\Program Files (x86)\NVIDIA Corporation\PhysX\Common;C:\Program Files (x86)\Common Files\Oracle\Java\java8path;C:\Program Files (x86)\Common Files\Oracle\Java\javapath;C:\Windows\system32;C:\Windows;C:\Windows\System32\Wbem;C:\Windows\System32\WindowsPowerShell\v1.0\;C:\Windows\System32\OpenSSH\;C:\Program Files\dotnet\;C:\Program Files\NVIDIA Corporation\NVIDIA NvDLISR;C:\Program Files\MATLAB\R2024a\bin;C:\Program Files\Microsoft SQL Server\Client SDK\ODBC\130\Tools\Binn\;C:\Program Files (x86)\Microsoft SQL Server\140\Tools\Binn\;C:\Program Files\Microsoft SQL Server\140\Tools\Binn\;C:\Program Files\Microsoft SQL Server\140\DTS\Binn\;C:\Program Files (x86)\Windows Kits\8.1\Windows Performance Toolkit\;C:\WINDOWS\system32;C:\WINDOWS;C:\WINDOWS\System32\Wbem;C:\WINDOWS\System32\WindowsPowerShell\v1.0\;C:\WINDOWS\System32\OpenSSH\;C:\Program Files\usbipd-win\;C:\Program Files\CMake\bin;C:\Program Files\Git\cmd;C:\Program Files (x86)\Windows Kits\10\Windows Performance Toolkit\;C:\Users\smpet\AppData\Local\Programs\Python\Launcher\;C:\Users\smpet\AppData\Local\Microsoft\WindowsApps;C:\Users\smpet\AppData\Local\Programs\Microsoft VS Code\bin;C:\msys64\usr\bin;C:\Program Files\Arm\GNU Toolchain mingw-w64-x86_64-arm-none-eabi\bin;;C:\Users\smpet\Desktop\26-BMS_Master;;C:\Users\smpet\AppData\Local\Programs\STM32CubeMX\.\jre\\bin
USERNAME=smpet
OS=Windows_NT
PROCESSOR_IDENTIFIER=Intel64 Family 6 Model 186 Stepping 2, GenuineIntel
TMP=C:\Users\smpet\AppData\Local\Temp
TEMP=C:\Users\smpet\AppData\Local\Temp




Periodic native trim disabled

---------------  S Y S T E M  ---------------

OS:
 Windows 11 , 64 bit Build 26100 (10.0.26100.7920)
OS uptime: 1 days 1:55 hours
Hyper-V role detected

CPU: total 20 (initial active 20) (10 cores per cpu, 2 threads per core) family 6 model 186 stepping 2 microcode 0x6134, cx8, cmov, fxsr, ht, mmx, 3dnowpref, sse, sse2, sse3, ssse3, sse4.1, sse4.2, popcnt, lzcnt, tsc, tscinvbit, avx, avx2, aes, erms, clmul, bmi1, bmi2, adx, sha, fma, vzeroupper, clflush, clflushopt, clwb, hv, serialize, rdtscp, rdpid, fsrm, f16c, cet_ibt, cet_ss
Processor Information for processor 0
  Max Mhz: 2400, Current Mhz: 2400, Mhz Limit: 2400
Processor Information for processor 1
  Max Mhz: 2400, Current Mhz: 2400, Mhz Limit: 2400
Processor Information for processor 2
  Max Mhz: 2400, Current Mhz: 2400, Mhz Limit: 2400
Processor Information for processor 3
  Max Mhz: 2400, Current Mhz: 2400, Mhz Limit: 2400
Processor Information for processor 4
  Max Mhz: 2400, Current Mhz: 2400, Mhz Limit: 2400
Processor Information for processor 5
  Max Mhz: 2400, Current Mhz: 2400, Mhz Limit: 2400
Processor Information for processor 6
  Max Mhz: 2400, Current Mhz: 2400, Mhz Limit: 2400
Processor Information for processor 7
  Max Mhz: 2400, Current Mhz: 2400, Mhz Limit: 2400
Processor Information for processor 8
  Max Mhz: 2400, Current Mhz: 2400, Mhz Limit: 2400
Processor Information for processor 9
  Max Mhz: 2400, Current Mhz: 2400, Mhz Limit: 2400
Processor Information for processor 10
  Max Mhz: 2400, Current Mhz: 2400, Mhz Limit: 2400
Processor Information for processor 11
  Max Mhz: 2400, Current Mhz: 2400, Mhz Limit: 2400
Processor Information for processor 12
  Max Mhz: 2400, Current Mhz: 2400, Mhz Limit: 2400
Processor Information for processor 13
  Max Mhz: 2400, Current Mhz: 2400, Mhz Limit: 2400
Processor Information for processor 14
  Max Mhz: 2400, Current Mhz: 1466, Mhz Limit: 2400
Processor Information for processor 15
  Max Mhz: 2400, Current Mhz: 1466, Mhz Limit: 2400
Processor Information for processor 16
  Max Mhz: 2400, Current Mhz: 1466, Mhz Limit: 2400
Processor Information for processor 17
  Max Mhz: 2400, Current Mhz: 2400, Mhz Limit: 2400
Processor Information for processor 18
  Max Mhz: 2400, Current Mhz: 2400, Mhz Limit: 2400
Processor Information for processor 19
  Max Mhz: 2400, Current Mhz: 2400, Mhz Limit: 2400

Memory: 4k page, system-wide physical 16055M (792M free)
TotalPageFile size 28443M (AvailPageFile size 272M)
current process WorkingSet (physical memory assigned to process): 757M, peak: 757M
current process commit charge ("private bytes"): 801M, peak: 1231M

vm_info: OpenJDK 64-Bit Server VM (21.0.9+10-LTS) for windows-amd64 JRE (21.0.9+10-LTS), built on 2025-10-21T00:00:00Z by "admin" with unknown MS VC++:1942

END.
