../Core/Inc/bms_functions.h:149:20:FAULT_LOW	8	static
../Core/Src/app_freertos.c:163:6:MX_FREERTOS_Init	8	static
../Core/Src/app_freertos.c:227:6:SerialTask	24	static
../Core/Src/app_freertos.c:254:6:MeasurementTask	24	static
../Core/Src/app_freertos.c:311:6:SafetyTask	32	static
../Core/Src/app_freertos.c:345:6:CANTask	32	static
../Core/Src/app_freertos.c:396:6:BalancingTask	24	static
../Core/Src/app_freertos.c:417:6:ChargingTimerCallback	16	static
../Core/Src/app_freertos.c:425:6:canTimer	16	static
