../Core/Inc/bms_functions.h:148:20:packU16	16	static
../Core/Inc/bms_functions.h:152:20:packS16	16	static
../Core/Src/bms_functions.c:25:10:code_to_mV	16	static
../Core/Src/bms_functions.c:32:5:binary_search	32	static
../Core/Src/bms_functions.c:62:9:ntc_to_temp	16	static
../Core/Src/bms_functions.c:66:10:voltage_analytics	40	static
../Core/Src/bms_functions.c:102:6:temp_analytics	40	static
../Core/Src/bms_functions.c:134:6:read_cell_voltages	16	static
../Core/Src/bms_functions.c:147:6:read_cell_temps	16	static
../Core/Src/bms_functions.c:161:10:soc_ocv	32	static
../Core/Src/bms_functions.c:169:10:soc_cc	16	static
../Core/Src/bms_functions.c:175:6:print_cell_voltages	24	static
../Core/Src/bms_functions.c:195:6:print_cell_temps	24	static
../Core/Src/bms_functions.c:215:6:print_faults	24	static
../Core/Src/bms_functions.c:250:6:check_uv_ov_fault	32	static
../Core/Src/bms_functions.c:284:6:check_ut_ot_fault	32	static
../Core/Src/bms_functions.c:326:6:FDCAN1_Init	48	static
../Core/Src/bms_functions.c:369:6:FDCAN2_Init	48	static
../Core/Src/bms_functions.c:418:26:FDCAN_AddToTxFifoQ	32	static
../Core/Src/bms_functions.c:437:6:CAN_TX_Enqueue	32	static
../Core/Src/bms_functions.c:453:6:CAN_TX_Process	24	static
../Core/Src/bms_functions.c:478:6:FDCAN_SendCellData	72	static
../Core/Src/bms_functions.c:508:6:FDCAN_SendPackData	64	static
../Core/Src/bms_functions.c:534:6:CAN_Logging	48	static
../Core/Src/bms_functions.c:567:6:FDCAN_SendFault	72	static
../Core/Src/bms_functions.c:601:6:FDCAN_SendChargerMessage	16	static
../Core/Src/bms_functions.c:621:6:FDCAN_StartCharging	8	static
../Core/Src/bms_functions.c:638:6:FDCAN_StopCharging	8	static
../Core/Src/bms_functions.c:656:6:CAN_Charging	16	static
../Core/Src/bms_functions.c:674:9:balance_cells	32	static
../Core/Src/bms_functions.c:725:6:select_temp	40	static
../Core/Src/bms_functions.c:798:6:read_temps_25	32	static
../Core/Src/bms_functions.c:823:6:print_temps_25	24	static
