../Core/Inc/bms_functions.h:157:20:packU16	16	static
../Core/Inc/bms_functions.h:161:20:packS16	16	static
../Core/Src/bms_functions.c:25:10:code_to_mV	16	static
../Core/Src/bms_functions.c:32:5:binary_search	32	static
../Core/Src/bms_functions.c:62:9:ntc_to_temp	24	static
../Core/Src/bms_functions.c:70:10:voltage_analytics	40	static
../Core/Src/bms_functions.c:106:6:temp_analytics	48	static
../Core/Src/bms_functions.c:138:6:read_cell_voltages	16	static
../Core/Src/bms_functions.c:151:6:read_cell_temps	40	static
../Core/Src/bms_functions.c:184:10:soc_ocv	32	static
../Core/Src/bms_functions.c:192:10:soc_cc	16	static
../Core/Src/bms_functions.c:198:6:print_cell_voltages	24	static
../Core/Src/bms_functions.c:218:6:print_cell_temps	24	static
../Core/Src/bms_functions.c:238:6:print_faults	24	static
../Core/Src/bms_functions.c:273:6:check_uv_ov_fault	32	static
../Core/Src/bms_functions.c:307:6:check_ut_ot_fault	32	static
../Core/Src/bms_functions.c:349:6:FDCAN1_Init	24	static
../Core/Src/bms_functions.c:392:6:FDCAN2_Init	24	static
../Core/Src/bms_functions.c:441:26:FDCAN_AddToTxFifoQ	32	static
../Core/Src/bms_functions.c:460:6:CAN_TX_Enqueue	32	static
../Core/Src/bms_functions.c:476:6:CAN_TX_Process	24	static
../Core/Src/bms_functions.c:501:6:FDCAN_SendCellData	72	static
../Core/Src/bms_functions.c:531:6:FDCAN_SendPackData	64	static
../Core/Src/bms_functions.c:557:6:CAN_Logging	48	static
../Core/Src/bms_functions.c:588:6:FDCAN_SendFault	72	static
../Core/Src/bms_functions.c:622:6:FDCAN_SendChargerMessage	16	static
../Core/Src/bms_functions.c:642:6:FDCAN_StartCharging	8	static
../Core/Src/bms_functions.c:659:6:FDCAN_StopCharging	8	static
../Core/Src/bms_functions.c:677:6:CAN_Charging	16	static
../Core/Src/bms_functions.c:695:9:balance_cells	32	static
../Core/Src/bms_functions.c:746:6:select_temp	40	static
../Core/Src/bms_functions.c:819:6:read_temps_25	32	static
../Core/Src/bms_functions.c:844:6:print_temps_25	24	static
