../Core/Inc/bms_functions.h:199:20:packU16	16	static
../Core/Inc/bms_functions.h:203:20:packS16	16	static
../Core/Src/bms_functions.c:24:10:code_to_mV	16	static
../Core/Src/bms_functions.c:31:5:binary_search	32	static
../Core/Src/bms_functions.c:61:9:ntc_to_temp	40	static
../Core/Src/bms_functions.c:69:10:voltage_analytics	40	static
../Core/Src/bms_functions.c:105:6:temp_analytics	48	static
../Core/Src/bms_functions.c:137:6:read_cell_voltages	16	static
../Core/Src/bms_functions.c:150:6:read_cell_temps	40	static
../Core/Src/bms_functions.c:178:10:soc_ocv	32	static
../Core/Src/bms_functions.c:186:10:soc_cc	16	static
../Core/Src/bms_functions.c:192:6:print_cell_voltages	24	static
../Core/Src/bms_functions.c:212:6:print_cell_temps	24	static
../Core/Src/bms_functions.c:232:6:print_faults	24	static
../Core/Src/bms_functions.c:267:6:check_uv_ov_fault	32	static
../Core/Src/bms_functions.c:301:6:check_ut_ot_fault	32	static
../Core/Src/bms_functions.c:350:6:FDCAN1_Init	24	static
../Core/Src/bms_functions.c:393:6:FDCAN2_Init	24	static
../Core/Src/bms_functions.c:442:26:FDCAN_AddToTxFifoQ	32	static
../Core/Src/bms_functions.c:461:6:CAN_TX_Enqueue	32	static
../Core/Src/bms_functions.c:477:6:CAN_TX_Process	24	static
../Core/Src/bms_functions.c:505:6:FDCAN_SendCellData	72	static
../Core/Src/bms_functions.c:535:6:FDCAN_SendPackData	64	static
../Core/Src/bms_functions.c:561:6:CAN_Logging	48	static
../Core/Src/bms_functions.c:592:6:FDCAN_SendFault	72	static
../Core/Src/bms_functions.c:626:6:FDCAN_SendChargerMessage	16	static
../Core/Src/bms_functions.c:646:6:FDCAN_StartCharging	8	static
../Core/Src/bms_functions.c:663:6:FDCAN_StopCharging	8	static
../Core/Src/bms_functions.c:681:6:CAN_Charging	16	static
../Core/Src/bms_functions.c:699:9:balance_cells	56	static
../Core/Src/bms_functions.c:761:16:EEPROM_IO_Init	8	static
../Core/Src/bms_functions.c:767:16:EEPROM_IO_DeInit	4	static
../Core/Src/bms_functions.c:772:16:EEPROM_IO_Write	24	static
../Core/Src/bms_functions.c:780:16:EEPROM_IO_Read	24	static
../Core/Src/bms_functions.c:787:13:EEPROM_IO_Delay	16	static
../Core/Src/bms_functions.c:792:6:EEPROM_Init	56	static
../Core/Src/bms_functions.c:826:6:EEPROM_Process_Voltages	40	static
../Core/Src/bms_functions.c:837:6:EEPROM_Process_Temps	40	static
../Core/Src/bms_functions.c:854:10:crc16	32	static
../Core/Src/bms_functions.c:878:13:SeqIsNewer	16	static
../Core/Src/bms_functions.c:882:9:EEPROM_Write	304	static
../Core/Src/bms_functions.c:906:9:EEPROM_FindStart	304	static
../Core/Src/bms_functions.c:937:10:getTimestamp	24	static
../Core/Src/bms_functions.c:949:9:EEPROM_TransmitAll	288	static
../Core/Src/bms_functions.c:978:6:select_temp	40	static
../Core/Src/bms_functions.c:1051:6:read_temps_25	32	static
../Core/Src/bms_functions.c:1076:6:print_temps_25	24	static
