../Core/Inc/bms_functions.h:134:20:packU16	16	static
../Core/Inc/bms_functions.h:138:20:packS16	16	static
../Core/Src/bms_functions.c:24:10:code_to_mV	16	static
../Core/Src/bms_functions.c:31:5:binary_search	32	static
../Core/Src/bms_functions.c:61:9:ntc_to_temp	16	static
../Core/Src/bms_functions.c:65:10:voltage_analytics	40	static
../Core/Src/bms_functions.c:101:6:temp_analytics	40	static
../Core/Src/bms_functions.c:133:6:read_cell_voltages	16	static
../Core/Src/bms_functions.c:146:6:read_cell_temps	24	static
../Core/Src/bms_functions.c:162:10:soc_ocv	32	static
../Core/Src/bms_functions.c:170:10:soc_cc	16	static
../Core/Src/bms_functions.c:176:6:print_cell_voltages	24	static
../Core/Src/bms_functions.c:196:6:print_cell_temps	24	static
../Core/Src/bms_functions.c:216:6:print_faults	24	static
../Core/Src/bms_functions.c:251:6:check_uv_ov_fault	32	static
../Core/Src/bms_functions.c:285:6:check_ut_ot_fault	32	static
../Core/Src/bms_functions.c:327:6:FDCAN1_Init	40	static
../Core/Src/bms_functions.c:366:6:FDCAN2_Init	40	static
../Core/Src/bms_functions.c:415:26:FDCAN_AddToTxFifoQ	32	static
../Core/Src/bms_functions.c:434:6:FDCAN_SendCellData	72	static
../Core/Src/bms_functions.c:463:6:FDCAN_SendPackData	64	static
../Core/Src/bms_functions.c:485:6:CAN_Logging	48	static
../Core/Src/bms_functions.c:518:6:FDCAN_SendFault	32	static
../Core/Src/bms_functions.c:549:6:FDCAN_SendChargerMessage	16	static
../Core/Src/bms_functions.c:569:6:FDCAN_StartCharging	8	static
../Core/Src/bms_functions.c:586:6:FDCAN_StopCharging	8	static
../Core/Src/bms_functions.c:604:6:CAN_Charging	16	static
../Core/Src/bms_functions.c:622:9:balance_cells	32	static
../Core/Src/bms_functions.c:673:6:select_temp	40	static
../Core/Src/bms_functions.c:746:6:read_temps_25	32	static
../Core/Src/bms_functions.c:771:6:print_temps_25	24	static
