../Core/Inc/bms_functions.h:129:20:packU16	16	static
../Core/Inc/bms_functions.h:133:20:packS16	16	static
../Core/Src/bms_functions.c:24:10:code_to_mV	16	static
../Core/Src/bms_functions.c:31:5:binary_search	32	static
../Core/Src/bms_functions.c:61:9:ntc_to_temp	16	static
../Core/Src/bms_functions.c:65:10:voltage_analytics	40	static
../Core/Src/bms_functions.c:91:6:temp_analytics	40	static
../Core/Src/bms_functions.c:115:6:read_cell_voltages	16	static
../Core/Src/bms_functions.c:128:6:read_cell_temps	24	static
../Core/Src/bms_functions.c:144:10:soc_ocv	32	static
../Core/Src/bms_functions.c:152:10:soc_cc	16	static
../Core/Src/bms_functions.c:158:6:print_cell_voltages	24	static
../Core/Src/bms_functions.c:183:6:print_cell_temps	24	static
../Core/Src/bms_functions.c:210:6:check_uv_ov_fault	32	static
../Core/Src/bms_functions.c:244:6:check_ut_ot_fault	32	static
../Core/Src/bms_functions.c:286:6:FDCAN1_Init	40	static
../Core/Src/bms_functions.c:325:6:FDCAN2_Init	40	static
../Core/Src/bms_functions.c:374:26:FDCAN_AddToTxFifoQ	32	static
../Core/Src/bms_functions.c:393:6:FDCAN_SendCellData	72	static
../Core/Src/bms_functions.c:421:6:FDCAN_SendPackData	64	static
../Core/Src/bms_functions.c:443:6:CAN_Logging	40	static
../Core/Src/bms_functions.c:456:6:FDCAN_SendFault	32	static
../Core/Src/bms_functions.c:487:6:FDCAN_SendChargerMessage	16	static
../Core/Src/bms_functions.c:507:6:FDCAN_StartCharging	8	static
../Core/Src/bms_functions.c:524:6:FDCAN_StopCharging	8	static
../Core/Src/bms_functions.c:542:6:CAN_Charging	16	static
../Core/Src/bms_functions.c:566:9:balance_cells	32	static
../Core/Src/bms_functions.c:617:6:select_temp	40	static
../Core/Src/bms_functions.c:690:6:read_temps_25	32	static
../Core/Src/bms_functions.c:715:6:print_temps_25	24	static
