../Core/Inc/bms_functions.h:117:20:packU16	16	static
../Core/Inc/bms_functions.h:121:20:packS16	16	static
../Core/Src/bms_functions.c:24:10:code_to_mV	16	static
../Core/Src/bms_functions.c:31:9:ntc_to_temp	16	static
../Core/Src/bms_functions.c:35:10:voltage_analytics	40	static
../Core/Src/bms_functions.c:61:6:temp_analytics	40	static
../Core/Src/bms_functions.c:85:6:read_cell_voltages	16	static
../Core/Src/bms_functions.c:98:6:read_cell_temps	24	static
../Core/Src/bms_functions.c:116:6:print_cell_voltages	24	static
../Core/Src/bms_functions.c:141:6:print_cell_temps	24	static
../Core/Src/bms_functions.c:168:6:check_uv_ov_fault	32	static
../Core/Src/bms_functions.c:202:6:check_ut_ot_fault	32	static
../Core/Src/bms_functions.c:244:6:FDCAN1_Init	40	static
../Core/Src/bms_functions.c:283:6:FDCAN2_Init	40	static
../Core/Src/bms_functions.c:332:26:FDCAN_AddToTxFifoQ	32	static
../Core/Src/bms_functions.c:351:6:FDCAN_SendCellData	72	static
../Core/Src/bms_functions.c:379:6:FDCAN_SendPackData	64	static
../Core/Src/bms_functions.c:401:6:CAN_Logging	48	static
../Core/Src/bms_functions.c:414:6:FDCAN_SendFault	24	static
../Core/Src/bms_functions.c:442:6:FDCAN_SendChargerMessage	16	static
../Core/Src/bms_functions.c:462:6:FDCAN_StartCharging	8	static
../Core/Src/bms_functions.c:479:6:FDCAN_StopCharging	8	static
../Core/Src/bms_functions.c:497:6:CAN_Charging	16	static
../Core/Src/bms_functions.c:519:9:balance_cells	32	static
../Core/Src/bms_functions.c:570:6:select_temp	40	static
../Core/Src/bms_functions.c:643:6:read_temps_25	32	static
../Core/Src/bms_functions.c:668:6:print_temps_25	24	static
