../Core/Inc/bms_functions.h:154:20:packU16	16	static
../Core/Inc/bms_functions.h:158:20:packS16	16	static
../Core/Src/bms_functions.c:25:10:code_to_mV	16	static
../Core/Src/bms_functions.c:32:5:binary_search	32	static
../Core/Src/bms_functions.c:62:9:ntc_to_temp	40	static
../Core/Src/bms_functions.c:70:10:voltage_analytics	40	static
../Core/Src/bms_functions.c:106:6:temp_analytics	48	static
../Core/Src/bms_functions.c:138:6:read_cell_voltages	16	static
../Core/Src/bms_functions.c:151:6:read_cell_temps	40	static
../Core/Src/bms_functions.c:179:10:soc_ocv	32	static
../Core/Src/bms_functions.c:187:10:soc_cc	16	static
../Core/Src/bms_functions.c:193:6:print_cell_voltages	24	static
../Core/Src/bms_functions.c:213:6:print_cell_temps	24	static
../Core/Src/bms_functions.c:233:6:print_faults	24	static
../Core/Src/bms_functions.c:268:6:check_uv_ov_fault	32	static
../Core/Src/bms_functions.c:302:6:check_ut_ot_fault	32	static
../Core/Src/bms_functions.c:351:6:FDCAN1_Init	24	static
../Core/Src/bms_functions.c:394:6:FDCAN2_Init	24	static
../Core/Src/bms_functions.c:443:26:FDCAN_AddToTxFifoQ	32	static
../Core/Src/bms_functions.c:462:6:CAN_TX_Enqueue	32	static
../Core/Src/bms_functions.c:478:6:CAN_TX_Process	24	static
../Core/Src/bms_functions.c:506:6:FDCAN_SendCellData	72	static
../Core/Src/bms_functions.c:536:6:FDCAN_SendPackData	64	static
../Core/Src/bms_functions.c:562:6:CAN_Logging	48	static
../Core/Src/bms_functions.c:593:6:FDCAN_SendFault	72	static
../Core/Src/bms_functions.c:627:6:FDCAN_SendChargerMessage	16	static
../Core/Src/bms_functions.c:647:6:FDCAN_StartCharging	8	static
../Core/Src/bms_functions.c:664:6:FDCAN_StopCharging	8	static
../Core/Src/bms_functions.c:682:6:CAN_Charging	16	static
../Core/Src/bms_functions.c:700:9:balance_cells	56	static
../Core/Src/bms_functions.c:762:6:select_temp	40	static
../Core/Src/bms_functions.c:835:6:read_temps_25	32	static
../Core/Src/bms_functions.c:860:6:print_temps_25	24	static
