../Core/Inc/bms_functions.h:120:20:packU16	16	static
../Core/Src/bms_functions.c:24:10:code_to_mV	16	static
../Core/Src/bms_functions.c:31:9:ntc_to_temp	16	static
../Core/Src/bms_functions.c:35:10:voltage_analytics	40	static
../Core/Src/bms_functions.c:61:6:temp_analytics	40	static
../Core/Src/bms_functions.c:84:6:read_cell_voltages	16	static
../Core/Src/bms_functions.c:97:6:read_cell_temps	24	static
../Core/Src/bms_functions.c:115:6:print_cell_voltages	24	static
../Core/Src/bms_functions.c:140:6:print_cell_temps	24	static
../Core/Src/bms_functions.c:167:6:check_uv_ov_fault	32	static
../Core/Src/bms_functions.c:186:6:check_ut_ot_fault	32	static
../Core/Src/bms_functions.c:212:6:FDCAN1_Init	40	static
../Core/Src/bms_functions.c:251:6:FDCAN2_Init	40	static
../Core/Src/bms_functions.c:300:26:FDCAN_AddToTxFifoQ	24	static
../Core/Src/bms_functions.c:308:6:FDCAN_SendCellData	24	static
../Core/Src/bms_functions.c:334:6:FDCAN_SendPackData	24	static
../Core/Src/bms_functions.c:354:6:CAN_Logging	152	static
../Core/Src/bms_functions.c:375:6:FDCAN_SendFault	24	static
../Core/Src/bms_functions.c:403:6:FDCAN_SendChargerMessage	16	static
../Core/Src/bms_functions.c:423:6:FDCAN_StartCharging	8	static
../Core/Src/bms_functions.c:441:6:FDCAN_StopCharging	8	static
../Core/Src/bms_functions.c:459:6:CAN_Charging	16	static
../Core/Src/bms_functions.c:481:6:balance_cells	32	static
../Core/Src/bms_functions.c:540:6:select_temp	40	static
../Core/Src/bms_functions.c:603:6:read_temps_25	32	static
../Core/Src/bms_functions.c:634:6:print_temps_25	24	static
