../Core/Inc/bms_functions.h:104:20:FAULT_HIGH	8	static
../Core/Src/main.c:113:5:main	16	static
../Core/Src/main.c:196:6:SystemClock_Config	120	static
../Core/Src/main.c:253:6:PeriphCommonClock_Config	272	static
../Core/Src/main.c:283:13:MX_FDCAN1_Init	8	static
../Core/Src/main.c:325:13:MX_FDCAN2_Init	8	static
../Core/Src/main.c:367:13:MX_GPDMA1_Init	16	static
../Core/Src/main.c:397:13:MX_ICACHE_Init	8	static
../Core/Src/main.c:429:13:MX_SPI1_Init	8	static
../Core/Src/main.c:477:13:MX_SPI2_Init	8	static
../Core/Src/main.c:525:13:MX_SPI3_Init	8	static
../Core/Src/main.c:573:13:MX_TIM2_Init	40	static
../Core/Src/main.c:618:13:MX_TIM6_Init	24	static
../Core/Src/main.c:656:13:MX_USART1_UART_Init	8	static
../Core/Src/main.c:704:13:MX_GPIO_Init	40	static
../Core/Src/main.c:758:6:HAL_FDCAN_RxFifo1Callback	16	static,ignoring_inline_asm
../Core/Src/main.c:780:6:HAL_UART_RxCpltCallback	16	static
../Core/Src/main.c:802:6:MPU_Config	32	static
../Core/Src/main.c:842:6:HAL_TIM_PeriodElapsedCallback	16	static
../Core/Src/main.c:860:6:Error_Handler	4	static,ignoring_inline_asm
