../Core/Inc/bms_functions.h:101:20:FAULT_HIGH	8	static
../Core/Inc/bms_functions.h:109:20:FAULT_LOW	8	static
../Core/Src/main.c:112:5:main	8	static
../Core/Src/main.c:191:6:SystemClock_Config	120	static
../Core/Src/main.c:248:6:PeriphCommonClock_Config	272	static
../Core/Src/main.c:278:13:MX_FDCAN1_Init	8	static
../Core/Src/main.c:320:13:MX_FDCAN2_Init	8	static
../Core/Src/main.c:362:13:MX_GPDMA1_Init	16	static
../Core/Src/main.c:392:13:MX_ICACHE_Init	8	static
../Core/Src/main.c:424:13:MX_SPI1_Init	8	static
../Core/Src/main.c:472:13:MX_SPI2_Init	8	static
../Core/Src/main.c:520:13:MX_SPI3_Init	8	static
../Core/Src/main.c:568:13:MX_TIM2_Init	40	static
../Core/Src/main.c:613:13:MX_TIM6_Init	24	static
../Core/Src/main.c:651:13:MX_USART1_UART_Init	8	static
../Core/Src/main.c:699:13:MX_GPIO_Init	40	static
../Core/Src/main.c:753:6:HAL_FDCAN_RxFifo1Callback	16	static,ignoring_inline_asm
../Core/Src/main.c:775:6:HAL_UART_RxCpltCallback	16	static
../Core/Src/main.c:797:6:MPU_Config	32	static
../Core/Src/main.c:837:6:HAL_TIM_PeriodElapsedCallback	16	static
../Core/Src/main.c:859:6:Error_Handler	8	static,ignoring_inline_asm
