../Core/Inc/bms_functions.h:183:20:FAULT_HIGH	8	static
../Core/Inc/bms_functions.h:191:20:FAULT_LOW	8	static
../Core/Src/main.c:120:5:main	8	static
../Core/Src/main.c:203:6:SystemClock_Config	120	static
../Core/Src/main.c:260:6:PeriphCommonClock_Config	272	static
../Core/Src/main.c:292:13:MX_FDCAN1_Init	8	static
../Core/Src/main.c:334:13:MX_FDCAN2_Init	8	static
../Core/Src/main.c:376:13:MX_GPDMA1_Init	16	static
../Core/Src/main.c:406:13:MX_ICACHE_Init	8	static
../Core/Src/main.c:438:13:MX_SPI1_Init	8	static
../Core/Src/main.c:486:13:MX_SPI2_Init	8	static
../Core/Src/main.c:534:13:MX_SPI3_Init	8	static
../Core/Src/main.c:582:13:MX_TIM2_Init	40	static
../Core/Src/main.c:627:13:MX_TIM6_Init	24	static
../Core/Src/main.c:665:13:MX_USART1_UART_Init	8	static
../Core/Src/main.c:713:13:MX_GPIO_Init	40	static
../Core/Src/main.c:761:6:HAL_FDCAN_RxFifo1Callback	16	static
../Core/Src/main.c:795:6:HAL_UART_RxCpltCallback	16	static
../Core/Src/main.c:847:6:MPU_Config	32	static
../Core/Src/main.c:887:6:HAL_TIM_PeriodElapsedCallback	16	static
../Core/Src/main.c:908:6:Error_Handler	8	static,ignoring_inline_asm
