../Core/Src/main.c:87:5:main	8	static
../Core/Src/main.c:142:6:SystemClock_Config	120	static
../Core/Src/main.c:203:13:MX_FDCAN1_Init	8	static
../Core/Src/main.c:246:13:MX_FDCAN2_Init	8	static
../Core/Src/main.c:289:13:MX_ICACHE_Init	8	static
../Core/Src/main.c:321:13:MX_SPI1_Init	8	static
../Core/Src/main.c:369:13:MX_SPI2_Init	8	static
../Core/Src/main.c:417:13:MX_SPI3_Init	8	static
../Core/Src/main.c:465:13:MX_USART1_UART_Init	8	static
../Core/Src/main.c:513:13:MX_GPIO_Init	40	static
../Core/Src/main.c:571:6:MPU_Config	32	static
../Core/Src/main.c:607:6:Error_Handler	4	static,ignoring_inline_asm
