../Core/Inc/bms_functions.h:113:20:FAULT_HIGH	1
../Core/Inc/bms_functions.h:121:20:FAULT_LOW	1
../Core/Src/main.c:116:5:main	1
../Core/Src/main.c:195:6:SystemClock_Config	4
../Core/Src/main.c:252:6:PeriphCommonClock_Config	2
../Core/Src/main.c:282:13:MX_FDCAN1_Init	2
../Core/Src/main.c:324:13:MX_FDCAN2_Init	2
../Core/Src/main.c:366:13:MX_GPDMA1_Init	1
../Core/Src/main.c:396:13:MX_ICACHE_Init	3
../Core/Src/main.c:428:13:MX_SPI1_Init	2
../Core/Src/main.c:476:13:MX_SPI2_Init	2
../Core/Src/main.c:524:13:MX_SPI3_Init	2
../Core/Src/main.c:572:13:MX_TIM2_Init	4
../Core/Src/main.c:617:13:MX_TIM6_Init	3
../Core/Src/main.c:655:13:MX_USART1_UART_Init	5
../Core/Src/main.c:703:13:MX_GPIO_Init	1
../Core/Src/main.c:757:6:HAL_FDCAN_RxFifo1Callback	3
../Core/Src/main.c:791:6:HAL_UART_RxCpltCallback	5
../Core/Src/main.c:813:6:MPU_Config	1
../Core/Src/main.c:853:6:HAL_TIM_PeriodElapsedCallback	3
../Core/Src/main.c:875:6:Error_Handler	1
