../Core/Inc/bms_functions.h:103:20:FAULT_HIGH	8	static
../Core/Src/main.c:110:5:main	8	static
../Core/Src/main.c:188:6:SystemClock_Config	120	static
../Core/Src/main.c:245:6:PeriphCommonClock_Config	272	static
../Core/Src/main.c:275:13:MX_FDCAN1_Init	8	static
../Core/Src/main.c:317:13:MX_FDCAN2_Init	8	static
../Core/Src/main.c:359:13:MX_GPDMA1_Init	16	static
../Core/Src/main.c:389:13:MX_ICACHE_Init	8	static
../Core/Src/main.c:421:13:MX_SPI1_Init	8	static
../Core/Src/main.c:469:13:MX_SPI2_Init	8	static
../Core/Src/main.c:517:13:MX_SPI3_Init	8	static
../Core/Src/main.c:565:13:MX_TIM2_Init	40	static
../Core/Src/main.c:610:13:MX_TIM6_Init	24	static
../Core/Src/main.c:648:13:MX_USART1_UART_Init	8	static
../Core/Src/main.c:696:13:MX_GPIO_Init	40	static
../Core/Src/main.c:750:6:HAL_FDCAN_RxFifo1Callback	16	static,ignoring_inline_asm
../Core/Src/main.c:772:6:HAL_UART_RxCpltCallback	16	static
../Core/Src/main.c:794:6:MPU_Config	32	static
../Core/Src/main.c:834:6:HAL_TIM_PeriodElapsedCallback	16	static
../Core/Src/main.c:852:6:Error_Handler	4	static,ignoring_inline_asm
