../Core/Inc/bms_functions.h:141:20:FAULT_HIGH	8	static
../Core/Inc/bms_functions.h:149:20:FAULT_LOW	8	static
../Core/Src/main.c:119:5:main	8	static
../Core/Src/main.c:202:6:SystemClock_Config	120	static
../Core/Src/main.c:259:6:PeriphCommonClock_Config	272	static
../Core/Src/main.c:289:13:MX_FDCAN1_Init	8	static
../Core/Src/main.c:331:13:MX_FDCAN2_Init	8	static
../Core/Src/main.c:373:13:MX_GPDMA1_Init	16	static
../Core/Src/main.c:403:13:MX_ICACHE_Init	8	static
../Core/Src/main.c:435:13:MX_SPI1_Init	8	static
../Core/Src/main.c:483:13:MX_SPI2_Init	8	static
../Core/Src/main.c:531:13:MX_SPI3_Init	8	static
../Core/Src/main.c:579:13:MX_TIM2_Init	40	static
../Core/Src/main.c:624:13:MX_TIM6_Init	24	static
../Core/Src/main.c:662:13:MX_USART1_UART_Init	8	static
../Core/Src/main.c:710:13:MX_GPIO_Init	40	static
../Core/Src/main.c:764:6:HAL_FDCAN_RxFifo1Callback	16	static
../Core/Src/main.c:798:6:HAL_UART_RxCpltCallback	16	static
../Core/Src/main.c:846:6:MPU_Config	32	static
../Core/Src/main.c:886:6:HAL_TIM_PeriodElapsedCallback	16	static
../Core/Src/main.c:907:6:Error_Handler	8	static,ignoring_inline_asm
