C:/Users/smpet/Desktop/26-BMS_Master/Drivers/LTC6813/Inc/ltc681x.h:737:20:FAULT_HIGH	1
../Core/Src/main.c:105:5:main	2
../Core/Src/main.c:186:6:SystemClock_Config	4
../Core/Src/main.c:243:6:PeriphCommonClock_Config	2
../Core/Src/main.c:273:13:MX_FDCAN1_Init	2
../Core/Src/main.c:316:13:MX_FDCAN2_Init	2
../Core/Src/main.c:359:13:MX_GPDMA1_Init	1
../Core/Src/main.c:389:13:MX_ICACHE_Init	3
../Core/Src/main.c:421:13:MX_SPI1_Init	2
../Core/Src/main.c:469:13:MX_SPI2_Init	2
../Core/Src/main.c:517:13:MX_SPI3_Init	2
../Core/Src/main.c:565:13:MX_TIM2_Init	4
../Core/Src/main.c:610:13:MX_TIM6_Init	3
../Core/Src/main.c:648:13:MX_USART1_UART_Init	5
../Core/Src/main.c:696:13:MX_GPIO_Init	1
../Core/Src/main.c:754:6:MPU_Config	1
../Core/Src/main.c:794:6:HAL_TIM_PeriodElapsedCallback	2
../Core/Src/main.c:812:6:Error_Handler	1
