../Core/Src/stm32h5xx_hal_msp.c:65:6:HAL_MspInit	8	static
../Core/Src/stm32h5xx_hal_msp.c:89:6:HAL_FDCAN_MspInit	320	static
../Core/Src/stm32h5xx_hal_msp.c:182:6:HAL_FDCAN_MspDeInit	16	static
../Core/Src/stm32h5xx_hal_msp.c:239:6:HAL_SPI_MspInit	328	static
../Core/Src/stm32h5xx_hal_msp.c:381:6:HAL_SPI_MspDeInit	16	static
../Core/Src/stm32h5xx_hal_msp.c:455:6:HAL_TIM_Base_MspInit	24	static
../Core/Src/stm32h5xx_hal_msp.c:488:6:HAL_TIM_Base_MspDeInit	16	static
../Core/Src/stm32h5xx_hal_msp.c:521:6:HAL_UART_MspInit	312	static
../Core/Src/stm32h5xx_hal_msp.c:597:6:HAL_UART_MspDeInit	16	static
