../Core/Src/stm32h5xx_hal_msp.c:65:6:HAL_MspInit	8	static
../Core/Src/stm32h5xx_hal_msp.c:89:6:HAL_FDCAN_MspInit	320	static
../Core/Src/stm32h5xx_hal_msp.c:179:6:HAL_FDCAN_MspDeInit	16	static
../Core/Src/stm32h5xx_hal_msp.c:234:6:HAL_SPI_MspInit	64	static
../Core/Src/stm32h5xx_hal_msp.c:352:6:HAL_SPI_MspDeInit	16	static
../Core/Src/stm32h5xx_hal_msp.c:425:6:HAL_TIM_Base_MspInit	24	static
../Core/Src/stm32h5xx_hal_msp.c:461:6:HAL_TIM_Base_MspDeInit	16	static
../Core/Src/stm32h5xx_hal_msp.c:497:6:HAL_UART_MspInit	312	static
../Core/Src/stm32h5xx_hal_msp.c:576:6:HAL_UART_MspDeInit	16	static
