../Core/Src/stm32h5xx_it.c:77:6:NMI_Handler	4	static
../Core/Src/stm32h5xx_it.c:92:6:HardFault_Handler	4	static
../Core/Src/stm32h5xx_it.c:107:6:MemManage_Handler	4	static
../Core/Src/stm32h5xx_it.c:122:6:BusFault_Handler	4	static
../Core/Src/stm32h5xx_it.c:137:6:UsageFault_Handler	4	static
../Core/Src/stm32h5xx_it.c:152:6:DebugMon_Handler	4	static
../Core/Src/stm32h5xx_it.c:172:6:GPDMA1_Channel0_IRQHandler	8	static
../Core/Src/stm32h5xx_it.c:186:6:GPDMA1_Channel2_IRQHandler	8	static
../Core/Src/stm32h5xx_it.c:200:6:FDCAN1_IT0_IRQHandler	8	static
../Core/Src/stm32h5xx_it.c:214:6:TIM6_IRQHandler	8	static
../Core/Src/stm32h5xx_it.c:228:6:TIM7_IRQHandler	8	static
../Core/Src/stm32h5xx_it.c:242:6:SPI1_IRQHandler	8	static
../Core/Src/stm32h5xx_it.c:256:6:USART1_IRQHandler	8	static
../Core/Src/stm32h5xx_it.c:270:6:FDCAN2_IT0_IRQHandler	8	static
