../Drivers/LTC6813/Src/ltc681x.c:42:6:uart_print	16	static
../Drivers/LTC6813/Src/ltc681x.c:47:6:uart_print_hex	24	static
../Drivers/LTC6813/Src/ltc681x.c:54:6:uart_print_dec	24	static
../Drivers/LTC6813/Src/ltc681x.c:61:6:uart_print_uint	32	static
../Drivers/LTC6813/Src/ltc681x.c:68:6:wakeup_idle	40	static
../Drivers/LTC6813/Src/ltc681x.c:80:6:wakeup_sleep	24	static
../Drivers/LTC6813/Src/ltc681x.c:92:6:cmd_68	24	static
../Drivers/LTC6813/Src/ltc681x.c:112:6:write_68	72	dynamic
../Drivers/LTC6813/Src/ltc681x.c:151:8:read_68	80	dynamic
../Drivers/LTC6813/Src/ltc681x.c:194:10:pec15_calc	24	static
../Drivers/LTC6813/Src/ltc681x.c:211:6:LTC681x_wrcfg	280	static
../Drivers/LTC6813/Src/ltc681x.c:241:6:LTC681x_wrcfgb	280	static
../Drivers/LTC6813/Src/ltc681x.c:271:8:LTC681x_rdcfg	288	static
../Drivers/LTC6813/Src/ltc681x.c:314:8:LTC681x_rdcfgb	288	static
../Drivers/LTC6813/Src/ltc681x.c:357:6:LTC681x_adcv	24	static
../Drivers/LTC6813/Src/ltc681x.c:374:6:LTC681x_adax	24	static
../Drivers/LTC6813/Src/ltc681x.c:390:6:LTC681x_adstat	24	static
../Drivers/LTC6813/Src/ltc681x.c:406:6:LTC681x_adcvsc	24	static
../Drivers/LTC6813/Src/ltc681x.c:422:6:LTC681x_adcvax	24	static
../Drivers/LTC6813/Src/ltc681x.c:443:9:LTC681x_rdcv	72	dynamic
../Drivers/LTC6813/Src/ltc681x.c:473:8:LTC681x_rdaux	48	static
../Drivers/LTC6813/Src/ltc681x.c:537:8:LTC681x_rdstat	48	static
../Drivers/LTC6813/Src/ltc681x.c:671:6:LTC681x_rdcv_reg	64	dynamic
../Drivers/LTC6813/Src/ltc681x.c:709:6:LTC681x_rdaux_reg	32	static
../Drivers/LTC6813/Src/ltc681x.c:758:6:LTC681x_rdstat_reg	32	static
../Drivers/LTC6813/Src/ltc681x.c:794:9:parse_cells	40	static
../Drivers/LTC6813/Src/ltc681x.c:834:9:LTC681x_pladc	24	static
../Drivers/LTC6813/Src/ltc681x.c:855:10:LTC681x_pollAdc	24	static
../Drivers/LTC6813/Src/ltc681x.c:893:6:LTC681x_clrcell	16	static
../Drivers/LTC6813/Src/ltc681x.c:904:6:LTC681x_clraux	16	static
../Drivers/LTC6813/Src/ltc681x.c:916:6:LTC681x_clrstat	16	static
../Drivers/LTC6813/Src/ltc681x.c:923:6:LTC681x_diagn	16	static
../Drivers/LTC6813/Src/ltc681x.c:930:6:LTC681x_cvst	24	static
../Drivers/LTC6813/Src/ltc681x.c:946:6:LTC681x_axst	24	static
../Drivers/LTC6813/Src/ltc681x.c:962:6:LTC681x_statst	24	static
../Drivers/LTC6813/Src/ltc681x.c:978:6:LTC681x_adol	24	static
../Drivers/LTC6813/Src/ltc681x.c:994:6:LTC681x_adaxd	24	static
../Drivers/LTC6813/Src/ltc681x.c:1010:6:LTC681x_adstatd	24	static
../Drivers/LTC6813/Src/ltc681x.c:1026:9:LTC681x_run_cell_adc_st	56	static
../Drivers/LTC6813/Src/ltc681x.c:1114:10:LTC681x_run_adc_overlap	32	static
../Drivers/LTC6813/Src/ltc681x.c:1144:9:LTC681x_run_adc_redundancy_st	40	static
../Drivers/LTC6813/Src/ltc681x.c:1201:10:LTC681x_st_lookup	24	static
../Drivers/LTC6813/Src/ltc681x.c:1248:6:LTC681x_adow	32	static
../Drivers/LTC6813/Src/ltc681x.c:1266:6:LTC681x_axow	24	static
../Drivers/LTC6813/Src/ltc681x.c:1282:6:LTC681x_run_openwire_single	280	dynamic
../Drivers/LTC6813/Src/ltc681x.c:1372:7:LTC681x_run_openwire_multi	368	dynamic
../Drivers/LTC6813/Src/ltc681x.c:1556:6:LTC681x_run_gpio_openwire	280	dynamic
../Drivers/LTC6813/Src/ltc681x.c:1648:6:LTC681x_clear_discharge	24	static
../Drivers/LTC6813/Src/ltc681x.c:1662:6:LTC681x_wrpwm	280	static
../Drivers/LTC6813/Src/ltc681x.c:1704:8:LTC681x_rdpwm	296	static
../Drivers/LTC6813/Src/ltc681x.c:1757:6:LTC681x_wrsctrl	280	static
../Drivers/LTC6813/Src/ltc681x.c:1793:8:LTC681x_rdsctrl	296	static
../Drivers/LTC6813/Src/ltc681x.c:1845:6:LTC681x_stsctrl	16	static
../Drivers/LTC6813/Src/ltc681x.c:1866:6:LTC681x_clrsctrl	16	static
../Drivers/LTC6813/Src/ltc681x.c:1873:6:LTC681x_wrcomm	280	static
../Drivers/LTC6813/Src/ltc681x.c:1902:8:LTC681x_rdcomm	288	static
../Drivers/LTC6813/Src/ltc681x.c:1944:6:LTC681x_stcomm	32	static
../Drivers/LTC6813/Src/ltc681x.c:1966:6:LTC681x_check_pec	48	static
../Drivers/LTC6813/Src/ltc681x.c:2026:6:LTC681x_reset_crc_count	32	static
../Drivers/LTC6813/Src/ltc681x.c:2051:6:LTC681x_init_cfg	24	static
../Drivers/LTC6813/Src/ltc681x.c:2065:6:LTC681x_set_cfgr	16	static
../Drivers/LTC6813/Src/ltc681x.c:2086:6:LTC681x_set_cfgr_refon	16	static
../Drivers/LTC6813/Src/ltc681x.c:2093:6:LTC681x_set_cfgr_adcopt	16	static
../Drivers/LTC6813/Src/ltc681x.c:2100:6:LTC681x_set_cfgr_gpio	32	static
../Drivers/LTC6813/Src/ltc681x.c:2110:6:LTC681x_set_cfgr_dis	32	static
../Drivers/LTC6813/Src/ltc681x.c:2125:6:LTC681x_set_cfgr_dcto	32	static
../Drivers/LTC6813/Src/ltc681x.c:2135:6:LTC681x_set_cfgr_uv	24	static
../Drivers/LTC6813/Src/ltc681x.c:2144:6:LTC681x_set_cfgr_ov	24	static
../Drivers/LTC6813/Src/ltc681x.c:2152:10:code_to_mV	16	static
../Drivers/LTC6813/Src/ltc681x.c:2159:6:print_cell_voltages	24	static
../Drivers/LTC6813/Src/ltc681x.c:2184:6:print_cell_temps	24	static
../Drivers/LTC6813/Src/ltc681x.c:2209:6:check_uv_ov_fault	24	static
../Drivers/LTC6813/Src/ltc681x.c:2242:6:check_ut_ot_fault	32	static
