../Drivers/LTC6813/ltc6813.c:14:6:LTC6813_init_reg_limits	24	static
../Drivers/LTC6813/ltc6813.c:34:6:LTC6813_wrcfg	16	static
../Drivers/LTC6813/ltc6813.c:46:6:LTC6813_wrcfgb	16	static
../Drivers/LTC6813/ltc6813.c:54:8:LTC6813_rdcfg	24	static
../Drivers/LTC6813/ltc6813.c:64:8:LTC6813_rdcfgb	24	static
../Drivers/LTC6813/ltc6813.c:74:6:LTC6813_adcv	16	static
../Drivers/LTC6813/ltc6813.c:83:6:LTC6813_adax	16	static
../Drivers/LTC6813/ltc6813.c:91:6:LTC6813_adstat	16	static
../Drivers/LTC6813/ltc6813.c:99:6:LTC6813_adcvax	16	static
../Drivers/LTC6813/ltc6813.c:107:6:LTC6813_adcvsc	16	static
../Drivers/LTC6813/ltc6813.c:115:9:LTC6813_rdcv	24	static
../Drivers/LTC6813/ltc6813.c:130:8:LTC6813_rdaux	24	static
../Drivers/LTC6813/ltc6813.c:146:8:LTC6813_rdstat	24	static
../Drivers/LTC6813/ltc6813.c:157:9:LTC6813_pladc	8	static
../Drivers/LTC6813/ltc6813.c:163:10:LTC6813_pollAdc	8	static
../Drivers/LTC6813/ltc6813.c:173:6:LTC6813_clrcell	8	static
../Drivers/LTC6813/ltc6813.c:183:6:LTC6813_clraux	8	static
../Drivers/LTC6813/ltc6813.c:193:6:LTC6813_clrstat	8	static
../Drivers/LTC6813/ltc6813.c:199:6:LTC6813_diagn	8	static
../Drivers/LTC6813/ltc6813.c:205:6:LTC6813_cvst	16	static
../Drivers/LTC6813/ltc6813.c:213:6:LTC6813_axst	16	static
../Drivers/LTC6813/ltc6813.c:221:6:LTC6813_statst	16	static
../Drivers/LTC6813/ltc6813.c:229:6:LTC6813_adol	16	static
../Drivers/LTC6813/ltc6813.c:237:6:LTC6813_adaxd	16	static
../Drivers/LTC6813/ltc6813.c:245:6:LTC6813_adstatd	16	static
../Drivers/LTC6813/ltc6813.c:253:9:LTC6813_run_cell_adc_st	32	static
../Drivers/LTC6813/ltc6813.c:266:10:LTC6813_run_adc_overlap	40	static
../Drivers/LTC6813/ltc6813.c:300:9:LTC6813_run_adc_redundancy_st	24	static
../Drivers/LTC6813/ltc6813.c:312:6:LTC6813_adow	24	static
../Drivers/LTC6813/ltc6813.c:322:6:LTC6813_axow	16	static
../Drivers/LTC6813/ltc6813.c:330:6:LTC6813_run_openwire_single	16	static
../Drivers/LTC6813/ltc6813.c:338:6:LTC6813_run_openwire_multi	16	static
../Drivers/LTC6813/ltc6813.c:346:6:LTC6813_run_gpio_openwire	16	static
../Drivers/LTC6813/ltc6813.c:354:6:LTC6813_set_discharge	32	static
../Drivers/LTC6813/ltc6813.c:389:6:LTC6813_clear_discharge	16	static
../Drivers/LTC6813/ltc6813.c:397:6:LTC6813_wrpwm	16	static
../Drivers/LTC6813/ltc6813.c:406:8:LTC6813_rdpwm	24	static
../Drivers/LTC6813/ltc6813.c:417:6:LTC6813_wrsctrl	16	static
../Drivers/LTC6813/ltc6813.c:426:8:LTC6813_rdsctrl	16	static
../Drivers/LTC6813/ltc6813.c:438:6:LTC6813_stsctrl	8	static
../Drivers/LTC6813/ltc6813.c:448:6:LTC6813_clrsctrl	8	static
../Drivers/LTC6813/ltc6813.c:454:6:LTC6813_wrpsb	280	static
../Drivers/LTC6813/ltc6813.c:480:9:LTC6813_rdpsb	304	static
../Drivers/LTC6813/ltc6813.c:533:6:LTC6813_wrcomm	16	static
../Drivers/LTC6813/ltc6813.c:541:8:LTC6813_rdcomm	24	static
../Drivers/LTC6813/ltc6813.c:551:6:LTC6813_stcomm	16	static
../Drivers/LTC6813/ltc6813.c:557:6:LTC6813_mute	16	static
../Drivers/LTC6813/ltc6813.c:567:6:LTC6813_unmute	16	static
../Drivers/LTC6813/ltc6813.c:577:6:LTC6813_check_pec	16	static
../Drivers/LTC6813/ltc6813.c:586:6:LTC6813_reset_crc_count	16	static
../Drivers/LTC6813/ltc6813.c:594:6:LTC6813_init_cfg	16	static
../Drivers/LTC6813/ltc6813.c:600:6:LTC6813_set_cfgr	16	static
../Drivers/LTC6813/ltc6813.c:612:6:LTC6813_set_cfgr_refon	16	static
../Drivers/LTC6813/ltc6813.c:618:6:LTC6813_set_cfgr_adcopt	16	static
../Drivers/LTC6813/ltc6813.c:624:6:LTC6813_set_cfgr_gpio	24	static
../Drivers/LTC6813/ltc6813.c:630:6:LTC6813_set_cfgr_dis	24	static
../Drivers/LTC6813/ltc6813.c:636:6:LTC6813_set_cfgr_uv	16	static
../Drivers/LTC6813/ltc6813.c:642:6:LTC6813_set_cfgr_dcto	24	static
../Drivers/LTC6813/ltc6813.c:648:6:LTC6813_set_cfgr_ov	16	static
../Drivers/LTC6813/ltc6813.c:654:6:LTC6813_init_cfgb	24	static
../Drivers/LTC6813/ltc6813.c:666:6:LTC6813_set_cfgrb	16	static
../Drivers/LTC6813/ltc6813.c:676:6:LTC6813_set_cfgrb_fdrf	16	static
../Drivers/LTC6813/ltc6813.c:683:6:LTC6813_set_cfgrb_dtmen	16	static
../Drivers/LTC6813/ltc6813.c:690:6:LTC6813_set_cfgrb_ps	32	static
../Drivers/LTC6813/ltc6813.c:700:6:LTC6813_set_cfgrb_gpio_b	32	static
../Drivers/LTC6813/ltc6813.c:710:6:LTC6813_set_cfgrb_dcc_b	32	static
